---
http_interactions:
- request:
    method: post
    uri: http://localhost:3000/api/v1/users/123/tasks?category=chore&event_date=&frequency=weekly&mandatory=1&name=Water%20Plants&notes=Remember%20plants%20in%20bedroom,%20living%20room,%20and%20balcony&time_needed=20
    body:
      encoding: UTF-8
      string: ''
    headers:
      User-Agent:
      - Faraday v2.7.11
      Content-Length:
      - '0'
      Accept-Encoding:
      - gzip;q=1.0,deflate;q=0.6,identity;q=0.3
      Accept:
      - "*/*"
  response:
    status:
      code: 201
      message: Created
    headers:
      X-Frame-Options:
      - SAMEORIGIN
      X-Xss-Protection:
      - '0'
      X-Content-Type-Options:
      - nosniff
      X-Download-Options:
      - noopen
      X-Permitted-Cross-Domain-Policies:
      - none
      Referrer-Policy:
      - strict-origin-when-cross-origin
      Content-Type:
      - application/json; charset=utf-8
      Vary:
      - Accept
      Etag:
      - W/"497ff6d64382bc9d34ed64acc2e4b32b"
      Cache-Control:
      - max-age=0, private, must-revalidate
      X-Request-Id:
      - 5c17e482-95c8-4cdd-b2b0-5200297d2eab
      X-Runtime:
      - '0.007959'
      Server-Timing:
      - start_processing.action_controller;dur=0.05, sql.active_record;dur=2.12, instantiation.active_record;dur=0.02,
        process_action.action_controller;dur=3.11
      Transfer-Encoding:
      - chunked
    body:
      encoding: UTF-8
      string: '{"message":"''Water Plants'' added!"}'
  recorded_at: Sun, 17 Sep 2023 04:33:55 GMT
- request:
    method: post
    uri: http://localhost:3000/api/v1/users/123/tasks?category=chore&event_date=&frequency=weekly&mandatory=1&name=Clean%20fish%20tank&notes=Vacuum%20the%20gravel,%20wipe%20algae%20off%20plants&time_needed=20
    body:
      encoding: UTF-8
      string: ''
    headers:
      User-Agent:
      - Faraday v2.7.11
      Content-Length:
      - '0'
      Accept-Encoding:
      - gzip;q=1.0,deflate;q=0.6,identity;q=0.3
      Accept:
      - "*/*"
  response:
    status:
      code: 201
      message: Created
    headers:
      X-Frame-Options:
      - SAMEORIGIN
      X-Xss-Protection:
      - '0'
      X-Content-Type-Options:
      - nosniff
      X-Download-Options:
      - noopen
      X-Permitted-Cross-Domain-Policies:
      - none
      Referrer-Policy:
      - strict-origin-when-cross-origin
      Content-Type:
      - application/json; charset=utf-8
      Vary:
      - Accept
      Etag:
      - W/"f63f6f1c8e4212e1d3cf28557677ffe4"
      Cache-Control:
      - max-age=0, private, must-revalidate
      X-Request-Id:
      - f254cd6d-5ccc-44af-80f1-a19ec4011aa3
      X-Runtime:
      - '0.006534'
      Server-Timing:
      - start_processing.action_controller;dur=0.05, sql.active_record;dur=1.30, instantiation.active_record;dur=0.01,
        process_action.action_controller;dur=2.32
      Transfer-Encoding:
      - chunked
    body:
      encoding: UTF-8
      string: '{"message":"''Clean fish tank'' added!"}'
  recorded_at: Sun, 17 Sep 2023 04:33:55 GMT
- request:
    method: post
    uri: http://localhost:3000/api/v1/users/123/tasks?category=rest&event_date=&frequency=monthly&mandatory=0&name=Take%20nice%20bath&notes=Remember%20the%20fancy%20bathbombs%20under%20the%20cupboard,%20get%20a%20milkshake%20and%20light%20a%20candle&time_needed=60
    body:
      encoding: UTF-8
      string: ''
    headers:
      User-Agent:
      - Faraday v2.7.11
      Content-Length:
      - '0'
      Accept-Encoding:
      - gzip;q=1.0,deflate;q=0.6,identity;q=0.3
      Accept:
      - "*/*"
  response:
    status:
      code: 201
      message: Created
    headers:
      X-Frame-Options:
      - SAMEORIGIN
      X-Xss-Protection:
      - '0'
      X-Content-Type-Options:
      - nosniff
      X-Download-Options:
      - noopen
      X-Permitted-Cross-Domain-Policies:
      - none
      Referrer-Policy:
      - strict-origin-when-cross-origin
      Content-Type:
      - application/json; charset=utf-8
      Vary:
      - Accept
      Etag:
      - W/"8c811900f0de52049bd12e1c0902219f"
      Cache-Control:
      - max-age=0, private, must-revalidate
      X-Request-Id:
      - ba642f16-29e9-4660-8296-b7c939615ceb
      X-Runtime:
      - '0.006560'
      Server-Timing:
      - start_processing.action_controller;dur=0.04, sql.active_record;dur=1.72, instantiation.active_record;dur=0.01,
        process_action.action_controller;dur=2.37
      Transfer-Encoding:
      - chunked
    body:
      encoding: UTF-8
      string: '{"message":"''Take nice bath'' added!"}'
  recorded_at: Sun, 17 Sep 2023 04:33:55 GMT
- request:
    method: post
    uri: http://localhost:3000/api/v1/users/123/tasks?category=rest&event_date=&frequency=daily&mandatory=0&name=Meditate&notes=&time_needed=30
    body:
      encoding: UTF-8
      string: ''
    headers:
      User-Agent:
      - Faraday v2.7.11
      Content-Length:
      - '0'
      Accept-Encoding:
      - gzip;q=1.0,deflate;q=0.6,identity;q=0.3
      Accept:
      - "*/*"
  response:
    status:
      code: 201
      message: Created
    headers:
      X-Frame-Options:
      - SAMEORIGIN
      X-Xss-Protection:
      - '0'
      X-Content-Type-Options:
      - nosniff
      X-Download-Options:
      - noopen
      X-Permitted-Cross-Domain-Policies:
      - none
      Referrer-Policy:
      - strict-origin-when-cross-origin
      Content-Type:
      - application/json; charset=utf-8
      Vary:
      - Accept
      Etag:
      - W/"c3cee8d841bdb485261d06b4c86dead3"
      Cache-Control:
      - max-age=0, private, must-revalidate
      X-Request-Id:
      - bbdda81e-48b1-46fd-914e-d31601f6704d
      X-Runtime:
      - '0.007950'
      Server-Timing:
      - start_processing.action_controller;dur=0.07, sql.active_record;dur=2.22, instantiation.active_record;dur=0.01,
        process_action.action_controller;dur=3.23
      Transfer-Encoding:
      - chunked
    body:
      encoding: UTF-8
      string: '{"message":"''Meditate'' added!"}'
  recorded_at: Sun, 17 Sep 2023 04:33:55 GMT
- request:
    method: post
    uri: http://localhost:3000/api/v1/users/123/tasks?category=hobby&event_date=&frequency=daily&mandatory=0&name=Practice%20guitar&notes=Do%20scale%20exercises,%20work%20through%20the%20books%20I%20bought&time_needed=120
    body:
      encoding: UTF-8
      string: ''
    headers:
      User-Agent:
      - Faraday v2.7.11
      Content-Length:
      - '0'
      Accept-Encoding:
      - gzip;q=1.0,deflate;q=0.6,identity;q=0.3
      Accept:
      - "*/*"
  response:
    status:
      code: 201
      message: Created
    headers:
      X-Frame-Options:
      - SAMEORIGIN
      X-Xss-Protection:
      - '0'
      X-Content-Type-Options:
      - nosniff
      X-Download-Options:
      - noopen
      X-Permitted-Cross-Domain-Policies:
      - none
      Referrer-Policy:
      - strict-origin-when-cross-origin
      Content-Type:
      - application/json; charset=utf-8
      Vary:
      - Accept
      Etag:
      - W/"1e4dbe1c867322018d9ad23724afb6df"
      Cache-Control:
      - max-age=0, private, must-revalidate
      X-Request-Id:
      - fa43c374-9135-4d50-bfa8-bc97f8c14aac
      X-Runtime:
      - '0.007132'
      Server-Timing:
      - start_processing.action_controller;dur=0.04, sql.active_record;dur=1.58, instantiation.active_record;dur=0.01,
        process_action.action_controller;dur=2.45
      Transfer-Encoding:
      - chunked
    body:
      encoding: UTF-8
      string: '{"message":"''Practice guitar'' added!"}'
  recorded_at: Sun, 17 Sep 2023 04:33:56 GMT
- request:
    method: post
    uri: http://localhost:3000/api/v1/users/123/tasks?category=hobby&event_date=&frequency=daily&mandatory=0&name=Practice%20drawing&notes=Do%20some%20studies%20on%20hands%20and%20gestures&time_needed=60
    body:
      encoding: UTF-8
      string: ''
    headers:
      User-Agent:
      - Faraday v2.7.11
      Content-Length:
      - '0'
      Accept-Encoding:
      - gzip;q=1.0,deflate;q=0.6,identity;q=0.3
      Accept:
      - "*/*"
  response:
    status:
      code: 201
      message: Created
    headers:
      X-Frame-Options:
      - SAMEORIGIN
      X-Xss-Protection:
      - '0'
      X-Content-Type-Options:
      - nosniff
      X-Download-Options:
      - noopen
      X-Permitted-Cross-Domain-Policies:
      - none
      Referrer-Policy:
      - strict-origin-when-cross-origin
      Content-Type:
      - application/json; charset=utf-8
      Vary:
      - Accept
      Etag:
      - W/"e406f91ea12949f55a96ab055260ca2e"
      Cache-Control:
      - max-age=0, private, must-revalidate
      X-Request-Id:
      - 5b6c4bfc-60c8-4f76-a5b0-2bf1f7f76ee5
      X-Runtime:
      - '0.007456'
      Server-Timing:
      - start_processing.action_controller;dur=0.05, sql.active_record;dur=1.89, instantiation.active_record;dur=0.02,
        process_action.action_controller;dur=3.09
      Transfer-Encoding:
      - chunked
    body:
      encoding: UTF-8
      string: '{"message":"''Practice drawing'' added!"}'
  recorded_at: Sun, 17 Sep 2023 04:33:56 GMT
- request:
    method: get
    uri: http://localhost:3000/api/v1/users/123/tasks
    body:
      encoding: US-ASCII
      string: ''
    headers:
      User-Agent:
      - Faraday v2.7.11
      Accept-Encoding:
      - gzip;q=1.0,deflate;q=0.6,identity;q=0.3
      Accept:
      - "*/*"
  response:
    status:
      code: 200
      message: OK
    headers:
      X-Frame-Options:
      - SAMEORIGIN
      X-Xss-Protection:
      - '0'
      X-Content-Type-Options:
      - nosniff
      X-Download-Options:
      - noopen
      X-Permitted-Cross-Domain-Policies:
      - none
      Referrer-Policy:
      - strict-origin-when-cross-origin
      Content-Type:
      - application/json; charset=utf-8
      Vary:
      - Accept
      Etag:
      - W/"f09a6abc0dcd1139481491181438f5ac"
      Cache-Control:
      - max-age=0, private, must-revalidate
      X-Request-Id:
      - 4c7484c7-d14a-4b4f-a36d-4c264806ff9b
      X-Runtime:
      - '0.010100'
      Server-Timing:
      - start_processing.action_controller;dur=0.04, sql.active_record;dur=0.41, instantiation.active_record;dur=0.03,
        process_action.action_controller;dur=1.14
      Transfer-Encoding:
      - chunked
    body:
      encoding: UTF-8
      string: '{"data":[{"id":"36","type":"task","attributes":{"name":"Water Plants","category":"chore","mandatory":true,"event_date":"","frequency":"weekly","time_needed":20,"user_id":123,"notes":"Remember
        plants in bedroom, living room, and balcony"}},{"id":"37","type":"task","attributes":{"name":"Clean
        fish tank","category":"chore","mandatory":true,"event_date":"","frequency":"weekly","time_needed":20,"user_id":123,"notes":"Vacuum
        the gravel, wipe algae off plants"}},{"id":"38","type":"task","attributes":{"name":"Take
        nice bath","category":"rest","mandatory":false,"event_date":"","frequency":"monthly","time_needed":60,"user_id":123,"notes":"Remember
        the fancy bathbombs under the cupboard, get a milkshake and light a candle"}},{"id":"39","type":"task","attributes":{"name":"Meditate","category":"rest","mandatory":false,"event_date":"","frequency":"daily","time_needed":30,"user_id":123,"notes":""}},{"id":"40","type":"task","attributes":{"name":"Practice
        guitar","category":"hobby","mandatory":false,"event_date":"","frequency":"daily","time_needed":120,"user_id":123,"notes":"Do
        scale exercises, work through the books I bought"}},{"id":"41","type":"task","attributes":{"name":"Practice
        drawing","category":"hobby","mandatory":false,"event_date":"","frequency":"daily","time_needed":60,"user_id":123,"notes":"Do
        some studies on hands and gestures"}}]}'
  recorded_at: Sun, 17 Sep 2023 04:33:56 GMT
- request:
    method: get
    uri: http://localhost:3000/api/v1/users/123/tasks
    body:
      encoding: US-ASCII
      string: ''
    headers:
      User-Agent:
      - Faraday v2.7.11
      Accept-Encoding:
      - gzip;q=1.0,deflate;q=0.6,identity;q=0.3
      Accept:
      - "*/*"
  response:
    status:
      code: 200
      message: OK
    headers:
      X-Frame-Options:
      - SAMEORIGIN
      X-Xss-Protection:
      - '0'
      X-Content-Type-Options:
      - nosniff
      X-Download-Options:
      - noopen
      X-Permitted-Cross-Domain-Policies:
      - none
      Referrer-Policy:
      - strict-origin-when-cross-origin
      Content-Type:
      - application/json; charset=utf-8
      Vary:
      - Accept
      Etag:
      - W/"f09a6abc0dcd1139481491181438f5ac"
      Cache-Control:
      - max-age=0, private, must-revalidate
      X-Request-Id:
      - a3da8482-0397-4bdb-b14a-1c537933473f
      X-Runtime:
      - '0.013580'
      Server-Timing:
      - start_processing.action_controller;dur=0.05, sql.active_record;dur=0.52, instantiation.active_record;dur=0.03,
        process_action.action_controller;dur=4.41
      Transfer-Encoding:
      - chunked
    body:
      encoding: UTF-8
      string: '{"data":[{"id":"36","type":"task","attributes":{"name":"Water Plants","category":"chore","mandatory":true,"event_date":"","frequency":"weekly","time_needed":20,"user_id":123,"notes":"Remember
        plants in bedroom, living room, and balcony"}},{"id":"37","type":"task","attributes":{"name":"Clean
        fish tank","category":"chore","mandatory":true,"event_date":"","frequency":"weekly","time_needed":20,"user_id":123,"notes":"Vacuum
        the gravel, wipe algae off plants"}},{"id":"38","type":"task","attributes":{"name":"Take
        nice bath","category":"rest","mandatory":false,"event_date":"","frequency":"monthly","time_needed":60,"user_id":123,"notes":"Remember
        the fancy bathbombs under the cupboard, get a milkshake and light a candle"}},{"id":"39","type":"task","attributes":{"name":"Meditate","category":"rest","mandatory":false,"event_date":"","frequency":"daily","time_needed":30,"user_id":123,"notes":""}},{"id":"40","type":"task","attributes":{"name":"Practice
        guitar","category":"hobby","mandatory":false,"event_date":"","frequency":"daily","time_needed":120,"user_id":123,"notes":"Do
        scale exercises, work through the books I bought"}},{"id":"41","type":"task","attributes":{"name":"Practice
        drawing","category":"hobby","mandatory":false,"event_date":"","frequency":"daily","time_needed":60,"user_id":123,"notes":"Do
        some studies on hands and gestures"}}]}'
  recorded_at: Sun, 17 Sep 2023 04:33:56 GMT
- request:
    method: get
    uri: http://localhost:3000/api/v1/users/123/tasks
    body:
      encoding: US-ASCII
      string: ''
    headers:
      User-Agent:
      - Faraday v2.7.11
      Accept-Encoding:
      - gzip;q=1.0,deflate;q=0.6,identity;q=0.3
      Accept:
      - "*/*"
  response:
    status:
      code: 200
      message: OK
    headers:
      X-Frame-Options:
      - SAMEORIGIN
      X-Xss-Protection:
      - '0'
      X-Content-Type-Options:
      - nosniff
      X-Download-Options:
      - noopen
      X-Permitted-Cross-Domain-Policies:
      - none
      Referrer-Policy:
      - strict-origin-when-cross-origin
      Content-Type:
      - application/json; charset=utf-8
      Vary:
      - Accept
      Etag:
      - W/"f09a6abc0dcd1139481491181438f5ac"
      Cache-Control:
      - max-age=0, private, must-revalidate
      X-Request-Id:
      - aa7e7828-9a5b-416d-ac4f-5445c0697b01
      X-Runtime:
      - '0.022841'
      Server-Timing:
      - start_processing.action_controller;dur=0.04, sql.active_record;dur=1.54, instantiation.active_record;dur=0.04,
        process_action.action_controller;dur=18.56
      Transfer-Encoding:
      - chunked
    body:
      encoding: UTF-8
      string: '{"data":[{"id":"36","type":"task","attributes":{"name":"Water Plants","category":"chore","mandatory":true,"event_date":"","frequency":"weekly","time_needed":20,"user_id":123,"notes":"Remember
        plants in bedroom, living room, and balcony"}},{"id":"37","type":"task","attributes":{"name":"Clean
        fish tank","category":"chore","mandatory":true,"event_date":"","frequency":"weekly","time_needed":20,"user_id":123,"notes":"Vacuum
        the gravel, wipe algae off plants"}},{"id":"38","type":"task","attributes":{"name":"Take
        nice bath","category":"rest","mandatory":false,"event_date":"","frequency":"monthly","time_needed":60,"user_id":123,"notes":"Remember
        the fancy bathbombs under the cupboard, get a milkshake and light a candle"}},{"id":"39","type":"task","attributes":{"name":"Meditate","category":"rest","mandatory":false,"event_date":"","frequency":"daily","time_needed":30,"user_id":123,"notes":""}},{"id":"40","type":"task","attributes":{"name":"Practice
        guitar","category":"hobby","mandatory":false,"event_date":"","frequency":"daily","time_needed":120,"user_id":123,"notes":"Do
        scale exercises, work through the books I bought"}},{"id":"41","type":"task","attributes":{"name":"Practice
        drawing","category":"hobby","mandatory":false,"event_date":"","frequency":"daily","time_needed":60,"user_id":123,"notes":"Do
        some studies on hands and gestures"}}]}'
  recorded_at: Sun, 17 Sep 2023 04:33:56 GMT
- request:
    method: delete
    uri: http://localhost:3000/api/v1/users/123/tasks/36
    body:
      encoding: US-ASCII
      string: ''
    headers:
      User-Agent:
      - Faraday v2.7.11
      Accept-Encoding:
      - gzip;q=1.0,deflate;q=0.6,identity;q=0.3
      Accept:
      - "*/*"
  response:
    status:
      code: 204
      message: No Content
    headers:
      X-Frame-Options:
      - SAMEORIGIN
      X-Xss-Protection:
      - '0'
      X-Content-Type-Options:
      - nosniff
      X-Download-Options:
      - noopen
      X-Permitted-Cross-Domain-Policies:
      - none
      Referrer-Policy:
      - strict-origin-when-cross-origin
      Vary:
      - Accept
      Cache-Control:
      - no-cache
      X-Request-Id:
      - 2356c663-a3cd-4c87-97ec-b12d28545ff1
      X-Runtime:
      - '0.006411'
      Server-Timing:
      - start_processing.action_controller;dur=0.05, sql.active_record;dur=1.32, instantiation.active_record;dur=0.02,
        process_action.action_controller;dur=1.91
    body:
      encoding: UTF-8
      string: ''
  recorded_at: Sun, 17 Sep 2023 04:33:56 GMT
- request:
    method: delete
    uri: http://localhost:3000/api/v1/users/123/tasks/37
    body:
      encoding: US-ASCII
      string: ''
    headers:
      User-Agent:
      - Faraday v2.7.11
      Accept-Encoding:
      - gzip;q=1.0,deflate;q=0.6,identity;q=0.3
      Accept:
      - "*/*"
  response:
    status:
      code: 204
      message: No Content
    headers:
      X-Frame-Options:
      - SAMEORIGIN
      X-Xss-Protection:
      - '0'
      X-Content-Type-Options:
      - nosniff
      X-Download-Options:
      - noopen
      X-Permitted-Cross-Domain-Policies:
      - none
      Referrer-Policy:
      - strict-origin-when-cross-origin
      Vary:
      - Accept
      Cache-Control:
      - no-cache
      X-Request-Id:
      - d2e188f8-3825-410c-9ad2-755f292ef18a
      X-Runtime:
      - '0.007032'
      Server-Timing:
      - start_processing.action_controller;dur=0.05, sql.active_record;dur=1.41, instantiation.active_record;dur=0.02,
        process_action.action_controller;dur=2.12
    body:
      encoding: UTF-8
      string: ''
  recorded_at: Sun, 17 Sep 2023 04:33:56 GMT
- request:
    method: delete
    uri: http://localhost:3000/api/v1/users/123/tasks/38
    body:
      encoding: US-ASCII
      string: ''
    headers:
      User-Agent:
      - Faraday v2.7.11
      Accept-Encoding:
      - gzip;q=1.0,deflate;q=0.6,identity;q=0.3
      Accept:
      - "*/*"
  response:
    status:
      code: 204
      message: No Content
    headers:
      X-Frame-Options:
      - SAMEORIGIN
      X-Xss-Protection:
      - '0'
      X-Content-Type-Options:
      - nosniff
      X-Download-Options:
      - noopen
      X-Permitted-Cross-Domain-Policies:
      - none
      Referrer-Policy:
      - strict-origin-when-cross-origin
      Vary:
      - Accept
      Cache-Control:
      - no-cache
      X-Request-Id:
      - f1a82051-65a5-45c3-bd88-64952bb9aaa9
      X-Runtime:
      - '0.006544'
      Server-Timing:
      - start_processing.action_controller;dur=0.04, sql.active_record;dur=1.51, instantiation.active_record;dur=0.02,
        process_action.action_controller;dur=2.06
    body:
      encoding: UTF-8
      string: ''
  recorded_at: Sun, 17 Sep 2023 04:33:56 GMT
- request:
    method: delete
    uri: http://localhost:3000/api/v1/users/123/tasks/39
    body:
      encoding: US-ASCII
      string: ''
    headers:
      User-Agent:
      - Faraday v2.7.11
      Accept-Encoding:
      - gzip;q=1.0,deflate;q=0.6,identity;q=0.3
      Accept:
      - "*/*"
  response:
    status:
      code: 204
      message: No Content
    headers:
      X-Frame-Options:
      - SAMEORIGIN
      X-Xss-Protection:
      - '0'
      X-Content-Type-Options:
      - nosniff
      X-Download-Options:
      - noopen
      X-Permitted-Cross-Domain-Policies:
      - none
      Referrer-Policy:
      - strict-origin-when-cross-origin
      Vary:
      - Accept
      Cache-Control:
      - no-cache
      X-Request-Id:
      - 5105778b-f177-4c54-bcc1-2c91f81a910d
      X-Runtime:
      - '0.005616'
      Server-Timing:
      - start_processing.action_controller;dur=0.04, sql.active_record;dur=1.42, instantiation.active_record;dur=0.02,
        process_action.action_controller;dur=1.85
    body:
      encoding: UTF-8
      string: ''
  recorded_at: Sun, 17 Sep 2023 04:33:56 GMT
- request:
    method: delete
    uri: http://localhost:3000/api/v1/users/123/tasks/40
    body:
      encoding: US-ASCII
      string: ''
    headers:
      User-Agent:
      - Faraday v2.7.11
      Accept-Encoding:
      - gzip;q=1.0,deflate;q=0.6,identity;q=0.3
      Accept:
      - "*/*"
  response:
    status:
      code: 204
      message: No Content
    headers:
      X-Frame-Options:
      - SAMEORIGIN
      X-Xss-Protection:
      - '0'
      X-Content-Type-Options:
      - nosniff
      X-Download-Options:
      - noopen
      X-Permitted-Cross-Domain-Policies:
      - none
      Referrer-Policy:
      - strict-origin-when-cross-origin
      Vary:
      - Accept
      Cache-Control:
      - no-cache
      X-Request-Id:
      - 6cd1b33b-0168-445f-a9f7-43566453ec87
      X-Runtime:
      - '0.005735'
      Server-Timing:
      - start_processing.action_controller;dur=0.04, sql.active_record;dur=1.48, instantiation.active_record;dur=0.02,
        process_action.action_controller;dur=1.94
    body:
      encoding: UTF-8
      string: ''
  recorded_at: Sun, 17 Sep 2023 04:33:56 GMT
- request:
    method: delete
    uri: http://localhost:3000/api/v1/users/123/tasks/41
    body:
      encoding: US-ASCII
      string: ''
    headers:
      User-Agent:
      - Faraday v2.7.11
      Accept-Encoding:
      - gzip;q=1.0,deflate;q=0.6,identity;q=0.3
      Accept:
      - "*/*"
  response:
    status:
      code: 204
      message: No Content
    headers:
      X-Frame-Options:
      - SAMEORIGIN
      X-Xss-Protection:
      - '0'
      X-Content-Type-Options:
      - nosniff
      X-Download-Options:
      - noopen
      X-Permitted-Cross-Domain-Policies:
      - none
      Referrer-Policy:
      - strict-origin-when-cross-origin
      Vary:
      - Accept
      Cache-Control:
      - no-cache
      X-Request-Id:
      - 3198996a-8015-4a42-8924-da16876a2713
      X-Runtime:
      - '0.006135'
      Server-Timing:
      - start_processing.action_controller;dur=0.04, sql.active_record;dur=1.61, instantiation.active_record;dur=0.01,
        process_action.action_controller;dur=2.01
    body:
      encoding: UTF-8
      string: ''
  recorded_at: Sun, 17 Sep 2023 04:33:56 GMT
recorded_with: VCR 6.2.0
