---
http_interactions:
- request:
    method: get
    uri: https://ontrack-be-a58c9e421d34.herokuapp.com/api/v1/holidays
    body:
      encoding: US-ASCII
      string: ''
    headers:
      User-Agent:
      - Faraday v2.7.11
      Accept-Encoding:
      - gzip;q=1.0,deflate;q=0.6,identity;q=0.3
      Accept:
      - "*/*"
  response:
    status:
      code: 200
      message: OK
    headers:
      Server:
      - Cowboy
      Date:
      - Wed, 20 Sep 2023 23:05:52 GMT
      Connection:
      - keep-alive
      X-Frame-Options:
      - SAMEORIGIN
      X-Xss-Protection:
      - '0'
      X-Content-Type-Options:
      - nosniff
      X-Download-Options:
      - noopen
      X-Permitted-Cross-Domain-Policies:
      - none
      Referrer-Policy:
      - strict-origin-when-cross-origin
      Content-Type:
      - application/json; charset=utf-8
      Vary:
      - Accept
      Etag:
      - W/"129959a1fdf972341273461aaa7e5be4"
      Cache-Control:
      - max-age=0, private, must-revalidate
      X-Request-Id:
      - 27a9bb22-5026-491e-8048-bef3f766d4b1
      X-Runtime:
      - '0.039199'
      Transfer-Encoding:
      - chunked
      Via:
      - 1.1 vegur
    body:
      encoding: UTF-8
      string: '{"data":[{"type":"holiday","attributes":{"name":"Columbus Day","date":"2023-10-09"}},{"type":"holiday","attributes":{"name":"Veterans
        Day","date":"2023-11-10"}},{"type":"holiday","attributes":{"name":"Thanksgiving
        Day","date":"2023-11-23"}}]}'
  recorded_at: Wed, 20 Sep 2023 23:05:52 GMT
- request:
    method: get
    uri: https://ontrack-be-a58c9e421d34.herokuapp.com/api/v1/users/123/daily_tasks/?mood
    body:
      encoding: US-ASCII
      string: ''
    headers:
      User-Agent:
      - Faraday v2.7.11
      Accept-Encoding:
      - gzip;q=1.0,deflate;q=0.6,identity;q=0.3
      Accept:
      - "*/*"
  response:
    status:
      code: 200
      message: OK
    headers:
      Server:
      - Cowboy
      Date:
      - Wed, 20 Sep 2023 23:05:52 GMT
      Connection:
      - keep-alive
      X-Frame-Options:
      - SAMEORIGIN
      X-Xss-Protection:
      - '0'
      X-Content-Type-Options:
      - nosniff
      X-Download-Options:
      - noopen
      X-Permitted-Cross-Domain-Policies:
      - none
      Referrer-Policy:
      - strict-origin-when-cross-origin
      Content-Type:
      - application/json; charset=utf-8
      Vary:
      - Accept
      Etag:
      - W/"8fe32e407a1038ee38753b70e5374b3a"
      Cache-Control:
      - max-age=0, private, must-revalidate
      X-Request-Id:
      - b8f4285c-e751-4d80-9d12-18db2b2e29de
      X-Runtime:
      - '0.009894'
      Transfer-Encoding:
      - chunked
      Via:
      - 1.1 vegur
    body:
      encoding: UTF-8
      string: '{"data":[]}'
  recorded_at: Wed, 20 Sep 2023 23:05:52 GMT
- request:
    method: post
    uri: https://ontrack-be-a58c9e421d34.herokuapp.com/api/v1/users/123/tasks?category=chore&event_date=&frequency=weekly&mandatory=1&name=Water%20Plants&notes=Remember%20plants%20in%20bedroom,%20living%20room,%20and%20balcony&time_needed=20
    body:
      encoding: UTF-8
      string: ''
    headers:
      User-Agent:
      - Faraday v2.7.11
      Content-Length:
      - '0'
      Accept-Encoding:
      - gzip;q=1.0,deflate;q=0.6,identity;q=0.3
      Accept:
      - "*/*"
  response:
    status:
      code: 201
      message: Created
    headers:
      Server:
      - Cowboy
      Date:
      - Wed, 20 Sep 2023 23:05:52 GMT
      Connection:
      - keep-alive
      X-Frame-Options:
      - SAMEORIGIN
      X-Xss-Protection:
      - '0'
      X-Content-Type-Options:
      - nosniff
      X-Download-Options:
      - noopen
      X-Permitted-Cross-Domain-Policies:
      - none
      Referrer-Policy:
      - strict-origin-when-cross-origin
      Content-Type:
      - application/json; charset=utf-8
      Vary:
      - Accept
      Etag:
      - W/"497ff6d64382bc9d34ed64acc2e4b32b"
      Cache-Control:
      - max-age=0, private, must-revalidate
      X-Request-Id:
      - 80bd4b3f-9899-48b4-b7f9-58f3c3a4b373
      X-Runtime:
      - '0.009893'
      Transfer-Encoding:
      - chunked
      Via:
      - 1.1 vegur
    body:
      encoding: UTF-8
      string: '{"message":"''Water Plants'' added!"}'
  recorded_at: Wed, 20 Sep 2023 23:05:53 GMT
- request:
    method: post
    uri: https://ontrack-be-a58c9e421d34.herokuapp.com/api/v1/users/123/tasks?category=chore&event_date=&frequency=weekly&mandatory=1&name=Clean%20fish%20tank&notes=Vacuum%20the%20gravel,%20wipe%20algae%20off%20plants&time_needed=20
    body:
      encoding: UTF-8
      string: ''
    headers:
      User-Agent:
      - Faraday v2.7.11
      Content-Length:
      - '0'
      Accept-Encoding:
      - gzip;q=1.0,deflate;q=0.6,identity;q=0.3
      Accept:
      - "*/*"
  response:
    status:
      code: 201
      message: Created
    headers:
      Server:
      - Cowboy
      Date:
      - Wed, 20 Sep 2023 23:05:53 GMT
      Connection:
      - keep-alive
      X-Frame-Options:
      - SAMEORIGIN
      X-Xss-Protection:
      - '0'
      X-Content-Type-Options:
      - nosniff
      X-Download-Options:
      - noopen
      X-Permitted-Cross-Domain-Policies:
      - none
      Referrer-Policy:
      - strict-origin-when-cross-origin
      Content-Type:
      - application/json; charset=utf-8
      Vary:
      - Accept
      Etag:
      - W/"f63f6f1c8e4212e1d3cf28557677ffe4"
      Cache-Control:
      - max-age=0, private, must-revalidate
      X-Request-Id:
      - 578bd7b3-627c-4cb1-b1aa-92aa563cce32
      X-Runtime:
      - '0.010357'
      Transfer-Encoding:
      - chunked
      Via:
      - 1.1 vegur
    body:
      encoding: UTF-8
      string: '{"message":"''Clean fish tank'' added!"}'
  recorded_at: Wed, 20 Sep 2023 23:05:53 GMT
- request:
    method: post
    uri: https://ontrack-be-a58c9e421d34.herokuapp.com/api/v1/users/123/tasks?category=rest&event_date=&frequency=monthly&mandatory=0&name=Take%20nice%20bath&notes=Remember%20the%20fancy%20bathbombs%20under%20the%20cupboard,%20get%20a%20milkshake%20and%20light%20a%20candle&time_needed=60
    body:
      encoding: UTF-8
      string: ''
    headers:
      User-Agent:
      - Faraday v2.7.11
      Content-Length:
      - '0'
      Accept-Encoding:
      - gzip;q=1.0,deflate;q=0.6,identity;q=0.3
      Accept:
      - "*/*"
  response:
    status:
      code: 201
      message: Created
    headers:
      Server:
      - Cowboy
      Date:
      - Wed, 20 Sep 2023 23:05:53 GMT
      Connection:
      - keep-alive
      X-Frame-Options:
      - SAMEORIGIN
      X-Xss-Protection:
      - '0'
      X-Content-Type-Options:
      - nosniff
      X-Download-Options:
      - noopen
      X-Permitted-Cross-Domain-Policies:
      - none
      Referrer-Policy:
      - strict-origin-when-cross-origin
      Content-Type:
      - application/json; charset=utf-8
      Vary:
      - Accept
      Etag:
      - W/"8c811900f0de52049bd12e1c0902219f"
      Cache-Control:
      - max-age=0, private, must-revalidate
      X-Request-Id:
      - c3bb4889-674a-491d-be73-050505ca5730
      X-Runtime:
      - '0.015497'
      Transfer-Encoding:
      - chunked
      Via:
      - 1.1 vegur
    body:
      encoding: UTF-8
      string: '{"message":"''Take nice bath'' added!"}'
  recorded_at: Wed, 20 Sep 2023 23:05:54 GMT
- request:
    method: post
    uri: https://ontrack-be-a58c9e421d34.herokuapp.com/api/v1/users/123/tasks?category=rest&event_date=&frequency=daily&mandatory=0&name=Meditate&notes=&time_needed=30
    body:
      encoding: UTF-8
      string: ''
    headers:
      User-Agent:
      - Faraday v2.7.11
      Content-Length:
      - '0'
      Accept-Encoding:
      - gzip;q=1.0,deflate;q=0.6,identity;q=0.3
      Accept:
      - "*/*"
  response:
    status:
      code: 201
      message: Created
    headers:
      Server:
      - Cowboy
      Date:
      - Wed, 20 Sep 2023 23:05:53 GMT
      Connection:
      - keep-alive
      X-Frame-Options:
      - SAMEORIGIN
      X-Xss-Protection:
      - '0'
      X-Content-Type-Options:
      - nosniff
      X-Download-Options:
      - noopen
      X-Permitted-Cross-Domain-Policies:
      - none
      Referrer-Policy:
      - strict-origin-when-cross-origin
      Content-Type:
      - application/json; charset=utf-8
      Vary:
      - Accept
      Etag:
      - W/"c3cee8d841bdb485261d06b4c86dead3"
      Cache-Control:
      - max-age=0, private, must-revalidate
      X-Request-Id:
      - b7a43fb7-376e-49c4-b8f0-fc10407bfb7b
      X-Runtime:
      - '0.010183'
      Transfer-Encoding:
      - chunked
      Via:
      - 1.1 vegur
    body:
      encoding: UTF-8
      string: '{"message":"''Meditate'' added!"}'
  recorded_at: Wed, 20 Sep 2023 23:05:54 GMT
- request:
    method: post
    uri: https://ontrack-be-a58c9e421d34.herokuapp.com/api/v1/users/123/tasks?category=hobby&event_date=&frequency=daily&mandatory=0&name=Practice%20guitar&notes=Do%20scale%20exercises,%20work%20through%20the%20books%20I%20bought&time_needed=120
    body:
      encoding: UTF-8
      string: ''
    headers:
      User-Agent:
      - Faraday v2.7.11
      Content-Length:
      - '0'
      Accept-Encoding:
      - gzip;q=1.0,deflate;q=0.6,identity;q=0.3
      Accept:
      - "*/*"
  response:
    status:
      code: 201
      message: Created
    headers:
      Server:
      - Cowboy
      Date:
      - Wed, 20 Sep 2023 23:05:53 GMT
      Connection:
      - keep-alive
      X-Frame-Options:
      - SAMEORIGIN
      X-Xss-Protection:
      - '0'
      X-Content-Type-Options:
      - nosniff
      X-Download-Options:
      - noopen
      X-Permitted-Cross-Domain-Policies:
      - none
      Referrer-Policy:
      - strict-origin-when-cross-origin
      Content-Type:
      - application/json; charset=utf-8
      Vary:
      - Accept
      Etag:
      - W/"1e4dbe1c867322018d9ad23724afb6df"
      Cache-Control:
      - max-age=0, private, must-revalidate
      X-Request-Id:
      - c61d34a2-05f5-47b0-b0a1-e54e8c6395c7
      X-Runtime:
      - '0.009957'
      Transfer-Encoding:
      - chunked
      Via:
      - 1.1 vegur
    body:
      encoding: UTF-8
      string: '{"message":"''Practice guitar'' added!"}'
  recorded_at: Wed, 20 Sep 2023 23:05:54 GMT
- request:
    method: post
    uri: https://ontrack-be-a58c9e421d34.herokuapp.com/api/v1/users/123/tasks?category=hobby&event_date=&frequency=daily&mandatory=0&name=Practice%20drawing&notes=Do%20some%20studies%20on%20hands%20and%20gestures&time_needed=60
    body:
      encoding: UTF-8
      string: ''
    headers:
      User-Agent:
      - Faraday v2.7.11
      Content-Length:
      - '0'
      Accept-Encoding:
      - gzip;q=1.0,deflate;q=0.6,identity;q=0.3
      Accept:
      - "*/*"
  response:
    status:
      code: 201
      message: Created
    headers:
      Server:
      - Cowboy
      Date:
      - Wed, 20 Sep 2023 23:05:54 GMT
      Connection:
      - keep-alive
      X-Frame-Options:
      - SAMEORIGIN
      X-Xss-Protection:
      - '0'
      X-Content-Type-Options:
      - nosniff
      X-Download-Options:
      - noopen
      X-Permitted-Cross-Domain-Policies:
      - none
      Referrer-Policy:
      - strict-origin-when-cross-origin
      Content-Type:
      - application/json; charset=utf-8
      Vary:
      - Accept
      Etag:
      - W/"e406f91ea12949f55a96ab055260ca2e"
      Cache-Control:
      - max-age=0, private, must-revalidate
      X-Request-Id:
      - c01f6244-bf55-4512-8940-d3c0c6cec7d4
      X-Runtime:
      - '0.018742'
      Transfer-Encoding:
      - chunked
      Via:
      - 1.1 vegur
    body:
      encoding: UTF-8
      string: '{"message":"''Practice drawing'' added!"}'
  recorded_at: Wed, 20 Sep 2023 23:05:55 GMT
- request:
    method: get
    uri: https://ontrack-be-a58c9e421d34.herokuapp.com/api/v1/users/123/tasks
    body:
      encoding: US-ASCII
      string: ''
    headers:
      User-Agent:
      - Faraday v2.7.11
      Accept-Encoding:
      - gzip;q=1.0,deflate;q=0.6,identity;q=0.3
      Accept:
      - "*/*"
  response:
    status:
      code: 200
      message: OK
    headers:
      Server:
      - Cowboy
      Date:
      - Wed, 20 Sep 2023 23:05:54 GMT
      Connection:
      - keep-alive
      X-Frame-Options:
      - SAMEORIGIN
      X-Xss-Protection:
      - '0'
      X-Content-Type-Options:
      - nosniff
      X-Download-Options:
      - noopen
      X-Permitted-Cross-Domain-Policies:
      - none
      Referrer-Policy:
      - strict-origin-when-cross-origin
      Content-Type:
      - application/json; charset=utf-8
      Vary:
      - Accept
      Etag:
      - W/"76ecfb525a86838af704d8b469a93f3c"
      Cache-Control:
      - max-age=0, private, must-revalidate
      X-Request-Id:
      - adceb9aa-ba40-4bec-aba8-ebf8bc83f45e
      X-Runtime:
      - '0.005300'
      Transfer-Encoding:
      - chunked
      Via:
      - 1.1 vegur
    body:
      encoding: UTF-8
      string: '{"data":[{"id":"593","type":"task","attributes":{"name":"Water Plants","category":"chore","mandatory":true,"event_date":"","frequency":"weekly","time_needed":20,"user_id":123,"notes":"Remember
        plants in bedroom, living room, and balcony","skipped":false}},{"id":"594","type":"task","attributes":{"name":"Clean
        fish tank","category":"chore","mandatory":true,"event_date":"","frequency":"weekly","time_needed":20,"user_id":123,"notes":"Vacuum
        the gravel, wipe algae off plants","skipped":false}},{"id":"595","type":"task","attributes":{"name":"Take
        nice bath","category":"rest","mandatory":false,"event_date":"","frequency":"monthly","time_needed":60,"user_id":123,"notes":"Remember
        the fancy bathbombs under the cupboard, get a milkshake and light a candle","skipped":false}},{"id":"596","type":"task","attributes":{"name":"Meditate","category":"rest","mandatory":false,"event_date":"","frequency":"daily","time_needed":30,"user_id":123,"notes":"","skipped":false}},{"id":"597","type":"task","attributes":{"name":"Practice
        guitar","category":"hobby","mandatory":false,"event_date":"","frequency":"daily","time_needed":120,"user_id":123,"notes":"Do
        scale exercises, work through the books I bought","skipped":false}},{"id":"598","type":"task","attributes":{"name":"Practice
        drawing","category":"hobby","mandatory":false,"event_date":"","frequency":"daily","time_needed":60,"user_id":123,"notes":"Do
        some studies on hands and gestures","skipped":false}}]}'
  recorded_at: Wed, 20 Sep 2023 23:05:55 GMT
- request:
    method: get
    uri: https://ontrack-be-a58c9e421d34.herokuapp.com/api/v1/users/123/tasks
    body:
      encoding: US-ASCII
      string: ''
    headers:
      User-Agent:
      - Faraday v2.7.11
      Accept-Encoding:
      - gzip;q=1.0,deflate;q=0.6,identity;q=0.3
      Accept:
      - "*/*"
  response:
    status:
      code: 200
      message: OK
    headers:
      Server:
      - Cowboy
      Date:
      - Wed, 20 Sep 2023 23:05:55 GMT
      Connection:
      - keep-alive
      X-Frame-Options:
      - SAMEORIGIN
      X-Xss-Protection:
      - '0'
      X-Content-Type-Options:
      - nosniff
      X-Download-Options:
      - noopen
      X-Permitted-Cross-Domain-Policies:
      - none
      Referrer-Policy:
      - strict-origin-when-cross-origin
      Content-Type:
      - application/json; charset=utf-8
      Vary:
      - Accept
      Etag:
      - W/"76ecfb525a86838af704d8b469a93f3c"
      Cache-Control:
      - max-age=0, private, must-revalidate
      X-Request-Id:
      - e06eddf7-a9d0-4494-b5cd-0e47e961cc68
      X-Runtime:
      - '0.005007'
      Transfer-Encoding:
      - chunked
      Via:
      - 1.1 vegur
    body:
      encoding: UTF-8
      string: '{"data":[{"id":"593","type":"task","attributes":{"name":"Water Plants","category":"chore","mandatory":true,"event_date":"","frequency":"weekly","time_needed":20,"user_id":123,"notes":"Remember
        plants in bedroom, living room, and balcony","skipped":false}},{"id":"594","type":"task","attributes":{"name":"Clean
        fish tank","category":"chore","mandatory":true,"event_date":"","frequency":"weekly","time_needed":20,"user_id":123,"notes":"Vacuum
        the gravel, wipe algae off plants","skipped":false}},{"id":"595","type":"task","attributes":{"name":"Take
        nice bath","category":"rest","mandatory":false,"event_date":"","frequency":"monthly","time_needed":60,"user_id":123,"notes":"Remember
        the fancy bathbombs under the cupboard, get a milkshake and light a candle","skipped":false}},{"id":"596","type":"task","attributes":{"name":"Meditate","category":"rest","mandatory":false,"event_date":"","frequency":"daily","time_needed":30,"user_id":123,"notes":"","skipped":false}},{"id":"597","type":"task","attributes":{"name":"Practice
        guitar","category":"hobby","mandatory":false,"event_date":"","frequency":"daily","time_needed":120,"user_id":123,"notes":"Do
        scale exercises, work through the books I bought","skipped":false}},{"id":"598","type":"task","attributes":{"name":"Practice
        drawing","category":"hobby","mandatory":false,"event_date":"","frequency":"daily","time_needed":60,"user_id":123,"notes":"Do
        some studies on hands and gestures","skipped":false}}]}'
  recorded_at: Wed, 20 Sep 2023 23:05:55 GMT
- request:
    method: get
    uri: https://ontrack-be-a58c9e421d34.herokuapp.com/api/v1/users/123/tasks?search_params%5Bmandatory%5D=true
    body:
      encoding: US-ASCII
      string: ''
    headers:
      User-Agent:
      - Faraday v2.7.11
      Accept-Encoding:
      - gzip;q=1.0,deflate;q=0.6,identity;q=0.3
      Accept:
      - "*/*"
  response:
    status:
      code: 200
      message: OK
    headers:
      Server:
      - Cowboy
      Date:
      - Wed, 20 Sep 2023 23:05:55 GMT
      Connection:
      - keep-alive
      X-Frame-Options:
      - SAMEORIGIN
      X-Xss-Protection:
      - '0'
      X-Content-Type-Options:
      - nosniff
      X-Download-Options:
      - noopen
      X-Permitted-Cross-Domain-Policies:
      - none
      Referrer-Policy:
      - strict-origin-when-cross-origin
      Content-Type:
      - application/json; charset=utf-8
      Vary:
      - Accept
      Etag:
      - W/"47649766eb28f62e57c610334ffcab03"
      Cache-Control:
      - max-age=0, private, must-revalidate
      X-Request-Id:
      - d20b613f-2e63-44a0-b669-13d48451f702
      X-Runtime:
      - '0.005441'
      Transfer-Encoding:
      - chunked
      Via:
      - 1.1 vegur
    body:
      encoding: UTF-8
      string: '{"data":[{"id":"593","type":"task","attributes":{"name":"Water Plants","category":"chore","mandatory":true,"event_date":"","frequency":"weekly","time_needed":20,"user_id":123,"notes":"Remember
        plants in bedroom, living room, and balcony","skipped":false}},{"id":"594","type":"task","attributes":{"name":"Clean
        fish tank","category":"chore","mandatory":true,"event_date":"","frequency":"weekly","time_needed":20,"user_id":123,"notes":"Vacuum
        the gravel, wipe algae off plants","skipped":false}},{"id":"384","type":"task","attributes":{"name":"Do
        laundry","category":"chore","mandatory":true,"event_date":"","frequency":"once","time_needed":60,"user_id":1,"notes":"","skipped":false}},{"id":"386","type":"task","attributes":{"name":"feed
        the dog","category":"chore","mandatory":true,"event_date":"","frequency":"daily","time_needed":5,"user_id":3,"notes":"","skipped":false}},{"id":"388","type":"task","attributes":{"name":"make
        dinner","category":"chore","mandatory":true,"event_date":"","frequency":"daily","time_needed":60,"user_id":3,"notes":"","skipped":false}},{"id":"389","type":"task","attributes":{"name":"take
        vitamins","category":"chore","mandatory":true,"event_date":"","frequency":"daily","time_needed":5,"user_id":3,"notes":"","skipped":false}},{"id":"390","type":"task","attributes":{"name":"go
        for a walk","category":"chore","mandatory":true,"event_date":"","frequency":"daily","time_needed":10,"user_id":2,"notes":"","skipped":false}}]}'
  recorded_at: Wed, 20 Sep 2023 23:05:56 GMT
- request:
    method: get
    uri: https://ontrack-be-a58c9e421d34.herokuapp.com/api/v1/users/123/tasks
    body:
      encoding: US-ASCII
      string: ''
    headers:
      User-Agent:
      - Faraday v2.7.11
      Accept-Encoding:
      - gzip;q=1.0,deflate;q=0.6,identity;q=0.3
      Accept:
      - "*/*"
  response:
    status:
      code: 200
      message: OK
    headers:
      Server:
      - Cowboy
      Date:
      - Wed, 20 Sep 2023 23:05:56 GMT
      Connection:
      - keep-alive
      X-Frame-Options:
      - SAMEORIGIN
      X-Xss-Protection:
      - '0'
      X-Content-Type-Options:
      - nosniff
      X-Download-Options:
      - noopen
      X-Permitted-Cross-Domain-Policies:
      - none
      Referrer-Policy:
      - strict-origin-when-cross-origin
      Content-Type:
      - application/json; charset=utf-8
      Vary:
      - Accept
      Etag:
      - W/"76ecfb525a86838af704d8b469a93f3c"
      Cache-Control:
      - max-age=0, private, must-revalidate
      X-Request-Id:
      - d5e96cba-f430-4055-8f33-1e101695a6b4
      X-Runtime:
      - '0.004991'
      Transfer-Encoding:
      - chunked
      Via:
      - 1.1 vegur
    body:
      encoding: UTF-8
      string: '{"data":[{"id":"593","type":"task","attributes":{"name":"Water Plants","category":"chore","mandatory":true,"event_date":"","frequency":"weekly","time_needed":20,"user_id":123,"notes":"Remember
        plants in bedroom, living room, and balcony","skipped":false}},{"id":"594","type":"task","attributes":{"name":"Clean
        fish tank","category":"chore","mandatory":true,"event_date":"","frequency":"weekly","time_needed":20,"user_id":123,"notes":"Vacuum
        the gravel, wipe algae off plants","skipped":false}},{"id":"595","type":"task","attributes":{"name":"Take
        nice bath","category":"rest","mandatory":false,"event_date":"","frequency":"monthly","time_needed":60,"user_id":123,"notes":"Remember
        the fancy bathbombs under the cupboard, get a milkshake and light a candle","skipped":false}},{"id":"596","type":"task","attributes":{"name":"Meditate","category":"rest","mandatory":false,"event_date":"","frequency":"daily","time_needed":30,"user_id":123,"notes":"","skipped":false}},{"id":"597","type":"task","attributes":{"name":"Practice
        guitar","category":"hobby","mandatory":false,"event_date":"","frequency":"daily","time_needed":120,"user_id":123,"notes":"Do
        scale exercises, work through the books I bought","skipped":false}},{"id":"598","type":"task","attributes":{"name":"Practice
        drawing","category":"hobby","mandatory":false,"event_date":"","frequency":"daily","time_needed":60,"user_id":123,"notes":"Do
        some studies on hands and gestures","skipped":false}}]}'
  recorded_at: Wed, 20 Sep 2023 23:05:56 GMT
- request:
    method: delete
    uri: https://ontrack-be-a58c9e421d34.herokuapp.com/api/v1/users/123/tasks/593
    body:
      encoding: US-ASCII
      string: ''
    headers:
      User-Agent:
      - Faraday v2.7.11
      Accept-Encoding:
      - gzip;q=1.0,deflate;q=0.6,identity;q=0.3
      Accept:
      - "*/*"
  response:
    status:
      code: 200
      message: OK
    headers:
      Server:
      - Cowboy
      Date:
      - Wed, 20 Sep 2023 23:05:56 GMT
      Connection:
      - keep-alive
      X-Frame-Options:
      - SAMEORIGIN
      X-Xss-Protection:
      - '0'
      X-Content-Type-Options:
      - nosniff
      X-Download-Options:
      - noopen
      X-Permitted-Cross-Domain-Policies:
      - none
      Referrer-Policy:
      - strict-origin-when-cross-origin
      Content-Type:
      - application/json; charset=utf-8
      Vary:
      - Accept
      Etag:
      - W/"4b0443fcb4b80622b62a546a28246f66"
      Cache-Control:
      - max-age=0, private, must-revalidate
      X-Request-Id:
      - 8b271544-0c1d-43ab-bc11-47c659123e47
      X-Runtime:
      - '0.008215'
      Transfer-Encoding:
      - chunked
      Via:
      - 1.1 vegur
    body:
      encoding: UTF-8
      string: '{"message":"''Water Plants'' deleted."}'
  recorded_at: Wed, 20 Sep 2023 23:05:57 GMT
- request:
    method: delete
    uri: https://ontrack-be-a58c9e421d34.herokuapp.com/api/v1/users/123/tasks/594
    body:
      encoding: US-ASCII
      string: ''
    headers:
      User-Agent:
      - Faraday v2.7.11
      Accept-Encoding:
      - gzip;q=1.0,deflate;q=0.6,identity;q=0.3
      Accept:
      - "*/*"
  response:
    status:
      code: 200
      message: OK
    headers:
      Server:
      - Cowboy
      Date:
      - Wed, 20 Sep 2023 23:05:57 GMT
      Connection:
      - keep-alive
      X-Frame-Options:
      - SAMEORIGIN
      X-Xss-Protection:
      - '0'
      X-Content-Type-Options:
      - nosniff
      X-Download-Options:
      - noopen
      X-Permitted-Cross-Domain-Policies:
      - none
      Referrer-Policy:
      - strict-origin-when-cross-origin
      Content-Type:
      - application/json; charset=utf-8
      Vary:
      - Accept
      Etag:
      - W/"73067a816fc082c298ee9fd886a2663c"
      Cache-Control:
      - max-age=0, private, must-revalidate
      X-Request-Id:
      - 273381cc-afae-4118-9ac7-5a919ff22770
      X-Runtime:
      - '0.008254'
      Transfer-Encoding:
      - chunked
      Via:
      - 1.1 vegur
    body:
      encoding: UTF-8
      string: '{"message":"''Clean fish tank'' deleted."}'
  recorded_at: Wed, 20 Sep 2023 23:05:57 GMT
- request:
    method: delete
    uri: https://ontrack-be-a58c9e421d34.herokuapp.com/api/v1/users/123/tasks/595
    body:
      encoding: US-ASCII
      string: ''
    headers:
      User-Agent:
      - Faraday v2.7.11
      Accept-Encoding:
      - gzip;q=1.0,deflate;q=0.6,identity;q=0.3
      Accept:
      - "*/*"
  response:
    status:
      code: 200
      message: OK
    headers:
      Server:
      - Cowboy
      Date:
      - Wed, 20 Sep 2023 23:05:57 GMT
      Connection:
      - keep-alive
      X-Frame-Options:
      - SAMEORIGIN
      X-Xss-Protection:
      - '0'
      X-Content-Type-Options:
      - nosniff
      X-Download-Options:
      - noopen
      X-Permitted-Cross-Domain-Policies:
      - none
      Referrer-Policy:
      - strict-origin-when-cross-origin
      Content-Type:
      - application/json; charset=utf-8
      Vary:
      - Accept
      Etag:
      - W/"1f3e0615cd45a27dfb32e65d0c6cd9ba"
      Cache-Control:
      - max-age=0, private, must-revalidate
      X-Request-Id:
      - a9bd048a-ede6-4cef-ad67-42bc80e7de9a
      X-Runtime:
      - '0.008463'
      Transfer-Encoding:
      - chunked
      Via:
      - 1.1 vegur
    body:
      encoding: UTF-8
      string: '{"message":"''Take nice bath'' deleted."}'
  recorded_at: Wed, 20 Sep 2023 23:05:57 GMT
- request:
    method: delete
    uri: https://ontrack-be-a58c9e421d34.herokuapp.com/api/v1/users/123/tasks/596
    body:
      encoding: US-ASCII
      string: ''
    headers:
      User-Agent:
      - Faraday v2.7.11
      Accept-Encoding:
      - gzip;q=1.0,deflate;q=0.6,identity;q=0.3
      Accept:
      - "*/*"
  response:
    status:
      code: 200
      message: OK
    headers:
      Server:
      - Cowboy
      Date:
      - Wed, 20 Sep 2023 23:05:57 GMT
      Connection:
      - keep-alive
      X-Frame-Options:
      - SAMEORIGIN
      X-Xss-Protection:
      - '0'
      X-Content-Type-Options:
      - nosniff
      X-Download-Options:
      - noopen
      X-Permitted-Cross-Domain-Policies:
      - none
      Referrer-Policy:
      - strict-origin-when-cross-origin
      Content-Type:
      - application/json; charset=utf-8
      Vary:
      - Accept
      Etag:
      - W/"5cd1011e3321253e6ef867a7d1e14319"
      Cache-Control:
      - max-age=0, private, must-revalidate
      X-Request-Id:
      - 9fce7b4d-81b2-4eac-a50a-7fc2d6cb5970
      X-Runtime:
      - '0.008273'
      Transfer-Encoding:
      - chunked
      Via:
      - 1.1 vegur
    body:
      encoding: UTF-8
      string: '{"message":"''Meditate'' deleted."}'
  recorded_at: Wed, 20 Sep 2023 23:05:58 GMT
- request:
    method: delete
    uri: https://ontrack-be-a58c9e421d34.herokuapp.com/api/v1/users/123/tasks/597
    body:
      encoding: US-ASCII
      string: ''
    headers:
      User-Agent:
      - Faraday v2.7.11
      Accept-Encoding:
      - gzip;q=1.0,deflate;q=0.6,identity;q=0.3
      Accept:
      - "*/*"
  response:
    status:
      code: 200
      message: OK
    headers:
      Server:
      - Cowboy
      Date:
      - Wed, 20 Sep 2023 23:05:58 GMT
      Connection:
      - keep-alive
      X-Frame-Options:
      - SAMEORIGIN
      X-Xss-Protection:
      - '0'
      X-Content-Type-Options:
      - nosniff
      X-Download-Options:
      - noopen
      X-Permitted-Cross-Domain-Policies:
      - none
      Referrer-Policy:
      - strict-origin-when-cross-origin
      Content-Type:
      - application/json; charset=utf-8
      Vary:
      - Accept
      Etag:
      - W/"9152ab55a7ca9da3987f0e0d03c49bec"
      Cache-Control:
      - max-age=0, private, must-revalidate
      X-Request-Id:
      - 4071ea4e-09ba-43e7-86e0-bd98821471ad
      X-Runtime:
      - '0.007867'
      Transfer-Encoding:
      - chunked
      Via:
      - 1.1 vegur
    body:
      encoding: UTF-8
      string: '{"message":"''Practice guitar'' deleted."}'
  recorded_at: Wed, 20 Sep 2023 23:05:58 GMT
- request:
    method: delete
    uri: https://ontrack-be-a58c9e421d34.herokuapp.com/api/v1/users/123/tasks/598
    body:
      encoding: US-ASCII
      string: ''
    headers:
      User-Agent:
      - Faraday v2.7.11
      Accept-Encoding:
      - gzip;q=1.0,deflate;q=0.6,identity;q=0.3
      Accept:
      - "*/*"
  response:
    status:
      code: 200
      message: OK
    headers:
      Server:
      - Cowboy
      Date:
      - Wed, 20 Sep 2023 23:05:59 GMT
      Connection:
      - keep-alive
      X-Frame-Options:
      - SAMEORIGIN
      X-Xss-Protection:
      - '0'
      X-Content-Type-Options:
      - nosniff
      X-Download-Options:
      - noopen
      X-Permitted-Cross-Domain-Policies:
      - none
      Referrer-Policy:
      - strict-origin-when-cross-origin
      Content-Type:
      - application/json; charset=utf-8
      Vary:
      - Accept
      Etag:
      - W/"2814157dcd32d3647ebe6fbe479571d4"
      Cache-Control:
      - max-age=0, private, must-revalidate
      X-Request-Id:
      - 7de916aa-9f64-4246-9c25-743efa3bd2bf
      X-Runtime:
      - '0.009471'
      Transfer-Encoding:
      - chunked
      Via:
      - 1.1 vegur
    body:
      encoding: UTF-8
      string: '{"message":"''Practice drawing'' deleted."}'
  recorded_at: Wed, 20 Sep 2023 23:05:59 GMT
recorded_with: VCR 6.2.0
