---
http_interactions:
- request:
    method: post
    uri: http://localhost:3000/api/v1/users/123/tasks?category=chore&event_date=&frequency=weekly&mandatory=1&name=Water%20Plants&notes=Remember%20plants%20in%20bedroom,%20living%20room,%20and%20balcony&time_needed=20
    body:
      encoding: UTF-8
      string: ''
    headers:
      User-Agent:
      - Faraday v2.7.11
      Content-Length:
      - '0'
      Accept-Encoding:
      - gzip;q=1.0,deflate;q=0.6,identity;q=0.3
      Accept:
      - "*/*"
  response:
    status:
      code: 201
      message: Created
    headers:
      X-Frame-Options:
      - SAMEORIGIN
      X-Xss-Protection:
      - '0'
      X-Content-Type-Options:
      - nosniff
      X-Download-Options:
      - noopen
      X-Permitted-Cross-Domain-Policies:
      - none
      Referrer-Policy:
      - strict-origin-when-cross-origin
      Content-Type:
      - application/json; charset=utf-8
      Vary:
      - Accept
      Etag:
      - W/"497ff6d64382bc9d34ed64acc2e4b32b"
      Cache-Control:
      - max-age=0, private, must-revalidate
      X-Request-Id:
      - 77c83f9f-dcd1-4816-97ec-d5221d6be3d1
      X-Runtime:
      - '0.077415'
      Server-Timing:
      - start_processing.action_controller;dur=0.14, sql.active_record;dur=9.99, instantiation.active_record;dur=0.05,
        process_action.action_controller;dur=67.89
      Transfer-Encoding:
      - chunked
    body:
      encoding: UTF-8
      string: '{"message":"''Water Plants'' added!"}'
  recorded_at: Sun, 17 Sep 2023 03:38:11 GMT
- request:
    method: post
    uri: http://localhost:3000/api/v1/users/123/tasks?category=chore&event_date=&frequency=weekly&mandatory=1&name=Clean%20fish%20tank&notes=Vacuum%20the%20gravel,%20wipe%20algae%20off%20plants&time_needed=20
    body:
      encoding: UTF-8
      string: ''
    headers:
      User-Agent:
      - Faraday v2.7.11
      Content-Length:
      - '0'
      Accept-Encoding:
      - gzip;q=1.0,deflate;q=0.6,identity;q=0.3
      Accept:
      - "*/*"
  response:
    status:
      code: 201
      message: Created
    headers:
      X-Frame-Options:
      - SAMEORIGIN
      X-Xss-Protection:
      - '0'
      X-Content-Type-Options:
      - nosniff
      X-Download-Options:
      - noopen
      X-Permitted-Cross-Domain-Policies:
      - none
      Referrer-Policy:
      - strict-origin-when-cross-origin
      Content-Type:
      - application/json; charset=utf-8
      Vary:
      - Accept
      Etag:
      - W/"f63f6f1c8e4212e1d3cf28557677ffe4"
      Cache-Control:
      - max-age=0, private, must-revalidate
      X-Request-Id:
      - 12db6f17-1821-4d34-9436-11519189cd3b
      X-Runtime:
      - '0.008007'
      Server-Timing:
      - start_processing.action_controller;dur=0.05, sql.active_record;dur=1.56, instantiation.active_record;dur=0.01,
        process_action.action_controller;dur=2.45
      Transfer-Encoding:
      - chunked
    body:
      encoding: UTF-8
      string: '{"message":"''Clean fish tank'' added!"}'
  recorded_at: Sun, 17 Sep 2023 03:38:11 GMT
- request:
    method: post
    uri: http://localhost:3000/api/v1/users/123/tasks?category=rest&event_date=&frequency=monthly&mandatory=0&name=Take%20nice%20bath&notes=Remember%20the%20fancy%20bathbombs%20under%20the%20cupboard,%20get%20a%20milkshake%20and%20light%20a%20candle&time_needed=60
    body:
      encoding: UTF-8
      string: ''
    headers:
      User-Agent:
      - Faraday v2.7.11
      Content-Length:
      - '0'
      Accept-Encoding:
      - gzip;q=1.0,deflate;q=0.6,identity;q=0.3
      Accept:
      - "*/*"
  response:
    status:
      code: 201
      message: Created
    headers:
      X-Frame-Options:
      - SAMEORIGIN
      X-Xss-Protection:
      - '0'
      X-Content-Type-Options:
      - nosniff
      X-Download-Options:
      - noopen
      X-Permitted-Cross-Domain-Policies:
      - none
      Referrer-Policy:
      - strict-origin-when-cross-origin
      Content-Type:
      - application/json; charset=utf-8
      Vary:
      - Accept
      Etag:
      - W/"8c811900f0de52049bd12e1c0902219f"
      Cache-Control:
      - max-age=0, private, must-revalidate
      X-Request-Id:
      - bf1fbbf3-d8a6-4dce-8981-6e9017c889f7
      X-Runtime:
      - '0.014638'
      Server-Timing:
      - start_processing.action_controller;dur=0.05, sql.active_record;dur=4.22, instantiation.active_record;dur=0.02,
        process_action.action_controller;dur=8.99
      Transfer-Encoding:
      - chunked
    body:
      encoding: UTF-8
      string: '{"message":"''Take nice bath'' added!"}'
  recorded_at: Sun, 17 Sep 2023 03:38:11 GMT
- request:
    method: post
    uri: http://localhost:3000/api/v1/users/123/tasks?category=rest&event_date=&frequency=daily&mandatory=0&name=Meditate&notes=&time_needed=30
    body:
      encoding: UTF-8
      string: ''
    headers:
      User-Agent:
      - Faraday v2.7.11
      Content-Length:
      - '0'
      Accept-Encoding:
      - gzip;q=1.0,deflate;q=0.6,identity;q=0.3
      Accept:
      - "*/*"
  response:
    status:
      code: 201
      message: Created
    headers:
      X-Frame-Options:
      - SAMEORIGIN
      X-Xss-Protection:
      - '0'
      X-Content-Type-Options:
      - nosniff
      X-Download-Options:
      - noopen
      X-Permitted-Cross-Domain-Policies:
      - none
      Referrer-Policy:
      - strict-origin-when-cross-origin
      Content-Type:
      - application/json; charset=utf-8
      Vary:
      - Accept
      Etag:
      - W/"c3cee8d841bdb485261d06b4c86dead3"
      Cache-Control:
      - max-age=0, private, must-revalidate
      X-Request-Id:
      - ab96488a-f683-40cd-bf71-0f39c618c86e
      X-Runtime:
      - '0.066468'
      Server-Timing:
      - start_processing.action_controller;dur=0.05, sql.active_record;dur=45.17,
        instantiation.active_record;dur=0.02, process_action.action_controller;dur=61.63
      Transfer-Encoding:
      - chunked
    body:
      encoding: UTF-8
      string: '{"message":"''Meditate'' added!"}'
  recorded_at: Sun, 17 Sep 2023 03:38:12 GMT
- request:
    method: post
    uri: http://localhost:3000/api/v1/users/123/tasks?category=hobby&event_date=&frequency=daily&mandatory=0&name=Practice%20guitar&notes=Do%20scale%20exercises,%20work%20through%20the%20books%20I%20bought&time_needed=120
    body:
      encoding: UTF-8
      string: ''
    headers:
      User-Agent:
      - Faraday v2.7.11
      Content-Length:
      - '0'
      Accept-Encoding:
      - gzip;q=1.0,deflate;q=0.6,identity;q=0.3
      Accept:
      - "*/*"
  response:
    status:
      code: 201
      message: Created
    headers:
      X-Frame-Options:
      - SAMEORIGIN
      X-Xss-Protection:
      - '0'
      X-Content-Type-Options:
      - nosniff
      X-Download-Options:
      - noopen
      X-Permitted-Cross-Domain-Policies:
      - none
      Referrer-Policy:
      - strict-origin-when-cross-origin
      Content-Type:
      - application/json; charset=utf-8
      Vary:
      - Accept
      Etag:
      - W/"1e4dbe1c867322018d9ad23724afb6df"
      Cache-Control:
      - max-age=0, private, must-revalidate
      X-Request-Id:
      - e5a71ba2-be0b-4829-8556-de6a0ff8dde2
      X-Runtime:
      - '0.009480'
      Server-Timing:
      - start_processing.action_controller;dur=0.06, sql.active_record;dur=3.58, instantiation.active_record;dur=0.02,
        process_action.action_controller;dur=4.54
      Transfer-Encoding:
      - chunked
    body:
      encoding: UTF-8
      string: '{"message":"''Practice guitar'' added!"}'
  recorded_at: Sun, 17 Sep 2023 03:38:12 GMT
- request:
    method: post
    uri: http://localhost:3000/api/v1/users/123/tasks?category=hobby&event_date=&frequency=daily&mandatory=0&name=Practice%20drawing&notes=Do%20some%20studies%20on%20hands%20and%20gestures&time_needed=60
    body:
      encoding: UTF-8
      string: ''
    headers:
      User-Agent:
      - Faraday v2.7.11
      Content-Length:
      - '0'
      Accept-Encoding:
      - gzip;q=1.0,deflate;q=0.6,identity;q=0.3
      Accept:
      - "*/*"
  response:
    status:
      code: 201
      message: Created
    headers:
      X-Frame-Options:
      - SAMEORIGIN
      X-Xss-Protection:
      - '0'
      X-Content-Type-Options:
      - nosniff
      X-Download-Options:
      - noopen
      X-Permitted-Cross-Domain-Policies:
      - none
      Referrer-Policy:
      - strict-origin-when-cross-origin
      Content-Type:
      - application/json; charset=utf-8
      Vary:
      - Accept
      Etag:
      - W/"e406f91ea12949f55a96ab055260ca2e"
      Cache-Control:
      - max-age=0, private, must-revalidate
      X-Request-Id:
      - c33a075a-6a74-4ac2-984a-cf6596f88d7b
      X-Runtime:
      - '0.010824'
      Server-Timing:
      - start_processing.action_controller;dur=0.05, sql.active_record;dur=1.90, instantiation.active_record;dur=0.02,
        process_action.action_controller;dur=3.44
      Transfer-Encoding:
      - chunked
    body:
      encoding: UTF-8
      string: '{"message":"''Practice drawing'' added!"}'
  recorded_at: Sun, 17 Sep 2023 03:38:12 GMT
- request:
    method: get
    uri: http://localhost:3000/api/v1/users/123/tasks
    body:
      encoding: US-ASCII
      string: ''
    headers:
      User-Agent:
      - Faraday v2.7.11
      Accept-Encoding:
      - gzip;q=1.0,deflate;q=0.6,identity;q=0.3
      Accept:
      - "*/*"
  response:
    status:
      code: 200
      message: OK
    headers:
      X-Frame-Options:
      - SAMEORIGIN
      X-Xss-Protection:
      - '0'
      X-Content-Type-Options:
      - nosniff
      X-Download-Options:
      - noopen
      X-Permitted-Cross-Domain-Policies:
      - none
      Referrer-Policy:
      - strict-origin-when-cross-origin
      Content-Type:
      - application/json; charset=utf-8
      Vary:
      - Accept
      Etag:
      - W/"8a365933d395a9e32d2cab5d77abaaf8"
      Cache-Control:
      - max-age=0, private, must-revalidate
      X-Request-Id:
      - 53eab08c-8012-4c5b-9c1a-8db1a924a167
      X-Runtime:
      - '0.006150'
      Server-Timing:
      - start_processing.action_controller;dur=0.04, sql.active_record;dur=0.65, instantiation.active_record;dur=0.03,
        process_action.action_controller;dur=1.71
      Transfer-Encoding:
      - chunked
    body:
      encoding: UTF-8
      string: '{"data":[{"id":"21","type":"task","attributes":{"name":"Water Plants","category":"chore","mandatory":true,"event_date":"","frequency":"weekly","time_needed":20,"user_id":123,"notes":"Remember
        plants in bedroom, living room, and balcony"}},{"id":"22","type":"task","attributes":{"name":"Clean
        fish tank","category":"chore","mandatory":true,"event_date":"","frequency":"weekly","time_needed":20,"user_id":123,"notes":"Vacuum
        the gravel, wipe algae off plants"}},{"id":"23","type":"task","attributes":{"name":"Take
        nice bath","category":"rest","mandatory":false,"event_date":"","frequency":"monthly","time_needed":60,"user_id":123,"notes":"Remember
        the fancy bathbombs under the cupboard, get a milkshake and light a candle"}},{"id":"24","type":"task","attributes":{"name":"Meditate","category":"rest","mandatory":false,"event_date":"","frequency":"daily","time_needed":30,"user_id":123,"notes":""}},{"id":"25","type":"task","attributes":{"name":"Practice
        guitar","category":"hobby","mandatory":false,"event_date":"","frequency":"daily","time_needed":120,"user_id":123,"notes":"Do
        scale exercises, work through the books I bought"}},{"id":"26","type":"task","attributes":{"name":"Practice
        drawing","category":"hobby","mandatory":false,"event_date":"","frequency":"daily","time_needed":60,"user_id":123,"notes":"Do
        some studies on hands and gestures"}}]}'
  recorded_at: Sun, 17 Sep 2023 03:38:12 GMT
- request:
    method: get
    uri: http://localhost:3000/api/v1/users/123/tasks
    body:
      encoding: US-ASCII
      string: ''
    headers:
      User-Agent:
      - Faraday v2.7.11
      Accept-Encoding:
      - gzip;q=1.0,deflate;q=0.6,identity;q=0.3
      Accept:
      - "*/*"
  response:
    status:
      code: 200
      message: OK
    headers:
      X-Frame-Options:
      - SAMEORIGIN
      X-Xss-Protection:
      - '0'
      X-Content-Type-Options:
      - nosniff
      X-Download-Options:
      - noopen
      X-Permitted-Cross-Domain-Policies:
      - none
      Referrer-Policy:
      - strict-origin-when-cross-origin
      Content-Type:
      - application/json; charset=utf-8
      Vary:
      - Accept
      Etag:
      - W/"8a365933d395a9e32d2cab5d77abaaf8"
      Cache-Control:
      - max-age=0, private, must-revalidate
      X-Request-Id:
      - 2f9e6ef5-1877-43c7-a617-6f0031a6efb6
      X-Runtime:
      - '0.005481'
      Server-Timing:
      - start_processing.action_controller;dur=0.04, sql.active_record;dur=0.42, instantiation.active_record;dur=0.03,
        process_action.action_controller;dur=1.34
      Transfer-Encoding:
      - chunked
    body:
      encoding: UTF-8
      string: '{"data":[{"id":"21","type":"task","attributes":{"name":"Water Plants","category":"chore","mandatory":true,"event_date":"","frequency":"weekly","time_needed":20,"user_id":123,"notes":"Remember
        plants in bedroom, living room, and balcony"}},{"id":"22","type":"task","attributes":{"name":"Clean
        fish tank","category":"chore","mandatory":true,"event_date":"","frequency":"weekly","time_needed":20,"user_id":123,"notes":"Vacuum
        the gravel, wipe algae off plants"}},{"id":"23","type":"task","attributes":{"name":"Take
        nice bath","category":"rest","mandatory":false,"event_date":"","frequency":"monthly","time_needed":60,"user_id":123,"notes":"Remember
        the fancy bathbombs under the cupboard, get a milkshake and light a candle"}},{"id":"24","type":"task","attributes":{"name":"Meditate","category":"rest","mandatory":false,"event_date":"","frequency":"daily","time_needed":30,"user_id":123,"notes":""}},{"id":"25","type":"task","attributes":{"name":"Practice
        guitar","category":"hobby","mandatory":false,"event_date":"","frequency":"daily","time_needed":120,"user_id":123,"notes":"Do
        scale exercises, work through the books I bought"}},{"id":"26","type":"task","attributes":{"name":"Practice
        drawing","category":"hobby","mandatory":false,"event_date":"","frequency":"daily","time_needed":60,"user_id":123,"notes":"Do
        some studies on hands and gestures"}}]}'
  recorded_at: Sun, 17 Sep 2023 03:38:12 GMT
- request:
    method: post
    uri: http://localhost:3000/api/v1/users/123/tasks?category=Select%20Category&frequency=daily&mandatory=Select%20Priority
    body:
      encoding: UTF-8
      string: ''
    headers:
      User-Agent:
      - Faraday v2.7.11
      Content-Length:
      - '0'
      Accept-Encoding:
      - gzip;q=1.0,deflate;q=0.6,identity;q=0.3
      Accept:
      - "*/*"
  response:
    status:
      code: 500
      message: Internal Server Error
    headers:
      Content-Type:
      - application/json; charset=UTF-8
      X-Request-Id:
      - 5aa905fb-0c90-4ebb-95aa-535ef02209b8
      X-Runtime:
      - '0.020533'
      Server-Timing:
      - start_processing.action_controller;dur=0.04, process_action.action_controller;dur=2.62
      Content-Length:
      - '18332'
    body:
      encoding: UTF-8
      string: '{"status":500,"error":"Internal Server Error","exception":"#\u003cArgumentError:
        ''Select Category'' is not a valid category\u003e","traces":{"Application
        Trace":[{"exception_object_id":22480,"id":15,"trace":"app/controllers/api/v1/tasks_controller.rb:3:in
        `create''"}],"Framework Trace":[{"exception_object_id":22480,"id":0,"trace":"activerecord
        (7.0.8) lib/active_record/enum.rb:157:in `assert_valid_value''"},{"exception_object_id":22480,"id":1,"trace":"activemodel
        (7.0.8) lib/active_model/attribute.rb:76:in `with_value_from_user''"},{"exception_object_id":22480,"id":2,"trace":"activemodel
        (7.0.8) lib/active_model/attribute_set.rb:55:in `write_from_user''"},{"exception_object_id":22480,"id":3,"trace":"activerecord
        (7.0.8) lib/active_record/attribute_methods/write.rb:42:in `_write_attribute''"},{"exception_object_id":22480,"id":4,"trace":"activemodel
        (7.0.8) lib/active_model/attribute_methods.rb:271:in `category=''"},{"exception_object_id":22480,"id":5,"trace":"activemodel
        (7.0.8) lib/active_model/attribute_assignment.rb:49:in `public_send''"},{"exception_object_id":22480,"id":6,"trace":"activemodel
        (7.0.8) lib/active_model/attribute_assignment.rb:49:in `_assign_attribute''"},{"exception_object_id":22480,"id":7,"trace":"activerecord
        (7.0.8) lib/active_record/attribute_assignment.rb:21:in `block in _assign_attributes''"},{"exception_object_id":22480,"id":8,"trace":"activerecord
        (7.0.8) lib/active_record/attribute_assignment.rb:13:in `each''"},{"exception_object_id":22480,"id":9,"trace":"activerecord
        (7.0.8) lib/active_record/attribute_assignment.rb:13:in `_assign_attributes''"},{"exception_object_id":22480,"id":10,"trace":"activemodel
        (7.0.8) lib/active_model/attribute_assignment.rb:34:in `assign_attributes''"},{"exception_object_id":22480,"id":11,"trace":"activerecord
        (7.0.8) lib/active_record/core.rb:468:in `initialize''"},{"exception_object_id":22480,"id":12,"trace":"activerecord
        (7.0.8) lib/active_record/inheritance.rb:75:in `new''"},{"exception_object_id":22480,"id":13,"trace":"activerecord
        (7.0.8) lib/active_record/inheritance.rb:75:in `new''"},{"exception_object_id":22480,"id":14,"trace":"activerecord
        (7.0.8) lib/active_record/persistence.rb:54:in `create!''"},{"exception_object_id":22480,"id":16,"trace":"actionpack
        (7.0.8) lib/action_controller/metal/basic_implicit_render.rb:6:in `send_action''"},{"exception_object_id":22480,"id":17,"trace":"actionpack
        (7.0.8) lib/abstract_controller/base.rb:215:in `process_action''"},{"exception_object_id":22480,"id":18,"trace":"actionpack
        (7.0.8) lib/action_controller/metal/rendering.rb:165:in `process_action''"},{"exception_object_id":22480,"id":19,"trace":"actionpack
        (7.0.8) lib/abstract_controller/callbacks.rb:234:in `block in process_action''"},{"exception_object_id":22480,"id":20,"trace":"activesupport
        (7.0.8) lib/active_support/callbacks.rb:99:in `run_callbacks''"},{"exception_object_id":22480,"id":21,"trace":"actionpack
        (7.0.8) lib/abstract_controller/callbacks.rb:233:in `process_action''"},{"exception_object_id":22480,"id":22,"trace":"actionpack
        (7.0.8) lib/action_controller/metal/rescue.rb:23:in `process_action''"},{"exception_object_id":22480,"id":23,"trace":"actionpack
        (7.0.8) lib/action_controller/metal/instrumentation.rb:67:in `block in process_action''"},{"exception_object_id":22480,"id":24,"trace":"activesupport
        (7.0.8) lib/active_support/notifications.rb:206:in `block in instrument''"},{"exception_object_id":22480,"id":25,"trace":"activesupport
        (7.0.8) lib/active_support/notifications/instrumenter.rb:24:in `instrument''"},{"exception_object_id":22480,"id":26,"trace":"activesupport
        (7.0.8) lib/active_support/notifications.rb:206:in `instrument''"},{"exception_object_id":22480,"id":27,"trace":"actionpack
        (7.0.8) lib/action_controller/metal/instrumentation.rb:66:in `process_action''"},{"exception_object_id":22480,"id":28,"trace":"actionpack
        (7.0.8) lib/action_controller/metal/params_wrapper.rb:259:in `process_action''"},{"exception_object_id":22480,"id":29,"trace":"activerecord
        (7.0.8) lib/active_record/railties/controller_runtime.rb:27:in `process_action''"},{"exception_object_id":22480,"id":30,"trace":"actionpack
        (7.0.8) lib/abstract_controller/base.rb:151:in `process''"},{"exception_object_id":22480,"id":31,"trace":"actionpack
        (7.0.8) lib/action_controller/metal.rb:188:in `dispatch''"},{"exception_object_id":22480,"id":32,"trace":"actionpack
        (7.0.8) lib/action_controller/metal.rb:251:in `dispatch''"},{"exception_object_id":22480,"id":33,"trace":"actionpack
        (7.0.8) lib/action_dispatch/routing/route_set.rb:49:in `dispatch''"},{"exception_object_id":22480,"id":34,"trace":"actionpack
        (7.0.8) lib/action_dispatch/routing/route_set.rb:32:in `serve''"},{"exception_object_id":22480,"id":35,"trace":"actionpack
        (7.0.8) lib/action_dispatch/journey/router.rb:50:in `block in serve''"},{"exception_object_id":22480,"id":36,"trace":"actionpack
        (7.0.8) lib/action_dispatch/journey/router.rb:32:in `each''"},{"exception_object_id":22480,"id":37,"trace":"actionpack
        (7.0.8) lib/action_dispatch/journey/router.rb:32:in `serve''"},{"exception_object_id":22480,"id":38,"trace":"actionpack
        (7.0.8) lib/action_dispatch/routing/route_set.rb:852:in `call''"},{"exception_object_id":22480,"id":39,"trace":"rack
        (2.2.8) lib/rack/etag.rb:27:in `call''"},{"exception_object_id":22480,"id":40,"trace":"rack
        (2.2.8) lib/rack/conditional_get.rb:40:in `call''"},{"exception_object_id":22480,"id":41,"trace":"rack
        (2.2.8) lib/rack/head.rb:12:in `call''"},{"exception_object_id":22480,"id":42,"trace":"activerecord
        (7.0.8) lib/active_record/migration.rb:638:in `call''"},{"exception_object_id":22480,"id":43,"trace":"actionpack
        (7.0.8) lib/action_dispatch/middleware/callbacks.rb:27:in `block in call''"},{"exception_object_id":22480,"id":44,"trace":"activesupport
        (7.0.8) lib/active_support/callbacks.rb:99:in `run_callbacks''"},{"exception_object_id":22480,"id":45,"trace":"actionpack
        (7.0.8) lib/action_dispatch/middleware/callbacks.rb:26:in `call''"},{"exception_object_id":22480,"id":46,"trace":"actionpack
        (7.0.8) lib/action_dispatch/middleware/executor.rb:14:in `call''"},{"exception_object_id":22480,"id":47,"trace":"actionpack
        (7.0.8) lib/action_dispatch/middleware/actionable_exceptions.rb:17:in `call''"},{"exception_object_id":22480,"id":48,"trace":"actionpack
        (7.0.8) lib/action_dispatch/middleware/debug_exceptions.rb:28:in `call''"},{"exception_object_id":22480,"id":49,"trace":"actionpack
        (7.0.8) lib/action_dispatch/middleware/show_exceptions.rb:29:in `call''"},{"exception_object_id":22480,"id":50,"trace":"railties
        (7.0.8) lib/rails/rack/logger.rb:40:in `call_app''"},{"exception_object_id":22480,"id":51,"trace":"railties
        (7.0.8) lib/rails/rack/logger.rb:25:in `block in call''"},{"exception_object_id":22480,"id":52,"trace":"activesupport
        (7.0.8) lib/active_support/tagged_logging.rb:99:in `block in tagged''"},{"exception_object_id":22480,"id":53,"trace":"activesupport
        (7.0.8) lib/active_support/tagged_logging.rb:37:in `tagged''"},{"exception_object_id":22480,"id":54,"trace":"activesupport
        (7.0.8) lib/active_support/tagged_logging.rb:99:in `tagged''"},{"exception_object_id":22480,"id":55,"trace":"railties
        (7.0.8) lib/rails/rack/logger.rb:25:in `call''"},{"exception_object_id":22480,"id":56,"trace":"actionpack
        (7.0.8) lib/action_dispatch/middleware/remote_ip.rb:93:in `call''"},{"exception_object_id":22480,"id":57,"trace":"actionpack
        (7.0.8) lib/action_dispatch/middleware/request_id.rb:26:in `call''"},{"exception_object_id":22480,"id":58,"trace":"rack
        (2.2.8) lib/rack/runtime.rb:22:in `call''"},{"exception_object_id":22480,"id":59,"trace":"activesupport
        (7.0.8) lib/active_support/cache/strategy/local_cache_middleware.rb:29:in
        `call''"},{"exception_object_id":22480,"id":60,"trace":"actionpack (7.0.8)
        lib/action_dispatch/middleware/server_timing.rb:61:in `block in call''"},{"exception_object_id":22480,"id":61,"trace":"actionpack
        (7.0.8) lib/action_dispatch/middleware/server_timing.rb:26:in `collect_events''"},{"exception_object_id":22480,"id":62,"trace":"actionpack
        (7.0.8) lib/action_dispatch/middleware/server_timing.rb:60:in `call''"},{"exception_object_id":22480,"id":63,"trace":"actionpack
        (7.0.8) lib/action_dispatch/middleware/executor.rb:14:in `call''"},{"exception_object_id":22480,"id":64,"trace":"actionpack
        (7.0.8) lib/action_dispatch/middleware/static.rb:23:in `call''"},{"exception_object_id":22480,"id":65,"trace":"rack
        (2.2.8) lib/rack/sendfile.rb:110:in `call''"},{"exception_object_id":22480,"id":66,"trace":"actionpack
        (7.0.8) lib/action_dispatch/middleware/host_authorization.rb:138:in `call''"},{"exception_object_id":22480,"id":67,"trace":"railties
        (7.0.8) lib/rails/engine.rb:530:in `call''"},{"exception_object_id":22480,"id":68,"trace":"puma
        (5.6.7) lib/puma/configuration.rb:252:in `call''"},{"exception_object_id":22480,"id":69,"trace":"puma
        (5.6.7) lib/puma/request.rb:77:in `block in handle_request''"},{"exception_object_id":22480,"id":70,"trace":"puma
        (5.6.7) lib/puma/thread_pool.rb:340:in `with_force_shutdown''"},{"exception_object_id":22480,"id":71,"trace":"puma
        (5.6.7) lib/puma/request.rb:76:in `handle_request''"},{"exception_object_id":22480,"id":72,"trace":"puma
        (5.6.7) lib/puma/server.rb:443:in `process_client''"},{"exception_object_id":22480,"id":73,"trace":"puma
        (5.6.7) lib/puma/thread_pool.rb:147:in `block in spawn_thread''"}],"Full Trace":[{"exception_object_id":22480,"id":0,"trace":"activerecord
        (7.0.8) lib/active_record/enum.rb:157:in `assert_valid_value''"},{"exception_object_id":22480,"id":1,"trace":"activemodel
        (7.0.8) lib/active_model/attribute.rb:76:in `with_value_from_user''"},{"exception_object_id":22480,"id":2,"trace":"activemodel
        (7.0.8) lib/active_model/attribute_set.rb:55:in `write_from_user''"},{"exception_object_id":22480,"id":3,"trace":"activerecord
        (7.0.8) lib/active_record/attribute_methods/write.rb:42:in `_write_attribute''"},{"exception_object_id":22480,"id":4,"trace":"activemodel
        (7.0.8) lib/active_model/attribute_methods.rb:271:in `category=''"},{"exception_object_id":22480,"id":5,"trace":"activemodel
        (7.0.8) lib/active_model/attribute_assignment.rb:49:in `public_send''"},{"exception_object_id":22480,"id":6,"trace":"activemodel
        (7.0.8) lib/active_model/attribute_assignment.rb:49:in `_assign_attribute''"},{"exception_object_id":22480,"id":7,"trace":"activerecord
        (7.0.8) lib/active_record/attribute_assignment.rb:21:in `block in _assign_attributes''"},{"exception_object_id":22480,"id":8,"trace":"activerecord
        (7.0.8) lib/active_record/attribute_assignment.rb:13:in `each''"},{"exception_object_id":22480,"id":9,"trace":"activerecord
        (7.0.8) lib/active_record/attribute_assignment.rb:13:in `_assign_attributes''"},{"exception_object_id":22480,"id":10,"trace":"activemodel
        (7.0.8) lib/active_model/attribute_assignment.rb:34:in `assign_attributes''"},{"exception_object_id":22480,"id":11,"trace":"activerecord
        (7.0.8) lib/active_record/core.rb:468:in `initialize''"},{"exception_object_id":22480,"id":12,"trace":"activerecord
        (7.0.8) lib/active_record/inheritance.rb:75:in `new''"},{"exception_object_id":22480,"id":13,"trace":"activerecord
        (7.0.8) lib/active_record/inheritance.rb:75:in `new''"},{"exception_object_id":22480,"id":14,"trace":"activerecord
        (7.0.8) lib/active_record/persistence.rb:54:in `create!''"},{"exception_object_id":22480,"id":15,"trace":"app/controllers/api/v1/tasks_controller.rb:3:in
        `create''"},{"exception_object_id":22480,"id":16,"trace":"actionpack (7.0.8)
        lib/action_controller/metal/basic_implicit_render.rb:6:in `send_action''"},{"exception_object_id":22480,"id":17,"trace":"actionpack
        (7.0.8) lib/abstract_controller/base.rb:215:in `process_action''"},{"exception_object_id":22480,"id":18,"trace":"actionpack
        (7.0.8) lib/action_controller/metal/rendering.rb:165:in `process_action''"},{"exception_object_id":22480,"id":19,"trace":"actionpack
        (7.0.8) lib/abstract_controller/callbacks.rb:234:in `block in process_action''"},{"exception_object_id":22480,"id":20,"trace":"activesupport
        (7.0.8) lib/active_support/callbacks.rb:99:in `run_callbacks''"},{"exception_object_id":22480,"id":21,"trace":"actionpack
        (7.0.8) lib/abstract_controller/callbacks.rb:233:in `process_action''"},{"exception_object_id":22480,"id":22,"trace":"actionpack
        (7.0.8) lib/action_controller/metal/rescue.rb:23:in `process_action''"},{"exception_object_id":22480,"id":23,"trace":"actionpack
        (7.0.8) lib/action_controller/metal/instrumentation.rb:67:in `block in process_action''"},{"exception_object_id":22480,"id":24,"trace":"activesupport
        (7.0.8) lib/active_support/notifications.rb:206:in `block in instrument''"},{"exception_object_id":22480,"id":25,"trace":"activesupport
        (7.0.8) lib/active_support/notifications/instrumenter.rb:24:in `instrument''"},{"exception_object_id":22480,"id":26,"trace":"activesupport
        (7.0.8) lib/active_support/notifications.rb:206:in `instrument''"},{"exception_object_id":22480,"id":27,"trace":"actionpack
        (7.0.8) lib/action_controller/metal/instrumentation.rb:66:in `process_action''"},{"exception_object_id":22480,"id":28,"trace":"actionpack
        (7.0.8) lib/action_controller/metal/params_wrapper.rb:259:in `process_action''"},{"exception_object_id":22480,"id":29,"trace":"activerecord
        (7.0.8) lib/active_record/railties/controller_runtime.rb:27:in `process_action''"},{"exception_object_id":22480,"id":30,"trace":"actionpack
        (7.0.8) lib/abstract_controller/base.rb:151:in `process''"},{"exception_object_id":22480,"id":31,"trace":"actionpack
        (7.0.8) lib/action_controller/metal.rb:188:in `dispatch''"},{"exception_object_id":22480,"id":32,"trace":"actionpack
        (7.0.8) lib/action_controller/metal.rb:251:in `dispatch''"},{"exception_object_id":22480,"id":33,"trace":"actionpack
        (7.0.8) lib/action_dispatch/routing/route_set.rb:49:in `dispatch''"},{"exception_object_id":22480,"id":34,"trace":"actionpack
        (7.0.8) lib/action_dispatch/routing/route_set.rb:32:in `serve''"},{"exception_object_id":22480,"id":35,"trace":"actionpack
        (7.0.8) lib/action_dispatch/journey/router.rb:50:in `block in serve''"},{"exception_object_id":22480,"id":36,"trace":"actionpack
        (7.0.8) lib/action_dispatch/journey/router.rb:32:in `each''"},{"exception_object_id":22480,"id":37,"trace":"actionpack
        (7.0.8) lib/action_dispatch/journey/router.rb:32:in `serve''"},{"exception_object_id":22480,"id":38,"trace":"actionpack
        (7.0.8) lib/action_dispatch/routing/route_set.rb:852:in `call''"},{"exception_object_id":22480,"id":39,"trace":"rack
        (2.2.8) lib/rack/etag.rb:27:in `call''"},{"exception_object_id":22480,"id":40,"trace":"rack
        (2.2.8) lib/rack/conditional_get.rb:40:in `call''"},{"exception_object_id":22480,"id":41,"trace":"rack
        (2.2.8) lib/rack/head.rb:12:in `call''"},{"exception_object_id":22480,"id":42,"trace":"activerecord
        (7.0.8) lib/active_record/migration.rb:638:in `call''"},{"exception_object_id":22480,"id":43,"trace":"actionpack
        (7.0.8) lib/action_dispatch/middleware/callbacks.rb:27:in `block in call''"},{"exception_object_id":22480,"id":44,"trace":"activesupport
        (7.0.8) lib/active_support/callbacks.rb:99:in `run_callbacks''"},{"exception_object_id":22480,"id":45,"trace":"actionpack
        (7.0.8) lib/action_dispatch/middleware/callbacks.rb:26:in `call''"},{"exception_object_id":22480,"id":46,"trace":"actionpack
        (7.0.8) lib/action_dispatch/middleware/executor.rb:14:in `call''"},{"exception_object_id":22480,"id":47,"trace":"actionpack
        (7.0.8) lib/action_dispatch/middleware/actionable_exceptions.rb:17:in `call''"},{"exception_object_id":22480,"id":48,"trace":"actionpack
        (7.0.8) lib/action_dispatch/middleware/debug_exceptions.rb:28:in `call''"},{"exception_object_id":22480,"id":49,"trace":"actionpack
        (7.0.8) lib/action_dispatch/middleware/show_exceptions.rb:29:in `call''"},{"exception_object_id":22480,"id":50,"trace":"railties
        (7.0.8) lib/rails/rack/logger.rb:40:in `call_app''"},{"exception_object_id":22480,"id":51,"trace":"railties
        (7.0.8) lib/rails/rack/logger.rb:25:in `block in call''"},{"exception_object_id":22480,"id":52,"trace":"activesupport
        (7.0.8) lib/active_support/tagged_logging.rb:99:in `block in tagged''"},{"exception_object_id":22480,"id":53,"trace":"activesupport
        (7.0.8) lib/active_support/tagged_logging.rb:37:in `tagged''"},{"exception_object_id":22480,"id":54,"trace":"activesupport
        (7.0.8) lib/active_support/tagged_logging.rb:99:in `tagged''"},{"exception_object_id":22480,"id":55,"trace":"railties
        (7.0.8) lib/rails/rack/logger.rb:25:in `call''"},{"exception_object_id":22480,"id":56,"trace":"actionpack
        (7.0.8) lib/action_dispatch/middleware/remote_ip.rb:93:in `call''"},{"exception_object_id":22480,"id":57,"trace":"actionpack
        (7.0.8) lib/action_dispatch/middleware/request_id.rb:26:in `call''"},{"exception_object_id":22480,"id":58,"trace":"rack
        (2.2.8) lib/rack/runtime.rb:22:in `call''"},{"exception_object_id":22480,"id":59,"trace":"activesupport
        (7.0.8) lib/active_support/cache/strategy/local_cache_middleware.rb:29:in
        `call''"},{"exception_object_id":22480,"id":60,"trace":"actionpack (7.0.8)
        lib/action_dispatch/middleware/server_timing.rb:61:in `block in call''"},{"exception_object_id":22480,"id":61,"trace":"actionpack
        (7.0.8) lib/action_dispatch/middleware/server_timing.rb:26:in `collect_events''"},{"exception_object_id":22480,"id":62,"trace":"actionpack
        (7.0.8) lib/action_dispatch/middleware/server_timing.rb:60:in `call''"},{"exception_object_id":22480,"id":63,"trace":"actionpack
        (7.0.8) lib/action_dispatch/middleware/executor.rb:14:in `call''"},{"exception_object_id":22480,"id":64,"trace":"actionpack
        (7.0.8) lib/action_dispatch/middleware/static.rb:23:in `call''"},{"exception_object_id":22480,"id":65,"trace":"rack
        (2.2.8) lib/rack/sendfile.rb:110:in `call''"},{"exception_object_id":22480,"id":66,"trace":"actionpack
        (7.0.8) lib/action_dispatch/middleware/host_authorization.rb:138:in `call''"},{"exception_object_id":22480,"id":67,"trace":"railties
        (7.0.8) lib/rails/engine.rb:530:in `call''"},{"exception_object_id":22480,"id":68,"trace":"puma
        (5.6.7) lib/puma/configuration.rb:252:in `call''"},{"exception_object_id":22480,"id":69,"trace":"puma
        (5.6.7) lib/puma/request.rb:77:in `block in handle_request''"},{"exception_object_id":22480,"id":70,"trace":"puma
        (5.6.7) lib/puma/thread_pool.rb:340:in `with_force_shutdown''"},{"exception_object_id":22480,"id":71,"trace":"puma
        (5.6.7) lib/puma/request.rb:76:in `handle_request''"},{"exception_object_id":22480,"id":72,"trace":"puma
        (5.6.7) lib/puma/server.rb:443:in `process_client''"},{"exception_object_id":22480,"id":73,"trace":"puma
        (5.6.7) lib/puma/thread_pool.rb:147:in `block in spawn_thread''"}]}}'
  recorded_at: Sun, 17 Sep 2023 03:38:12 GMT
- request:
    method: get
    uri: http://localhost:3000/api/v1/users/123/tasks
    body:
      encoding: US-ASCII
      string: ''
    headers:
      User-Agent:
      - Faraday v2.7.11
      Accept-Encoding:
      - gzip;q=1.0,deflate;q=0.6,identity;q=0.3
      Accept:
      - "*/*"
  response:
    status:
      code: 200
      message: OK
    headers:
      X-Frame-Options:
      - SAMEORIGIN
      X-Xss-Protection:
      - '0'
      X-Content-Type-Options:
      - nosniff
      X-Download-Options:
      - noopen
      X-Permitted-Cross-Domain-Policies:
      - none
      Referrer-Policy:
      - strict-origin-when-cross-origin
      Content-Type:
      - application/json; charset=utf-8
      Vary:
      - Accept
      Etag:
      - W/"8a365933d395a9e32d2cab5d77abaaf8"
      Cache-Control:
      - max-age=0, private, must-revalidate
      X-Request-Id:
      - 7d08a0b7-ed53-4d88-a9c6-7c512b71b5a9
      X-Runtime:
      - '0.005455'
      Server-Timing:
      - start_processing.action_controller;dur=0.04, sql.active_record;dur=0.64, instantiation.active_record;dur=0.03,
        process_action.action_controller;dur=1.39
      Transfer-Encoding:
      - chunked
    body:
      encoding: UTF-8
      string: '{"data":[{"id":"21","type":"task","attributes":{"name":"Water Plants","category":"chore","mandatory":true,"event_date":"","frequency":"weekly","time_needed":20,"user_id":123,"notes":"Remember
        plants in bedroom, living room, and balcony"}},{"id":"22","type":"task","attributes":{"name":"Clean
        fish tank","category":"chore","mandatory":true,"event_date":"","frequency":"weekly","time_needed":20,"user_id":123,"notes":"Vacuum
        the gravel, wipe algae off plants"}},{"id":"23","type":"task","attributes":{"name":"Take
        nice bath","category":"rest","mandatory":false,"event_date":"","frequency":"monthly","time_needed":60,"user_id":123,"notes":"Remember
        the fancy bathbombs under the cupboard, get a milkshake and light a candle"}},{"id":"24","type":"task","attributes":{"name":"Meditate","category":"rest","mandatory":false,"event_date":"","frequency":"daily","time_needed":30,"user_id":123,"notes":""}},{"id":"25","type":"task","attributes":{"name":"Practice
        guitar","category":"hobby","mandatory":false,"event_date":"","frequency":"daily","time_needed":120,"user_id":123,"notes":"Do
        scale exercises, work through the books I bought"}},{"id":"26","type":"task","attributes":{"name":"Practice
        drawing","category":"hobby","mandatory":false,"event_date":"","frequency":"daily","time_needed":60,"user_id":123,"notes":"Do
        some studies on hands and gestures"}}]}'
  recorded_at: Sun, 17 Sep 2023 03:38:12 GMT
- request:
    method: delete
    uri: http://localhost:3000/api/v1/users/123/tasks/21
    body:
      encoding: US-ASCII
      string: ''
    headers:
      User-Agent:
      - Faraday v2.7.11
      Accept-Encoding:
      - gzip;q=1.0,deflate;q=0.6,identity;q=0.3
      Accept:
      - "*/*"
  response:
    status:
      code: 204
      message: No Content
    headers:
      X-Frame-Options:
      - SAMEORIGIN
      X-Xss-Protection:
      - '0'
      X-Content-Type-Options:
      - nosniff
      X-Download-Options:
      - noopen
      X-Permitted-Cross-Domain-Policies:
      - none
      Referrer-Policy:
      - strict-origin-when-cross-origin
      Vary:
      - Accept
      Cache-Control:
      - no-cache
      X-Request-Id:
      - b80ba5ba-5e93-4c90-a8d9-2ae540837b38
      X-Runtime:
      - '0.006170'
      Server-Timing:
      - start_processing.action_controller;dur=0.04, sql.active_record;dur=1.63, instantiation.active_record;dur=0.02,
        process_action.action_controller;dur=2.43
    body:
      encoding: UTF-8
      string: ''
  recorded_at: Sun, 17 Sep 2023 03:38:12 GMT
- request:
    method: delete
    uri: http://localhost:3000/api/v1/users/123/tasks/22
    body:
      encoding: US-ASCII
      string: ''
    headers:
      User-Agent:
      - Faraday v2.7.11
      Accept-Encoding:
      - gzip;q=1.0,deflate;q=0.6,identity;q=0.3
      Accept:
      - "*/*"
  response:
    status:
      code: 204
      message: No Content
    headers:
      X-Frame-Options:
      - SAMEORIGIN
      X-Xss-Protection:
      - '0'
      X-Content-Type-Options:
      - nosniff
      X-Download-Options:
      - noopen
      X-Permitted-Cross-Domain-Policies:
      - none
      Referrer-Policy:
      - strict-origin-when-cross-origin
      Vary:
      - Accept
      Cache-Control:
      - no-cache
      X-Request-Id:
      - 626c5adc-8e1a-4338-8f69-06756c69cc28
      X-Runtime:
      - '0.008678'
      Server-Timing:
      - start_processing.action_controller;dur=0.04, sql.active_record;dur=4.42, instantiation.active_record;dur=0.02,
        process_action.action_controller;dur=4.90
    body:
      encoding: UTF-8
      string: ''
  recorded_at: Sun, 17 Sep 2023 03:38:12 GMT
- request:
    method: delete
    uri: http://localhost:3000/api/v1/users/123/tasks/23
    body:
      encoding: US-ASCII
      string: ''
    headers:
      User-Agent:
      - Faraday v2.7.11
      Accept-Encoding:
      - gzip;q=1.0,deflate;q=0.6,identity;q=0.3
      Accept:
      - "*/*"
  response:
    status:
      code: 204
      message: No Content
    headers:
      X-Frame-Options:
      - SAMEORIGIN
      X-Xss-Protection:
      - '0'
      X-Content-Type-Options:
      - nosniff
      X-Download-Options:
      - noopen
      X-Permitted-Cross-Domain-Policies:
      - none
      Referrer-Policy:
      - strict-origin-when-cross-origin
      Vary:
      - Accept
      Cache-Control:
      - no-cache
      X-Request-Id:
      - 55a063ec-fad7-4116-8286-15bcb91ca589
      X-Runtime:
      - '0.006154'
      Server-Timing:
      - start_processing.action_controller;dur=0.03, sql.active_record;dur=1.45, instantiation.active_record;dur=0.02,
        process_action.action_controller;dur=1.91
    body:
      encoding: UTF-8
      string: ''
  recorded_at: Sun, 17 Sep 2023 03:38:12 GMT
- request:
    method: delete
    uri: http://localhost:3000/api/v1/users/123/tasks/24
    body:
      encoding: US-ASCII
      string: ''
    headers:
      User-Agent:
      - Faraday v2.7.11
      Accept-Encoding:
      - gzip;q=1.0,deflate;q=0.6,identity;q=0.3
      Accept:
      - "*/*"
  response:
    status:
      code: 204
      message: No Content
    headers:
      X-Frame-Options:
      - SAMEORIGIN
      X-Xss-Protection:
      - '0'
      X-Content-Type-Options:
      - nosniff
      X-Download-Options:
      - noopen
      X-Permitted-Cross-Domain-Policies:
      - none
      Referrer-Policy:
      - strict-origin-when-cross-origin
      Vary:
      - Accept
      Cache-Control:
      - no-cache
      X-Request-Id:
      - '08972fed-32e8-432f-98f4-3cb500c5eaed'
      X-Runtime:
      - '0.006590'
      Server-Timing:
      - start_processing.action_controller;dur=0.04, sql.active_record;dur=1.24, instantiation.active_record;dur=0.02,
        process_action.action_controller;dur=1.71
    body:
      encoding: UTF-8
      string: ''
  recorded_at: Sun, 17 Sep 2023 03:38:12 GMT
- request:
    method: delete
    uri: http://localhost:3000/api/v1/users/123/tasks/25
    body:
      encoding: US-ASCII
      string: ''
    headers:
      User-Agent:
      - Faraday v2.7.11
      Accept-Encoding:
      - gzip;q=1.0,deflate;q=0.6,identity;q=0.3
      Accept:
      - "*/*"
  response:
    status:
      code: 204
      message: No Content
    headers:
      X-Frame-Options:
      - SAMEORIGIN
      X-Xss-Protection:
      - '0'
      X-Content-Type-Options:
      - nosniff
      X-Download-Options:
      - noopen
      X-Permitted-Cross-Domain-Policies:
      - none
      Referrer-Policy:
      - strict-origin-when-cross-origin
      Vary:
      - Accept
      Cache-Control:
      - no-cache
      X-Request-Id:
      - ca6b8378-da81-459e-99d4-cb8700cb22c4
      X-Runtime:
      - '0.017116'
      Server-Timing:
      - start_processing.action_controller;dur=0.04, sql.active_record;dur=12.57,
        instantiation.active_record;dur=0.02, process_action.action_controller;dur=13.00
    body:
      encoding: UTF-8
      string: ''
  recorded_at: Sun, 17 Sep 2023 03:38:12 GMT
- request:
    method: delete
    uri: http://localhost:3000/api/v1/users/123/tasks/26
    body:
      encoding: US-ASCII
      string: ''
    headers:
      User-Agent:
      - Faraday v2.7.11
      Accept-Encoding:
      - gzip;q=1.0,deflate;q=0.6,identity;q=0.3
      Accept:
      - "*/*"
  response:
    status:
      code: 204
      message: No Content
    headers:
      X-Frame-Options:
      - SAMEORIGIN
      X-Xss-Protection:
      - '0'
      X-Content-Type-Options:
      - nosniff
      X-Download-Options:
      - noopen
      X-Permitted-Cross-Domain-Policies:
      - none
      Referrer-Policy:
      - strict-origin-when-cross-origin
      Vary:
      - Accept
      Cache-Control:
      - no-cache
      X-Request-Id:
      - a1cbf85c-1b53-4110-93b6-a85a8dc74da1
      X-Runtime:
      - '0.007618'
      Server-Timing:
      - start_processing.action_controller;dur=0.04, sql.active_record;dur=3.21, instantiation.active_record;dur=0.02,
        process_action.action_controller;dur=3.72
    body:
      encoding: UTF-8
      string: ''
  recorded_at: Sun, 17 Sep 2023 03:38:12 GMT
- request:
    method: get
    uri: http://localhost:3000/api/v1/users/123/tasks
    body:
      encoding: US-ASCII
      string: ''
    headers:
      User-Agent:
      - Faraday v2.7.11
      Accept-Encoding:
      - gzip;q=1.0,deflate;q=0.6,identity;q=0.3
      Accept:
      - "*/*"
  response:
    status:
      code: 200
      message: OK
    headers:
      X-Frame-Options:
      - SAMEORIGIN
      X-Xss-Protection:
      - '0'
      X-Content-Type-Options:
      - nosniff
      X-Download-Options:
      - noopen
      X-Permitted-Cross-Domain-Policies:
      - none
      Referrer-Policy:
      - strict-origin-when-cross-origin
      Content-Type:
      - application/json; charset=utf-8
      Vary:
      - Accept
      Etag:
      - W/"8fe32e407a1038ee38753b70e5374b3a"
      Cache-Control:
      - max-age=0, private, must-revalidate
      X-Request-Id:
      - f3d1daf8-3d84-4e96-9fa1-7be777696a4f
      X-Runtime:
      - '0.023363'
      Server-Timing:
      - start_processing.action_controller;dur=0.16, sql.active_record;dur=2.17, process_action.action_controller;dur=7.06
      Transfer-Encoding:
      - chunked
    body:
      encoding: UTF-8
      string: '{"data":[]}'
  recorded_at: Sun, 17 Sep 2023 03:42:02 GMT
recorded_with: VCR 6.2.0
