---
http_interactions:
- request:
    method: get
    uri: https://ontrack-be-a58c9e421d34.herokuapp.com/api/v1/users/123/daily_tasks/?mood
    body:
      encoding: US-ASCII
      string: ''
    headers:
      User-Agent:
      - Faraday v2.7.11
      Accept-Encoding:
      - gzip;q=1.0,deflate;q=0.6,identity;q=0.3
      Accept:
      - "*/*"
  response:
    status:
      code: 200
      message: OK
    headers:
      Server:
      - Cowboy
      Date:
      - Wed, 20 Sep 2023 04:47:21 GMT
      Connection:
      - keep-alive
      X-Frame-Options:
      - SAMEORIGIN
      X-Xss-Protection:
      - '0'
      X-Content-Type-Options:
      - nosniff
      X-Download-Options:
      - noopen
      X-Permitted-Cross-Domain-Policies:
      - none
      Referrer-Policy:
      - strict-origin-when-cross-origin
      Content-Type:
      - application/json; charset=utf-8
      Vary:
      - Accept
      Etag:
      - W/"8fe32e407a1038ee38753b70e5374b3a"
      Cache-Control:
      - max-age=0, private, must-revalidate
      X-Request-Id:
      - a49b1661-1dc6-4973-aee2-ccfbaa2fc041
      X-Runtime:
      - '0.008765'
      Transfer-Encoding:
      - chunked
      Via:
      - 1.1 vegur
    body:
      encoding: UTF-8
      string: '{"data":[]}'
<<<<<<< HEAD
  recorded_at: Tue, 19 Sep 2023 00:01:10 GMT
- request:
    method: get
    uri: http://localhost:3000/api/v1/holidays
    body:
      encoding: US-ASCII
=======
  recorded_at: Wed, 20 Sep 2023 04:47:22 GMT
- request:
    method: post
    uri: https://ontrack-be-a58c9e421d34.herokuapp.com/api/v1/users/123/tasks?category=chore&event_date=&frequency=weekly&mandatory=1&name=Water%20Plants&notes=Remember%20plants%20in%20bedroom,%20living%20room,%20and%20balcony&time_needed=20
    body:
      encoding: UTF-8
>>>>>>> main
      string: ''
    headers:
      User-Agent:
      - Faraday v2.7.11
<<<<<<< HEAD
=======
      Content-Length:
      - '0'
>>>>>>> main
      Accept-Encoding:
      - gzip;q=1.0,deflate;q=0.6,identity;q=0.3
      Accept:
      - "*/*"
  response:
    status:
<<<<<<< HEAD
      code: 200
      message: OK
    headers:
=======
      code: 201
      message: Created
    headers:
      Server:
      - Cowboy
      Date:
      - Wed, 20 Sep 2023 04:47:22 GMT
      Connection:
      - keep-alive
>>>>>>> main
      X-Frame-Options:
      - SAMEORIGIN
      X-Xss-Protection:
      - '0'
      X-Content-Type-Options:
      - nosniff
      X-Download-Options:
      - noopen
      X-Permitted-Cross-Domain-Policies:
      - none
      Referrer-Policy:
      - strict-origin-when-cross-origin
      Content-Type:
      - application/json; charset=utf-8
      Vary:
      - Accept
      Etag:
<<<<<<< HEAD
      - W/"129959a1fdf972341273461aaa7e5be4"
      Cache-Control:
      - max-age=0, private, must-revalidate
      X-Request-Id:
      - df1c8bc7-5130-47b0-8abc-12715f7394a3
      X-Runtime:
      - '0.098350'
      Server-Timing:
      - start_processing.action_controller;dur=0.04, process_action.action_controller;dur=92.35
      Transfer-Encoding:
      - chunked
    body:
      encoding: UTF-8
      string: '{"data":[{"type":"holiday","attributes":{"name":"Columbus Day","date":"2023-10-09"}},{"type":"holiday","attributes":{"name":"Veterans
        Day","date":"2023-11-10"}},{"type":"holiday","attributes":{"name":"Thanksgiving
        Day","date":"2023-11-23"}}]}'
  recorded_at: Tue, 19 Sep 2023 23:59:24 GMT
=======
      - W/"497ff6d64382bc9d34ed64acc2e4b32b"
      Cache-Control:
      - max-age=0, private, must-revalidate
      X-Request-Id:
      - 84de038c-f92f-4e74-964b-582965f6a0bd
      X-Runtime:
      - '0.008804'
      Transfer-Encoding:
      - chunked
      Via:
      - 1.1 vegur
    body:
      encoding: UTF-8
      string: '{"message":"''Water Plants'' added!"}'
  recorded_at: Wed, 20 Sep 2023 04:47:22 GMT
- request:
    method: post
    uri: https://ontrack-be-a58c9e421d34.herokuapp.com/api/v1/users/123/tasks?category=chore&event_date=&frequency=weekly&mandatory=1&name=Clean%20fish%20tank&notes=Vacuum%20the%20gravel,%20wipe%20algae%20off%20plants&time_needed=20
    body:
      encoding: UTF-8
      string: ''
    headers:
      User-Agent:
      - Faraday v2.7.11
      Content-Length:
      - '0'
      Accept-Encoding:
      - gzip;q=1.0,deflate;q=0.6,identity;q=0.3
      Accept:
      - "*/*"
  response:
    status:
      code: 201
      message: Created
    headers:
      Server:
      - Cowboy
      Date:
      - Wed, 20 Sep 2023 04:47:22 GMT
      Connection:
      - keep-alive
      X-Frame-Options:
      - SAMEORIGIN
      X-Xss-Protection:
      - '0'
      X-Content-Type-Options:
      - nosniff
      X-Download-Options:
      - noopen
      X-Permitted-Cross-Domain-Policies:
      - none
      Referrer-Policy:
      - strict-origin-when-cross-origin
      Content-Type:
      - application/json; charset=utf-8
      Vary:
      - Accept
      Etag:
      - W/"f63f6f1c8e4212e1d3cf28557677ffe4"
      Cache-Control:
      - max-age=0, private, must-revalidate
      X-Request-Id:
      - be6ec4e3-e74a-406c-9798-a7a5585fb759
      X-Runtime:
      - '0.008672'
      Transfer-Encoding:
      - chunked
      Via:
      - 1.1 vegur
    body:
      encoding: UTF-8
      string: '{"message":"''Clean fish tank'' added!"}'
  recorded_at: Wed, 20 Sep 2023 04:47:23 GMT
- request:
    method: post
    uri: https://ontrack-be-a58c9e421d34.herokuapp.com/api/v1/users/123/tasks?category=rest&event_date=&frequency=monthly&mandatory=0&name=Take%20nice%20bath&notes=Remember%20the%20fancy%20bathbombs%20under%20the%20cupboard,%20get%20a%20milkshake%20and%20light%20a%20candle&time_needed=60
    body:
      encoding: UTF-8
      string: ''
    headers:
      User-Agent:
      - Faraday v2.7.11
      Content-Length:
      - '0'
      Accept-Encoding:
      - gzip;q=1.0,deflate;q=0.6,identity;q=0.3
      Accept:
      - "*/*"
  response:
    status:
      code: 201
      message: Created
    headers:
      Server:
      - Cowboy
      Date:
      - Wed, 20 Sep 2023 04:47:23 GMT
      Connection:
      - keep-alive
      X-Frame-Options:
      - SAMEORIGIN
      X-Xss-Protection:
      - '0'
      X-Content-Type-Options:
      - nosniff
      X-Download-Options:
      - noopen
      X-Permitted-Cross-Domain-Policies:
      - none
      Referrer-Policy:
      - strict-origin-when-cross-origin
      Content-Type:
      - application/json; charset=utf-8
      Vary:
      - Accept
      Etag:
      - W/"8c811900f0de52049bd12e1c0902219f"
      Cache-Control:
      - max-age=0, private, must-revalidate
      X-Request-Id:
      - cf18c533-ea3e-4ed5-8cfb-1eae6ac6c48c
      X-Runtime:
      - '0.008600'
      Transfer-Encoding:
      - chunked
      Via:
      - 1.1 vegur
    body:
      encoding: UTF-8
      string: '{"message":"''Take nice bath'' added!"}'
  recorded_at: Wed, 20 Sep 2023 04:47:23 GMT
- request:
    method: post
    uri: https://ontrack-be-a58c9e421d34.herokuapp.com/api/v1/users/123/tasks?category=rest&event_date=&frequency=daily&mandatory=0&name=Meditate&notes=&time_needed=30
    body:
      encoding: UTF-8
      string: ''
    headers:
      User-Agent:
      - Faraday v2.7.11
      Content-Length:
      - '0'
      Accept-Encoding:
      - gzip;q=1.0,deflate;q=0.6,identity;q=0.3
      Accept:
      - "*/*"
  response:
    status:
      code: 201
      message: Created
    headers:
      Server:
      - Cowboy
      Date:
      - Wed, 20 Sep 2023 04:47:23 GMT
      Connection:
      - keep-alive
      X-Frame-Options:
      - SAMEORIGIN
      X-Xss-Protection:
      - '0'
      X-Content-Type-Options:
      - nosniff
      X-Download-Options:
      - noopen
      X-Permitted-Cross-Domain-Policies:
      - none
      Referrer-Policy:
      - strict-origin-when-cross-origin
      Content-Type:
      - application/json; charset=utf-8
      Vary:
      - Accept
      Etag:
      - W/"c3cee8d841bdb485261d06b4c86dead3"
      Cache-Control:
      - max-age=0, private, must-revalidate
      X-Request-Id:
      - c1146eab-e8ce-4704-a42f-6d7152068fd9
      X-Runtime:
      - '0.008441'
      Transfer-Encoding:
      - chunked
      Via:
      - 1.1 vegur
    body:
      encoding: UTF-8
      string: '{"message":"''Meditate'' added!"}'
  recorded_at: Wed, 20 Sep 2023 04:47:24 GMT
- request:
    method: post
    uri: https://ontrack-be-a58c9e421d34.herokuapp.com/api/v1/users/123/tasks?category=hobby&event_date=&frequency=daily&mandatory=0&name=Practice%20guitar&notes=Do%20scale%20exercises,%20work%20through%20the%20books%20I%20bought&time_needed=120
    body:
      encoding: UTF-8
      string: ''
    headers:
      User-Agent:
      - Faraday v2.7.11
      Content-Length:
      - '0'
      Accept-Encoding:
      - gzip;q=1.0,deflate;q=0.6,identity;q=0.3
      Accept:
      - "*/*"
  response:
    status:
      code: 201
      message: Created
    headers:
      Server:
      - Cowboy
      Date:
      - Wed, 20 Sep 2023 04:47:24 GMT
      Connection:
      - keep-alive
      X-Frame-Options:
      - SAMEORIGIN
      X-Xss-Protection:
      - '0'
      X-Content-Type-Options:
      - nosniff
      X-Download-Options:
      - noopen
      X-Permitted-Cross-Domain-Policies:
      - none
      Referrer-Policy:
      - strict-origin-when-cross-origin
      Content-Type:
      - application/json; charset=utf-8
      Vary:
      - Accept
      Etag:
      - W/"1e4dbe1c867322018d9ad23724afb6df"
      Cache-Control:
      - max-age=0, private, must-revalidate
      X-Request-Id:
      - 05a8e678-2011-4a32-bdc3-c75c9dee1170
      X-Runtime:
      - '0.008559'
      Transfer-Encoding:
      - chunked
      Via:
      - 1.1 vegur
    body:
      encoding: UTF-8
      string: '{"message":"''Practice guitar'' added!"}'
  recorded_at: Wed, 20 Sep 2023 04:47:24 GMT
- request:
    method: post
    uri: https://ontrack-be-a58c9e421d34.herokuapp.com/api/v1/users/123/tasks?category=hobby&event_date=&frequency=daily&mandatory=0&name=Practice%20drawing&notes=Do%20some%20studies%20on%20hands%20and%20gestures&time_needed=60
    body:
      encoding: UTF-8
      string: ''
    headers:
      User-Agent:
      - Faraday v2.7.11
      Content-Length:
      - '0'
      Accept-Encoding:
      - gzip;q=1.0,deflate;q=0.6,identity;q=0.3
      Accept:
      - "*/*"
  response:
    status:
      code: 201
      message: Created
    headers:
      Server:
      - Cowboy
      Date:
      - Wed, 20 Sep 2023 04:47:24 GMT
      Connection:
      - keep-alive
      X-Frame-Options:
      - SAMEORIGIN
      X-Xss-Protection:
      - '0'
      X-Content-Type-Options:
      - nosniff
      X-Download-Options:
      - noopen
      X-Permitted-Cross-Domain-Policies:
      - none
      Referrer-Policy:
      - strict-origin-when-cross-origin
      Content-Type:
      - application/json; charset=utf-8
      Vary:
      - Accept
      Etag:
      - W/"e406f91ea12949f55a96ab055260ca2e"
      Cache-Control:
      - max-age=0, private, must-revalidate
      X-Request-Id:
      - 44721f4e-1d91-4aa7-93a3-179f6883f2f8
      X-Runtime:
      - '0.010404'
      Transfer-Encoding:
      - chunked
      Via:
      - 1.1 vegur
    body:
      encoding: UTF-8
      string: '{"message":"''Practice drawing'' added!"}'
  recorded_at: Wed, 20 Sep 2023 04:47:24 GMT
- request:
    method: get
    uri: https://ontrack-be-a58c9e421d34.herokuapp.com/api/v1/users/123/tasks
    body:
      encoding: US-ASCII
      string: ''
    headers:
      User-Agent:
      - Faraday v2.7.11
      Accept-Encoding:
      - gzip;q=1.0,deflate;q=0.6,identity;q=0.3
      Accept:
      - "*/*"
  response:
    status:
      code: 200
      message: OK
    headers:
      Server:
      - Cowboy
      Date:
      - Wed, 20 Sep 2023 04:47:25 GMT
      Connection:
      - keep-alive
      X-Frame-Options:
      - SAMEORIGIN
      X-Xss-Protection:
      - '0'
      X-Content-Type-Options:
      - nosniff
      X-Download-Options:
      - noopen
      X-Permitted-Cross-Domain-Policies:
      - none
      Referrer-Policy:
      - strict-origin-when-cross-origin
      Content-Type:
      - application/json; charset=utf-8
      Vary:
      - Accept
      Etag:
      - W/"a6806c21ecbca001d9cc9f914b5ec166"
      Cache-Control:
      - max-age=0, private, must-revalidate
      X-Request-Id:
      - 4ee32853-2bf7-4711-a2dd-af03689bd6dc
      X-Runtime:
      - '0.004118'
      Transfer-Encoding:
      - chunked
      Via:
      - 1.1 vegur
    body:
      encoding: UTF-8
      string: '{"data":[{"id":"140","type":"task","attributes":{"name":"Take nice
        bath","category":"rest","mandatory":false,"event_date":"","frequency":"monthly","time_needed":60,"user_id":123,"notes":"Remember
        the fancy bathbombs under the cupboard, get a milkshake and light a candle","skipped":false}},{"id":"141","type":"task","attributes":{"name":"Meditate","category":"rest","mandatory":false,"event_date":"","frequency":"daily","time_needed":30,"user_id":123,"notes":"","skipped":false}},{"id":"138","type":"task","attributes":{"name":"Water
        Plants","category":"chore","mandatory":true,"event_date":"","frequency":"weekly","time_needed":20,"user_id":123,"notes":"Remember
        plants in bedroom, living room, and balcony","skipped":false}},{"id":"139","type":"task","attributes":{"name":"Clean
        fish tank","category":"chore","mandatory":true,"event_date":"","frequency":"weekly","time_needed":20,"user_id":123,"notes":"Vacuum
        the gravel, wipe algae off plants","skipped":false}},{"id":"142","type":"task","attributes":{"name":"Practice
        guitar","category":"hobby","mandatory":false,"event_date":"","frequency":"daily","time_needed":120,"user_id":123,"notes":"Do
        scale exercises, work through the books I bought","skipped":false}},{"id":"143","type":"task","attributes":{"name":"Practice
        drawing","category":"hobby","mandatory":false,"event_date":"","frequency":"daily","time_needed":60,"user_id":123,"notes":"Do
        some studies on hands and gestures","skipped":false}}]}'
  recorded_at: Wed, 20 Sep 2023 04:47:25 GMT
- request:
    method: get
    uri: https://ontrack-be-a58c9e421d34.herokuapp.com/api/v1/users/123/tasks
    body:
      encoding: US-ASCII
      string: ''
    headers:
      User-Agent:
      - Faraday v2.7.11
      Accept-Encoding:
      - gzip;q=1.0,deflate;q=0.6,identity;q=0.3
      Accept:
      - "*/*"
  response:
    status:
      code: 200
      message: OK
    headers:
      Server:
      - Cowboy
      Date:
      - Wed, 20 Sep 2023 04:47:25 GMT
      Connection:
      - keep-alive
      X-Frame-Options:
      - SAMEORIGIN
      X-Xss-Protection:
      - '0'
      X-Content-Type-Options:
      - nosniff
      X-Download-Options:
      - noopen
      X-Permitted-Cross-Domain-Policies:
      - none
      Referrer-Policy:
      - strict-origin-when-cross-origin
      Content-Type:
      - application/json; charset=utf-8
      Vary:
      - Accept
      Etag:
      - W/"a6806c21ecbca001d9cc9f914b5ec166"
      Cache-Control:
      - max-age=0, private, must-revalidate
      X-Request-Id:
      - 5c99ed1a-6f50-430b-82ad-21f398aa1eac
      X-Runtime:
      - '0.004980'
      Transfer-Encoding:
      - chunked
      Via:
      - 1.1 vegur
    body:
      encoding: UTF-8
      string: '{"data":[{"id":"140","type":"task","attributes":{"name":"Take nice
        bath","category":"rest","mandatory":false,"event_date":"","frequency":"monthly","time_needed":60,"user_id":123,"notes":"Remember
        the fancy bathbombs under the cupboard, get a milkshake and light a candle","skipped":false}},{"id":"141","type":"task","attributes":{"name":"Meditate","category":"rest","mandatory":false,"event_date":"","frequency":"daily","time_needed":30,"user_id":123,"notes":"","skipped":false}},{"id":"138","type":"task","attributes":{"name":"Water
        Plants","category":"chore","mandatory":true,"event_date":"","frequency":"weekly","time_needed":20,"user_id":123,"notes":"Remember
        plants in bedroom, living room, and balcony","skipped":false}},{"id":"139","type":"task","attributes":{"name":"Clean
        fish tank","category":"chore","mandatory":true,"event_date":"","frequency":"weekly","time_needed":20,"user_id":123,"notes":"Vacuum
        the gravel, wipe algae off plants","skipped":false}},{"id":"142","type":"task","attributes":{"name":"Practice
        guitar","category":"hobby","mandatory":false,"event_date":"","frequency":"daily","time_needed":120,"user_id":123,"notes":"Do
        scale exercises, work through the books I bought","skipped":false}},{"id":"143","type":"task","attributes":{"name":"Practice
        drawing","category":"hobby","mandatory":false,"event_date":"","frequency":"daily","time_needed":60,"user_id":123,"notes":"Do
        some studies on hands and gestures","skipped":false}}]}'
  recorded_at: Wed, 20 Sep 2023 04:47:25 GMT
- request:
    method: get
    uri: https://ontrack-be-a58c9e421d34.herokuapp.com/api/v1/users/123/tasks?search_params%5Bmandatory%5D=true
    body:
      encoding: US-ASCII
      string: ''
    headers:
      User-Agent:
      - Faraday v2.7.11
      Accept-Encoding:
      - gzip;q=1.0,deflate;q=0.6,identity;q=0.3
      Accept:
      - "*/*"
  response:
    status:
      code: 200
      message: OK
    headers:
      Server:
      - Cowboy
      Date:
      - Wed, 20 Sep 2023 04:47:26 GMT
      Connection:
      - keep-alive
      X-Frame-Options:
      - SAMEORIGIN
      X-Xss-Protection:
      - '0'
      X-Content-Type-Options:
      - nosniff
      X-Download-Options:
      - noopen
      X-Permitted-Cross-Domain-Policies:
      - none
      Referrer-Policy:
      - strict-origin-when-cross-origin
      Content-Type:
      - application/json; charset=utf-8
      Vary:
      - Accept
      Etag:
      - W/"6af451cc1c98fdfe15587a35afc609f5"
      Cache-Control:
      - max-age=0, private, must-revalidate
      X-Request-Id:
      - 8c7f081d-dacc-429b-b94c-ecbf16a51027
      X-Runtime:
      - '0.004114'
      Transfer-Encoding:
      - chunked
      Via:
      - 1.1 vegur
    body:
      encoding: UTF-8
      string: '{"data":[{"id":"138","type":"task","attributes":{"name":"Water Plants","category":"chore","mandatory":true,"event_date":"","frequency":"weekly","time_needed":20,"user_id":123,"notes":"Remember
        plants in bedroom, living room, and balcony","skipped":false}},{"id":"139","type":"task","attributes":{"name":"Clean
        fish tank","category":"chore","mandatory":true,"event_date":"","frequency":"weekly","time_needed":20,"user_id":123,"notes":"Vacuum
        the gravel, wipe algae off plants","skipped":false}}]}'
  recorded_at: Wed, 20 Sep 2023 04:47:26 GMT
- request:
    method: get
    uri: https://ontrack-be-a58c9e421d34.herokuapp.com/api/v1/users/123/tasks
    body:
      encoding: US-ASCII
      string: ''
    headers:
      User-Agent:
      - Faraday v2.7.11
      Accept-Encoding:
      - gzip;q=1.0,deflate;q=0.6,identity;q=0.3
      Accept:
      - "*/*"
  response:
    status:
      code: 200
      message: OK
    headers:
      Server:
      - Cowboy
      Date:
      - Wed, 20 Sep 2023 04:47:26 GMT
      Connection:
      - keep-alive
      X-Frame-Options:
      - SAMEORIGIN
      X-Xss-Protection:
      - '0'
      X-Content-Type-Options:
      - nosniff
      X-Download-Options:
      - noopen
      X-Permitted-Cross-Domain-Policies:
      - none
      Referrer-Policy:
      - strict-origin-when-cross-origin
      Content-Type:
      - application/json; charset=utf-8
      Vary:
      - Accept
      Etag:
      - W/"a6806c21ecbca001d9cc9f914b5ec166"
      Cache-Control:
      - max-age=0, private, must-revalidate
      X-Request-Id:
      - e60a7540-32e0-4251-93c5-8cf03475f864
      X-Runtime:
      - '0.004683'
      Transfer-Encoding:
      - chunked
      Via:
      - 1.1 vegur
    body:
      encoding: UTF-8
      string: '{"data":[{"id":"140","type":"task","attributes":{"name":"Take nice
        bath","category":"rest","mandatory":false,"event_date":"","frequency":"monthly","time_needed":60,"user_id":123,"notes":"Remember
        the fancy bathbombs under the cupboard, get a milkshake and light a candle","skipped":false}},{"id":"141","type":"task","attributes":{"name":"Meditate","category":"rest","mandatory":false,"event_date":"","frequency":"daily","time_needed":30,"user_id":123,"notes":"","skipped":false}},{"id":"138","type":"task","attributes":{"name":"Water
        Plants","category":"chore","mandatory":true,"event_date":"","frequency":"weekly","time_needed":20,"user_id":123,"notes":"Remember
        plants in bedroom, living room, and balcony","skipped":false}},{"id":"139","type":"task","attributes":{"name":"Clean
        fish tank","category":"chore","mandatory":true,"event_date":"","frequency":"weekly","time_needed":20,"user_id":123,"notes":"Vacuum
        the gravel, wipe algae off plants","skipped":false}},{"id":"142","type":"task","attributes":{"name":"Practice
        guitar","category":"hobby","mandatory":false,"event_date":"","frequency":"daily","time_needed":120,"user_id":123,"notes":"Do
        scale exercises, work through the books I bought","skipped":false}},{"id":"143","type":"task","attributes":{"name":"Practice
        drawing","category":"hobby","mandatory":false,"event_date":"","frequency":"daily","time_needed":60,"user_id":123,"notes":"Do
        some studies on hands and gestures","skipped":false}}]}'
  recorded_at: Wed, 20 Sep 2023 04:47:26 GMT
- request:
    method: delete
    uri: https://ontrack-be-a58c9e421d34.herokuapp.com/api/v1/users/123/tasks/140
    body:
      encoding: US-ASCII
      string: ''
    headers:
      User-Agent:
      - Faraday v2.7.11
      Accept-Encoding:
      - gzip;q=1.0,deflate;q=0.6,identity;q=0.3
      Accept:
      - "*/*"
  response:
    status:
      code: 200
      message: OK
    headers:
      Server:
      - Cowboy
      Date:
      - Wed, 20 Sep 2023 04:47:26 GMT
      Connection:
      - keep-alive
      X-Frame-Options:
      - SAMEORIGIN
      X-Xss-Protection:
      - '0'
      X-Content-Type-Options:
      - nosniff
      X-Download-Options:
      - noopen
      X-Permitted-Cross-Domain-Policies:
      - none
      Referrer-Policy:
      - strict-origin-when-cross-origin
      Content-Type:
      - application/json; charset=utf-8
      Vary:
      - Accept
      Etag:
      - W/"1f3e0615cd45a27dfb32e65d0c6cd9ba"
      Cache-Control:
      - max-age=0, private, must-revalidate
      X-Request-Id:
      - 4d8bf037-0bc6-41e4-8616-62cfd08355ba
      X-Runtime:
      - '0.007150'
      Transfer-Encoding:
      - chunked
      Via:
      - 1.1 vegur
    body:
      encoding: UTF-8
      string: '{"message":"''Take nice bath'' deleted."}'
  recorded_at: Wed, 20 Sep 2023 04:47:27 GMT
- request:
    method: delete
    uri: https://ontrack-be-a58c9e421d34.herokuapp.com/api/v1/users/123/tasks/141
    body:
      encoding: US-ASCII
      string: ''
    headers:
      User-Agent:
      - Faraday v2.7.11
      Accept-Encoding:
      - gzip;q=1.0,deflate;q=0.6,identity;q=0.3
      Accept:
      - "*/*"
  response:
    status:
      code: 200
      message: OK
    headers:
      Server:
      - Cowboy
      Date:
      - Wed, 20 Sep 2023 04:47:27 GMT
      Connection:
      - keep-alive
      X-Frame-Options:
      - SAMEORIGIN
      X-Xss-Protection:
      - '0'
      X-Content-Type-Options:
      - nosniff
      X-Download-Options:
      - noopen
      X-Permitted-Cross-Domain-Policies:
      - none
      Referrer-Policy:
      - strict-origin-when-cross-origin
      Content-Type:
      - application/json; charset=utf-8
      Vary:
      - Accept
      Etag:
      - W/"5cd1011e3321253e6ef867a7d1e14319"
      Cache-Control:
      - max-age=0, private, must-revalidate
      X-Request-Id:
      - 0dcd4aaa-3965-414b-9782-6066daf94955
      X-Runtime:
      - '0.007241'
      Transfer-Encoding:
      - chunked
      Via:
      - 1.1 vegur
    body:
      encoding: UTF-8
      string: '{"message":"''Meditate'' deleted."}'
  recorded_at: Wed, 20 Sep 2023 04:47:27 GMT
- request:
    method: delete
    uri: https://ontrack-be-a58c9e421d34.herokuapp.com/api/v1/users/123/tasks/138
    body:
      encoding: US-ASCII
      string: ''
    headers:
      User-Agent:
      - Faraday v2.7.11
      Accept-Encoding:
      - gzip;q=1.0,deflate;q=0.6,identity;q=0.3
      Accept:
      - "*/*"
  response:
    status:
      code: 200
      message: OK
    headers:
      Server:
      - Cowboy
      Date:
      - Wed, 20 Sep 2023 04:47:27 GMT
      Connection:
      - keep-alive
      X-Frame-Options:
      - SAMEORIGIN
      X-Xss-Protection:
      - '0'
      X-Content-Type-Options:
      - nosniff
      X-Download-Options:
      - noopen
      X-Permitted-Cross-Domain-Policies:
      - none
      Referrer-Policy:
      - strict-origin-when-cross-origin
      Content-Type:
      - application/json; charset=utf-8
      Vary:
      - Accept
      Etag:
      - W/"4b0443fcb4b80622b62a546a28246f66"
      Cache-Control:
      - max-age=0, private, must-revalidate
      X-Request-Id:
      - 0031a6d2-74b8-4eae-a08d-50464d18c84e
      X-Runtime:
      - '0.007378'
      Transfer-Encoding:
      - chunked
      Via:
      - 1.1 vegur
    body:
      encoding: UTF-8
      string: '{"message":"''Water Plants'' deleted."}'
  recorded_at: Wed, 20 Sep 2023 04:47:27 GMT
- request:
    method: delete
    uri: https://ontrack-be-a58c9e421d34.herokuapp.com/api/v1/users/123/tasks/139
    body:
      encoding: US-ASCII
      string: ''
    headers:
      User-Agent:
      - Faraday v2.7.11
      Accept-Encoding:
      - gzip;q=1.0,deflate;q=0.6,identity;q=0.3
      Accept:
      - "*/*"
  response:
    status:
      code: 200
      message: OK
    headers:
      Server:
      - Cowboy
      Date:
      - Wed, 20 Sep 2023 04:47:28 GMT
      Connection:
      - keep-alive
      X-Frame-Options:
      - SAMEORIGIN
      X-Xss-Protection:
      - '0'
      X-Content-Type-Options:
      - nosniff
      X-Download-Options:
      - noopen
      X-Permitted-Cross-Domain-Policies:
      - none
      Referrer-Policy:
      - strict-origin-when-cross-origin
      Content-Type:
      - application/json; charset=utf-8
      Vary:
      - Accept
      Etag:
      - W/"73067a816fc082c298ee9fd886a2663c"
      Cache-Control:
      - max-age=0, private, must-revalidate
      X-Request-Id:
      - 1cf399ab-067e-4318-822d-19480bacb229
      X-Runtime:
      - '0.008134'
      Transfer-Encoding:
      - chunked
      Via:
      - 1.1 vegur
    body:
      encoding: UTF-8
      string: '{"message":"''Clean fish tank'' deleted."}'
  recorded_at: Wed, 20 Sep 2023 04:47:28 GMT
- request:
    method: delete
    uri: https://ontrack-be-a58c9e421d34.herokuapp.com/api/v1/users/123/tasks/142
    body:
      encoding: US-ASCII
      string: ''
    headers:
      User-Agent:
      - Faraday v2.7.11
      Accept-Encoding:
      - gzip;q=1.0,deflate;q=0.6,identity;q=0.3
      Accept:
      - "*/*"
  response:
    status:
      code: 200
      message: OK
    headers:
      Server:
      - Cowboy
      Date:
      - Wed, 20 Sep 2023 04:47:28 GMT
      Connection:
      - keep-alive
      X-Frame-Options:
      - SAMEORIGIN
      X-Xss-Protection:
      - '0'
      X-Content-Type-Options:
      - nosniff
      X-Download-Options:
      - noopen
      X-Permitted-Cross-Domain-Policies:
      - none
      Referrer-Policy:
      - strict-origin-when-cross-origin
      Content-Type:
      - application/json; charset=utf-8
      Vary:
      - Accept
      Etag:
      - W/"9152ab55a7ca9da3987f0e0d03c49bec"
      Cache-Control:
      - max-age=0, private, must-revalidate
      X-Request-Id:
      - e5339551-aa64-4136-826d-9ef253a4db49
      X-Runtime:
      - '0.007257'
      Transfer-Encoding:
      - chunked
      Via:
      - 1.1 vegur
    body:
      encoding: UTF-8
      string: '{"message":"''Practice guitar'' deleted."}'
  recorded_at: Wed, 20 Sep 2023 04:47:28 GMT
- request:
    method: delete
    uri: https://ontrack-be-a58c9e421d34.herokuapp.com/api/v1/users/123/tasks/143
    body:
      encoding: US-ASCII
      string: ''
    headers:
      User-Agent:
      - Faraday v2.7.11
      Accept-Encoding:
      - gzip;q=1.0,deflate;q=0.6,identity;q=0.3
      Accept:
      - "*/*"
  response:
    status:
      code: 200
      message: OK
    headers:
      Server:
      - Cowboy
      Date:
      - Wed, 20 Sep 2023 04:47:29 GMT
      Connection:
      - keep-alive
      X-Frame-Options:
      - SAMEORIGIN
      X-Xss-Protection:
      - '0'
      X-Content-Type-Options:
      - nosniff
      X-Download-Options:
      - noopen
      X-Permitted-Cross-Domain-Policies:
      - none
      Referrer-Policy:
      - strict-origin-when-cross-origin
      Content-Type:
      - application/json; charset=utf-8
      Vary:
      - Accept
      Etag:
      - W/"2814157dcd32d3647ebe6fbe479571d4"
      Cache-Control:
      - max-age=0, private, must-revalidate
      X-Request-Id:
      - ace7d281-b267-426b-800c-adff66504cb5
      X-Runtime:
      - '0.007547'
      Transfer-Encoding:
      - chunked
      Via:
      - 1.1 vegur
    body:
      encoding: UTF-8
      string: '{"message":"''Practice drawing'' deleted."}'
  recorded_at: Wed, 20 Sep 2023 04:47:29 GMT
>>>>>>> main
recorded_with: VCR 6.2.0
