---
http_interactions:
- request:
    method: get
    uri: https://ontrack-be-a58c9e421d34.herokuapp.com/api/v1/holidays
    body:
      encoding: US-ASCII
      string: ''
    headers:
      User-Agent:
      - Faraday v2.7.11
      Accept-Encoding:
      - gzip;q=1.0,deflate;q=0.6,identity;q=0.3
      Accept:
      - "*/*"
  response:
    status:
      code: 200
      message: OK
    headers:
      Server:
      - Cowboy
      Date:
      - Sun, 01 Oct 2023 21:39:36 GMT
      Report-To:
      - '{"group":"heroku-nel","max_age":3600,"endpoints":[{"url":"https://nel.heroku.com/reports?ts=1696196376&s=Cjg2oYaEE5AYUm43p1iHjwmhzj8NE7nYS%2B0Feizn7RU%3D"}]}'
      Reporting-Endpoints:
      - heroku-nel=https://nel.heroku.com/reports?ts=1696196376&s=Cjg2oYaEE5AYUm43p1iHjwmhzj8NE7nYS%2B0Feizn7RU%3D
      Nel:
      - '{"report_to":"heroku-nel","max_age":3600,"success_fraction":0.005,"failure_fraction":0.05,"response_headers":["Via"]}'
      Connection:
      - keep-alive
      X-Frame-Options:
      - SAMEORIGIN
      X-Xss-Protection:
      - '0'
      X-Content-Type-Options:
      - nosniff
      X-Download-Options:
      - noopen
      X-Permitted-Cross-Domain-Policies:
      - none
      Referrer-Policy:
      - strict-origin-when-cross-origin
      Content-Type:
      - application/json; charset=utf-8
      Vary:
      - Accept
      Etag:
      - W/"129959a1fdf972341273461aaa7e5be4"
      Cache-Control:
      - max-age=0, private, must-revalidate
      X-Request-Id:
      - 86eef443-8c2e-4f30-9cf7-7dcf5da32875
      X-Runtime:
      - '0.226602'
      Transfer-Encoding:
      - chunked
      Via:
      - 1.1 vegur
    body:
      encoding: UTF-8
      string: '{"data":[{"type":"holiday","attributes":{"name":"Columbus Day","date":"2023-10-09"}},{"type":"holiday","attributes":{"name":"Veterans
        Day","date":"2023-11-10"}},{"type":"holiday","attributes":{"name":"Thanksgiving
        Day","date":"2023-11-23"}}]}'
  recorded_at: Sun, 01 Oct 2023 21:39:36 GMT
- request:
    method: get
    uri: https://ontrack-be-a58c9e421d34.herokuapp.com/api/v1/users/123/daily_tasks/?mood
    body:
      encoding: US-ASCII
      string: ''
    headers:
      User-Agent:
      - Faraday v2.7.11
      Accept-Encoding:
      - gzip;q=1.0,deflate;q=0.6,identity;q=0.3
      Accept:
      - "*/*"
  response:
    status:
      code: 200
      message: OK
    headers:
      Server:
      - Cowboy
      Date:
      - Sun, 01 Oct 2023 21:39:36 GMT
      Connection:
      - keep-alive
      X-Frame-Options:
      - SAMEORIGIN
      X-Xss-Protection:
      - '0'
      X-Content-Type-Options:
      - nosniff
      X-Download-Options:
      - noopen
      X-Permitted-Cross-Domain-Policies:
      - none
      Referrer-Policy:
      - strict-origin-when-cross-origin
      Content-Type:
      - application/json; charset=utf-8
      Vary:
      - Accept
      Etag:
      - W/"1993e7f8c3541a220a0f7d70853e8aef"
      Cache-Control:
      - max-age=0, private, must-revalidate
      X-Request-Id:
      - cf19cc50-8299-4d4f-a62b-0cf34932a31d
      X-Runtime:
      - '0.014172'
      Transfer-Encoding:
      - chunked
      Via:
      - 1.1 vegur
    body:
      encoding: UTF-8
      string: '{"data":[{"id":"436","type":"task","attributes":{"name":"Water Plants","category":"chore","mandatory":true,"event_date":"","frequency":"weekly","user_id":123,"notes":"Remember
        plants in bedroom, living room, and balcony","skipped":false,"image_url":""}},{"id":"437","type":"task","attributes":{"name":"Water
        Plants","category":"chore","mandatory":true,"event_date":"","frequency":"weekly","user_id":123,"notes":"Remember
        plants in bedroom, living room, and balcony","skipped":false,"image_url":""}},{"id":"455","type":"task","attributes":{"name":"Take
        Vitamins","category":"chore","mandatory":true,"event_date":"","frequency":"daily","user_id":123,"notes":"flintstone
        gummies all dayeee","skipped":false,"image_url":null}},{"id":"461","type":"task","attributes":{"name":"Take
        Vitamins","category":"chore","mandatory":true,"event_date":"","frequency":"daily","user_id":123,"notes":"flintstone
        gummies all dayeee","skipped":false,"image_url":null}},{"id":"467","type":"task","attributes":{"name":"Take
        Vitamins","category":"chore","mandatory":true,"event_date":"","frequency":"daily","user_id":123,"notes":"flintstone
        gummies all dayeee","skipped":false,"image_url":null}},{"id":"473","type":"task","attributes":{"name":"Take
        Vitamins","category":"chore","mandatory":true,"event_date":"","frequency":"daily","user_id":123,"notes":"flintstone
        gummies all dayeee","skipped":false,"image_url":null}},{"id":"479","type":"task","attributes":{"name":"Take
        Vitamins","category":"chore","mandatory":true,"event_date":"","frequency":"daily","user_id":123,"notes":"flintstone
        gummies all dayeee","skipped":false,"image_url":null}},{"id":"485","type":"task","attributes":{"name":"Take
        Vitamins","category":"chore","mandatory":true,"event_date":"","frequency":"daily","user_id":123,"notes":"flintstone
        gummies all dayeee","skipped":false,"image_url":null}},{"id":"491","type":"task","attributes":{"name":"Take
        Vitamins","category":"chore","mandatory":true,"event_date":"","frequency":"daily","user_id":123,"notes":"flintstone
        gummies all dayeee","skipped":false,"image_url":null}},{"id":"497","type":"task","attributes":{"name":"Water
        Plants","category":"chore","mandatory":true,"event_date":"","frequency":"weekly","user_id":123,"notes":"Remember
        plants in bedroom, living room, and balcony","skipped":false,"image_url":null}},{"id":"498","type":"task","attributes":{"name":"Clean
        fish tank","category":"chore","mandatory":true,"event_date":"","frequency":"weekly","user_id":123,"notes":"Vacuum
        the gravel, wipe algae off plants","skipped":false,"image_url":null}},{"id":"503","type":"task","attributes":{"name":"Water
        Plants","category":"chore","mandatory":true,"event_date":"","frequency":"weekly","user_id":123,"notes":"Remember
        plants in bedroom, living room, and balcony","skipped":false,"image_url":null}},{"id":"504","type":"task","attributes":{"name":"Clean
        fish tank","category":"chore","mandatory":true,"event_date":"","frequency":"weekly","user_id":123,"notes":"Vacuum
        the gravel, wipe algae off plants","skipped":false,"image_url":null}},{"id":"509","type":"task","attributes":{"name":"Water
        Plants","category":"chore","mandatory":true,"event_date":"","frequency":"weekly","user_id":123,"notes":"Remember
        plants in bedroom, living room, and balcony","skipped":false,"image_url":null}},{"id":"510","type":"task","attributes":{"name":"Clean
        fish tank","category":"chore","mandatory":true,"event_date":"","frequency":"weekly","user_id":123,"notes":"Vacuum
        the gravel, wipe algae off plants","skipped":false,"image_url":null}},{"id":"515","type":"task","attributes":{"name":"Water
        Plants","category":"chore","mandatory":true,"event_date":"","frequency":"weekly","user_id":123,"notes":"Remember
        plants in bedroom, living room, and balcony","skipped":false,"image_url":null}},{"id":"516","type":"task","attributes":{"name":"Clean
        fish tank","category":"chore","mandatory":true,"event_date":"","frequency":"weekly","user_id":123,"notes":"Vacuum
        the gravel, wipe algae off plants","skipped":false,"image_url":null}},{"id":"521","type":"task","attributes":{"name":"Water
        Plants","category":"chore","mandatory":true,"event_date":"","frequency":"weekly","user_id":123,"notes":"Remember
        plants in bedroom, living room, and balcony","skipped":false,"image_url":null}},{"id":"522","type":"task","attributes":{"name":"Clean
        fish tank","category":"chore","mandatory":true,"event_date":"","frequency":"weekly","user_id":123,"notes":"Vacuum
        the gravel, wipe algae off plants","skipped":false,"image_url":null}},{"id":"527","type":"task","attributes":{"name":"Water
        Plants","category":"chore","mandatory":true,"event_date":"","frequency":"weekly","user_id":123,"notes":"Remember
        plants in bedroom, living room, and balcony","skipped":false,"image_url":null}},{"id":"528","type":"task","attributes":{"name":"Clean
        fish tank","category":"chore","mandatory":true,"event_date":"","frequency":"weekly","user_id":123,"notes":"Vacuum
        the gravel, wipe algae off plants","skipped":false,"image_url":null}},{"id":"533","type":"task","attributes":{"name":"Water
        Plants","category":"chore","mandatory":true,"event_date":"","frequency":"weekly","user_id":123,"notes":"Remember
        plants in bedroom, living room, and balcony","skipped":false,"image_url":null}},{"id":"534","type":"task","attributes":{"name":"Water
        Plants","category":"chore","mandatory":true,"event_date":"","frequency":"weekly","user_id":123,"notes":"Remember
        plants in bedroom, living room, and balcony","skipped":false,"image_url":null}},{"id":"535","type":"task","attributes":{"name":"Water
        Plants","category":"chore","mandatory":true,"event_date":"","frequency":"weekly","user_id":123,"notes":"Remember
        plants in bedroom, living room, and balcony","skipped":false,"image_url":null}},{"id":"536","type":"task","attributes":{"name":"Water
        Plants","category":"chore","mandatory":true,"event_date":"","frequency":"weekly","user_id":123,"notes":"Remember
        plants in bedroom, living room, and balcony","skipped":false,"image_url":null}},{"id":"537","type":"task","attributes":{"name":"Water
        Plants","category":"chore","mandatory":true,"event_date":"","frequency":"weekly","user_id":123,"notes":"Remember
        plants in bedroom, living room, and balcony","skipped":false,"image_url":null}},{"id":"538","type":"task","attributes":{"name":"Water
        Plants","category":"chore","mandatory":true,"event_date":"","frequency":"weekly","user_id":123,"notes":"Remember
        plants in bedroom, living room, and balcony","skipped":false,"image_url":null}},{"id":"569","type":"task","attributes":{"name":"Water
        Plants","category":"chore","mandatory":true,"event_date":"","frequency":"weekly","user_id":123,"notes":"Remember
        plants in bedroom, living room, and balcony","skipped":false,"image_url":""}},{"id":"570","type":"task","attributes":{"name":"Water
        Plants","category":"chore","mandatory":true,"event_date":"","frequency":"weekly","user_id":123,"notes":"Remember
        plants in bedroom, living room, and balcony","skipped":false,"image_url":""}},{"id":"457","type":"task","attributes":{"name":"read
        a book","category":"rest","mandatory":false,"event_date":"","frequency":"daily","user_id":123,"notes":"smut","skipped":false,"image_url":null}},{"id":"458","type":"task","attributes":{"name":"go
        on a walk","category":"rest","mandatory":false,"event_date":"","frequency":"daily","user_id":123,"notes":"","skipped":false,"image_url":null}},{"id":"463","type":"task","attributes":{"name":"read
        a book","category":"rest","mandatory":false,"event_date":"","frequency":"daily","user_id":123,"notes":"smut","skipped":false,"image_url":null}},{"id":"464","type":"task","attributes":{"name":"go
        on a walk","category":"rest","mandatory":false,"event_date":"","frequency":"daily","user_id":123,"notes":"","skipped":false,"image_url":null}},{"id":"469","type":"task","attributes":{"name":"read
        a book","category":"rest","mandatory":false,"event_date":"","frequency":"daily","user_id":123,"notes":"smut","skipped":false,"image_url":null}},{"id":"470","type":"task","attributes":{"name":"go
        on a walk","category":"rest","mandatory":false,"event_date":"","frequency":"daily","user_id":123,"notes":"","skipped":false,"image_url":null}},{"id":"475","type":"task","attributes":{"name":"read
        a book","category":"rest","mandatory":false,"event_date":"","frequency":"daily","user_id":123,"notes":"smut","skipped":false,"image_url":null}},{"id":"476","type":"task","attributes":{"name":"go
        on a walk","category":"rest","mandatory":false,"event_date":"","frequency":"daily","user_id":123,"notes":"","skipped":false,"image_url":null}},{"id":"481","type":"task","attributes":{"name":"read
        a book","category":"rest","mandatory":false,"event_date":"","frequency":"daily","user_id":123,"notes":"smut","skipped":false,"image_url":null}},{"id":"482","type":"task","attributes":{"name":"go
        on a walk","category":"rest","mandatory":false,"event_date":"","frequency":"daily","user_id":123,"notes":"","skipped":false,"image_url":null}},{"id":"487","type":"task","attributes":{"name":"read
        a book","category":"rest","mandatory":false,"event_date":"","frequency":"daily","user_id":123,"notes":"smut","skipped":false,"image_url":null}},{"id":"488","type":"task","attributes":{"name":"go
        on a walk","category":"rest","mandatory":false,"event_date":"","frequency":"daily","user_id":123,"notes":"","skipped":false,"image_url":null}},{"id":"493","type":"task","attributes":{"name":"read
        a book","category":"rest","mandatory":false,"event_date":"","frequency":"daily","user_id":123,"notes":"smut","skipped":false,"image_url":null}},{"id":"494","type":"task","attributes":{"name":"go
        on a walk","category":"rest","mandatory":false,"event_date":"","frequency":"daily","user_id":123,"notes":"","skipped":false,"image_url":null}},{"id":"499","type":"task","attributes":{"name":"Take
        nice bath","category":"rest","mandatory":false,"event_date":"","frequency":"monthly","user_id":123,"notes":"Remember
        the fancy bathbombs under the cupboard, get a milkshake and light a candle","skipped":false,"image_url":null}},{"id":"500","type":"task","attributes":{"name":"Meditate","category":"rest","mandatory":false,"event_date":"","frequency":"daily","user_id":123,"notes":"","skipped":false,"image_url":null}},{"id":"505","type":"task","attributes":{"name":"Take
        nice bath","category":"rest","mandatory":false,"event_date":"","frequency":"monthly","user_id":123,"notes":"Remember
        the fancy bathbombs under the cupboard, get a milkshake and light a candle","skipped":false,"image_url":null}},{"id":"506","type":"task","attributes":{"name":"Meditate","category":"rest","mandatory":false,"event_date":"","frequency":"daily","user_id":123,"notes":"","skipped":false,"image_url":null}},{"id":"511","type":"task","attributes":{"name":"Take
        nice bath","category":"rest","mandatory":false,"event_date":"","frequency":"monthly","user_id":123,"notes":"Remember
        the fancy bathbombs under the cupboard, get a milkshake and light a candle","skipped":false,"image_url":null}},{"id":"512","type":"task","attributes":{"name":"Meditate","category":"rest","mandatory":false,"event_date":"","frequency":"daily","user_id":123,"notes":"","skipped":false,"image_url":null}},{"id":"517","type":"task","attributes":{"name":"Take
        nice bath","category":"rest","mandatory":false,"event_date":"","frequency":"monthly","user_id":123,"notes":"Remember
        the fancy bathbombs under the cupboard, get a milkshake and light a candle","skipped":false,"image_url":null}},{"id":"518","type":"task","attributes":{"name":"Meditate","category":"rest","mandatory":false,"event_date":"","frequency":"daily","user_id":123,"notes":"","skipped":false,"image_url":null}},{"id":"523","type":"task","attributes":{"name":"Take
        nice bath","category":"rest","mandatory":false,"event_date":"","frequency":"monthly","user_id":123,"notes":"Remember
        the fancy bathbombs under the cupboard, get a milkshake and light a candle","skipped":false,"image_url":null}},{"id":"524","type":"task","attributes":{"name":"Meditate","category":"rest","mandatory":false,"event_date":"","frequency":"daily","user_id":123,"notes":"","skipped":false,"image_url":null}},{"id":"529","type":"task","attributes":{"name":"Take
        nice bath","category":"rest","mandatory":false,"event_date":"","frequency":"monthly","user_id":123,"notes":"Remember
        the fancy bathbombs under the cupboard, get a milkshake and light a candle","skipped":false,"image_url":null}},{"id":"530","type":"task","attributes":{"name":"Meditate","category":"rest","mandatory":false,"event_date":"","frequency":"daily","user_id":123,"notes":"","skipped":false,"image_url":null}}]}'
  recorded_at: Sun, 01 Oct 2023 21:39:37 GMT
- request:
    method: post
    uri: https://ontrack-be-a58c9e421d34.herokuapp.com/api/v1/users/123/tasks?category=chore&event_date=&frequency=weekly&mandatory=1&name=Water%20Plants&notes=Remember%20plants%20in%20bedroom,%20living%20room,%20and%20balcony
    body:
      encoding: UTF-8
      string: ''
    headers:
      User-Agent:
      - Faraday v2.7.11
      Content-Length:
      - '0'
      Accept-Encoding:
      - gzip;q=1.0,deflate;q=0.6,identity;q=0.3
      Accept:
      - "*/*"
  response:
    status:
      code: 201
      message: Created
    headers:
      Server:
      - Cowboy
      Date:
      - Sun, 01 Oct 2023 21:39:37 GMT
      Report-To:
      - '{"group":"heroku-nel","max_age":3600,"endpoints":[{"url":"https://nel.heroku.com/reports?ts=1696196377&s=EzV%2Ft%2FRmoA6duwjK6RBt1QENvEGg27Ip%2Bzkb0C%2FCr5E%3D"}]}'
      Reporting-Endpoints:
      - heroku-nel=https://nel.heroku.com/reports?ts=1696196377&s=EzV%2Ft%2FRmoA6duwjK6RBt1QENvEGg27Ip%2Bzkb0C%2FCr5E%3D
      Nel:
      - '{"report_to":"heroku-nel","max_age":3600,"success_fraction":0.005,"failure_fraction":0.05,"response_headers":["Via"]}'
      Connection:
      - keep-alive
      X-Frame-Options:
      - SAMEORIGIN
      X-Xss-Protection:
      - '0'
      X-Content-Type-Options:
      - nosniff
      X-Download-Options:
      - noopen
      X-Permitted-Cross-Domain-Policies:
      - none
      Referrer-Policy:
      - strict-origin-when-cross-origin
      Content-Type:
      - application/json; charset=utf-8
      Vary:
      - Accept
      Etag:
      - W/"497ff6d64382bc9d34ed64acc2e4b32b"
      Cache-Control:
      - max-age=0, private, must-revalidate
      X-Request-Id:
      - 2f57b8ec-5d49-42e1-afb3-a72a4df9bc0a
      X-Runtime:
      - '0.008620'
      Transfer-Encoding:
      - chunked
      Via:
      - 1.1 vegur
    body:
      encoding: UTF-8
      string: '{"message":"''Water Plants'' added!"}'
  recorded_at: Sun, 01 Oct 2023 21:39:37 GMT
- request:
    method: get
    uri: https://ontrack-be-a58c9e421d34.herokuapp.com/api/v1/users/123/tasks
    body:
      encoding: US-ASCII
      string: ''
    headers:
      User-Agent:
      - Faraday v2.7.11
      Accept-Encoding:
      - gzip;q=1.0,deflate;q=0.6,identity;q=0.3
      Accept:
      - "*/*"
  response:
    status:
      code: 200
      message: OK
    headers:
      Server:
      - Cowboy
      Date:
      - Sun, 01 Oct 2023 21:39:37 GMT
      Connection:
      - keep-alive
      X-Frame-Options:
      - SAMEORIGIN
      X-Xss-Protection:
      - '0'
      X-Content-Type-Options:
      - nosniff
      X-Download-Options:
      - noopen
      X-Permitted-Cross-Domain-Policies:
      - none
      Referrer-Policy:
      - strict-origin-when-cross-origin
      Content-Type:
      - application/json; charset=utf-8
      Vary:
      - Accept
      Etag:
      - W/"bfcf09b640ebf1b3670a6a9a482ec7d0"
      Cache-Control:
      - max-age=0, private, must-revalidate
      X-Request-Id:
      - ab71df98-b1bd-44ed-9a07-d75e926d33de
      X-Runtime:
      - '0.009959'
      Transfer-Encoding:
      - chunked
      Via:
      - 1.1 vegur
    body:
      encoding: UTF-8
      string: '{"data":[{"id":"436","type":"task","attributes":{"name":"Water Plants","category":"chore","mandatory":true,"event_date":"","frequency":"weekly","user_id":123,"notes":"Remember
        plants in bedroom, living room, and balcony","skipped":false,"image_url":""}},{"id":"437","type":"task","attributes":{"name":"Water
        Plants","category":"chore","mandatory":true,"event_date":"","frequency":"weekly","user_id":123,"notes":"Remember
        plants in bedroom, living room, and balcony","skipped":false,"image_url":""}},{"id":"438","type":"task","attributes":{"name":"Water
        Plants","category":"chore","mandatory":false,"event_date":"","frequency":"weekly","user_id":123,"notes":"","skipped":false,"image_url":""}},{"id":"455","type":"task","attributes":{"name":"Take
        Vitamins","category":"chore","mandatory":true,"event_date":"","frequency":"daily","user_id":123,"notes":"flintstone
        gummies all dayeee","skipped":false,"image_url":null}},{"id":"456","type":"task","attributes":{"name":"crochet","category":"hobby","mandatory":false,"event_date":"","frequency":"weekly","user_id":123,"notes":"granny
        squares","skipped":false,"image_url":null}},{"id":"457","type":"task","attributes":{"name":"read
        a book","category":"rest","mandatory":false,"event_date":"","frequency":"daily","user_id":123,"notes":"smut","skipped":false,"image_url":null}},{"id":"458","type":"task","attributes":{"name":"go
        on a walk","category":"rest","mandatory":false,"event_date":"","frequency":"daily","user_id":123,"notes":"","skipped":false,"image_url":null}},{"id":"459","type":"task","attributes":{"name":"try
        macrame","category":"hobby","mandatory":false,"event_date":"","frequency":"once","user_id":123,"notes":"","skipped":false,"image_url":null}},{"id":"460","type":"task","attributes":{"name":"do
        the dishes","category":"chore","mandatory":false,"event_date":"","frequency":"daily","user_id":123,"notes":"","skipped":false,"image_url":null}},{"id":"461","type":"task","attributes":{"name":"Take
        Vitamins","category":"chore","mandatory":true,"event_date":"","frequency":"daily","user_id":123,"notes":"flintstone
        gummies all dayeee","skipped":false,"image_url":null}},{"id":"462","type":"task","attributes":{"name":"crochet","category":"hobby","mandatory":false,"event_date":"","frequency":"weekly","user_id":123,"notes":"granny
        squares","skipped":false,"image_url":null}},{"id":"463","type":"task","attributes":{"name":"read
        a book","category":"rest","mandatory":false,"event_date":"","frequency":"daily","user_id":123,"notes":"smut","skipped":false,"image_url":null}},{"id":"464","type":"task","attributes":{"name":"go
        on a walk","category":"rest","mandatory":false,"event_date":"","frequency":"daily","user_id":123,"notes":"","skipped":false,"image_url":null}},{"id":"465","type":"task","attributes":{"name":"try
        macrame","category":"hobby","mandatory":false,"event_date":"","frequency":"once","user_id":123,"notes":"","skipped":false,"image_url":null}},{"id":"466","type":"task","attributes":{"name":"do
        the dishes","category":"chore","mandatory":false,"event_date":"","frequency":"daily","user_id":123,"notes":"","skipped":false,"image_url":null}},{"id":"467","type":"task","attributes":{"name":"Take
        Vitamins","category":"chore","mandatory":true,"event_date":"","frequency":"daily","user_id":123,"notes":"flintstone
        gummies all dayeee","skipped":false,"image_url":null}},{"id":"468","type":"task","attributes":{"name":"crochet","category":"hobby","mandatory":false,"event_date":"","frequency":"weekly","user_id":123,"notes":"granny
        squares","skipped":false,"image_url":null}},{"id":"469","type":"task","attributes":{"name":"read
        a book","category":"rest","mandatory":false,"event_date":"","frequency":"daily","user_id":123,"notes":"smut","skipped":false,"image_url":null}},{"id":"470","type":"task","attributes":{"name":"go
        on a walk","category":"rest","mandatory":false,"event_date":"","frequency":"daily","user_id":123,"notes":"","skipped":false,"image_url":null}},{"id":"471","type":"task","attributes":{"name":"try
        macrame","category":"hobby","mandatory":false,"event_date":"","frequency":"once","user_id":123,"notes":"","skipped":false,"image_url":null}},{"id":"472","type":"task","attributes":{"name":"do
        the dishes","category":"chore","mandatory":false,"event_date":"","frequency":"daily","user_id":123,"notes":"","skipped":false,"image_url":null}},{"id":"473","type":"task","attributes":{"name":"Take
        Vitamins","category":"chore","mandatory":true,"event_date":"","frequency":"daily","user_id":123,"notes":"flintstone
        gummies all dayeee","skipped":false,"image_url":null}},{"id":"474","type":"task","attributes":{"name":"crochet","category":"hobby","mandatory":false,"event_date":"","frequency":"weekly","user_id":123,"notes":"granny
        squares","skipped":false,"image_url":null}},{"id":"475","type":"task","attributes":{"name":"read
        a book","category":"rest","mandatory":false,"event_date":"","frequency":"daily","user_id":123,"notes":"smut","skipped":false,"image_url":null}},{"id":"476","type":"task","attributes":{"name":"go
        on a walk","category":"rest","mandatory":false,"event_date":"","frequency":"daily","user_id":123,"notes":"","skipped":false,"image_url":null}},{"id":"477","type":"task","attributes":{"name":"try
        macrame","category":"hobby","mandatory":false,"event_date":"","frequency":"once","user_id":123,"notes":"","skipped":false,"image_url":null}},{"id":"478","type":"task","attributes":{"name":"do
        the dishes","category":"chore","mandatory":false,"event_date":"","frequency":"daily","user_id":123,"notes":"","skipped":false,"image_url":null}},{"id":"479","type":"task","attributes":{"name":"Take
        Vitamins","category":"chore","mandatory":true,"event_date":"","frequency":"daily","user_id":123,"notes":"flintstone
        gummies all dayeee","skipped":false,"image_url":null}},{"id":"480","type":"task","attributes":{"name":"crochet","category":"hobby","mandatory":false,"event_date":"","frequency":"weekly","user_id":123,"notes":"granny
        squares","skipped":false,"image_url":null}},{"id":"481","type":"task","attributes":{"name":"read
        a book","category":"rest","mandatory":false,"event_date":"","frequency":"daily","user_id":123,"notes":"smut","skipped":false,"image_url":null}},{"id":"482","type":"task","attributes":{"name":"go
        on a walk","category":"rest","mandatory":false,"event_date":"","frequency":"daily","user_id":123,"notes":"","skipped":false,"image_url":null}},{"id":"483","type":"task","attributes":{"name":"try
        macrame","category":"hobby","mandatory":false,"event_date":"","frequency":"once","user_id":123,"notes":"","skipped":false,"image_url":null}},{"id":"484","type":"task","attributes":{"name":"do
        the dishes","category":"chore","mandatory":false,"event_date":"","frequency":"daily","user_id":123,"notes":"","skipped":false,"image_url":null}},{"id":"485","type":"task","attributes":{"name":"Take
        Vitamins","category":"chore","mandatory":true,"event_date":"","frequency":"daily","user_id":123,"notes":"flintstone
        gummies all dayeee","skipped":false,"image_url":null}},{"id":"486","type":"task","attributes":{"name":"crochet","category":"hobby","mandatory":false,"event_date":"","frequency":"weekly","user_id":123,"notes":"granny
        squares","skipped":false,"image_url":null}},{"id":"487","type":"task","attributes":{"name":"read
        a book","category":"rest","mandatory":false,"event_date":"","frequency":"daily","user_id":123,"notes":"smut","skipped":false,"image_url":null}},{"id":"488","type":"task","attributes":{"name":"go
        on a walk","category":"rest","mandatory":false,"event_date":"","frequency":"daily","user_id":123,"notes":"","skipped":false,"image_url":null}},{"id":"489","type":"task","attributes":{"name":"try
        macrame","category":"hobby","mandatory":false,"event_date":"","frequency":"once","user_id":123,"notes":"","skipped":false,"image_url":null}},{"id":"490","type":"task","attributes":{"name":"do
        the dishes","category":"chore","mandatory":false,"event_date":"","frequency":"daily","user_id":123,"notes":"","skipped":false,"image_url":null}},{"id":"491","type":"task","attributes":{"name":"Take
        Vitamins","category":"chore","mandatory":true,"event_date":"","frequency":"daily","user_id":123,"notes":"flintstone
        gummies all dayeee","skipped":false,"image_url":null}},{"id":"492","type":"task","attributes":{"name":"crochet","category":"hobby","mandatory":false,"event_date":"","frequency":"weekly","user_id":123,"notes":"granny
        squares","skipped":false,"image_url":null}},{"id":"493","type":"task","attributes":{"name":"read
        a book","category":"rest","mandatory":false,"event_date":"","frequency":"daily","user_id":123,"notes":"smut","skipped":false,"image_url":null}},{"id":"494","type":"task","attributes":{"name":"go
        on a walk","category":"rest","mandatory":false,"event_date":"","frequency":"daily","user_id":123,"notes":"","skipped":false,"image_url":null}},{"id":"495","type":"task","attributes":{"name":"try
        macrame","category":"hobby","mandatory":false,"event_date":"","frequency":"once","user_id":123,"notes":"","skipped":false,"image_url":null}},{"id":"496","type":"task","attributes":{"name":"do
        the dishes","category":"chore","mandatory":false,"event_date":"","frequency":"daily","user_id":123,"notes":"","skipped":false,"image_url":null}},{"id":"497","type":"task","attributes":{"name":"Water
        Plants","category":"chore","mandatory":true,"event_date":"","frequency":"weekly","user_id":123,"notes":"Remember
        plants in bedroom, living room, and balcony","skipped":false,"image_url":null}},{"id":"498","type":"task","attributes":{"name":"Clean
        fish tank","category":"chore","mandatory":true,"event_date":"","frequency":"weekly","user_id":123,"notes":"Vacuum
        the gravel, wipe algae off plants","skipped":false,"image_url":null}},{"id":"499","type":"task","attributes":{"name":"Take
        nice bath","category":"rest","mandatory":false,"event_date":"","frequency":"monthly","user_id":123,"notes":"Remember
        the fancy bathbombs under the cupboard, get a milkshake and light a candle","skipped":false,"image_url":null}},{"id":"500","type":"task","attributes":{"name":"Meditate","category":"rest","mandatory":false,"event_date":"","frequency":"daily","user_id":123,"notes":"","skipped":false,"image_url":null}},{"id":"501","type":"task","attributes":{"name":"Practice
        guitar","category":"hobby","mandatory":false,"event_date":"","frequency":"daily","user_id":123,"notes":"Do
        scale exercises, work through the books I bought","skipped":false,"image_url":null}},{"id":"502","type":"task","attributes":{"name":"Practice
        drawing","category":"hobby","mandatory":false,"event_date":"","frequency":"daily","user_id":123,"notes":"Do
        some studies on hands and gestures","skipped":false,"image_url":null}},{"id":"503","type":"task","attributes":{"name":"Water
        Plants","category":"chore","mandatory":true,"event_date":"","frequency":"weekly","user_id":123,"notes":"Remember
        plants in bedroom, living room, and balcony","skipped":false,"image_url":null}},{"id":"504","type":"task","attributes":{"name":"Clean
        fish tank","category":"chore","mandatory":true,"event_date":"","frequency":"weekly","user_id":123,"notes":"Vacuum
        the gravel, wipe algae off plants","skipped":false,"image_url":null}},{"id":"505","type":"task","attributes":{"name":"Take
        nice bath","category":"rest","mandatory":false,"event_date":"","frequency":"monthly","user_id":123,"notes":"Remember
        the fancy bathbombs under the cupboard, get a milkshake and light a candle","skipped":false,"image_url":null}},{"id":"506","type":"task","attributes":{"name":"Meditate","category":"rest","mandatory":false,"event_date":"","frequency":"daily","user_id":123,"notes":"","skipped":false,"image_url":null}},{"id":"507","type":"task","attributes":{"name":"Practice
        guitar","category":"hobby","mandatory":false,"event_date":"","frequency":"daily","user_id":123,"notes":"Do
        scale exercises, work through the books I bought","skipped":false,"image_url":null}},{"id":"508","type":"task","attributes":{"name":"Practice
        drawing","category":"hobby","mandatory":false,"event_date":"","frequency":"daily","user_id":123,"notes":"Do
        some studies on hands and gestures","skipped":false,"image_url":null}},{"id":"509","type":"task","attributes":{"name":"Water
        Plants","category":"chore","mandatory":true,"event_date":"","frequency":"weekly","user_id":123,"notes":"Remember
        plants in bedroom, living room, and balcony","skipped":false,"image_url":null}},{"id":"510","type":"task","attributes":{"name":"Clean
        fish tank","category":"chore","mandatory":true,"event_date":"","frequency":"weekly","user_id":123,"notes":"Vacuum
        the gravel, wipe algae off plants","skipped":false,"image_url":null}},{"id":"511","type":"task","attributes":{"name":"Take
        nice bath","category":"rest","mandatory":false,"event_date":"","frequency":"monthly","user_id":123,"notes":"Remember
        the fancy bathbombs under the cupboard, get a milkshake and light a candle","skipped":false,"image_url":null}},{"id":"512","type":"task","attributes":{"name":"Meditate","category":"rest","mandatory":false,"event_date":"","frequency":"daily","user_id":123,"notes":"","skipped":false,"image_url":null}},{"id":"513","type":"task","attributes":{"name":"Practice
        guitar","category":"hobby","mandatory":false,"event_date":"","frequency":"daily","user_id":123,"notes":"Do
        scale exercises, work through the books I bought","skipped":false,"image_url":null}},{"id":"514","type":"task","attributes":{"name":"Practice
        drawing","category":"hobby","mandatory":false,"event_date":"","frequency":"daily","user_id":123,"notes":"Do
        some studies on hands and gestures","skipped":false,"image_url":null}},{"id":"515","type":"task","attributes":{"name":"Water
        Plants","category":"chore","mandatory":true,"event_date":"","frequency":"weekly","user_id":123,"notes":"Remember
        plants in bedroom, living room, and balcony","skipped":false,"image_url":null}},{"id":"516","type":"task","attributes":{"name":"Clean
        fish tank","category":"chore","mandatory":true,"event_date":"","frequency":"weekly","user_id":123,"notes":"Vacuum
        the gravel, wipe algae off plants","skipped":false,"image_url":null}},{"id":"517","type":"task","attributes":{"name":"Take
        nice bath","category":"rest","mandatory":false,"event_date":"","frequency":"monthly","user_id":123,"notes":"Remember
        the fancy bathbombs under the cupboard, get a milkshake and light a candle","skipped":false,"image_url":null}},{"id":"518","type":"task","attributes":{"name":"Meditate","category":"rest","mandatory":false,"event_date":"","frequency":"daily","user_id":123,"notes":"","skipped":false,"image_url":null}},{"id":"519","type":"task","attributes":{"name":"Practice
        guitar","category":"hobby","mandatory":false,"event_date":"","frequency":"daily","user_id":123,"notes":"Do
        scale exercises, work through the books I bought","skipped":false,"image_url":null}},{"id":"520","type":"task","attributes":{"name":"Practice
        drawing","category":"hobby","mandatory":false,"event_date":"","frequency":"daily","user_id":123,"notes":"Do
        some studies on hands and gestures","skipped":false,"image_url":null}},{"id":"521","type":"task","attributes":{"name":"Water
        Plants","category":"chore","mandatory":true,"event_date":"","frequency":"weekly","user_id":123,"notes":"Remember
        plants in bedroom, living room, and balcony","skipped":false,"image_url":null}},{"id":"522","type":"task","attributes":{"name":"Clean
        fish tank","category":"chore","mandatory":true,"event_date":"","frequency":"weekly","user_id":123,"notes":"Vacuum
        the gravel, wipe algae off plants","skipped":false,"image_url":null}},{"id":"523","type":"task","attributes":{"name":"Take
        nice bath","category":"rest","mandatory":false,"event_date":"","frequency":"monthly","user_id":123,"notes":"Remember
        the fancy bathbombs under the cupboard, get a milkshake and light a candle","skipped":false,"image_url":null}},{"id":"524","type":"task","attributes":{"name":"Meditate","category":"rest","mandatory":false,"event_date":"","frequency":"daily","user_id":123,"notes":"","skipped":false,"image_url":null}},{"id":"525","type":"task","attributes":{"name":"Practice
        guitar","category":"hobby","mandatory":false,"event_date":"","frequency":"daily","user_id":123,"notes":"Do
        scale exercises, work through the books I bought","skipped":false,"image_url":null}},{"id":"526","type":"task","attributes":{"name":"Practice
        drawing","category":"hobby","mandatory":false,"event_date":"","frequency":"daily","user_id":123,"notes":"Do
        some studies on hands and gestures","skipped":false,"image_url":null}},{"id":"527","type":"task","attributes":{"name":"Water
        Plants","category":"chore","mandatory":true,"event_date":"","frequency":"weekly","user_id":123,"notes":"Remember
        plants in bedroom, living room, and balcony","skipped":false,"image_url":null}},{"id":"528","type":"task","attributes":{"name":"Clean
        fish tank","category":"chore","mandatory":true,"event_date":"","frequency":"weekly","user_id":123,"notes":"Vacuum
        the gravel, wipe algae off plants","skipped":false,"image_url":null}},{"id":"529","type":"task","attributes":{"name":"Take
        nice bath","category":"rest","mandatory":false,"event_date":"","frequency":"monthly","user_id":123,"notes":"Remember
        the fancy bathbombs under the cupboard, get a milkshake and light a candle","skipped":false,"image_url":null}},{"id":"530","type":"task","attributes":{"name":"Meditate","category":"rest","mandatory":false,"event_date":"","frequency":"daily","user_id":123,"notes":"","skipped":false,"image_url":null}},{"id":"531","type":"task","attributes":{"name":"Practice
        guitar","category":"hobby","mandatory":false,"event_date":"","frequency":"daily","user_id":123,"notes":"Do
        scale exercises, work through the books I bought","skipped":false,"image_url":null}},{"id":"532","type":"task","attributes":{"name":"Practice
        drawing","category":"hobby","mandatory":false,"event_date":"","frequency":"daily","user_id":123,"notes":"Do
        some studies on hands and gestures","skipped":false,"image_url":null}},{"id":"533","type":"task","attributes":{"name":"Water
        Plants","category":"chore","mandatory":true,"event_date":"","frequency":"weekly","user_id":123,"notes":"Remember
        plants in bedroom, living room, and balcony","skipped":false,"image_url":null}},{"id":"534","type":"task","attributes":{"name":"Water
        Plants","category":"chore","mandatory":true,"event_date":"","frequency":"weekly","user_id":123,"notes":"Remember
        plants in bedroom, living room, and balcony","skipped":false,"image_url":null}},{"id":"535","type":"task","attributes":{"name":"Water
        Plants","category":"chore","mandatory":true,"event_date":"","frequency":"weekly","user_id":123,"notes":"Remember
        plants in bedroom, living room, and balcony","skipped":false,"image_url":null}},{"id":"536","type":"task","attributes":{"name":"Water
        Plants","category":"chore","mandatory":true,"event_date":"","frequency":"weekly","user_id":123,"notes":"Remember
        plants in bedroom, living room, and balcony","skipped":false,"image_url":null}},{"id":"537","type":"task","attributes":{"name":"Water
        Plants","category":"chore","mandatory":true,"event_date":"","frequency":"weekly","user_id":123,"notes":"Remember
        plants in bedroom, living room, and balcony","skipped":false,"image_url":null}},{"id":"538","type":"task","attributes":{"name":"Water
        Plants","category":"chore","mandatory":true,"event_date":"","frequency":"weekly","user_id":123,"notes":"Remember
        plants in bedroom, living room, and balcony","skipped":false,"image_url":null}},{"id":"569","type":"task","attributes":{"name":"Water
        Plants","category":"chore","mandatory":true,"event_date":"","frequency":"weekly","user_id":123,"notes":"Remember
        plants in bedroom, living room, and balcony","skipped":false,"image_url":""}},{"id":"570","type":"task","attributes":{"name":"Water
        Plants","category":"chore","mandatory":true,"event_date":"","frequency":"weekly","user_id":123,"notes":"Remember
        plants in bedroom, living room, and balcony","skipped":false,"image_url":""}},{"id":"571","type":"task","attributes":{"name":"Water
        Plants","category":"chore","mandatory":false,"event_date":"","frequency":"weekly","user_id":123,"notes":"","skipped":false,"image_url":""}},{"id":"573","type":"task","attributes":{"name":"Water
        Plants","category":"chore","mandatory":true,"event_date":"","frequency":"weekly","user_id":123,"notes":"Remember
        plants in bedroom, living room, and balcony","skipped":false,"image_url":null}}]}'
  recorded_at: Sun, 01 Oct 2023 21:39:38 GMT
- request:
    method: get
    uri: https://ontrack-be-a58c9e421d34.herokuapp.com/api/v1/users/123/tasks/573
    body:
      encoding: US-ASCII
      string: ''
    headers:
      User-Agent:
      - Faraday v2.7.11
      Accept-Encoding:
      - gzip;q=1.0,deflate;q=0.6,identity;q=0.3
      Accept:
      - "*/*"
  response:
    status:
      code: 200
      message: OK
    headers:
      Server:
      - Cowboy
      Date:
      - Sun, 01 Oct 2023 21:39:38 GMT
      Connection:
      - keep-alive
      X-Frame-Options:
      - SAMEORIGIN
      X-Xss-Protection:
      - '0'
      X-Content-Type-Options:
      - nosniff
      X-Download-Options:
      - noopen
      X-Permitted-Cross-Domain-Policies:
      - none
      Referrer-Policy:
      - strict-origin-when-cross-origin
      Content-Type:
      - application/json; charset=utf-8
      Vary:
      - Accept
      Etag:
      - W/"9accac370e3d3c451eca4c70f688ab13"
      Cache-Control:
      - max-age=0, private, must-revalidate
      X-Request-Id:
      - 7b87311f-eef5-4290-a350-ba97cfeec883
      X-Runtime:
      - '0.003699'
      Transfer-Encoding:
      - chunked
      Via:
      - 1.1 vegur
    body:
      encoding: UTF-8
      string: '{"data":{"id":"573","type":"task","attributes":{"name":"Water Plants","category":"chore","mandatory":true,"event_date":"","frequency":"weekly","user_id":123,"notes":"Remember
        plants in bedroom, living room, and balcony","skipped":false,"image_url":null}}}'
  recorded_at: Sun, 01 Oct 2023 21:39:38 GMT
- request:
    method: patch
    uri: https://ontrack-be-a58c9e421d34.herokuapp.com/api/v1/users/123/tasks/573?category=chore&event_date=&frequency=weekly&image_url=&mandatory=1&name=&notes=Remember%20plants%20in%20bedroom,%20living%20room,%20and%20balcony
    body:
      encoding: UTF-8
      string: ''
    headers:
      User-Agent:
      - Faraday v2.7.11
      Content-Length:
      - '0'
      Accept-Encoding:
      - gzip;q=1.0,deflate;q=0.6,identity;q=0.3
      Accept:
      - "*/*"
  response:
    status:
      code: 400
      message: Bad Request
    headers:
      Server:
      - Cowboy
      Date:
      - Sun, 01 Oct 2023 21:39:38 GMT
      Report-To:
      - '{"group":"heroku-nel","max_age":3600,"endpoints":[{"url":"https://nel.heroku.com/reports?ts=1696196379&s=FqkdWxHDxoHpXCLD6%2F%2BTKDpQK9fhMbNPgoBZPiKu9uY%3D"}]}'
      Reporting-Endpoints:
      - heroku-nel=https://nel.heroku.com/reports?ts=1696196379&s=FqkdWxHDxoHpXCLD6%2F%2BTKDpQK9fhMbNPgoBZPiKu9uY%3D
      Nel:
      - '{"report_to":"heroku-nel","max_age":3600,"success_fraction":0.005,"failure_fraction":0.05,"response_headers":["Via"]}'
      Connection:
      - keep-alive
      X-Frame-Options:
      - SAMEORIGIN
      X-Xss-Protection:
      - '0'
      X-Content-Type-Options:
      - nosniff
      X-Download-Options:
      - noopen
      X-Permitted-Cross-Domain-Policies:
      - none
      Referrer-Policy:
      - strict-origin-when-cross-origin
      Content-Type:
      - application/json; charset=utf-8
      Vary:
      - Accept
      Cache-Control:
      - no-cache
      X-Request-Id:
      - e363f164-ec03-4d9d-a7a5-cba63cfa8d69
      X-Runtime:
      - '0.005069'
      Transfer-Encoding:
      - chunked
      Via:
      - 1.1 vegur
    body:
      encoding: UTF-8
      string: '{"errors":[{"detail":"Validation failed: Name can''t be blank"}]}'
  recorded_at: Sun, 01 Oct 2023 21:39:39 GMT
- request:
    method: get
    uri: https://ontrack-be-a58c9e421d34.herokuapp.com/api/v1/users/123/tasks/573
    body:
      encoding: US-ASCII
      string: ''
    headers:
      User-Agent:
      - Faraday v2.7.11
      Accept-Encoding:
      - gzip;q=1.0,deflate;q=0.6,identity;q=0.3
      Accept:
      - "*/*"
  response:
    status:
      code: 200
      message: OK
    headers:
      Server:
      - Cowboy
      Date:
      - Sun, 01 Oct 2023 21:39:39 GMT
      Connection:
      - keep-alive
      X-Frame-Options:
      - SAMEORIGIN
      X-Xss-Protection:
      - '0'
      X-Content-Type-Options:
      - nosniff
      X-Download-Options:
      - noopen
      X-Permitted-Cross-Domain-Policies:
      - none
      Referrer-Policy:
      - strict-origin-when-cross-origin
      Content-Type:
      - application/json; charset=utf-8
      Vary:
      - Accept
      Etag:
      - W/"9accac370e3d3c451eca4c70f688ab13"
      Cache-Control:
      - max-age=0, private, must-revalidate
      X-Request-Id:
      - 75681e57-cb90-4b33-a948-a275aed5c80c
      X-Runtime:
      - '0.003803'
      Transfer-Encoding:
      - chunked
      Via:
      - 1.1 vegur
    body:
      encoding: UTF-8
      string: '{"data":{"id":"573","type":"task","attributes":{"name":"Water Plants","category":"chore","mandatory":true,"event_date":"","frequency":"weekly","user_id":123,"notes":"Remember
        plants in bedroom, living room, and balcony","skipped":false,"image_url":null}}}'
  recorded_at: Sun, 01 Oct 2023 21:39:39 GMT
- request:
    method: delete
    uri: https://ontrack-be-a58c9e421d34.herokuapp.com/api/v1/users/123/tasks/573
    body:
      encoding: US-ASCII
      string: ''
    headers:
      User-Agent:
      - Faraday v2.7.11
      Accept-Encoding:
      - gzip;q=1.0,deflate;q=0.6,identity;q=0.3
      Accept:
      - "*/*"
  response:
    status:
      code: 200
      message: OK
    headers:
      Server:
      - Cowboy
      Date:
      - Sun, 01 Oct 2023 21:39:39 GMT
      Connection:
      - keep-alive
      X-Frame-Options:
      - SAMEORIGIN
      X-Xss-Protection:
      - '0'
      X-Content-Type-Options:
      - nosniff
      X-Download-Options:
      - noopen
      X-Permitted-Cross-Domain-Policies:
      - none
      Referrer-Policy:
      - strict-origin-when-cross-origin
      Content-Type:
      - application/json; charset=utf-8
      Vary:
      - Accept
      Etag:
      - W/"4b0443fcb4b80622b62a546a28246f66"
      Cache-Control:
      - max-age=0, private, must-revalidate
      X-Request-Id:
      - 9ab82fa5-ac77-4294-a042-ec460b6655f4
      X-Runtime:
      - '0.007519'
      Transfer-Encoding:
      - chunked
      Via:
      - 1.1 vegur
    body:
      encoding: UTF-8
      string: '{"message":"''Water Plants'' deleted."}'
  recorded_at: Sun, 01 Oct 2023 21:39:39 GMT
- request:
    method: get
    uri: https://ontrack-be-a58c9e421d34.herokuapp.com/api/v1/holidays
    body:
      encoding: US-ASCII
      string: ''
    headers:
      User-Agent:
      - Faraday v2.7.11
      Accept-Encoding:
      - gzip;q=1.0,deflate;q=0.6,identity;q=0.3
      Accept:
      - "*/*"
  response:
    status:
      code: 200
      message: OK
    headers:
      Server:
      - Cowboy
      Date:
      - Tue, 03 Oct 2023 01:11:13 GMT
      Connection:
      - keep-alive
      X-Frame-Options:
      - SAMEORIGIN
      X-Xss-Protection:
      - '0'
      X-Content-Type-Options:
      - nosniff
      X-Download-Options:
      - noopen
      X-Permitted-Cross-Domain-Policies:
      - none
      Referrer-Policy:
      - strict-origin-when-cross-origin
      Content-Type:
      - application/json; charset=utf-8
      Vary:
      - Accept
      Etag:
      - W/"129959a1fdf972341273461aaa7e5be4"
      Cache-Control:
      - max-age=0, private, must-revalidate
      X-Request-Id:
      - 3abe4990-3808-46cd-866e-ea7181a9d8e8
      X-Runtime:
      - '0.026266'
      Transfer-Encoding:
      - chunked
      Via:
      - 1.1 vegur
    body:
      encoding: UTF-8
      string: '{"data":[{"type":"holiday","attributes":{"name":"Columbus Day","date":"2023-10-09"}},{"type":"holiday","attributes":{"name":"Veterans
        Day","date":"2023-11-10"}},{"type":"holiday","attributes":{"name":"Thanksgiving
        Day","date":"2023-11-23"}}]}'
  recorded_at: Tue, 03 Oct 2023 01:11:13 GMT
- request:
    method: get
    uri: https://ontrack-be-a58c9e421d34.herokuapp.com/api/v1/users/123/daily_tasks/?mood
    body:
      encoding: US-ASCII
      string: ''
    headers:
      User-Agent:
      - Faraday v2.7.11
      Accept-Encoding:
      - gzip;q=1.0,deflate;q=0.6,identity;q=0.3
      Accept:
      - "*/*"
  response:
    status:
      code: 200
      message: OK
    headers:
      Server:
      - Cowboy
      Date:
      - Tue, 03 Oct 2023 01:11:13 GMT
      Connection:
      - keep-alive
      X-Frame-Options:
      - SAMEORIGIN
      X-Xss-Protection:
      - '0'
      X-Content-Type-Options:
      - nosniff
      X-Download-Options:
      - noopen
      X-Permitted-Cross-Domain-Policies:
      - none
      Referrer-Policy:
      - strict-origin-when-cross-origin
      Content-Type:
      - application/json; charset=utf-8
      Vary:
      - Accept
      Etag:
      - W/"1993e7f8c3541a220a0f7d70853e8aef"
      Cache-Control:
      - max-age=0, private, must-revalidate
      X-Request-Id:
      - c8bf9224-2f5c-48d6-9102-4f4ec48c7dab
      X-Runtime:
      - '0.015289'
      Transfer-Encoding:
      - chunked
      Via:
      - 1.1 vegur
    body:
      encoding: UTF-8
      string: '{"data":[{"id":"436","type":"task","attributes":{"name":"Water Plants","category":"chore","mandatory":true,"event_date":"","frequency":"weekly","user_id":123,"notes":"Remember
        plants in bedroom, living room, and balcony","skipped":false,"image_url":""}},{"id":"437","type":"task","attributes":{"name":"Water
        Plants","category":"chore","mandatory":true,"event_date":"","frequency":"weekly","user_id":123,"notes":"Remember
        plants in bedroom, living room, and balcony","skipped":false,"image_url":""}},{"id":"455","type":"task","attributes":{"name":"Take
        Vitamins","category":"chore","mandatory":true,"event_date":"","frequency":"daily","user_id":123,"notes":"flintstone
        gummies all dayeee","skipped":false,"image_url":null}},{"id":"461","type":"task","attributes":{"name":"Take
        Vitamins","category":"chore","mandatory":true,"event_date":"","frequency":"daily","user_id":123,"notes":"flintstone
        gummies all dayeee","skipped":false,"image_url":null}},{"id":"467","type":"task","attributes":{"name":"Take
        Vitamins","category":"chore","mandatory":true,"event_date":"","frequency":"daily","user_id":123,"notes":"flintstone
        gummies all dayeee","skipped":false,"image_url":null}},{"id":"473","type":"task","attributes":{"name":"Take
        Vitamins","category":"chore","mandatory":true,"event_date":"","frequency":"daily","user_id":123,"notes":"flintstone
        gummies all dayeee","skipped":false,"image_url":null}},{"id":"479","type":"task","attributes":{"name":"Take
        Vitamins","category":"chore","mandatory":true,"event_date":"","frequency":"daily","user_id":123,"notes":"flintstone
        gummies all dayeee","skipped":false,"image_url":null}},{"id":"485","type":"task","attributes":{"name":"Take
        Vitamins","category":"chore","mandatory":true,"event_date":"","frequency":"daily","user_id":123,"notes":"flintstone
        gummies all dayeee","skipped":false,"image_url":null}},{"id":"491","type":"task","attributes":{"name":"Take
        Vitamins","category":"chore","mandatory":true,"event_date":"","frequency":"daily","user_id":123,"notes":"flintstone
        gummies all dayeee","skipped":false,"image_url":null}},{"id":"497","type":"task","attributes":{"name":"Water
        Plants","category":"chore","mandatory":true,"event_date":"","frequency":"weekly","user_id":123,"notes":"Remember
        plants in bedroom, living room, and balcony","skipped":false,"image_url":null}},{"id":"498","type":"task","attributes":{"name":"Clean
        fish tank","category":"chore","mandatory":true,"event_date":"","frequency":"weekly","user_id":123,"notes":"Vacuum
        the gravel, wipe algae off plants","skipped":false,"image_url":null}},{"id":"503","type":"task","attributes":{"name":"Water
        Plants","category":"chore","mandatory":true,"event_date":"","frequency":"weekly","user_id":123,"notes":"Remember
        plants in bedroom, living room, and balcony","skipped":false,"image_url":null}},{"id":"504","type":"task","attributes":{"name":"Clean
        fish tank","category":"chore","mandatory":true,"event_date":"","frequency":"weekly","user_id":123,"notes":"Vacuum
        the gravel, wipe algae off plants","skipped":false,"image_url":null}},{"id":"509","type":"task","attributes":{"name":"Water
        Plants","category":"chore","mandatory":true,"event_date":"","frequency":"weekly","user_id":123,"notes":"Remember
        plants in bedroom, living room, and balcony","skipped":false,"image_url":null}},{"id":"510","type":"task","attributes":{"name":"Clean
        fish tank","category":"chore","mandatory":true,"event_date":"","frequency":"weekly","user_id":123,"notes":"Vacuum
        the gravel, wipe algae off plants","skipped":false,"image_url":null}},{"id":"515","type":"task","attributes":{"name":"Water
        Plants","category":"chore","mandatory":true,"event_date":"","frequency":"weekly","user_id":123,"notes":"Remember
        plants in bedroom, living room, and balcony","skipped":false,"image_url":null}},{"id":"516","type":"task","attributes":{"name":"Clean
        fish tank","category":"chore","mandatory":true,"event_date":"","frequency":"weekly","user_id":123,"notes":"Vacuum
        the gravel, wipe algae off plants","skipped":false,"image_url":null}},{"id":"521","type":"task","attributes":{"name":"Water
        Plants","category":"chore","mandatory":true,"event_date":"","frequency":"weekly","user_id":123,"notes":"Remember
        plants in bedroom, living room, and balcony","skipped":false,"image_url":null}},{"id":"522","type":"task","attributes":{"name":"Clean
        fish tank","category":"chore","mandatory":true,"event_date":"","frequency":"weekly","user_id":123,"notes":"Vacuum
        the gravel, wipe algae off plants","skipped":false,"image_url":null}},{"id":"527","type":"task","attributes":{"name":"Water
        Plants","category":"chore","mandatory":true,"event_date":"","frequency":"weekly","user_id":123,"notes":"Remember
        plants in bedroom, living room, and balcony","skipped":false,"image_url":null}},{"id":"528","type":"task","attributes":{"name":"Clean
        fish tank","category":"chore","mandatory":true,"event_date":"","frequency":"weekly","user_id":123,"notes":"Vacuum
        the gravel, wipe algae off plants","skipped":false,"image_url":null}},{"id":"533","type":"task","attributes":{"name":"Water
        Plants","category":"chore","mandatory":true,"event_date":"","frequency":"weekly","user_id":123,"notes":"Remember
        plants in bedroom, living room, and balcony","skipped":false,"image_url":null}},{"id":"534","type":"task","attributes":{"name":"Water
        Plants","category":"chore","mandatory":true,"event_date":"","frequency":"weekly","user_id":123,"notes":"Remember
        plants in bedroom, living room, and balcony","skipped":false,"image_url":null}},{"id":"535","type":"task","attributes":{"name":"Water
        Plants","category":"chore","mandatory":true,"event_date":"","frequency":"weekly","user_id":123,"notes":"Remember
        plants in bedroom, living room, and balcony","skipped":false,"image_url":null}},{"id":"536","type":"task","attributes":{"name":"Water
        Plants","category":"chore","mandatory":true,"event_date":"","frequency":"weekly","user_id":123,"notes":"Remember
        plants in bedroom, living room, and balcony","skipped":false,"image_url":null}},{"id":"537","type":"task","attributes":{"name":"Water
        Plants","category":"chore","mandatory":true,"event_date":"","frequency":"weekly","user_id":123,"notes":"Remember
        plants in bedroom, living room, and balcony","skipped":false,"image_url":null}},{"id":"538","type":"task","attributes":{"name":"Water
        Plants","category":"chore","mandatory":true,"event_date":"","frequency":"weekly","user_id":123,"notes":"Remember
        plants in bedroom, living room, and balcony","skipped":false,"image_url":null}},{"id":"569","type":"task","attributes":{"name":"Water
        Plants","category":"chore","mandatory":true,"event_date":"","frequency":"weekly","user_id":123,"notes":"Remember
        plants in bedroom, living room, and balcony","skipped":false,"image_url":""}},{"id":"570","type":"task","attributes":{"name":"Water
        Plants","category":"chore","mandatory":true,"event_date":"","frequency":"weekly","user_id":123,"notes":"Remember
        plants in bedroom, living room, and balcony","skipped":false,"image_url":""}},{"id":"457","type":"task","attributes":{"name":"read
        a book","category":"rest","mandatory":false,"event_date":"","frequency":"daily","user_id":123,"notes":"smut","skipped":false,"image_url":null}},{"id":"458","type":"task","attributes":{"name":"go
        on a walk","category":"rest","mandatory":false,"event_date":"","frequency":"daily","user_id":123,"notes":"","skipped":false,"image_url":null}},{"id":"463","type":"task","attributes":{"name":"read
        a book","category":"rest","mandatory":false,"event_date":"","frequency":"daily","user_id":123,"notes":"smut","skipped":false,"image_url":null}},{"id":"464","type":"task","attributes":{"name":"go
        on a walk","category":"rest","mandatory":false,"event_date":"","frequency":"daily","user_id":123,"notes":"","skipped":false,"image_url":null}},{"id":"469","type":"task","attributes":{"name":"read
        a book","category":"rest","mandatory":false,"event_date":"","frequency":"daily","user_id":123,"notes":"smut","skipped":false,"image_url":null}},{"id":"470","type":"task","attributes":{"name":"go
        on a walk","category":"rest","mandatory":false,"event_date":"","frequency":"daily","user_id":123,"notes":"","skipped":false,"image_url":null}},{"id":"475","type":"task","attributes":{"name":"read
        a book","category":"rest","mandatory":false,"event_date":"","frequency":"daily","user_id":123,"notes":"smut","skipped":false,"image_url":null}},{"id":"476","type":"task","attributes":{"name":"go
        on a walk","category":"rest","mandatory":false,"event_date":"","frequency":"daily","user_id":123,"notes":"","skipped":false,"image_url":null}},{"id":"481","type":"task","attributes":{"name":"read
        a book","category":"rest","mandatory":false,"event_date":"","frequency":"daily","user_id":123,"notes":"smut","skipped":false,"image_url":null}},{"id":"482","type":"task","attributes":{"name":"go
        on a walk","category":"rest","mandatory":false,"event_date":"","frequency":"daily","user_id":123,"notes":"","skipped":false,"image_url":null}},{"id":"487","type":"task","attributes":{"name":"read
        a book","category":"rest","mandatory":false,"event_date":"","frequency":"daily","user_id":123,"notes":"smut","skipped":false,"image_url":null}},{"id":"488","type":"task","attributes":{"name":"go
        on a walk","category":"rest","mandatory":false,"event_date":"","frequency":"daily","user_id":123,"notes":"","skipped":false,"image_url":null}},{"id":"493","type":"task","attributes":{"name":"read
        a book","category":"rest","mandatory":false,"event_date":"","frequency":"daily","user_id":123,"notes":"smut","skipped":false,"image_url":null}},{"id":"494","type":"task","attributes":{"name":"go
        on a walk","category":"rest","mandatory":false,"event_date":"","frequency":"daily","user_id":123,"notes":"","skipped":false,"image_url":null}},{"id":"499","type":"task","attributes":{"name":"Take
        nice bath","category":"rest","mandatory":false,"event_date":"","frequency":"monthly","user_id":123,"notes":"Remember
        the fancy bathbombs under the cupboard, get a milkshake and light a candle","skipped":false,"image_url":null}},{"id":"500","type":"task","attributes":{"name":"Meditate","category":"rest","mandatory":false,"event_date":"","frequency":"daily","user_id":123,"notes":"","skipped":false,"image_url":null}},{"id":"505","type":"task","attributes":{"name":"Take
        nice bath","category":"rest","mandatory":false,"event_date":"","frequency":"monthly","user_id":123,"notes":"Remember
        the fancy bathbombs under the cupboard, get a milkshake and light a candle","skipped":false,"image_url":null}},{"id":"506","type":"task","attributes":{"name":"Meditate","category":"rest","mandatory":false,"event_date":"","frequency":"daily","user_id":123,"notes":"","skipped":false,"image_url":null}},{"id":"511","type":"task","attributes":{"name":"Take
        nice bath","category":"rest","mandatory":false,"event_date":"","frequency":"monthly","user_id":123,"notes":"Remember
        the fancy bathbombs under the cupboard, get a milkshake and light a candle","skipped":false,"image_url":null}},{"id":"512","type":"task","attributes":{"name":"Meditate","category":"rest","mandatory":false,"event_date":"","frequency":"daily","user_id":123,"notes":"","skipped":false,"image_url":null}},{"id":"517","type":"task","attributes":{"name":"Take
        nice bath","category":"rest","mandatory":false,"event_date":"","frequency":"monthly","user_id":123,"notes":"Remember
        the fancy bathbombs under the cupboard, get a milkshake and light a candle","skipped":false,"image_url":null}},{"id":"518","type":"task","attributes":{"name":"Meditate","category":"rest","mandatory":false,"event_date":"","frequency":"daily","user_id":123,"notes":"","skipped":false,"image_url":null}},{"id":"523","type":"task","attributes":{"name":"Take
        nice bath","category":"rest","mandatory":false,"event_date":"","frequency":"monthly","user_id":123,"notes":"Remember
        the fancy bathbombs under the cupboard, get a milkshake and light a candle","skipped":false,"image_url":null}},{"id":"524","type":"task","attributes":{"name":"Meditate","category":"rest","mandatory":false,"event_date":"","frequency":"daily","user_id":123,"notes":"","skipped":false,"image_url":null}},{"id":"529","type":"task","attributes":{"name":"Take
        nice bath","category":"rest","mandatory":false,"event_date":"","frequency":"monthly","user_id":123,"notes":"Remember
        the fancy bathbombs under the cupboard, get a milkshake and light a candle","skipped":false,"image_url":null}},{"id":"530","type":"task","attributes":{"name":"Meditate","category":"rest","mandatory":false,"event_date":"","frequency":"daily","user_id":123,"notes":"","skipped":false,"image_url":null}}]}'
  recorded_at: Tue, 03 Oct 2023 01:11:14 GMT
- request:
    method: delete
    uri: https://ontrack-be-a58c9e421d34.herokuapp.com/api/v1/users/123/tasks/573
    body:
      encoding: US-ASCII
      string: ''
    headers:
      User-Agent:
      - Faraday v2.7.11
      Accept-Encoding:
      - gzip;q=1.0,deflate;q=0.6,identity;q=0.3
      Accept:
      - "*/*"
  response:
    status:
      code: 404
      message: Not Found
    headers:
      Server:
      - Cowboy
      Date:
      - Tue, 03 Oct 2023 01:11:14 GMT
      Report-To:
      - '{"group":"heroku-nel","max_age":3600,"endpoints":[{"url":"https://nel.heroku.com/reports?ts=1696295474&s=VVM3xD7WGG61%2B3I8gwjbKUc%2FQpVHKgBgxC4aJdLmd4Y%3D"}]}'
      Reporting-Endpoints:
      - heroku-nel=https://nel.heroku.com/reports?ts=1696295474&s=VVM3xD7WGG61%2B3I8gwjbKUc%2FQpVHKgBgxC4aJdLmd4Y%3D
      Nel:
      - '{"report_to":"heroku-nel","max_age":3600,"success_fraction":0.005,"failure_fraction":0.05,"response_headers":["Via"]}'
      Connection:
      - keep-alive
      X-Frame-Options:
      - SAMEORIGIN
      X-Xss-Protection:
      - '0'
      X-Content-Type-Options:
      - nosniff
      X-Download-Options:
      - noopen
      X-Permitted-Cross-Domain-Policies:
      - none
      Referrer-Policy:
      - strict-origin-when-cross-origin
      Content-Type:
      - application/json; charset=utf-8
      Vary:
      - Accept
      Cache-Control:
      - no-cache
      X-Request-Id:
      - bff38b38-704d-41e0-bbf6-f1100cdaf7ce
      X-Runtime:
      - '0.003829'
      Transfer-Encoding:
      - chunked
      Via:
      - 1.1 vegur
    body:
      encoding: UTF-8
      string: '{"errors":[{"detail":"Couldn''t find Task with ''id''=573"}]}'
  recorded_at: Tue, 03 Oct 2023 01:11:14 GMT
recorded_with: VCR 6.2.0
