---
http_interactions:
- request:
    method: post
    uri: http://localhost:3000/api/v1/users/24/tasks?category=chore&event_date=&frequency=daily&mandatory=1&name=Take%20Vitamins&notes=flintstone%20gummies%20all%20dayeee&time_needed=5
    body:
      encoding: UTF-8
      string: ''
    headers:
      User-Agent:
      - Faraday v2.7.11
      Content-Length:
      - '0'
      Accept-Encoding:
      - gzip;q=1.0,deflate;q=0.6,identity;q=0.3
      Accept:
      - "*/*"
  response:
    status:
      code: 201
      message: Created
    headers:
      X-Frame-Options:
      - SAMEORIGIN
      X-Xss-Protection:
      - '0'
      X-Content-Type-Options:
      - nosniff
      X-Download-Options:
      - noopen
      X-Permitted-Cross-Domain-Policies:
      - none
      Referrer-Policy:
      - strict-origin-when-cross-origin
      Content-Type:
      - application/json; charset=utf-8
      Vary:
      - Accept
      Etag:
      - W/"dc487b8089b13547f16357043cceb0a1"
      Cache-Control:
      - max-age=0, private, must-revalidate
      X-Request-Id:
      - 4bb16984-b72c-42cf-bf8f-c40dd750fcdb
      X-Runtime:
      - '0.006845'
      Server-Timing:
      - start_processing.action_controller;dur=0.05, sql.active_record;dur=1.60, instantiation.active_record;dur=0.02,
        process_action.action_controller;dur=2.71
      Transfer-Encoding:
      - chunked
    body:
      encoding: UTF-8
      string: '{"message":"''Take Vitamins'' added!"}'
  recorded_at: Wed, 20 Sep 2023 02:40:51 GMT
- request:
    method: post
    uri: http://localhost:3000/api/v1/users/24/tasks?category=hobby&event_date=&frequency=weekly&mandatory=0&name=crochet&notes=granny%20squares&time_needed=60
    body:
      encoding: UTF-8
      string: ''
    headers:
      User-Agent:
      - Faraday v2.7.11
      Content-Length:
      - '0'
      Accept-Encoding:
      - gzip;q=1.0,deflate;q=0.6,identity;q=0.3
      Accept:
      - "*/*"
  response:
    status:
      code: 201
      message: Created
    headers:
      X-Frame-Options:
      - SAMEORIGIN
      X-Xss-Protection:
      - '0'
      X-Content-Type-Options:
      - nosniff
      X-Download-Options:
      - noopen
      X-Permitted-Cross-Domain-Policies:
      - none
      Referrer-Policy:
      - strict-origin-when-cross-origin
      Content-Type:
      - application/json; charset=utf-8
      Vary:
      - Accept
      Etag:
      - W/"fc5d1ed9e72efb216a0560d213c4832e"
      Cache-Control:
      - max-age=0, private, must-revalidate
      X-Request-Id:
      - 98bb345c-d1ab-4d8d-9b9e-f59eeca134a1
      X-Runtime:
      - '0.006443'
      Server-Timing:
      - start_processing.action_controller;dur=0.04, sql.active_record;dur=1.41, instantiation.active_record;dur=0.02,
        process_action.action_controller;dur=2.37
      Transfer-Encoding:
      - chunked
    body:
      encoding: UTF-8
      string: '{"message":"''crochet'' added!"}'
  recorded_at: Wed, 20 Sep 2023 02:40:51 GMT
- request:
    method: post
    uri: http://localhost:3000/api/v1/users/24/tasks?category=rest&event_date=&frequency=daily&mandatory=0&name=read%20a%20book&notes=smut&time_needed=45
    body:
      encoding: UTF-8
      string: ''
    headers:
      User-Agent:
      - Faraday v2.7.11
      Content-Length:
      - '0'
      Accept-Encoding:
      - gzip;q=1.0,deflate;q=0.6,identity;q=0.3
      Accept:
      - "*/*"
  response:
    status:
      code: 201
      message: Created
    headers:
      X-Frame-Options:
      - SAMEORIGIN
      X-Xss-Protection:
      - '0'
      X-Content-Type-Options:
      - nosniff
      X-Download-Options:
      - noopen
      X-Permitted-Cross-Domain-Policies:
      - none
      Referrer-Policy:
      - strict-origin-when-cross-origin
      Content-Type:
      - application/json; charset=utf-8
      Vary:
      - Accept
      Etag:
      - W/"ffd92c2936995dba96227e4d89905666"
      Cache-Control:
      - max-age=0, private, must-revalidate
      X-Request-Id:
      - 362469ee-b073-40a8-9c4e-bf42575b0d9f
      X-Runtime:
      - '0.006685'
      Server-Timing:
      - start_processing.action_controller;dur=0.04, sql.active_record;dur=1.87, instantiation.active_record;dur=0.02,
        process_action.action_controller;dur=2.62
      Transfer-Encoding:
      - chunked
    body:
      encoding: UTF-8
      string: '{"message":"''read a book'' added!"}'
  recorded_at: Wed, 20 Sep 2023 02:40:51 GMT
- request:
    method: post
    uri: http://localhost:3000/api/v1/users/24/tasks?category=rest&event_date=&frequency=daily&mandatory=1&name=go%20on%20a%20walk&notes=&time_needed=30
    body:
      encoding: UTF-8
      string: ''
    headers:
      User-Agent:
      - Faraday v2.7.11
      Content-Length:
      - '0'
      Accept-Encoding:
      - gzip;q=1.0,deflate;q=0.6,identity;q=0.3
      Accept:
      - "*/*"
  response:
    status:
      code: 201
      message: Created
    headers:
      X-Frame-Options:
      - SAMEORIGIN
      X-Xss-Protection:
      - '0'
      X-Content-Type-Options:
      - nosniff
      X-Download-Options:
      - noopen
      X-Permitted-Cross-Domain-Policies:
      - none
      Referrer-Policy:
      - strict-origin-when-cross-origin
      Content-Type:
      - application/json; charset=utf-8
      Vary:
      - Accept
      Etag:
      - W/"2638df9cff5a8b50bedc0f0229219734"
      Cache-Control:
      - max-age=0, private, must-revalidate
      X-Request-Id:
      - 47264478-acc5-4ee2-97f8-9edaddec9179
      X-Runtime:
      - '0.006578'
      Server-Timing:
      - start_processing.action_controller;dur=0.04, sql.active_record;dur=1.71, instantiation.active_record;dur=0.02,
        process_action.action_controller;dur=2.41
      Transfer-Encoding:
      - chunked
    body:
      encoding: UTF-8
      string: '{"message":"''go on a walk'' added!"}'
  recorded_at: Wed, 20 Sep 2023 02:40:51 GMT
- request:
    method: post
    uri: http://localhost:3000/api/v1/users/24/tasks?category=hobby&event_date=&frequency=monthly&mandatory=0&name=practice%20juggling&notes=bowling%20balls,%20bowling%20pins&time_needed=15
    body:
      encoding: UTF-8
      string: ''
    headers:
      User-Agent:
      - Faraday v2.7.11
      Content-Length:
      - '0'
      Accept-Encoding:
      - gzip;q=1.0,deflate;q=0.6,identity;q=0.3
      Accept:
      - "*/*"
  response:
    status:
      code: 201
      message: Created
    headers:
      X-Frame-Options:
      - SAMEORIGIN
      X-Xss-Protection:
      - '0'
      X-Content-Type-Options:
      - nosniff
      X-Download-Options:
      - noopen
      X-Permitted-Cross-Domain-Policies:
      - none
      Referrer-Policy:
      - strict-origin-when-cross-origin
      Content-Type:
      - application/json; charset=utf-8
      Vary:
      - Accept
      Etag:
      - W/"0a807baebb00584bac10fa68a35503de"
      Cache-Control:
      - max-age=0, private, must-revalidate
      X-Request-Id:
      - d1d48a87-e0f3-4468-8780-7c74cdbd568f
      X-Runtime:
      - '0.016699'
      Server-Timing:
      - start_processing.action_controller;dur=0.04, sql.active_record;dur=1.72, instantiation.active_record;dur=0.02,
        process_action.action_controller;dur=11.98
      Transfer-Encoding:
      - chunked
    body:
      encoding: UTF-8
      string: '{"message":"''practice juggling'' added!"}'
  recorded_at: Wed, 20 Sep 2023 02:40:51 GMT
- request:
    method: post
    uri: http://localhost:3000/api/v1/users/24/tasks?category=chore&event_date=&frequency=daily&mandatory=0&name=do%20the%20dishes&notes=&time_needed=15
    body:
      encoding: UTF-8
      string: ''
    headers:
      User-Agent:
      - Faraday v2.7.11
      Content-Length:
      - '0'
      Accept-Encoding:
      - gzip;q=1.0,deflate;q=0.6,identity;q=0.3
      Accept:
      - "*/*"
  response:
    status:
      code: 201
      message: Created
    headers:
      X-Frame-Options:
      - SAMEORIGIN
      X-Xss-Protection:
      - '0'
      X-Content-Type-Options:
      - nosniff
      X-Download-Options:
      - noopen
      X-Permitted-Cross-Domain-Policies:
      - none
      Referrer-Policy:
      - strict-origin-when-cross-origin
      Content-Type:
      - application/json; charset=utf-8
      Vary:
      - Accept
      Etag:
      - W/"537dad09722064138afb1afff244bdad"
      Cache-Control:
      - max-age=0, private, must-revalidate
      X-Request-Id:
      - 6da080d1-0e44-4199-9db8-0928d44379e6
      X-Runtime:
      - '0.006895'
      Server-Timing:
      - start_processing.action_controller;dur=0.05, sql.active_record;dur=1.44, instantiation.active_record;dur=0.02,
        process_action.action_controller;dur=2.54
      Transfer-Encoding:
      - chunked
    body:
      encoding: UTF-8
      string: '{"message":"''do the dishes'' added!"}'
  recorded_at: Wed, 20 Sep 2023 02:40:52 GMT
- request:
    method: get
    uri: http://localhost:3000/api/v1/users/24/daily_tasks/?mood=meh
    body:
      encoding: US-ASCII
      string: ''
    headers:
      User-Agent:
      - Faraday v2.7.11
      Accept-Encoding:
      - gzip;q=1.0,deflate;q=0.6,identity;q=0.3
      Accept:
      - "*/*"
  response:
    status:
      code: 200
      message: OK
    headers:
      X-Frame-Options:
      - SAMEORIGIN
      X-Xss-Protection:
      - '0'
      X-Content-Type-Options:
      - nosniff
      X-Download-Options:
      - noopen
      X-Permitted-Cross-Domain-Policies:
      - none
      Referrer-Policy:
      - strict-origin-when-cross-origin
      Content-Type:
      - application/json; charset=utf-8
      Vary:
      - Accept
      Etag:
      - W/"2cd5c0eb70da84f8e04bca756d1b6470"
      Cache-Control:
      - max-age=0, private, must-revalidate
      X-Request-Id:
      - a0df7cdf-56f1-4f9c-9f00-45b2b5b986c2
      X-Runtime:
      - '0.007717'
      Server-Timing:
      - start_processing.action_controller;dur=0.04, sql.active_record;dur=2.20, instantiation.active_record;dur=0.02,
        process_action.action_controller;dur=3.85
      Transfer-Encoding:
      - chunked
    body:
      encoding: UTF-8
      string: '{"data":[{"id":"79","type":"task","attributes":{"name":"Take Vitamins","category":"chore","mandatory":true,"event_date":"","frequency":"daily","time_needed":5,"user_id":24,"notes":"flintstone
        gummies all dayeee","skipped":false}},{"id":"82","type":"task","attributes":{"name":"go
        on a walk","category":"rest","mandatory":true,"event_date":"","frequency":"daily","time_needed":30,"user_id":24,"notes":"","skipped":false}},{"id":"80","type":"task","attributes":{"name":"crochet","category":"hobby","mandatory":false,"event_date":"","frequency":"weekly","time_needed":60,"user_id":24,"notes":"granny
        squares","skipped":false}},{"id":"83","type":"task","attributes":{"name":"practice
        juggling","category":"hobby","mandatory":false,"event_date":"","frequency":"monthly","time_needed":15,"user_id":24,"notes":"bowling
        balls, bowling pins","skipped":false}}]}'
  recorded_at: Wed, 20 Sep 2023 02:40:52 GMT
recorded_with: VCR 6.2.0
