---
http_interactions:
- request:
    method: get
    uri: https://ontrack-be-a58c9e421d34.herokuapp.com/api/v1/users/123/daily_tasks/?mood
    body:
      encoding: US-ASCII
      string: ''
    headers:
      User-Agent:
      - Faraday v2.7.11
      Accept-Encoding:
      - gzip;q=1.0,deflate;q=0.6,identity;q=0.3
      Accept:
      - "*/*"
  response:
    status:
      code: 200
      message: OK
    headers:
      Server:
      - Cowboy
      Date:
      - Wed, 20 Sep 2023 19:10:34 GMT
      Connection:
      - keep-alive
      X-Frame-Options:
      - SAMEORIGIN
      X-Xss-Protection:
      - '0'
      X-Content-Type-Options:
      - nosniff
      X-Download-Options:
      - noopen
      X-Permitted-Cross-Domain-Policies:
      - none
      Referrer-Policy:
      - strict-origin-when-cross-origin
      Content-Type:
      - application/json; charset=utf-8
      Vary:
      - Accept
      Etag:
      - W/"241ef77bcc09c715f1eb0f71a672c2cf"
      Cache-Control:
      - max-age=0, private, must-revalidate
      X-Request-Id:
      - '081f7332-524e-455d-817c-183d0e4305f6'
      X-Runtime:
      - '0.012331'
      Transfer-Encoding:
      - chunked
      Via:
      - 1.1 vegur
    body:
      encoding: UTF-8
      string: '{"data":[{"id":"362","type":"task","attributes":{"name":"go on a walk","category":"rest","mandatory":true,"event_date":"","frequency":"daily","time_needed":30,"user_id":123,"notes":"","skipped":false}},{"id":"305","type":"task","attributes":{"name":"Take
        Vitamins","category":"chore","mandatory":true,"event_date":"","frequency":"daily","time_needed":5,"user_id":123,"notes":"flintstone
        gummies all dayeee","skipped":false}},{"id":"308","type":"task","attributes":{"name":"go
        on a walk","category":"rest","mandatory":true,"event_date":"","frequency":"daily","time_needed":30,"user_id":123,"notes":"","skipped":false}},{"id":"311","type":"task","attributes":{"name":"Take
        Vitamins","category":"chore","mandatory":true,"event_date":"","frequency":"daily","time_needed":5,"user_id":123,"notes":"flintstone
        gummies all dayeee","skipped":false}},{"id":"314","type":"task","attributes":{"name":"go
        on a walk","category":"rest","mandatory":true,"event_date":"","frequency":"daily","time_needed":30,"user_id":123,"notes":"","skipped":false}},{"id":"317","type":"task","attributes":{"name":"Take
        Vitamins","category":"chore","mandatory":true,"event_date":"","frequency":"daily","time_needed":5,"user_id":123,"notes":"flintstone
        gummies all dayeee","skipped":false}},{"id":"320","type":"task","attributes":{"name":"go
        on a walk","category":"rest","mandatory":true,"event_date":"","frequency":"daily","time_needed":30,"user_id":123,"notes":"","skipped":false}},{"id":"323","type":"task","attributes":{"name":"Take
        Vitamins","category":"chore","mandatory":true,"event_date":"","frequency":"daily","time_needed":5,"user_id":123,"notes":"flintstone
        gummies all dayeee","skipped":false}},{"id":"326","type":"task","attributes":{"name":"go
        on a walk","category":"rest","mandatory":true,"event_date":"","frequency":"daily","time_needed":30,"user_id":123,"notes":"","skipped":false}},{"id":"329","type":"task","attributes":{"name":"Take
        Vitamins","category":"chore","mandatory":true,"event_date":"","frequency":"daily","time_needed":5,"user_id":123,"notes":"flintstone
        gummies all dayeee","skipped":false}},{"id":"332","type":"task","attributes":{"name":"go
        on a walk","category":"rest","mandatory":true,"event_date":"","frequency":"daily","time_needed":30,"user_id":123,"notes":"","skipped":false}},{"id":"335","type":"task","attributes":{"name":"Take
        Vitamins","category":"chore","mandatory":true,"event_date":"","frequency":"daily","time_needed":5,"user_id":123,"notes":"flintstone
        gummies all dayeee","skipped":false}},{"id":"338","type":"task","attributes":{"name":"go
        on a walk","category":"rest","mandatory":true,"event_date":"","frequency":"daily","time_needed":30,"user_id":123,"notes":"","skipped":false}},{"id":"341","type":"task","attributes":{"name":"Take
        Vitamins","category":"chore","mandatory":true,"event_date":"","frequency":"daily","time_needed":5,"user_id":123,"notes":"flintstone
        gummies all dayeee","skipped":false}},{"id":"307","type":"task","attributes":{"name":"read
        a book","category":"rest","mandatory":false,"event_date":"","frequency":"daily","time_needed":45,"user_id":123,"notes":"smut","skipped":false}},{"id":"313","type":"task","attributes":{"name":"read
        a book","category":"rest","mandatory":false,"event_date":"","frequency":"daily","time_needed":45,"user_id":123,"notes":"smut","skipped":false}},{"id":"319","type":"task","attributes":{"name":"read
        a book","category":"rest","mandatory":false,"event_date":"","frequency":"daily","time_needed":45,"user_id":123,"notes":"smut","skipped":false}},{"id":"325","type":"task","attributes":{"name":"read
        a book","category":"rest","mandatory":false,"event_date":"","frequency":"daily","time_needed":45,"user_id":123,"notes":"smut","skipped":false}},{"id":"331","type":"task","attributes":{"name":"read
        a book","category":"rest","mandatory":false,"event_date":"","frequency":"daily","time_needed":45,"user_id":123,"notes":"smut","skipped":false}},{"id":"337","type":"task","attributes":{"name":"read
        a book","category":"rest","mandatory":false,"event_date":"","frequency":"daily","time_needed":45,"user_id":123,"notes":"smut","skipped":false}}]}'
  recorded_at: Wed, 20 Sep 2023 19:10:34 GMT
- request:
    method: post
    uri: https://ontrack-be-a58c9e421d34.herokuapp.com/api/v1/users/123/tasks?category=chore&event_date=&frequency=daily&mandatory=1&name=Take%20Vitamins&notes=flintstone%20gummies%20all%20dayeee&time_needed=5
    body:
      encoding: UTF-8
      string: ''
    headers:
      User-Agent:
      - Faraday v2.7.11
      Content-Length:
      - '0'
      Accept-Encoding:
      - gzip;q=1.0,deflate;q=0.6,identity;q=0.3
      Accept:
      - "*/*"
  response:
    status:
      code: 201
      message: Created
    headers:
      Server:
      - Cowboy
      Date:
      - Wed, 20 Sep 2023 19:10:35 GMT
      Connection:
      - keep-alive
      X-Frame-Options:
      - SAMEORIGIN
      X-Xss-Protection:
      - '0'
      X-Content-Type-Options:
      - nosniff
      X-Download-Options:
      - noopen
      X-Permitted-Cross-Domain-Policies:
      - none
      Referrer-Policy:
      - strict-origin-when-cross-origin
      Content-Type:
      - application/json; charset=utf-8
      Vary:
      - Accept
      Etag:
      - W/"dc487b8089b13547f16357043cceb0a1"
      Cache-Control:
      - max-age=0, private, must-revalidate
      X-Request-Id:
      - e7dc374b-aeae-4361-b140-d6fb0b27d30e
      X-Runtime:
      - '0.009032'
      Transfer-Encoding:
      - chunked
      Via:
      - 1.1 vegur
    body:
      encoding: UTF-8
      string: '{"message":"''Take Vitamins'' added!"}'
  recorded_at: Wed, 20 Sep 2023 19:10:35 GMT
- request:
    method: post
    uri: https://ontrack-be-a58c9e421d34.herokuapp.com/api/v1/users/123/tasks?category=hobby&event_date=&frequency=weekly&mandatory=0&name=crochet&notes=granny%20squares&time_needed=60
    body:
      encoding: UTF-8
      string: ''
    headers:
      User-Agent:
      - Faraday v2.7.11
      Content-Length:
      - '0'
      Accept-Encoding:
      - gzip;q=1.0,deflate;q=0.6,identity;q=0.3
      Accept:
      - "*/*"
  response:
    status:
      code: 201
      message: Created
    headers:
      Server:
      - Cowboy
      Date:
      - Wed, 20 Sep 2023 19:10:34 GMT
      Connection:
      - keep-alive
      X-Frame-Options:
      - SAMEORIGIN
      X-Xss-Protection:
      - '0'
      X-Content-Type-Options:
      - nosniff
      X-Download-Options:
      - noopen
      X-Permitted-Cross-Domain-Policies:
      - none
      Referrer-Policy:
      - strict-origin-when-cross-origin
      Content-Type:
      - application/json; charset=utf-8
      Vary:
      - Accept
      Etag:
      - W/"fc5d1ed9e72efb216a0560d213c4832e"
      Cache-Control:
      - max-age=0, private, must-revalidate
      X-Request-Id:
      - d3271c1d-971d-4ddf-8e47-72619bd4b3ce
      X-Runtime:
      - '0.009735'
      Transfer-Encoding:
      - chunked
      Via:
      - 1.1 vegur
    body:
      encoding: UTF-8
      string: '{"message":"''crochet'' added!"}'
  recorded_at: Wed, 20 Sep 2023 19:10:35 GMT
- request:
    method: post
    uri: https://ontrack-be-a58c9e421d34.herokuapp.com/api/v1/users/123/tasks?category=rest&event_date=&frequency=daily&mandatory=0&name=read%20a%20book&notes=smut&time_needed=45
    body:
      encoding: UTF-8
      string: ''
    headers:
      User-Agent:
      - Faraday v2.7.11
      Content-Length:
      - '0'
      Accept-Encoding:
      - gzip;q=1.0,deflate;q=0.6,identity;q=0.3
      Accept:
      - "*/*"
  response:
    status:
      code: 201
      message: Created
    headers:
      Server:
      - Cowboy
      Date:
      - Wed, 20 Sep 2023 19:10:35 GMT
      Connection:
      - keep-alive
      X-Frame-Options:
      - SAMEORIGIN
      X-Xss-Protection:
      - '0'
      X-Content-Type-Options:
      - nosniff
      X-Download-Options:
      - noopen
      X-Permitted-Cross-Domain-Policies:
      - none
      Referrer-Policy:
      - strict-origin-when-cross-origin
      Content-Type:
      - application/json; charset=utf-8
      Vary:
      - Accept
      Etag:
      - W/"ffd92c2936995dba96227e4d89905666"
      Cache-Control:
      - max-age=0, private, must-revalidate
      X-Request-Id:
      - 606ad4fa-fc9f-432d-9838-7daa354f5ec0
      X-Runtime:
      - '0.009465'
      Transfer-Encoding:
      - chunked
      Via:
      - 1.1 vegur
    body:
      encoding: UTF-8
      string: '{"message":"''read a book'' added!"}'
  recorded_at: Wed, 20 Sep 2023 19:10:35 GMT
- request:
    method: post
    uri: https://ontrack-be-a58c9e421d34.herokuapp.com/api/v1/users/123/tasks?category=rest&event_date=&frequency=daily&mandatory=1&name=go%20on%20a%20walk&notes=&time_needed=30
    body:
      encoding: UTF-8
      string: ''
    headers:
      User-Agent:
      - Faraday v2.7.11
      Content-Length:
      - '0'
      Accept-Encoding:
      - gzip;q=1.0,deflate;q=0.6,identity;q=0.3
      Accept:
      - "*/*"
  response:
    status:
      code: 201
      message: Created
    headers:
      Server:
      - Cowboy
      Date:
      - Wed, 20 Sep 2023 19:10:35 GMT
      Connection:
      - keep-alive
      X-Frame-Options:
      - SAMEORIGIN
      X-Xss-Protection:
      - '0'
      X-Content-Type-Options:
      - nosniff
      X-Download-Options:
      - noopen
      X-Permitted-Cross-Domain-Policies:
      - none
      Referrer-Policy:
      - strict-origin-when-cross-origin
      Content-Type:
      - application/json; charset=utf-8
      Vary:
      - Accept
      Etag:
      - W/"2638df9cff5a8b50bedc0f0229219734"
      Cache-Control:
      - max-age=0, private, must-revalidate
      X-Request-Id:
      - 8fdc802d-d0c9-4ae5-9274-4ea9099058ba
      X-Runtime:
      - '0.009134'
      Transfer-Encoding:
      - chunked
      Via:
      - 1.1 vegur
    body:
      encoding: UTF-8
      string: '{"message":"''go on a walk'' added!"}'
  recorded_at: Wed, 20 Sep 2023 19:10:36 GMT
- request:
    method: post
    uri: https://ontrack-be-a58c9e421d34.herokuapp.com/api/v1/users/123/tasks?category=hobby&event_date=&frequency=monthly&mandatory=0&name=practice%20juggling&notes=bowling%20balls,%20bowling%20pins&time_needed=15
    body:
      encoding: UTF-8
      string: ''
    headers:
      User-Agent:
      - Faraday v2.7.11
      Content-Length:
      - '0'
      Accept-Encoding:
      - gzip;q=1.0,deflate;q=0.6,identity;q=0.3
      Accept:
      - "*/*"
  response:
    status:
      code: 201
      message: Created
    headers:
      Server:
      - Cowboy
      Date:
      - Wed, 20 Sep 2023 19:10:36 GMT
      Connection:
      - keep-alive
      X-Frame-Options:
      - SAMEORIGIN
      X-Xss-Protection:
      - '0'
      X-Content-Type-Options:
      - nosniff
      X-Download-Options:
      - noopen
      X-Permitted-Cross-Domain-Policies:
      - none
      Referrer-Policy:
      - strict-origin-when-cross-origin
      Content-Type:
      - application/json; charset=utf-8
      Vary:
      - Accept
      Etag:
      - W/"0a807baebb00584bac10fa68a35503de"
      Cache-Control:
      - max-age=0, private, must-revalidate
      X-Request-Id:
      - 69f85ea6-4bbe-4798-9f78-ef6a00ca7785
      X-Runtime:
      - '0.013310'
      Transfer-Encoding:
      - chunked
      Via:
      - 1.1 vegur
    body:
      encoding: UTF-8
      string: '{"message":"''practice juggling'' added!"}'
  recorded_at: Wed, 20 Sep 2023 19:10:36 GMT
- request:
    method: post
    uri: https://ontrack-be-a58c9e421d34.herokuapp.com/api/v1/users/123/tasks?category=chore&event_date=&frequency=daily&mandatory=0&name=do%20the%20dishes&notes=&time_needed=15
    body:
      encoding: UTF-8
      string: ''
    headers:
      User-Agent:
      - Faraday v2.7.11
      Content-Length:
      - '0'
      Accept-Encoding:
      - gzip;q=1.0,deflate;q=0.6,identity;q=0.3
      Accept:
      - "*/*"
  response:
    status:
      code: 201
      message: Created
    headers:
      Server:
      - Cowboy
      Date:
      - Wed, 20 Sep 2023 19:10:36 GMT
      Connection:
      - keep-alive
      X-Frame-Options:
      - SAMEORIGIN
      X-Xss-Protection:
      - '0'
      X-Content-Type-Options:
      - nosniff
      X-Download-Options:
      - noopen
      X-Permitted-Cross-Domain-Policies:
      - none
      Referrer-Policy:
      - strict-origin-when-cross-origin
      Content-Type:
      - application/json; charset=utf-8
      Vary:
      - Accept
      Etag:
      - W/"537dad09722064138afb1afff244bdad"
      Cache-Control:
      - max-age=0, private, must-revalidate
      X-Request-Id:
      - c1ce6e3d-9988-4d55-8f56-23285bf517e1
      X-Runtime:
      - '0.009597'
      Transfer-Encoding:
      - chunked
      Via:
      - 1.1 vegur
    body:
      encoding: UTF-8
      string: '{"message":"''do the dishes'' added!"}'
  recorded_at: Wed, 20 Sep 2023 19:10:36 GMT
- request:
    method: get
    uri: https://ontrack-be-a58c9e421d34.herokuapp.com/api/v1/users/123/tasks
    body:
      encoding: US-ASCII
      string: ''
    headers:
      User-Agent:
      - Faraday v2.7.11
      Accept-Encoding:
      - gzip;q=1.0,deflate;q=0.6,identity;q=0.3
      Accept:
      - "*/*"
  response:
    status:
      code: 200
      message: OK
    headers:
      Server:
      - Cowboy
      Date:
      - Wed, 20 Sep 2023 19:10:36 GMT
      Connection:
      - keep-alive
      X-Frame-Options:
      - SAMEORIGIN
      X-Xss-Protection:
      - '0'
      X-Content-Type-Options:
      - nosniff
      X-Download-Options:
      - noopen
      X-Permitted-Cross-Domain-Policies:
      - none
      Referrer-Policy:
      - strict-origin-when-cross-origin
      Content-Type:
      - application/json; charset=utf-8
      Vary:
      - Accept
      Etag:
      - W/"94183c486d8def2c02e3074252e1a524"
      Cache-Control:
      - max-age=0, private, must-revalidate
      X-Request-Id:
      - 9f9c239e-6060-4d6f-8b8d-e7f83b99117d
      X-Runtime:
      - '0.008459'
      Transfer-Encoding:
      - chunked
      Via:
      - 1.1 vegur
    body:
      encoding: UTF-8
      string: '{"data":[{"id":"362","type":"task","attributes":{"name":"go on a walk","category":"rest","mandatory":true,"event_date":"","frequency":"daily","time_needed":30,"user_id":123,"notes":"","skipped":false}},{"id":"363","type":"task","attributes":{"name":"practice
        juggling","category":"hobby","mandatory":false,"event_date":"","frequency":"monthly","time_needed":15,"user_id":123,"notes":"bowling
        balls, bowling pins","skipped":false}},{"id":"364","type":"task","attributes":{"name":"do
        the dishes","category":"chore","mandatory":false,"event_date":"","frequency":"daily","time_needed":15,"user_id":123,"notes":"","skipped":false}},{"id":"365","type":"task","attributes":{"name":"Take
        Vitamins","category":"chore","mandatory":true,"event_date":"","frequency":"daily","time_needed":5,"user_id":123,"notes":"flintstone
        gummies all dayeee","skipped":false}},{"id":"366","type":"task","attributes":{"name":"crochet","category":"hobby","mandatory":false,"event_date":"","frequency":"weekly","time_needed":60,"user_id":123,"notes":"granny
        squares","skipped":false}},{"id":"367","type":"task","attributes":{"name":"read
        a book","category":"rest","mandatory":false,"event_date":"","frequency":"daily","time_needed":45,"user_id":123,"notes":"smut","skipped":false}},{"id":"368","type":"task","attributes":{"name":"go
        on a walk","category":"rest","mandatory":true,"event_date":"","frequency":"daily","time_needed":30,"user_id":123,"notes":"","skipped":false}},{"id":"369","type":"task","attributes":{"name":"practice
        juggling","category":"hobby","mandatory":false,"event_date":"","frequency":"monthly","time_needed":15,"user_id":123,"notes":"bowling
        balls, bowling pins","skipped":false}},{"id":"370","type":"task","attributes":{"name":"do
        the dishes","category":"chore","mandatory":false,"event_date":"","frequency":"daily","time_needed":15,"user_id":123,"notes":"","skipped":false}},{"id":"305","type":"task","attributes":{"name":"Take
        Vitamins","category":"chore","mandatory":true,"event_date":"","frequency":"daily","time_needed":5,"user_id":123,"notes":"flintstone
        gummies all dayeee","skipped":false}},{"id":"306","type":"task","attributes":{"name":"crochet","category":"hobby","mandatory":false,"event_date":"","frequency":"weekly","time_needed":60,"user_id":123,"notes":"granny
        squares","skipped":false}},{"id":"307","type":"task","attributes":{"name":"read
        a book","category":"rest","mandatory":false,"event_date":"","frequency":"daily","time_needed":45,"user_id":123,"notes":"smut","skipped":false}},{"id":"308","type":"task","attributes":{"name":"go
        on a walk","category":"rest","mandatory":true,"event_date":"","frequency":"daily","time_needed":30,"user_id":123,"notes":"","skipped":false}},{"id":"309","type":"task","attributes":{"name":"practice
        juggling","category":"hobby","mandatory":false,"event_date":"","frequency":"monthly","time_needed":15,"user_id":123,"notes":"bowling
        balls, bowling pins","skipped":false}},{"id":"310","type":"task","attributes":{"name":"do
        the dishes","category":"chore","mandatory":false,"event_date":"","frequency":"daily","time_needed":15,"user_id":123,"notes":"","skipped":false}},{"id":"311","type":"task","attributes":{"name":"Take
        Vitamins","category":"chore","mandatory":true,"event_date":"","frequency":"daily","time_needed":5,"user_id":123,"notes":"flintstone
        gummies all dayeee","skipped":false}},{"id":"312","type":"task","attributes":{"name":"crochet","category":"hobby","mandatory":false,"event_date":"","frequency":"weekly","time_needed":60,"user_id":123,"notes":"granny
        squares","skipped":false}},{"id":"313","type":"task","attributes":{"name":"read
        a book","category":"rest","mandatory":false,"event_date":"","frequency":"daily","time_needed":45,"user_id":123,"notes":"smut","skipped":false}},{"id":"314","type":"task","attributes":{"name":"go
        on a walk","category":"rest","mandatory":true,"event_date":"","frequency":"daily","time_needed":30,"user_id":123,"notes":"","skipped":false}},{"id":"315","type":"task","attributes":{"name":"practice
        juggling","category":"hobby","mandatory":false,"event_date":"","frequency":"monthly","time_needed":15,"user_id":123,"notes":"bowling
        balls, bowling pins","skipped":false}},{"id":"317","type":"task","attributes":{"name":"Take
        Vitamins","category":"chore","mandatory":true,"event_date":"","frequency":"daily","time_needed":5,"user_id":123,"notes":"flintstone
        gummies all dayeee","skipped":false}},{"id":"318","type":"task","attributes":{"name":"crochet","category":"hobby","mandatory":false,"event_date":"","frequency":"weekly","time_needed":60,"user_id":123,"notes":"granny
        squares","skipped":false}},{"id":"319","type":"task","attributes":{"name":"read
        a book","category":"rest","mandatory":false,"event_date":"","frequency":"daily","time_needed":45,"user_id":123,"notes":"smut","skipped":false}},{"id":"320","type":"task","attributes":{"name":"go
        on a walk","category":"rest","mandatory":true,"event_date":"","frequency":"daily","time_needed":30,"user_id":123,"notes":"","skipped":false}},{"id":"321","type":"task","attributes":{"name":"practice
        juggling","category":"hobby","mandatory":false,"event_date":"","frequency":"monthly","time_needed":15,"user_id":123,"notes":"bowling
        balls, bowling pins","skipped":false}},{"id":"323","type":"task","attributes":{"name":"Take
        Vitamins","category":"chore","mandatory":true,"event_date":"","frequency":"daily","time_needed":5,"user_id":123,"notes":"flintstone
        gummies all dayeee","skipped":false}},{"id":"324","type":"task","attributes":{"name":"crochet","category":"hobby","mandatory":false,"event_date":"","frequency":"weekly","time_needed":60,"user_id":123,"notes":"granny
        squares","skipped":false}},{"id":"325","type":"task","attributes":{"name":"read
        a book","category":"rest","mandatory":false,"event_date":"","frequency":"daily","time_needed":45,"user_id":123,"notes":"smut","skipped":false}},{"id":"326","type":"task","attributes":{"name":"go
        on a walk","category":"rest","mandatory":true,"event_date":"","frequency":"daily","time_needed":30,"user_id":123,"notes":"","skipped":false}},{"id":"327","type":"task","attributes":{"name":"practice
        juggling","category":"hobby","mandatory":false,"event_date":"","frequency":"monthly","time_needed":15,"user_id":123,"notes":"bowling
        balls, bowling pins","skipped":false}},{"id":"329","type":"task","attributes":{"name":"Take
        Vitamins","category":"chore","mandatory":true,"event_date":"","frequency":"daily","time_needed":5,"user_id":123,"notes":"flintstone
        gummies all dayeee","skipped":false}},{"id":"330","type":"task","attributes":{"name":"crochet","category":"hobby","mandatory":false,"event_date":"","frequency":"weekly","time_needed":60,"user_id":123,"notes":"granny
        squares","skipped":false}},{"id":"331","type":"task","attributes":{"name":"read
        a book","category":"rest","mandatory":false,"event_date":"","frequency":"daily","time_needed":45,"user_id":123,"notes":"smut","skipped":false}},{"id":"332","type":"task","attributes":{"name":"go
        on a walk","category":"rest","mandatory":true,"event_date":"","frequency":"daily","time_needed":30,"user_id":123,"notes":"","skipped":false}},{"id":"333","type":"task","attributes":{"name":"practice
        juggling","category":"hobby","mandatory":false,"event_date":"","frequency":"monthly","time_needed":15,"user_id":123,"notes":"bowling
        balls, bowling pins","skipped":false}},{"id":"335","type":"task","attributes":{"name":"Take
        Vitamins","category":"chore","mandatory":true,"event_date":"","frequency":"daily","time_needed":5,"user_id":123,"notes":"flintstone
        gummies all dayeee","skipped":false}},{"id":"336","type":"task","attributes":{"name":"crochet","category":"hobby","mandatory":false,"event_date":"","frequency":"weekly","time_needed":60,"user_id":123,"notes":"granny
        squares","skipped":false}},{"id":"337","type":"task","attributes":{"name":"read
        a book","category":"rest","mandatory":false,"event_date":"","frequency":"daily","time_needed":45,"user_id":123,"notes":"smut","skipped":false}},{"id":"338","type":"task","attributes":{"name":"go
        on a walk","category":"rest","mandatory":true,"event_date":"","frequency":"daily","time_needed":30,"user_id":123,"notes":"","skipped":false}},{"id":"339","type":"task","attributes":{"name":"practice
        juggling","category":"hobby","mandatory":false,"event_date":"","frequency":"monthly","time_needed":15,"user_id":123,"notes":"bowling
        balls, bowling pins","skipped":false}},{"id":"341","type":"task","attributes":{"name":"Take
        Vitamins","category":"chore","mandatory":true,"event_date":"","frequency":"daily","time_needed":5,"user_id":123,"notes":"flintstone
        gummies all dayeee","skipped":false}},{"id":"342","type":"task","attributes":{"name":"crochet","category":"hobby","mandatory":false,"event_date":"","frequency":"weekly","time_needed":60,"user_id":123,"notes":"granny
        squares","skipped":false}}]}'
  recorded_at: Wed, 20 Sep 2023 19:10:37 GMT
- request:
    method: get
    uri: https://ontrack-be-a58c9e421d34.herokuapp.com/api/v1/users/123/daily_tasks/?mood=good
    body:
      encoding: US-ASCII
      string: ''
    headers:
      User-Agent:
      - Faraday v2.7.11
      Accept-Encoding:
      - gzip;q=1.0,deflate;q=0.6,identity;q=0.3
      Accept:
      - "*/*"
  response:
    status:
      code: 200
      message: OK
    headers:
      Server:
      - Cowboy
      Date:
      - Wed, 20 Sep 2023 19:10:37 GMT
      Connection:
      - keep-alive
      X-Frame-Options:
      - SAMEORIGIN
      X-Xss-Protection:
      - '0'
      X-Content-Type-Options:
      - nosniff
      X-Download-Options:
      - noopen
      X-Permitted-Cross-Domain-Policies:
      - none
      Referrer-Policy:
      - strict-origin-when-cross-origin
      Content-Type:
      - application/json; charset=utf-8
      Vary:
      - Accept
      Etag:
      - W/"c58903969de4c291e9a24c122dd0ac57"
      Cache-Control:
      - max-age=0, private, must-revalidate
      X-Request-Id:
      - 4ebe55cc-f1e4-4c87-a10f-acfb1c69b038
      X-Runtime:
      - '0.016007'
      Transfer-Encoding:
      - chunked
      Via:
      - 1.1 vegur
    body:
      encoding: UTF-8
      string: '{"data":[{"id":"362","type":"task","attributes":{"name":"go on a walk","category":"rest","mandatory":true,"event_date":"","frequency":"daily","time_needed":30,"user_id":123,"notes":"","skipped":false}},{"id":"365","type":"task","attributes":{"name":"Take
        Vitamins","category":"chore","mandatory":true,"event_date":"","frequency":"daily","time_needed":5,"user_id":123,"notes":"flintstone
        gummies all dayeee","skipped":false}},{"id":"368","type":"task","attributes":{"name":"go
        on a walk","category":"rest","mandatory":true,"event_date":"","frequency":"daily","time_needed":30,"user_id":123,"notes":"","skipped":false}},{"id":"305","type":"task","attributes":{"name":"Take
        Vitamins","category":"chore","mandatory":true,"event_date":"","frequency":"daily","time_needed":5,"user_id":123,"notes":"flintstone
        gummies all dayeee","skipped":false}},{"id":"308","type":"task","attributes":{"name":"go
        on a walk","category":"rest","mandatory":true,"event_date":"","frequency":"daily","time_needed":30,"user_id":123,"notes":"","skipped":false}},{"id":"311","type":"task","attributes":{"name":"Take
        Vitamins","category":"chore","mandatory":true,"event_date":"","frequency":"daily","time_needed":5,"user_id":123,"notes":"flintstone
        gummies all dayeee","skipped":false}},{"id":"314","type":"task","attributes":{"name":"go
        on a walk","category":"rest","mandatory":true,"event_date":"","frequency":"daily","time_needed":30,"user_id":123,"notes":"","skipped":false}},{"id":"317","type":"task","attributes":{"name":"Take
        Vitamins","category":"chore","mandatory":true,"event_date":"","frequency":"daily","time_needed":5,"user_id":123,"notes":"flintstone
        gummies all dayeee","skipped":false}},{"id":"320","type":"task","attributes":{"name":"go
        on a walk","category":"rest","mandatory":true,"event_date":"","frequency":"daily","time_needed":30,"user_id":123,"notes":"","skipped":false}},{"id":"323","type":"task","attributes":{"name":"Take
        Vitamins","category":"chore","mandatory":true,"event_date":"","frequency":"daily","time_needed":5,"user_id":123,"notes":"flintstone
        gummies all dayeee","skipped":false}},{"id":"326","type":"task","attributes":{"name":"go
        on a walk","category":"rest","mandatory":true,"event_date":"","frequency":"daily","time_needed":30,"user_id":123,"notes":"","skipped":false}},{"id":"329","type":"task","attributes":{"name":"Take
        Vitamins","category":"chore","mandatory":true,"event_date":"","frequency":"daily","time_needed":5,"user_id":123,"notes":"flintstone
        gummies all dayeee","skipped":false}},{"id":"332","type":"task","attributes":{"name":"go
        on a walk","category":"rest","mandatory":true,"event_date":"","frequency":"daily","time_needed":30,"user_id":123,"notes":"","skipped":false}},{"id":"335","type":"task","attributes":{"name":"Take
        Vitamins","category":"chore","mandatory":true,"event_date":"","frequency":"daily","time_needed":5,"user_id":123,"notes":"flintstone
        gummies all dayeee","skipped":false}},{"id":"338","type":"task","attributes":{"name":"go
        on a walk","category":"rest","mandatory":true,"event_date":"","frequency":"daily","time_needed":30,"user_id":123,"notes":"","skipped":false}},{"id":"341","type":"task","attributes":{"name":"Take
        Vitamins","category":"chore","mandatory":true,"event_date":"","frequency":"daily","time_needed":5,"user_id":123,"notes":"flintstone
        gummies all dayeee","skipped":false}},{"id":"364","type":"task","attributes":{"name":"do
        the dishes","category":"chore","mandatory":false,"event_date":"","frequency":"daily","time_needed":15,"user_id":123,"notes":"","skipped":false}},{"id":"363","type":"task","attributes":{"name":"practice
        juggling","category":"hobby","mandatory":false,"event_date":"","frequency":"monthly","time_needed":15,"user_id":123,"notes":"bowling
        balls, bowling pins","skipped":false}},{"id":"367","type":"task","attributes":{"name":"read
        a book","category":"rest","mandatory":false,"event_date":"","frequency":"daily","time_needed":45,"user_id":123,"notes":"smut","skipped":false}},{"id":"370","type":"task","attributes":{"name":"do
        the dishes","category":"chore","mandatory":false,"event_date":"","frequency":"daily","time_needed":15,"user_id":123,"notes":"","skipped":false}},{"id":"366","type":"task","attributes":{"name":"crochet","category":"hobby","mandatory":false,"event_date":"","frequency":"weekly","time_needed":60,"user_id":123,"notes":"granny
        squares","skipped":false}},{"id":"307","type":"task","attributes":{"name":"read
        a book","category":"rest","mandatory":false,"event_date":"","frequency":"daily","time_needed":45,"user_id":123,"notes":"smut","skipped":false}},{"id":"310","type":"task","attributes":{"name":"do
        the dishes","category":"chore","mandatory":false,"event_date":"","frequency":"daily","time_needed":15,"user_id":123,"notes":"","skipped":false}},{"id":"369","type":"task","attributes":{"name":"practice
        juggling","category":"hobby","mandatory":false,"event_date":"","frequency":"monthly","time_needed":15,"user_id":123,"notes":"bowling
        balls, bowling pins","skipped":false}},{"id":"313","type":"task","attributes":{"name":"read
        a book","category":"rest","mandatory":false,"event_date":"","frequency":"daily","time_needed":45,"user_id":123,"notes":"smut","skipped":false}},{"id":"306","type":"task","attributes":{"name":"crochet","category":"hobby","mandatory":false,"event_date":"","frequency":"weekly","time_needed":60,"user_id":123,"notes":"granny
        squares","skipped":false}},{"id":"319","type":"task","attributes":{"name":"read
        a book","category":"rest","mandatory":false,"event_date":"","frequency":"daily","time_needed":45,"user_id":123,"notes":"smut","skipped":false}},{"id":"309","type":"task","attributes":{"name":"practice
        juggling","category":"hobby","mandatory":false,"event_date":"","frequency":"monthly","time_needed":15,"user_id":123,"notes":"bowling
        balls, bowling pins","skipped":false}},{"id":"325","type":"task","attributes":{"name":"read
        a book","category":"rest","mandatory":false,"event_date":"","frequency":"daily","time_needed":45,"user_id":123,"notes":"smut","skipped":false}},{"id":"312","type":"task","attributes":{"name":"crochet","category":"hobby","mandatory":false,"event_date":"","frequency":"weekly","time_needed":60,"user_id":123,"notes":"granny
        squares","skipped":false}},{"id":"331","type":"task","attributes":{"name":"read
        a book","category":"rest","mandatory":false,"event_date":"","frequency":"daily","time_needed":45,"user_id":123,"notes":"smut","skipped":false}},{"id":"315","type":"task","attributes":{"name":"practice
        juggling","category":"hobby","mandatory":false,"event_date":"","frequency":"monthly","time_needed":15,"user_id":123,"notes":"bowling
        balls, bowling pins","skipped":false}},{"id":"318","type":"task","attributes":{"name":"crochet","category":"hobby","mandatory":false,"event_date":"","frequency":"weekly","time_needed":60,"user_id":123,"notes":"granny
        squares","skipped":false}},{"id":"321","type":"task","attributes":{"name":"practice
        juggling","category":"hobby","mandatory":false,"event_date":"","frequency":"monthly","time_needed":15,"user_id":123,"notes":"bowling
        balls, bowling pins","skipped":false}},{"id":"324","type":"task","attributes":{"name":"crochet","category":"hobby","mandatory":false,"event_date":"","frequency":"weekly","time_needed":60,"user_id":123,"notes":"granny
        squares","skipped":false}},{"id":"327","type":"task","attributes":{"name":"practice
        juggling","category":"hobby","mandatory":false,"event_date":"","frequency":"monthly","time_needed":15,"user_id":123,"notes":"bowling
        balls, bowling pins","skipped":false}},{"id":"330","type":"task","attributes":{"name":"crochet","category":"hobby","mandatory":false,"event_date":"","frequency":"weekly","time_needed":60,"user_id":123,"notes":"granny
        squares","skipped":false}},{"id":"333","type":"task","attributes":{"name":"practice
        juggling","category":"hobby","mandatory":false,"event_date":"","frequency":"monthly","time_needed":15,"user_id":123,"notes":"bowling
        balls, bowling pins","skipped":false}},{"id":"336","type":"task","attributes":{"name":"crochet","category":"hobby","mandatory":false,"event_date":"","frequency":"weekly","time_needed":60,"user_id":123,"notes":"granny
        squares","skipped":false}},{"id":"339","type":"task","attributes":{"name":"practice
        juggling","category":"hobby","mandatory":false,"event_date":"","frequency":"monthly","time_needed":15,"user_id":123,"notes":"bowling
        balls, bowling pins","skipped":false}},{"id":"342","type":"task","attributes":{"name":"crochet","category":"hobby","mandatory":false,"event_date":"","frequency":"weekly","time_needed":60,"user_id":123,"notes":"granny
        squares","skipped":false}}]}'
  recorded_at: Wed, 20 Sep 2023 19:10:37 GMT
- request:
    method: patch
    uri: https://ontrack-be-a58c9e421d34.herokuapp.com/api/v1/users/123/tasks/362?id=362
    body:
      encoding: UTF-8
      string: ''
    headers:
      User-Agent:
      - Faraday v2.7.11
      Content-Length:
      - '0'
      Accept-Encoding:
      - gzip;q=1.0,deflate;q=0.6,identity;q=0.3
      Accept:
      - "*/*"
  response:
    status:
      code: 200
      message: OK
    headers:
      Server:
      - Cowboy
      Date:
      - Wed, 20 Sep 2023 19:10:37 GMT
      Connection:
      - keep-alive
      X-Frame-Options:
      - SAMEORIGIN
      X-Xss-Protection:
      - '0'
      X-Content-Type-Options:
      - nosniff
      X-Download-Options:
      - noopen
      X-Permitted-Cross-Domain-Policies:
      - none
      Referrer-Policy:
      - strict-origin-when-cross-origin
      Content-Type:
      - application/json; charset=utf-8
      Vary:
      - Accept
      Etag:
      - W/"975ae9eb447bcbd21fb53e1b5b48dac5"
      Cache-Control:
      - max-age=0, private, must-revalidate
      X-Request-Id:
      - 9534df35-3bda-4350-a714-dd535cfb39ef
      X-Runtime:
      - '0.004573'
      Transfer-Encoding:
      - chunked
      Via:
      - 1.1 vegur
    body:
      encoding: UTF-8
      string: '{"message":"Changes saved!"}'
  recorded_at: Wed, 20 Sep 2023 19:10:37 GMT
- request:
    method: get
    uri: https://ontrack-be-a58c9e421d34.herokuapp.com/api/v1/users/123/tasks/362
    body:
      encoding: US-ASCII
      string: ''
    headers:
      User-Agent:
      - Faraday v2.7.11
      Accept-Encoding:
      - gzip;q=1.0,deflate;q=0.6,identity;q=0.3
      Accept:
      - "*/*"
  response:
    status:
      code: 200
      message: OK
    headers:
      Server:
      - Cowboy
      Date:
      - Wed, 20 Sep 2023 19:10:38 GMT
      Connection:
      - keep-alive
      X-Frame-Options:
      - SAMEORIGIN
      X-Xss-Protection:
      - '0'
      X-Content-Type-Options:
      - nosniff
      X-Download-Options:
      - noopen
      X-Permitted-Cross-Domain-Policies:
      - none
      Referrer-Policy:
      - strict-origin-when-cross-origin
      Content-Type:
      - application/json; charset=utf-8
      Vary:
      - Accept
      Etag:
      - W/"00fa905af59f2d3cebed6d950775788d"
      Cache-Control:
      - max-age=0, private, must-revalidate
      X-Request-Id:
      - 9b7e81ec-fc12-45e9-aa20-bf9e02647232
      X-Runtime:
      - '0.003924'
      Transfer-Encoding:
      - chunked
      Via:
      - 1.1 vegur
    body:
      encoding: UTF-8
      string: '{"data":{"id":"362","type":"task","attributes":{"name":"go on a walk","category":"rest","mandatory":true,"event_date":"","frequency":"daily","time_needed":30,"user_id":123,"notes":"","skipped":false}}}'
  recorded_at: Wed, 20 Sep 2023 19:10:38 GMT
- request:
    method: delete
    uri: https://ontrack-be-a58c9e421d34.herokuapp.com/api/v1/users/123/tasks/362
    body:
      encoding: US-ASCII
      string: ''
    headers:
      User-Agent:
      - Faraday v2.7.11
      Accept-Encoding:
      - gzip;q=1.0,deflate;q=0.6,identity;q=0.3
      Accept:
      - "*/*"
  response:
    status:
      code: 200
      message: OK
    headers:
      Server:
      - Cowboy
      Date:
      - Wed, 20 Sep 2023 19:10:38 GMT
      Connection:
      - keep-alive
      X-Frame-Options:
      - SAMEORIGIN
      X-Xss-Protection:
      - '0'
      X-Content-Type-Options:
      - nosniff
      X-Download-Options:
      - noopen
      X-Permitted-Cross-Domain-Policies:
      - none
      Referrer-Policy:
      - strict-origin-when-cross-origin
      Content-Type:
      - application/json; charset=utf-8
      Vary:
      - Accept
      Etag:
      - W/"615f665c4fbcc5cce0eda03b15cc9a31"
      Cache-Control:
      - max-age=0, private, must-revalidate
      X-Request-Id:
      - 829c0c9a-4516-4d7e-9aee-a015ac53c2e7
      X-Runtime:
      - '0.007723'
      Transfer-Encoding:
      - chunked
      Via:
      - 1.1 vegur
    body:
      encoding: UTF-8
      string: '{"message":"''go on a walk'' deleted."}'
  recorded_at: Wed, 20 Sep 2023 19:10:38 GMT
- request:
    method: delete
    uri: https://ontrack-be-a58c9e421d34.herokuapp.com/api/v1/users/123/tasks/363
    body:
      encoding: US-ASCII
      string: ''
    headers:
      User-Agent:
      - Faraday v2.7.11
      Accept-Encoding:
      - gzip;q=1.0,deflate;q=0.6,identity;q=0.3
      Accept:
      - "*/*"
  response:
    status:
      code: 200
      message: OK
    headers:
      Server:
      - Cowboy
      Date:
      - Wed, 20 Sep 2023 19:10:38 GMT
      Connection:
      - keep-alive
      X-Frame-Options:
      - SAMEORIGIN
      X-Xss-Protection:
      - '0'
      X-Content-Type-Options:
      - nosniff
      X-Download-Options:
      - noopen
      X-Permitted-Cross-Domain-Policies:
      - none
      Referrer-Policy:
      - strict-origin-when-cross-origin
      Content-Type:
      - application/json; charset=utf-8
      Vary:
      - Accept
      Etag:
      - W/"734d1bf72d97f0627dfdcf2820542cb3"
      Cache-Control:
      - max-age=0, private, must-revalidate
      X-Request-Id:
      - 55984b04-8ee0-44f7-bfcf-35a3ed9c07a2
      X-Runtime:
      - '0.006966'
      Transfer-Encoding:
      - chunked
      Via:
      - 1.1 vegur
    body:
      encoding: UTF-8
      string: '{"message":"''practice juggling'' deleted."}'
  recorded_at: Wed, 20 Sep 2023 19:10:39 GMT
- request:
    method: delete
    uri: https://ontrack-be-a58c9e421d34.herokuapp.com/api/v1/users/123/tasks/364
    body:
      encoding: US-ASCII
      string: ''
    headers:
      User-Agent:
      - Faraday v2.7.11
      Accept-Encoding:
      - gzip;q=1.0,deflate;q=0.6,identity;q=0.3
      Accept:
      - "*/*"
  response:
    status:
      code: 200
      message: OK
    headers:
      Server:
      - Cowboy
      Date:
      - Wed, 20 Sep 2023 19:10:39 GMT
      Connection:
      - keep-alive
      X-Frame-Options:
      - SAMEORIGIN
      X-Xss-Protection:
      - '0'
      X-Content-Type-Options:
      - nosniff
      X-Download-Options:
      - noopen
      X-Permitted-Cross-Domain-Policies:
      - none
      Referrer-Policy:
      - strict-origin-when-cross-origin
      Content-Type:
      - application/json; charset=utf-8
      Vary:
      - Accept
      Etag:
      - W/"7771ddc0649563e0bb44ef553d2dca2e"
      Cache-Control:
      - max-age=0, private, must-revalidate
      X-Request-Id:
      - e17316f6-26ea-4451-9285-d36bd87c18b8
      X-Runtime:
      - '0.008219'
      Transfer-Encoding:
      - chunked
      Via:
      - 1.1 vegur
    body:
      encoding: UTF-8
      string: '{"message":"''do the dishes'' deleted."}'
  recorded_at: Wed, 20 Sep 2023 19:10:39 GMT
- request:
    method: delete
    uri: https://ontrack-be-a58c9e421d34.herokuapp.com/api/v1/users/123/tasks/365
    body:
      encoding: US-ASCII
      string: ''
    headers:
      User-Agent:
      - Faraday v2.7.11
      Accept-Encoding:
      - gzip;q=1.0,deflate;q=0.6,identity;q=0.3
      Accept:
      - "*/*"
  response:
    status:
      code: 200
      message: OK
    headers:
      Server:
      - Cowboy
      Date:
      - Wed, 20 Sep 2023 19:10:39 GMT
      Connection:
      - keep-alive
      X-Frame-Options:
      - SAMEORIGIN
      X-Xss-Protection:
      - '0'
      X-Content-Type-Options:
      - nosniff
      X-Download-Options:
      - noopen
      X-Permitted-Cross-Domain-Policies:
      - none
      Referrer-Policy:
      - strict-origin-when-cross-origin
      Content-Type:
      - application/json; charset=utf-8
      Vary:
      - Accept
      Etag:
      - W/"3c34faca09aa8671bd5933e01c04e61a"
      Cache-Control:
      - max-age=0, private, must-revalidate
      X-Request-Id:
      - a887f7f5-5ef6-406f-bbad-1026931f8bdd
      X-Runtime:
      - '0.007785'
      Transfer-Encoding:
      - chunked
      Via:
      - 1.1 vegur
    body:
      encoding: UTF-8
      string: '{"message":"''Take Vitamins'' deleted."}'
  recorded_at: Wed, 20 Sep 2023 19:10:39 GMT
- request:
    method: delete
    uri: https://ontrack-be-a58c9e421d34.herokuapp.com/api/v1/users/123/tasks/366
    body:
      encoding: US-ASCII
      string: ''
    headers:
      User-Agent:
      - Faraday v2.7.11
      Accept-Encoding:
      - gzip;q=1.0,deflate;q=0.6,identity;q=0.3
      Accept:
      - "*/*"
  response:
    status:
      code: 200
      message: OK
    headers:
      Server:
      - Cowboy
      Date:
      - Wed, 20 Sep 2023 19:10:39 GMT
      Connection:
      - keep-alive
      X-Frame-Options:
      - SAMEORIGIN
      X-Xss-Protection:
      - '0'
      X-Content-Type-Options:
      - nosniff
      X-Download-Options:
      - noopen
      X-Permitted-Cross-Domain-Policies:
      - none
      Referrer-Policy:
      - strict-origin-when-cross-origin
      Content-Type:
      - application/json; charset=utf-8
      Vary:
      - Accept
      Etag:
      - W/"bfde28d1188d18646fe880f2c8d198e1"
      Cache-Control:
      - max-age=0, private, must-revalidate
      X-Request-Id:
      - a625ad86-64e9-4054-bf44-6a661af20a89
      X-Runtime:
      - '0.007785'
      Transfer-Encoding:
      - chunked
      Via:
      - 1.1 vegur
    body:
      encoding: UTF-8
      string: '{"message":"''crochet'' deleted."}'
  recorded_at: Wed, 20 Sep 2023 19:10:40 GMT
- request:
    method: delete
    uri: https://ontrack-be-a58c9e421d34.herokuapp.com/api/v1/users/123/tasks/342
    body:
      encoding: US-ASCII
      string: ''
    headers:
      User-Agent:
      - Faraday v2.7.11
      Accept-Encoding:
      - gzip;q=1.0,deflate;q=0.6,identity;q=0.3
      Accept:
      - "*/*"
  response:
    status:
      code: 200
      message: OK
    headers:
      Server:
      - Cowboy
      Date:
      - Wed, 20 Sep 2023 19:10:39 GMT
      Connection:
      - keep-alive
      X-Frame-Options:
      - SAMEORIGIN
      X-Xss-Protection:
      - '0'
      X-Content-Type-Options:
      - nosniff
      X-Download-Options:
      - noopen
      X-Permitted-Cross-Domain-Policies:
      - none
      Referrer-Policy:
      - strict-origin-when-cross-origin
      Content-Type:
      - application/json; charset=utf-8
      Vary:
      - Accept
      Etag:
      - W/"bfde28d1188d18646fe880f2c8d198e1"
      Cache-Control:
      - max-age=0, private, must-revalidate
      X-Request-Id:
      - 75015842-bdc3-4b44-932f-4568921ad13e
      X-Runtime:
      - '0.008078'
      Transfer-Encoding:
      - chunked
      Via:
      - 1.1 vegur
    body:
      encoding: UTF-8
      string: '{"message":"''crochet'' deleted."}'
  recorded_at: Wed, 20 Sep 2023 19:10:40 GMT
recorded_with: VCR 6.2.0
