---
http_interactions:
- request:
    method: post
    uri: http://localhost:3000/api/v1/users/123/tasks?category=chore&event_date=&frequency=daily&mandatory=1&name=Take%20Vitamins&notes=flintstone%20gummies%20all%20dayeee&time_needed=5
    body:
      encoding: UTF-8
      string: ''
    headers:
      User-Agent:
      - Faraday v2.7.11
      Content-Length:
      - '0'
      Accept-Encoding:
      - gzip;q=1.0,deflate;q=0.6,identity;q=0.3
      Accept:
      - "*/*"
  response:
    status:
      code: 201
      message: Created
    headers:
      X-Frame-Options:
      - SAMEORIGIN
      X-Xss-Protection:
      - '0'
      X-Content-Type-Options:
      - nosniff
      X-Download-Options:
      - noopen
      X-Permitted-Cross-Domain-Policies:
      - none
      Referrer-Policy:
      - strict-origin-when-cross-origin
      Content-Type:
      - application/json; charset=utf-8
      Vary:
      - Accept
      Etag:
      - W/"dc487b8089b13547f16357043cceb0a1"
      Cache-Control:
      - max-age=0, private, must-revalidate
      X-Request-Id:
      - 80ae7809-7e6b-4980-be8b-317ba614d6e5
      X-Runtime:
      - '0.118325'
      Server-Timing:
      - sql.active_record;dur=32.83, start_processing.action_controller;dur=0.08,
        instantiation.active_record;dur=0.04, process_action.action_controller;dur=34.90
      Transfer-Encoding:
      - chunked
    body:
      encoding: UTF-8
      string: '{"message":"''Take Vitamins'' added!"}'
  recorded_at: Mon, 18 Sep 2023 17:20:45 GMT
- request:
    method: post
    uri: http://localhost:3000/api/v1/users/123/tasks?category=chore&event_date=&frequency=weekly&mandatory=0&name=Brush%20Apollo&notes=he%20shed&time_needed=5
    body:
      encoding: UTF-8
      string: ''
    headers:
      User-Agent:
      - Faraday v2.7.11
      Content-Length:
      - '0'
      Accept-Encoding:
      - gzip;q=1.0,deflate;q=0.6,identity;q=0.3
      Accept:
      - "*/*"
  response:
    status:
      code: 201
      message: Created
    headers:
      X-Frame-Options:
      - SAMEORIGIN
      X-Xss-Protection:
      - '0'
      X-Content-Type-Options:
      - nosniff
      X-Download-Options:
      - noopen
      X-Permitted-Cross-Domain-Policies:
      - none
      Referrer-Policy:
      - strict-origin-when-cross-origin
      Content-Type:
      - application/json; charset=utf-8
      Vary:
      - Accept
      Etag:
      - W/"4e9b9e1d4455e3954003503c8ce338cf"
      Cache-Control:
      - max-age=0, private, must-revalidate
      X-Request-Id:
      - 433c2521-8526-47b0-92cd-c6d712c3ce44
      X-Runtime:
      - '0.007277'
      Server-Timing:
      - start_processing.action_controller;dur=0.05, sql.active_record;dur=1.96, instantiation.active_record;dur=0.02,
        process_action.action_controller;dur=2.81
      Transfer-Encoding:
      - chunked
    body:
      encoding: UTF-8
      string: '{"message":"''Brush Apollo'' added!"}'
  recorded_at: Mon, 18 Sep 2023 17:20:45 GMT
- request:
    method: get
    uri: http://localhost:3000/api/v1/users/123/tasks
    body:
      encoding: US-ASCII
      string: ''
    headers:
      User-Agent:
      - Faraday v2.7.11
      Accept-Encoding:
      - gzip;q=1.0,deflate;q=0.6,identity;q=0.3
      Accept:
      - "*/*"
  response:
    status:
      code: 200
      message: OK
    headers:
      X-Frame-Options:
      - SAMEORIGIN
      X-Xss-Protection:
      - '0'
      X-Content-Type-Options:
      - nosniff
      X-Download-Options:
      - noopen
      X-Permitted-Cross-Domain-Policies:
      - none
      Referrer-Policy:
      - strict-origin-when-cross-origin
      Content-Type:
      - application/json; charset=utf-8
      Vary:
      - Accept
      Etag:
      - W/"910b065c4575f77f9f840c5a0ffe03a0"
      Cache-Control:
      - max-age=0, private, must-revalidate
      X-Request-Id:
      - 1424a240-b110-4b7c-85b7-fb686c9eb04c
      X-Runtime:
      - '0.006326'
      Server-Timing:
      - start_processing.action_controller;dur=0.04, sql.active_record;dur=0.55, instantiation.active_record;dur=0.02,
        process_action.action_controller;dur=1.95
      Transfer-Encoding:
      - chunked
    body:
      encoding: UTF-8
      string: '{"data":[{"id":"4","type":"task","attributes":{"name":"Take Vitamins","category":"chore","mandatory":true,"event_date":"","frequency":"daily","time_needed":5,"user_id":123,"notes":"flintstone
        gummies all dayeee"}},{"id":"5","type":"task","attributes":{"name":"Brush
        Apollo","category":"chore","mandatory":false,"event_date":"","frequency":"weekly","time_needed":5,"user_id":123,"notes":"he
        shed"}}]}'
  recorded_at: Mon, 18 Sep 2023 17:20:45 GMT
- request:
    method: get
    uri: http://localhost:3000/api/v1/users/123/tasks
    body:
      encoding: US-ASCII
      string: ''
    headers:
      User-Agent:
      - Faraday v2.7.11
      Accept-Encoding:
      - gzip;q=1.0,deflate;q=0.6,identity;q=0.3
      Accept:
      - "*/*"
  response:
    status:
      code: 200
      message: OK
    headers:
      X-Frame-Options:
      - SAMEORIGIN
      X-Xss-Protection:
      - '0'
      X-Content-Type-Options:
      - nosniff
      X-Download-Options:
      - noopen
      X-Permitted-Cross-Domain-Policies:
      - none
      Referrer-Policy:
      - strict-origin-when-cross-origin
      Content-Type:
      - application/json; charset=utf-8
      Vary:
      - Accept
      Etag:
      - W/"910b065c4575f77f9f840c5a0ffe03a0"
      Cache-Control:
      - max-age=0, private, must-revalidate
      X-Request-Id:
      - 3981b068-f466-480f-87f7-017066d314f9
      X-Runtime:
      - '0.005975'
      Server-Timing:
      - start_processing.action_controller;dur=0.04, sql.active_record;dur=0.75, instantiation.active_record;dur=0.02,
        process_action.action_controller;dur=1.33
      Transfer-Encoding:
      - chunked
    body:
      encoding: UTF-8
      string: '{"data":[{"id":"4","type":"task","attributes":{"name":"Take Vitamins","category":"chore","mandatory":true,"event_date":"","frequency":"daily","time_needed":5,"user_id":123,"notes":"flintstone
        gummies all dayeee"}},{"id":"5","type":"task","attributes":{"name":"Brush
        Apollo","category":"chore","mandatory":false,"event_date":"","frequency":"weekly","time_needed":5,"user_id":123,"notes":"he
        shed"}}]}'
  recorded_at: Mon, 18 Sep 2023 17:20:45 GMT
recorded_with: VCR 6.2.0
