---
http_interactions:
- request:
    method: get
    uri: https://ontrack-be-a58c9e421d34.herokuapp.com/api/v1/holidays
    body:
      encoding: US-ASCII
      string: ''
    headers:
      User-Agent:
      - Faraday v2.7.11
      Accept-Encoding:
      - gzip;q=1.0,deflate;q=0.6,identity;q=0.3
      Accept:
      - "*/*"
  response:
    status:
      code: 200
      message: OK
    headers:
      Server:
      - Cowboy
      Date:
      - Sat, 14 Oct 2023 16:24:44 GMT
      Report-To:
      - '{"group":"heroku-nel","max_age":3600,"endpoints":[{"url":"https://nel.heroku.com/reports?ts=1697300685&sid=929419e7-33ea-4e2f-85f0-7d8b7cd5cbd6&s=DEUHl5ascHq5LUPplTqSBtYx959KzgxOdMsC%2F672%2BxE%3D"}]}'
      Reporting-Endpoints:
      - heroku-nel=https://nel.heroku.com/reports?ts=1697300685&sid=929419e7-33ea-4e2f-85f0-7d8b7cd5cbd6&s=DEUHl5ascHq5LUPplTqSBtYx959KzgxOdMsC%2F672%2BxE%3D
      Nel:
      - '{"report_to":"heroku-nel","max_age":3600,"success_fraction":0.005,"failure_fraction":0.05,"response_headers":["Via"]}'
      Connection:
      - keep-alive
      X-Frame-Options:
      - SAMEORIGIN
      X-Xss-Protection:
      - '0'
      X-Content-Type-Options:
      - nosniff
      X-Download-Options:
      - noopen
      X-Permitted-Cross-Domain-Policies:
      - none
      Referrer-Policy:
      - strict-origin-when-cross-origin
      Content-Type:
      - application/json; charset=utf-8
      Vary:
      - Accept
      Etag:
      - W/"31a3104598e3b1bd4b7f896573a4f8ec"
      Cache-Control:
      - max-age=0, private, must-revalidate
      X-Request-Id:
      - 94e96c6c-2d77-4160-ab97-ccd17232fb39
      X-Runtime:
      - '0.030083'
      Transfer-Encoding:
      - chunked
      Via:
      - 1.1 vegur
    body:
      encoding: UTF-8
      string: '{"data":[{"type":"holiday","attributes":{"name":"Veterans Day","date":"2023-11-10"}},{"type":"holiday","attributes":{"name":"Thanksgiving
        Day","date":"2023-11-23"}},{"type":"holiday","attributes":{"name":"Christmas
        Day","date":"2023-12-25"}}]}'
  recorded_at: Sat, 14 Oct 2023 16:24:45 GMT
- request:
    method: get
    uri: https://ontrack-be-a58c9e421d34.herokuapp.com/api/v1/users/123/daily_tasks/?mood
    body:
      encoding: US-ASCII
      string: ''
    headers:
      User-Agent:
      - Faraday v2.7.11
      Accept-Encoding:
      - gzip;q=1.0,deflate;q=0.6,identity;q=0.3
      Accept:
      - "*/*"
  response:
    status:
      code: 200
      message: OK
    headers:
      Server:
      - Cowboy
      Date:
      - Sat, 14 Oct 2023 16:24:45 GMT
      Report-To:
      - '{"group":"heroku-nel","max_age":3600,"endpoints":[{"url":"https://nel.heroku.com/reports?ts=1697300685&sid=929419e7-33ea-4e2f-85f0-7d8b7cd5cbd6&s=DEUHl5ascHq5LUPplTqSBtYx959KzgxOdMsC%2F672%2BxE%3D"}]}'
      Reporting-Endpoints:
      - heroku-nel=https://nel.heroku.com/reports?ts=1697300685&sid=929419e7-33ea-4e2f-85f0-7d8b7cd5cbd6&s=DEUHl5ascHq5LUPplTqSBtYx959KzgxOdMsC%2F672%2BxE%3D
      Nel:
      - '{"report_to":"heroku-nel","max_age":3600,"success_fraction":0.005,"failure_fraction":0.05,"response_headers":["Via"]}'
      Connection:
      - keep-alive
      X-Frame-Options:
      - SAMEORIGIN
      X-Xss-Protection:
      - '0'
      X-Content-Type-Options:
      - nosniff
      X-Download-Options:
      - noopen
      X-Permitted-Cross-Domain-Policies:
      - none
      Referrer-Policy:
      - strict-origin-when-cross-origin
      Content-Type:
      - application/json; charset=utf-8
      Vary:
      - Accept
      Etag:
      - W/"484e3dfbec83a892e7271f85f73d5f18"
      Cache-Control:
      - max-age=0, private, must-revalidate
      X-Request-Id:
      - 85330bd1-2429-42d9-9c30-fc2b940b90ee
      X-Runtime:
      - '0.009280'
      Transfer-Encoding:
      - chunked
      Via:
      - 1.1 vegur
    body:
      encoding: UTF-8
      string: '{"data":[{"id":"2001","type":"task","attributes":{"name":"Clean fish
        tank","category":"chore","mandatory":true,"event_date":"","frequency":"weekly","user_id":123,"notes":"Vacuum
        the gravel, wipe algae off plants","skipped":false,"image_url":null}},{"id":"2002","type":"task","attributes":{"name":"Take
        nice bath","category":"rest","mandatory":false,"event_date":"","frequency":"monthly","user_id":123,"notes":"Remember
        the fancy bathbombs under the cupboard, get a milkshake and light a candle","skipped":false,"image_url":null}},{"id":"2003","type":"task","attributes":{"name":"Meditate","category":"rest","mandatory":false,"event_date":"","frequency":"daily","user_id":123,"notes":"","skipped":false,"image_url":null}}]}'
  recorded_at: Sat, 14 Oct 2023 16:24:45 GMT
- request:
    method: post
    uri: https://ontrack-be-a58c9e421d34.herokuapp.com/api/v1/users/123/tasks?category=chore&event_date=&frequency=daily&mandatory=1&name=Take%20Vitamins&notes=flintstone%20gummies%20all%20dayeee
    body:
      encoding: UTF-8
      string: ''
    headers:
      User-Agent:
      - Faraday v2.7.11
      Content-Length:
      - '0'
      Accept-Encoding:
      - gzip;q=1.0,deflate;q=0.6,identity;q=0.3
      Accept:
      - "*/*"
  response:
    status:
      code: 201
      message: Created
    headers:
      Server:
      - Cowboy
      Date:
      - Sat, 14 Oct 2023 16:24:45 GMT
      Connection:
      - keep-alive
      X-Frame-Options:
      - SAMEORIGIN
      X-Xss-Protection:
      - '0'
      X-Content-Type-Options:
      - nosniff
      X-Download-Options:
      - noopen
      X-Permitted-Cross-Domain-Policies:
      - none
      Referrer-Policy:
      - strict-origin-when-cross-origin
      Content-Type:
      - application/json; charset=utf-8
      Vary:
      - Accept
      Etag:
      - W/"dc487b8089b13547f16357043cceb0a1"
      Cache-Control:
      - max-age=0, private, must-revalidate
      X-Request-Id:
      - 1d1e7559-1501-4ce3-8620-5a3e43cb3538
      X-Runtime:
      - '0.008777'
      Transfer-Encoding:
      - chunked
      Via:
      - 1.1 vegur
    body:
      encoding: UTF-8
      string: '{"message":"''Take Vitamins'' added!"}'
  recorded_at: Sat, 14 Oct 2023 16:24:45 GMT
- request:
    method: post
    uri: https://ontrack-be-a58c9e421d34.herokuapp.com/api/v1/users/123/tasks?category=hobby&event_date=&frequency=weekly&mandatory=0&name=crochet&notes=granny%20squares
    body:
      encoding: UTF-8
      string: ''
    headers:
      User-Agent:
      - Faraday v2.7.11
      Content-Length:
      - '0'
      Accept-Encoding:
      - gzip;q=1.0,deflate;q=0.6,identity;q=0.3
      Accept:
      - "*/*"
  response:
    status:
      code: 201
      message: Created
    headers:
      Server:
      - Cowboy
      Date:
      - Sat, 14 Oct 2023 16:24:45 GMT
      Report-To:
      - '{"group":"heroku-nel","max_age":3600,"endpoints":[{"url":"https://nel.heroku.com/reports?ts=1697300686&sid=929419e7-33ea-4e2f-85f0-7d8b7cd5cbd6&s=x5iPCKom%2Fmn%2BKbcoirODJGrMQX1ZGcUEw5wEsUqp9Bc%3D"}]}'
      Reporting-Endpoints:
      - heroku-nel=https://nel.heroku.com/reports?ts=1697300686&sid=929419e7-33ea-4e2f-85f0-7d8b7cd5cbd6&s=x5iPCKom%2Fmn%2BKbcoirODJGrMQX1ZGcUEw5wEsUqp9Bc%3D
      Nel:
      - '{"report_to":"heroku-nel","max_age":3600,"success_fraction":0.005,"failure_fraction":0.05,"response_headers":["Via"]}'
      Connection:
      - keep-alive
      X-Frame-Options:
      - SAMEORIGIN
      X-Xss-Protection:
      - '0'
      X-Content-Type-Options:
      - nosniff
      X-Download-Options:
      - noopen
      X-Permitted-Cross-Domain-Policies:
      - none
      Referrer-Policy:
      - strict-origin-when-cross-origin
      Content-Type:
      - application/json; charset=utf-8
      Vary:
      - Accept
      Etag:
      - W/"fc5d1ed9e72efb216a0560d213c4832e"
      Cache-Control:
      - max-age=0, private, must-revalidate
      X-Request-Id:
      - e0dc314c-3782-4f4e-9643-270adab5b57f
      X-Runtime:
      - '0.008936'
      Transfer-Encoding:
      - chunked
      Via:
      - 1.1 vegur
    body:
      encoding: UTF-8
      string: '{"message":"''crochet'' added!"}'
  recorded_at: Sat, 14 Oct 2023 16:24:46 GMT
- request:
    method: post
    uri: https://ontrack-be-a58c9e421d34.herokuapp.com/api/v1/users/123/tasks?category=rest&event_date=&frequency=daily&mandatory=0&name=read%20a%20book&notes=smut
    body:
      encoding: UTF-8
      string: ''
    headers:
      User-Agent:
      - Faraday v2.7.11
      Content-Length:
      - '0'
      Accept-Encoding:
      - gzip;q=1.0,deflate;q=0.6,identity;q=0.3
      Accept:
      - "*/*"
  response:
    status:
      code: 201
      message: Created
    headers:
      Server:
      - Cowboy
      Date:
      - Sat, 14 Oct 2023 16:24:46 GMT
      Connection:
      - keep-alive
      X-Frame-Options:
      - SAMEORIGIN
      X-Xss-Protection:
      - '0'
      X-Content-Type-Options:
      - nosniff
      X-Download-Options:
      - noopen
      X-Permitted-Cross-Domain-Policies:
      - none
      Referrer-Policy:
      - strict-origin-when-cross-origin
      Content-Type:
      - application/json; charset=utf-8
      Vary:
      - Accept
      Etag:
      - W/"ffd92c2936995dba96227e4d89905666"
      Cache-Control:
      - max-age=0, private, must-revalidate
      X-Request-Id:
      - 2d04df6a-cf22-4aa2-b166-6ab9bb2e5f90
      X-Runtime:
      - '0.008144'
      Transfer-Encoding:
      - chunked
      Via:
      - 1.1 vegur
    body:
      encoding: UTF-8
      string: '{"message":"''read a book'' added!"}'
  recorded_at: Sat, 14 Oct 2023 16:24:46 GMT
- request:
    method: post
    uri: https://ontrack-be-a58c9e421d34.herokuapp.com/api/v1/users/123/tasks?category=rest&event_date=&frequency=daily&mandatory=0&name=go%20on%20a%20walk&notes=
    body:
      encoding: UTF-8
      string: ''
    headers:
      User-Agent:
      - Faraday v2.7.11
      Content-Length:
      - '0'
      Accept-Encoding:
      - gzip;q=1.0,deflate;q=0.6,identity;q=0.3
      Accept:
      - "*/*"
  response:
    status:
      code: 201
      message: Created
    headers:
      Server:
      - Cowboy
      Date:
      - Sat, 14 Oct 2023 16:24:45 GMT
      Connection:
      - keep-alive
      X-Frame-Options:
      - SAMEORIGIN
      X-Xss-Protection:
      - '0'
      X-Content-Type-Options:
      - nosniff
      X-Download-Options:
      - noopen
      X-Permitted-Cross-Domain-Policies:
      - none
      Referrer-Policy:
      - strict-origin-when-cross-origin
      Content-Type:
      - application/json; charset=utf-8
      Vary:
      - Accept
      Etag:
      - W/"2638df9cff5a8b50bedc0f0229219734"
      Cache-Control:
      - max-age=0, private, must-revalidate
      X-Request-Id:
      - 9b6c5dd5-b354-4d62-a6d8-6e6b31d1f81f
      X-Runtime:
      - '0.008445'
      Transfer-Encoding:
      - chunked
      Via:
      - 1.1 vegur
    body:
      encoding: UTF-8
      string: '{"message":"''go on a walk'' added!"}'
  recorded_at: Sat, 14 Oct 2023 16:24:46 GMT
- request:
    method: post
    uri: https://ontrack-be-a58c9e421d34.herokuapp.com/api/v1/users/123/tasks?category=hobby&event_date=&frequency=once&mandatory=0&name=try%20macrame&notes=
    body:
      encoding: UTF-8
      string: ''
    headers:
      User-Agent:
      - Faraday v2.7.11
      Content-Length:
      - '0'
      Accept-Encoding:
      - gzip;q=1.0,deflate;q=0.6,identity;q=0.3
      Accept:
      - "*/*"
  response:
    status:
      code: 201
      message: Created
    headers:
      Server:
      - Cowboy
      Date:
      - Sat, 14 Oct 2023 16:24:46 GMT
      Connection:
      - keep-alive
      X-Frame-Options:
      - SAMEORIGIN
      X-Xss-Protection:
      - '0'
      X-Content-Type-Options:
      - nosniff
      X-Download-Options:
      - noopen
      X-Permitted-Cross-Domain-Policies:
      - none
      Referrer-Policy:
      - strict-origin-when-cross-origin
      Content-Type:
      - application/json; charset=utf-8
      Vary:
      - Accept
      Etag:
      - W/"28259a5426752adbab80fe59c592a37f"
      Cache-Control:
      - max-age=0, private, must-revalidate
      X-Request-Id:
      - ac46b41a-16d3-46a5-b387-b7ce156862e5
      X-Runtime:
      - '0.008721'
      Transfer-Encoding:
      - chunked
      Via:
      - 1.1 vegur
    body:
      encoding: UTF-8
      string: '{"message":"''try macrame'' added!"}'
  recorded_at: Sat, 14 Oct 2023 16:24:46 GMT
- request:
    method: post
    uri: https://ontrack-be-a58c9e421d34.herokuapp.com/api/v1/users/123/tasks?category=chore&event_date=&frequency=daily&mandatory=0&name=do%20the%20dishes&notes=
    body:
      encoding: UTF-8
      string: ''
    headers:
      User-Agent:
      - Faraday v2.7.11
      Content-Length:
      - '0'
      Accept-Encoding:
      - gzip;q=1.0,deflate;q=0.6,identity;q=0.3
      Accept:
      - "*/*"
  response:
    status:
      code: 201
      message: Created
    headers:
      Server:
      - Cowboy
      Date:
      - Sat, 14 Oct 2023 16:24:46 GMT
      Report-To:
      - '{"group":"heroku-nel","max_age":3600,"endpoints":[{"url":"https://nel.heroku.com/reports?ts=1697300686&sid=929419e7-33ea-4e2f-85f0-7d8b7cd5cbd6&s=x5iPCKom%2Fmn%2BKbcoirODJGrMQX1ZGcUEw5wEsUqp9Bc%3D"}]}'
      Reporting-Endpoints:
      - heroku-nel=https://nel.heroku.com/reports?ts=1697300686&sid=929419e7-33ea-4e2f-85f0-7d8b7cd5cbd6&s=x5iPCKom%2Fmn%2BKbcoirODJGrMQX1ZGcUEw5wEsUqp9Bc%3D
      Nel:
      - '{"report_to":"heroku-nel","max_age":3600,"success_fraction":0.005,"failure_fraction":0.05,"response_headers":["Via"]}'
      Connection:
      - keep-alive
      X-Frame-Options:
      - SAMEORIGIN
      X-Xss-Protection:
      - '0'
      X-Content-Type-Options:
      - nosniff
      X-Download-Options:
      - noopen
      X-Permitted-Cross-Domain-Policies:
      - none
      Referrer-Policy:
      - strict-origin-when-cross-origin
      Content-Type:
      - application/json; charset=utf-8
      Vary:
      - Accept
      Etag:
      - W/"537dad09722064138afb1afff244bdad"
      Cache-Control:
      - max-age=0, private, must-revalidate
      X-Request-Id:
      - 6c5ded67-a2f8-45a0-8f39-48456124a228
      X-Runtime:
      - '0.008429'
      Transfer-Encoding:
      - chunked
      Via:
      - 1.1 vegur
    body:
      encoding: UTF-8
      string: '{"message":"''do the dishes'' added!"}'
  recorded_at: Sat, 14 Oct 2023 16:24:46 GMT
- request:
    method: get
    uri: https://ontrack-be-a58c9e421d34.herokuapp.com/api/v1/users/123/tasks
    body:
      encoding: US-ASCII
      string: ''
    headers:
      User-Agent:
      - Faraday v2.7.11
      Accept-Encoding:
      - gzip;q=1.0,deflate;q=0.6,identity;q=0.3
      Accept:
      - "*/*"
  response:
    status:
      code: 200
      message: OK
    headers:
      Server:
      - Cowboy
      Date:
      - Sat, 14 Oct 2023 16:24:46 GMT
      Report-To:
      - '{"group":"heroku-nel","max_age":3600,"endpoints":[{"url":"https://nel.heroku.com/reports?ts=1697300687&sid=929419e7-33ea-4e2f-85f0-7d8b7cd5cbd6&s=rv1JU5myiIHoHpysPUkALAxDh%2BW1wsIWO1%2BlhWETUTM%3D"}]}'
      Reporting-Endpoints:
      - heroku-nel=https://nel.heroku.com/reports?ts=1697300687&sid=929419e7-33ea-4e2f-85f0-7d8b7cd5cbd6&s=rv1JU5myiIHoHpysPUkALAxDh%2BW1wsIWO1%2BlhWETUTM%3D
      Nel:
      - '{"report_to":"heroku-nel","max_age":3600,"success_fraction":0.005,"failure_fraction":0.05,"response_headers":["Via"]}'
      Connection:
      - keep-alive
      X-Frame-Options:
      - SAMEORIGIN
      X-Xss-Protection:
      - '0'
      X-Content-Type-Options:
      - nosniff
      X-Download-Options:
      - noopen
      X-Permitted-Cross-Domain-Policies:
      - none
      Referrer-Policy:
      - strict-origin-when-cross-origin
      Content-Type:
      - application/json; charset=utf-8
      Vary:
      - Accept
      Etag:
      - W/"bf8e204059bdab0192c4af5f5e0f307a"
      Cache-Control:
      - max-age=0, private, must-revalidate
      X-Request-Id:
      - 02b354de-0a77-4002-977b-768a1f495fb5
      X-Runtime:
      - '0.006127'
      Transfer-Encoding:
      - chunked
      Via:
      - 1.1 vegur
    body:
      encoding: UTF-8
      string: '{"data":[{"id":"2002","type":"task","attributes":{"name":"Take nice
        bath","category":"rest","mandatory":false,"event_date":"","frequency":"monthly","user_id":123,"notes":"Remember
        the fancy bathbombs under the cupboard, get a milkshake and light a candle","skipped":false,"image_url":null}},{"id":"2003","type":"task","attributes":{"name":"Meditate","category":"rest","mandatory":false,"event_date":"","frequency":"daily","user_id":123,"notes":"","skipped":false,"image_url":null}},{"id":"2004","type":"task","attributes":{"name":"Practice
        guitar","category":"hobby","mandatory":false,"event_date":"","frequency":"daily","user_id":123,"notes":"Do
        scale exercises, work through the books I bought","skipped":false,"image_url":null}},{"id":"2005","type":"task","attributes":{"name":"Practice
        drawing","category":"hobby","mandatory":false,"event_date":"","frequency":"daily","user_id":123,"notes":"Do
        some studies on hands and gestures","skipped":false,"image_url":null}},{"id":"2006","type":"task","attributes":{"name":"Take
        Vitamins","category":"chore","mandatory":true,"event_date":"","frequency":"daily","user_id":123,"notes":"flintstone
        gummies all dayeee","skipped":false,"image_url":null}},{"id":"2007","type":"task","attributes":{"name":"crochet","category":"hobby","mandatory":false,"event_date":"","frequency":"weekly","user_id":123,"notes":"granny
        squares","skipped":false,"image_url":null}},{"id":"2008","type":"task","attributes":{"name":"read
        a book","category":"rest","mandatory":false,"event_date":"","frequency":"daily","user_id":123,"notes":"smut","skipped":false,"image_url":null}},{"id":"2009","type":"task","attributes":{"name":"go
        on a walk","category":"rest","mandatory":false,"event_date":"","frequency":"daily","user_id":123,"notes":"","skipped":false,"image_url":null}},{"id":"2010","type":"task","attributes":{"name":"try
        macrame","category":"hobby","mandatory":false,"event_date":"","frequency":"once","user_id":123,"notes":"","skipped":false,"image_url":null}},{"id":"2011","type":"task","attributes":{"name":"do
        the dishes","category":"chore","mandatory":false,"event_date":"","frequency":"daily","user_id":123,"notes":"","skipped":false,"image_url":null}}]}'
  recorded_at: Sat, 14 Oct 2023 16:24:47 GMT
- request:
    method: get
    uri: https://ontrack-be-a58c9e421d34.herokuapp.com/api/v1/holidays
    body:
      encoding: US-ASCII
      string: ''
    headers:
      User-Agent:
      - Faraday v2.7.11
      Accept-Encoding:
      - gzip;q=1.0,deflate;q=0.6,identity;q=0.3
      Accept:
      - "*/*"
  response:
    status:
      code: 200
      message: OK
    headers:
      Server:
      - Cowboy
      Date:
      - Sat, 14 Oct 2023 16:24:46 GMT
      Report-To:
      - '{"group":"heroku-nel","max_age":3600,"endpoints":[{"url":"https://nel.heroku.com/reports?ts=1697300687&sid=929419e7-33ea-4e2f-85f0-7d8b7cd5cbd6&s=rv1JU5myiIHoHpysPUkALAxDh%2BW1wsIWO1%2BlhWETUTM%3D"}]}'
      Reporting-Endpoints:
      - heroku-nel=https://nel.heroku.com/reports?ts=1697300687&sid=929419e7-33ea-4e2f-85f0-7d8b7cd5cbd6&s=rv1JU5myiIHoHpysPUkALAxDh%2BW1wsIWO1%2BlhWETUTM%3D
      Nel:
      - '{"report_to":"heroku-nel","max_age":3600,"success_fraction":0.005,"failure_fraction":0.05,"response_headers":["Via"]}'
      Connection:
      - keep-alive
      X-Frame-Options:
      - SAMEORIGIN
      X-Xss-Protection:
      - '0'
      X-Content-Type-Options:
      - nosniff
      X-Download-Options:
      - noopen
      X-Permitted-Cross-Domain-Policies:
      - none
      Referrer-Policy:
      - strict-origin-when-cross-origin
      Content-Type:
      - application/json; charset=utf-8
      Vary:
      - Accept
      Etag:
      - W/"31a3104598e3b1bd4b7f896573a4f8ec"
      Cache-Control:
      - max-age=0, private, must-revalidate
      X-Request-Id:
      - a2c09b9c-defc-4127-b59f-1d6a561867d9
      X-Runtime:
      - '0.022304'
      Transfer-Encoding:
      - chunked
      Via:
      - 1.1 vegur
    body:
      encoding: UTF-8
      string: '{"data":[{"type":"holiday","attributes":{"name":"Veterans Day","date":"2023-11-10"}},{"type":"holiday","attributes":{"name":"Thanksgiving
        Day","date":"2023-11-23"}},{"type":"holiday","attributes":{"name":"Christmas
        Day","date":"2023-12-25"}}]}'
  recorded_at: Sat, 14 Oct 2023 16:24:47 GMT
- request:
    method: get
    uri: https://ontrack-be-a58c9e421d34.herokuapp.com/api/v1/users/123/daily_tasks/?mood=good
    body:
      encoding: US-ASCII
      string: ''
    headers:
      User-Agent:
      - Faraday v2.7.11
      Accept-Encoding:
      - gzip;q=1.0,deflate;q=0.6,identity;q=0.3
      Accept:
      - "*/*"
  response:
    status:
      code: 200
      message: OK
    headers:
      Server:
      - Cowboy
      Date:
      - Sat, 14 Oct 2023 16:24:47 GMT
      Connection:
      - keep-alive
      X-Frame-Options:
      - SAMEORIGIN
      X-Xss-Protection:
      - '0'
      X-Content-Type-Options:
      - nosniff
      X-Download-Options:
      - noopen
      X-Permitted-Cross-Domain-Policies:
      - none
      Referrer-Policy:
      - strict-origin-when-cross-origin
      Content-Type:
      - application/json; charset=utf-8
      Vary:
      - Accept
      Etag:
      - W/"d2620d2472af86218ad469693c8655e1"
      Cache-Control:
      - max-age=0, private, must-revalidate
      X-Request-Id:
      - 12e5093f-b539-481d-8696-713b19324361
      X-Runtime:
      - '0.010180'
      Transfer-Encoding:
      - chunked
      Via:
      - 1.1 vegur
    body:
      encoding: UTF-8
      string: '{"data":[{"id":"2006","type":"task","attributes":{"name":"Take Vitamins","category":"chore","mandatory":true,"event_date":"","frequency":"daily","user_id":123,"notes":"flintstone
        gummies all dayeee","skipped":false,"image_url":null}},{"id":"2011","type":"task","attributes":{"name":"do
        the dishes","category":"chore","mandatory":false,"event_date":"","frequency":"daily","user_id":123,"notes":"","skipped":false,"image_url":null}},{"id":"2004","type":"task","attributes":{"name":"Practice
        guitar","category":"hobby","mandatory":false,"event_date":"","frequency":"daily","user_id":123,"notes":"Do
        scale exercises, work through the books I bought","skipped":false,"image_url":null}},{"id":"2003","type":"task","attributes":{"name":"Meditate","category":"rest","mandatory":false,"event_date":"","frequency":"daily","user_id":123,"notes":"","skipped":false,"image_url":null}},{"id":"2005","type":"task","attributes":{"name":"Practice
        drawing","category":"hobby","mandatory":false,"event_date":"","frequency":"daily","user_id":123,"notes":"Do
        some studies on hands and gestures","skipped":false,"image_url":null}},{"id":"2008","type":"task","attributes":{"name":"read
        a book","category":"rest","mandatory":false,"event_date":"","frequency":"daily","user_id":123,"notes":"smut","skipped":false,"image_url":null}},{"id":"2007","type":"task","attributes":{"name":"crochet","category":"hobby","mandatory":false,"event_date":"","frequency":"weekly","user_id":123,"notes":"granny
        squares","skipped":false,"image_url":null}},{"id":"2009","type":"task","attributes":{"name":"go
        on a walk","category":"rest","mandatory":false,"event_date":"","frequency":"daily","user_id":123,"notes":"","skipped":false,"image_url":null}},{"id":"2010","type":"task","attributes":{"name":"try
        macrame","category":"hobby","mandatory":false,"event_date":"","frequency":"once","user_id":123,"notes":"","skipped":false,"image_url":null}}]}'
  recorded_at: Sat, 14 Oct 2023 16:24:47 GMT
- request:
    method: get
    uri: https://ontrack-be-a58c9e421d34.herokuapp.com/api/v1/holidays
    body:
      encoding: US-ASCII
      string: ''
    headers:
      User-Agent:
      - Faraday v2.7.11
      Accept-Encoding:
      - gzip;q=1.0,deflate;q=0.6,identity;q=0.3
      Accept:
      - "*/*"
  response:
    status:
      code: 200
      message: OK
    headers:
      Server:
      - Cowboy
      Date:
      - Sat, 14 Oct 2023 16:24:47 GMT
      Connection:
      - keep-alive
      X-Frame-Options:
      - SAMEORIGIN
      X-Xss-Protection:
      - '0'
      X-Content-Type-Options:
      - nosniff
      X-Download-Options:
      - noopen
      X-Permitted-Cross-Domain-Policies:
      - none
      Referrer-Policy:
      - strict-origin-when-cross-origin
      Content-Type:
      - application/json; charset=utf-8
      Vary:
      - Accept
      Etag:
      - W/"31a3104598e3b1bd4b7f896573a4f8ec"
      Cache-Control:
      - max-age=0, private, must-revalidate
      X-Request-Id:
      - d3fb1ab5-509b-4b5a-bc3e-f7e7786beb35
      X-Runtime:
      - '0.029018'
      Transfer-Encoding:
      - chunked
      Via:
      - 1.1 vegur
    body:
      encoding: UTF-8
      string: '{"data":[{"type":"holiday","attributes":{"name":"Veterans Day","date":"2023-11-10"}},{"type":"holiday","attributes":{"name":"Thanksgiving
        Day","date":"2023-11-23"}},{"type":"holiday","attributes":{"name":"Christmas
        Day","date":"2023-12-25"}}]}'
  recorded_at: Sat, 14 Oct 2023 16:24:47 GMT
- request:
    method: get
    uri: https://ontrack-be-a58c9e421d34.herokuapp.com/api/v1/users/123/daily_tasks/?mood=good
    body:
      encoding: US-ASCII
      string: ''
    headers:
      User-Agent:
      - Faraday v2.7.11
      Accept-Encoding:
      - gzip;q=1.0,deflate;q=0.6,identity;q=0.3
      Accept:
      - "*/*"
  response:
    status:
      code: 200
      message: OK
    headers:
      Server:
      - Cowboy
      Date:
      - Sat, 14 Oct 2023 16:24:47 GMT
      Connection:
      - keep-alive
      X-Frame-Options:
      - SAMEORIGIN
      X-Xss-Protection:
      - '0'
      X-Content-Type-Options:
      - nosniff
      X-Download-Options:
      - noopen
      X-Permitted-Cross-Domain-Policies:
      - none
      Referrer-Policy:
      - strict-origin-when-cross-origin
      Content-Type:
      - application/json; charset=utf-8
      Vary:
      - Accept
      Etag:
      - W/"3bb215be3f2edc66618db8807ce1bae1"
      Cache-Control:
      - max-age=0, private, must-revalidate
      X-Request-Id:
      - 34244fd7-17cf-4511-a72c-f39c016c3bac
      X-Runtime:
      - '0.009642'
      Transfer-Encoding:
      - chunked
      Via:
      - 1.1 vegur
    body:
      encoding: UTF-8
      string: '{"data":[{"id":"2006","type":"task","attributes":{"name":"Take Vitamins","category":"chore","mandatory":true,"event_date":"","frequency":"daily","user_id":123,"notes":"flintstone
        gummies all dayeee","skipped":false,"image_url":null}},{"id":"2011","type":"task","attributes":{"name":"do
        the dishes","category":"chore","mandatory":false,"event_date":"","frequency":"daily","user_id":123,"notes":"","skipped":false,"image_url":null}},{"id":"2005","type":"task","attributes":{"name":"Practice
        drawing","category":"hobby","mandatory":false,"event_date":"","frequency":"daily","user_id":123,"notes":"Do
        some studies on hands and gestures","skipped":false,"image_url":null}},{"id":"2008","type":"task","attributes":{"name":"read
        a book","category":"rest","mandatory":false,"event_date":"","frequency":"daily","user_id":123,"notes":"smut","skipped":false,"image_url":null}},{"id":"2007","type":"task","attributes":{"name":"crochet","category":"hobby","mandatory":false,"event_date":"","frequency":"weekly","user_id":123,"notes":"granny
        squares","skipped":false,"image_url":null}},{"id":"2009","type":"task","attributes":{"name":"go
        on a walk","category":"rest","mandatory":false,"event_date":"","frequency":"daily","user_id":123,"notes":"","skipped":false,"image_url":null}},{"id":"2010","type":"task","attributes":{"name":"try
        macrame","category":"hobby","mandatory":false,"event_date":"","frequency":"once","user_id":123,"notes":"","skipped":false,"image_url":null}}]}'
  recorded_at: Sat, 14 Oct 2023 16:24:48 GMT
- request:
    method: get
    uri: https://ontrack-be-a58c9e421d34.herokuapp.com/api/v1/users/123/tasks
    body:
      encoding: US-ASCII
      string: ''
    headers:
      User-Agent:
      - Faraday v2.7.11
      Accept-Encoding:
      - gzip;q=1.0,deflate;q=0.6,identity;q=0.3
      Accept:
      - "*/*"
  response:
    status:
      code: 200
      message: OK
    headers:
      Server:
      - Cowboy
      Date:
      - Sat, 14 Oct 2023 16:24:47 GMT
      Report-To:
      - '{"group":"heroku-nel","max_age":3600,"endpoints":[{"url":"https://nel.heroku.com/reports?ts=1697300688&sid=929419e7-33ea-4e2f-85f0-7d8b7cd5cbd6&s=q2naYK314AOEx%2BTrFZMqFK3M%2FUzjhLhL6eUr0UHo6Vc%3D"}]}'
      Reporting-Endpoints:
      - heroku-nel=https://nel.heroku.com/reports?ts=1697300688&sid=929419e7-33ea-4e2f-85f0-7d8b7cd5cbd6&s=q2naYK314AOEx%2BTrFZMqFK3M%2FUzjhLhL6eUr0UHo6Vc%3D
      Nel:
      - '{"report_to":"heroku-nel","max_age":3600,"success_fraction":0.005,"failure_fraction":0.05,"response_headers":["Via"]}'
      Connection:
      - keep-alive
      X-Frame-Options:
      - SAMEORIGIN
      X-Xss-Protection:
      - '0'
      X-Content-Type-Options:
      - nosniff
      X-Download-Options:
      - noopen
      X-Permitted-Cross-Domain-Policies:
      - none
      Referrer-Policy:
      - strict-origin-when-cross-origin
      Content-Type:
      - application/json; charset=utf-8
      Vary:
      - Accept
      Etag:
      - W/"756ac2629f7275c2b54c01a8203eece1"
      Cache-Control:
      - max-age=0, private, must-revalidate
      X-Request-Id:
      - e2e396f8-6f3c-414d-a9d2-809241f8e993
      X-Runtime:
      - '0.004627'
      Transfer-Encoding:
      - chunked
      Via:
      - 1.1 vegur
    body:
      encoding: UTF-8
      string: '{"data":[{"id":"2005","type":"task","attributes":{"name":"Practice
        drawing","category":"hobby","mandatory":false,"event_date":"","frequency":"daily","user_id":123,"notes":"Do
        some studies on hands and gestures","skipped":false,"image_url":null}},{"id":"2006","type":"task","attributes":{"name":"Take
        Vitamins","category":"chore","mandatory":true,"event_date":"","frequency":"daily","user_id":123,"notes":"flintstone
        gummies all dayeee","skipped":false,"image_url":null}},{"id":"2007","type":"task","attributes":{"name":"crochet","category":"hobby","mandatory":false,"event_date":"","frequency":"weekly","user_id":123,"notes":"granny
        squares","skipped":false,"image_url":null}},{"id":"2008","type":"task","attributes":{"name":"read
        a book","category":"rest","mandatory":false,"event_date":"","frequency":"daily","user_id":123,"notes":"smut","skipped":false,"image_url":null}},{"id":"2009","type":"task","attributes":{"name":"go
        on a walk","category":"rest","mandatory":false,"event_date":"","frequency":"daily","user_id":123,"notes":"","skipped":false,"image_url":null}},{"id":"2010","type":"task","attributes":{"name":"try
        macrame","category":"hobby","mandatory":false,"event_date":"","frequency":"once","user_id":123,"notes":"","skipped":false,"image_url":null}},{"id":"2011","type":"task","attributes":{"name":"do
        the dishes","category":"chore","mandatory":false,"event_date":"","frequency":"daily","user_id":123,"notes":"","skipped":false,"image_url":null}}]}'
  recorded_at: Sat, 14 Oct 2023 16:24:48 GMT
- request:
    method: delete
    uri: https://ontrack-be-a58c9e421d34.herokuapp.com/api/v1/users/123/tasks/2005
    body:
      encoding: US-ASCII
      string: ''
    headers:
      User-Agent:
      - Faraday v2.7.11
      Accept-Encoding:
      - gzip;q=1.0,deflate;q=0.6,identity;q=0.3
      Accept:
      - "*/*"
  response:
    status:
      code: 404
      message: Not Found
    headers:
      Server:
      - Cowboy
      Date:
      - Sat, 14 Oct 2023 16:24:48 GMT
      Report-To:
      - '{"group":"heroku-nel","max_age":3600,"endpoints":[{"url":"https://nel.heroku.com/reports?ts=1697300688&sid=929419e7-33ea-4e2f-85f0-7d8b7cd5cbd6&s=q2naYK314AOEx%2BTrFZMqFK3M%2FUzjhLhL6eUr0UHo6Vc%3D"}]}'
      Reporting-Endpoints:
      - heroku-nel=https://nel.heroku.com/reports?ts=1697300688&sid=929419e7-33ea-4e2f-85f0-7d8b7cd5cbd6&s=q2naYK314AOEx%2BTrFZMqFK3M%2FUzjhLhL6eUr0UHo6Vc%3D
      Nel:
      - '{"report_to":"heroku-nel","max_age":3600,"success_fraction":0.005,"failure_fraction":0.05,"response_headers":["Via"]}'
      Connection:
      - keep-alive
      X-Frame-Options:
      - SAMEORIGIN
      X-Xss-Protection:
      - '0'
      X-Content-Type-Options:
      - nosniff
      X-Download-Options:
      - noopen
      X-Permitted-Cross-Domain-Policies:
      - none
      Referrer-Policy:
      - strict-origin-when-cross-origin
      Content-Type:
      - application/json; charset=utf-8
      Vary:
      - Accept
      Cache-Control:
      - no-cache
      X-Request-Id:
      - 503e3a0c-6958-42f7-8c1a-493e3331dbe6
      X-Runtime:
      - '0.004151'
      Transfer-Encoding:
      - chunked
      Via:
      - 1.1 vegur
    body:
      encoding: UTF-8
      string: '{"errors":[{"detail":"Couldn''t find Task with ''id''=2005"}]}'
  recorded_at: Sat, 14 Oct 2023 16:24:48 GMT
- request:
    method: delete
    uri: https://ontrack-be-a58c9e421d34.herokuapp.com/api/v1/users/123/tasks/2006
    body:
      encoding: US-ASCII
      string: ''
    headers:
      User-Agent:
      - Faraday v2.7.11
      Accept-Encoding:
      - gzip;q=1.0,deflate;q=0.6,identity;q=0.3
      Accept:
      - "*/*"
  response:
    status:
      code: 404
      message: Not Found
    headers:
      Server:
      - Cowboy
      Date:
      - Sat, 14 Oct 2023 16:24:48 GMT
      Report-To:
      - '{"group":"heroku-nel","max_age":3600,"endpoints":[{"url":"https://nel.heroku.com/reports?ts=1697300688&sid=929419e7-33ea-4e2f-85f0-7d8b7cd5cbd6&s=q2naYK314AOEx%2BTrFZMqFK3M%2FUzjhLhL6eUr0UHo6Vc%3D"}]}'
      Reporting-Endpoints:
      - heroku-nel=https://nel.heroku.com/reports?ts=1697300688&sid=929419e7-33ea-4e2f-85f0-7d8b7cd5cbd6&s=q2naYK314AOEx%2BTrFZMqFK3M%2FUzjhLhL6eUr0UHo6Vc%3D
      Nel:
      - '{"report_to":"heroku-nel","max_age":3600,"success_fraction":0.005,"failure_fraction":0.05,"response_headers":["Via"]}'
      Connection:
      - keep-alive
      X-Frame-Options:
      - SAMEORIGIN
      X-Xss-Protection:
      - '0'
      X-Content-Type-Options:
      - nosniff
      X-Download-Options:
      - noopen
      X-Permitted-Cross-Domain-Policies:
      - none
      Referrer-Policy:
      - strict-origin-when-cross-origin
      Content-Type:
      - application/json; charset=utf-8
      Vary:
      - Accept
      Cache-Control:
      - no-cache
      X-Request-Id:
      - 737def74-efa2-4a39-ac92-7c40fdde2c16
      X-Runtime:
      - '0.003464'
      Transfer-Encoding:
      - chunked
      Via:
      - 1.1 vegur
    body:
      encoding: UTF-8
      string: '{"errors":[{"detail":"Couldn''t find Task with ''id''=2006"}]}'
  recorded_at: Sat, 14 Oct 2023 16:24:48 GMT
- request:
    method: delete
    uri: https://ontrack-be-a58c9e421d34.herokuapp.com/api/v1/users/123/tasks/2007
    body:
      encoding: US-ASCII
      string: ''
    headers:
      User-Agent:
      - Faraday v2.7.11
      Accept-Encoding:
      - gzip;q=1.0,deflate;q=0.6,identity;q=0.3
      Accept:
      - "*/*"
  response:
    status:
      code: 200
      message: OK
    headers:
      Server:
      - Cowboy
      Date:
      - Sat, 14 Oct 2023 16:24:48 GMT
      Report-To:
      - '{"group":"heroku-nel","max_age":3600,"endpoints":[{"url":"https://nel.heroku.com/reports?ts=1697300688&sid=929419e7-33ea-4e2f-85f0-7d8b7cd5cbd6&s=q2naYK314AOEx%2BTrFZMqFK3M%2FUzjhLhL6eUr0UHo6Vc%3D"}]}'
      Reporting-Endpoints:
      - heroku-nel=https://nel.heroku.com/reports?ts=1697300688&sid=929419e7-33ea-4e2f-85f0-7d8b7cd5cbd6&s=q2naYK314AOEx%2BTrFZMqFK3M%2FUzjhLhL6eUr0UHo6Vc%3D
      Nel:
      - '{"report_to":"heroku-nel","max_age":3600,"success_fraction":0.005,"failure_fraction":0.05,"response_headers":["Via"]}'
      Connection:
      - keep-alive
      X-Frame-Options:
      - SAMEORIGIN
      X-Xss-Protection:
      - '0'
      X-Content-Type-Options:
      - nosniff
      X-Download-Options:
      - noopen
      X-Permitted-Cross-Domain-Policies:
      - none
      Referrer-Policy:
      - strict-origin-when-cross-origin
      Content-Type:
      - application/json; charset=utf-8
      Vary:
      - Accept
      Etag:
      - W/"bfde28d1188d18646fe880f2c8d198e1"
      Cache-Control:
      - max-age=0, private, must-revalidate
      X-Request-Id:
      - e6555963-1f39-47c3-b847-7503980fd634
      X-Runtime:
      - '0.006897'
      Transfer-Encoding:
      - chunked
      Via:
      - 1.1 vegur
    body:
      encoding: UTF-8
      string: '{"message":"''crochet'' deleted."}'
  recorded_at: Sat, 14 Oct 2023 16:24:48 GMT
- request:
    method: delete
    uri: https://ontrack-be-a58c9e421d34.herokuapp.com/api/v1/users/123/tasks/2008
    body:
      encoding: US-ASCII
      string: ''
    headers:
      User-Agent:
      - Faraday v2.7.11
      Accept-Encoding:
      - gzip;q=1.0,deflate;q=0.6,identity;q=0.3
      Accept:
      - "*/*"
  response:
    status:
      code: 200
      message: OK
    headers:
      Server:
      - Cowboy
      Date:
      - Sat, 14 Oct 2023 16:24:48 GMT
      Connection:
      - keep-alive
      X-Frame-Options:
      - SAMEORIGIN
      X-Xss-Protection:
      - '0'
      X-Content-Type-Options:
      - nosniff
      X-Download-Options:
      - noopen
      X-Permitted-Cross-Domain-Policies:
      - none
      Referrer-Policy:
      - strict-origin-when-cross-origin
      Content-Type:
      - application/json; charset=utf-8
      Vary:
      - Accept
      Etag:
      - W/"910c649a1baa747a7f1ddce8662a94be"
      Cache-Control:
      - max-age=0, private, must-revalidate
      X-Request-Id:
      - d121eda5-9c6c-4a08-afb1-108d7f944ed1
      X-Runtime:
      - '0.007000'
      Transfer-Encoding:
      - chunked
      Via:
      - 1.1 vegur
    body:
      encoding: UTF-8
      string: '{"message":"''read a book'' deleted."}'
  recorded_at: Sat, 14 Oct 2023 16:24:49 GMT
- request:
    method: delete
    uri: https://ontrack-be-a58c9e421d34.herokuapp.com/api/v1/users/123/tasks/2009
    body:
      encoding: US-ASCII
      string: ''
    headers:
      User-Agent:
      - Faraday v2.7.11
      Accept-Encoding:
      - gzip;q=1.0,deflate;q=0.6,identity;q=0.3
      Accept:
      - "*/*"
  response:
    status:
      code: 200
      message: OK
    headers:
      Server:
      - Cowboy
      Date:
      - Sat, 14 Oct 2023 16:24:48 GMT
      Report-To:
      - '{"group":"heroku-nel","max_age":3600,"endpoints":[{"url":"https://nel.heroku.com/reports?ts=1697300689&sid=929419e7-33ea-4e2f-85f0-7d8b7cd5cbd6&s=cWKTLLPVQMz%2B%2B0acB3%2BqAQurid7gOCw3wbOgi95L6j8%3D"}]}'
      Reporting-Endpoints:
      - heroku-nel=https://nel.heroku.com/reports?ts=1697300689&sid=929419e7-33ea-4e2f-85f0-7d8b7cd5cbd6&s=cWKTLLPVQMz%2B%2B0acB3%2BqAQurid7gOCw3wbOgi95L6j8%3D
      Nel:
      - '{"report_to":"heroku-nel","max_age":3600,"success_fraction":0.005,"failure_fraction":0.05,"response_headers":["Via"]}'
      Connection:
      - keep-alive
      X-Frame-Options:
      - SAMEORIGIN
      X-Xss-Protection:
      - '0'
      X-Content-Type-Options:
      - nosniff
      X-Download-Options:
      - noopen
      X-Permitted-Cross-Domain-Policies:
      - none
      Referrer-Policy:
      - strict-origin-when-cross-origin
      Content-Type:
      - application/json; charset=utf-8
      Vary:
      - Accept
      Etag:
      - W/"615f665c4fbcc5cce0eda03b15cc9a31"
      Cache-Control:
      - max-age=0, private, must-revalidate
      X-Request-Id:
      - a3c432f7-c656-4cdf-bc49-a1a1a250706d
      X-Runtime:
      - '0.008025'
      Transfer-Encoding:
      - chunked
      Via:
      - 1.1 vegur
    body:
      encoding: UTF-8
      string: '{"message":"''go on a walk'' deleted."}'
  recorded_at: Sat, 14 Oct 2023 16:24:49 GMT
- request:
    method: delete
    uri: https://ontrack-be-a58c9e421d34.herokuapp.com/api/v1/users/123/tasks/2010
    body:
      encoding: US-ASCII
      string: ''
    headers:
      User-Agent:
      - Faraday v2.7.11
      Accept-Encoding:
      - gzip;q=1.0,deflate;q=0.6,identity;q=0.3
      Accept:
      - "*/*"
  response:
    status:
      code: 200
      message: OK
    headers:
      Server:
      - Cowboy
      Date:
      - Sat, 14 Oct 2023 16:24:49 GMT
      Report-To:
      - '{"group":"heroku-nel","max_age":3600,"endpoints":[{"url":"https://nel.heroku.com/reports?ts=1697300689&sid=929419e7-33ea-4e2f-85f0-7d8b7cd5cbd6&s=cWKTLLPVQMz%2B%2B0acB3%2BqAQurid7gOCw3wbOgi95L6j8%3D"}]}'
      Reporting-Endpoints:
      - heroku-nel=https://nel.heroku.com/reports?ts=1697300689&sid=929419e7-33ea-4e2f-85f0-7d8b7cd5cbd6&s=cWKTLLPVQMz%2B%2B0acB3%2BqAQurid7gOCw3wbOgi95L6j8%3D
      Nel:
      - '{"report_to":"heroku-nel","max_age":3600,"success_fraction":0.005,"failure_fraction":0.05,"response_headers":["Via"]}'
      Connection:
      - keep-alive
      X-Frame-Options:
      - SAMEORIGIN
      X-Xss-Protection:
      - '0'
      X-Content-Type-Options:
      - nosniff
      X-Download-Options:
      - noopen
      X-Permitted-Cross-Domain-Policies:
      - none
      Referrer-Policy:
      - strict-origin-when-cross-origin
      Content-Type:
      - application/json; charset=utf-8
      Vary:
      - Accept
      Etag:
      - W/"c128f3d0987af80b3b5bf3c63ffe2155"
      Cache-Control:
      - max-age=0, private, must-revalidate
      X-Request-Id:
      - 5b62ca39-5290-4d1d-9220-09ae24e26708
      X-Runtime:
      - '0.008151'
      Transfer-Encoding:
      - chunked
      Via:
      - 1.1 vegur
    body:
      encoding: UTF-8
      string: '{"message":"''try macrame'' deleted."}'
  recorded_at: Sat, 14 Oct 2023 16:24:49 GMT
- request:
    method: delete
    uri: https://ontrack-be-a58c9e421d34.herokuapp.com/api/v1/users/123/tasks/2011
    body:
      encoding: US-ASCII
      string: ''
    headers:
      User-Agent:
      - Faraday v2.7.11
      Accept-Encoding:
      - gzip;q=1.0,deflate;q=0.6,identity;q=0.3
      Accept:
      - "*/*"
  response:
    status:
      code: 200
      message: OK
    headers:
      Server:
      - Cowboy
      Date:
      - Sat, 14 Oct 2023 16:24:49 GMT
      Connection:
      - keep-alive
      X-Frame-Options:
      - SAMEORIGIN
      X-Xss-Protection:
      - '0'
      X-Content-Type-Options:
      - nosniff
      X-Download-Options:
      - noopen
      X-Permitted-Cross-Domain-Policies:
      - none
      Referrer-Policy:
      - strict-origin-when-cross-origin
      Content-Type:
      - application/json; charset=utf-8
      Vary:
      - Accept
      Etag:
      - W/"7771ddc0649563e0bb44ef553d2dca2e"
      Cache-Control:
      - max-age=0, private, must-revalidate
      X-Request-Id:
      - a996e906-03a3-42a5-a87c-326e7e4f95e8
      X-Runtime:
      - '0.007403'
      Transfer-Encoding:
      - chunked
      Via:
      - 1.1 vegur
    body:
      encoding: UTF-8
      string: '{"message":"''do the dishes'' deleted."}'
  recorded_at: Sat, 14 Oct 2023 16:24:49 GMT
- request:
    method: delete
    uri: https://ontrack-be-a58c9e421d34.herokuapp.com/api/v1/users/123/tasks/2002
    body:
      encoding: US-ASCII
      string: ''
    headers:
      User-Agent:
      - Faraday v2.7.11
      Accept-Encoding:
      - gzip;q=1.0,deflate;q=0.6,identity;q=0.3
      Accept:
      - "*/*"
  response:
    status:
      code: 404
      message: Not Found
    headers:
      Server:
      - Cowboy
      Date:
      - Sat, 14 Oct 2023 16:59:12 GMT
      Connection:
      - keep-alive
      X-Frame-Options:
      - SAMEORIGIN
      X-Xss-Protection:
      - '0'
      X-Content-Type-Options:
      - nosniff
      X-Download-Options:
      - noopen
      X-Permitted-Cross-Domain-Policies:
      - none
      Referrer-Policy:
      - strict-origin-when-cross-origin
      Content-Type:
      - application/json; charset=utf-8
      Vary:
      - Accept
      Cache-Control:
      - no-cache
      X-Request-Id:
      - 52a8ea6a-4fe9-4ae3-ac0a-2e72c81b140a
      X-Runtime:
      - '0.003799'
      Transfer-Encoding:
      - chunked
      Via:
      - 1.1 vegur
    body:
      encoding: UTF-8
      string: '{"errors":[{"detail":"Couldn''t find Task with ''id''=2002"}]}'
  recorded_at: Sat, 14 Oct 2023 16:59:12 GMT
- request:
    method: delete
    uri: https://ontrack-be-a58c9e421d34.herokuapp.com/api/v1/users/123/tasks/2003
    body:
      encoding: US-ASCII
      string: ''
    headers:
      User-Agent:
      - Faraday v2.7.11
      Accept-Encoding:
      - gzip;q=1.0,deflate;q=0.6,identity;q=0.3
      Accept:
      - "*/*"
  response:
    status:
      code: 404
      message: Not Found
    headers:
      Server:
      - Cowboy
      Date:
      - Sat, 14 Oct 2023 16:59:12 GMT
      Connection:
      - keep-alive
      X-Frame-Options:
      - SAMEORIGIN
      X-Xss-Protection:
      - '0'
      X-Content-Type-Options:
      - nosniff
      X-Download-Options:
      - noopen
      X-Permitted-Cross-Domain-Policies:
      - none
      Referrer-Policy:
      - strict-origin-when-cross-origin
      Content-Type:
      - application/json; charset=utf-8
      Vary:
      - Accept
      Cache-Control:
      - no-cache
      X-Request-Id:
      - bc0806f2-57a6-4d75-8ca0-c6e9ddce5b9c
      X-Runtime:
      - '0.003275'
      Transfer-Encoding:
      - chunked
      Via:
      - 1.1 vegur
    body:
      encoding: UTF-8
      string: '{"errors":[{"detail":"Couldn''t find Task with ''id''=2003"}]}'
  recorded_at: Sat, 14 Oct 2023 16:59:12 GMT
- request:
    method: delete
    uri: https://ontrack-be-a58c9e421d34.herokuapp.com/api/v1/users/123/tasks/2004
    body:
      encoding: US-ASCII
      string: ''
    headers:
      User-Agent:
      - Faraday v2.7.11
      Accept-Encoding:
      - gzip;q=1.0,deflate;q=0.6,identity;q=0.3
      Accept:
      - "*/*"
  response:
    status:
      code: 404
      message: Not Found
    headers:
      Server:
      - Cowboy
      Date:
      - Sat, 14 Oct 2023 16:59:12 GMT
      Connection:
      - keep-alive
      X-Frame-Options:
      - SAMEORIGIN
      X-Xss-Protection:
      - '0'
      X-Content-Type-Options:
      - nosniff
      X-Download-Options:
      - noopen
      X-Permitted-Cross-Domain-Policies:
      - none
      Referrer-Policy:
      - strict-origin-when-cross-origin
      Content-Type:
      - application/json; charset=utf-8
      Vary:
      - Accept
      Cache-Control:
      - no-cache
      X-Request-Id:
      - 43befeb9-8ef1-4244-a92c-ea9feb6f441c
      X-Runtime:
      - '0.003292'
      Transfer-Encoding:
      - chunked
      Via:
      - 1.1 vegur
    body:
      encoding: UTF-8
      string: '{"errors":[{"detail":"Couldn''t find Task with ''id''=2004"}]}'
  recorded_at: Sat, 14 Oct 2023 16:59:12 GMT
- request:
    method: delete
    uri: https://ontrack-be-a58c9e421d34.herokuapp.com/api/v1/users/123/tasks/2002
    body:
      encoding: US-ASCII
      string: ''
    headers:
      User-Agent:
      - Faraday v2.7.11
      Accept-Encoding:
      - gzip;q=1.0,deflate;q=0.6,identity;q=0.3
      Accept:
      - "*/*"
  response:
    status:
      code: 404
      message: Not Found
    headers:
      Server:
      - Cowboy
      Date:
      - Sat, 14 Oct 2023 17:01:42 GMT
      Report-To:
      - '{"group":"heroku-nel","max_age":3600,"endpoints":[{"url":"https://nel.heroku.com/reports?ts=1697302902&sid=929419e7-33ea-4e2f-85f0-7d8b7cd5cbd6&s=JzSCxPf9WnnHpPr64a8HaLtxViDEehPf%2BUTLkDmC9ns%3D"}]}'
      Reporting-Endpoints:
      - heroku-nel=https://nel.heroku.com/reports?ts=1697302902&sid=929419e7-33ea-4e2f-85f0-7d8b7cd5cbd6&s=JzSCxPf9WnnHpPr64a8HaLtxViDEehPf%2BUTLkDmC9ns%3D
      Nel:
      - '{"report_to":"heroku-nel","max_age":3600,"success_fraction":0.005,"failure_fraction":0.05,"response_headers":["Via"]}'
      Connection:
      - keep-alive
      X-Frame-Options:
      - SAMEORIGIN
      X-Xss-Protection:
      - '0'
      X-Content-Type-Options:
      - nosniff
      X-Download-Options:
      - noopen
      X-Permitted-Cross-Domain-Policies:
      - none
      Referrer-Policy:
      - strict-origin-when-cross-origin
      Content-Type:
      - application/json; charset=utf-8
      Vary:
      - Accept
      Cache-Control:
      - no-cache
      X-Request-Id:
      - 1e829b9e-1295-4a2b-9ef4-057b81c59b57
      X-Runtime:
      - '0.003515'
      Transfer-Encoding:
      - chunked
      Via:
      - 1.1 vegur
    body:
      encoding: UTF-8
      string: '{"errors":[{"detail":"Couldn''t find Task with ''id''=2002"}]}'
  recorded_at: Sat, 14 Oct 2023 17:01:42 GMT
- request:
    method: delete
    uri: https://ontrack-be-a58c9e421d34.herokuapp.com/api/v1/users/123/tasks/2002
    body:
      encoding: US-ASCII
      string: ''
    headers:
      User-Agent:
      - Faraday v2.7.11
      Accept-Encoding:
      - gzip;q=1.0,deflate;q=0.6,identity;q=0.3
      Accept:
      - "*/*"
  response:
    status:
      code: 404
      message: Not Found
    headers:
      Server:
      - Cowboy
      Date:
      - Sat, 14 Oct 2023 17:02:03 GMT
      Connection:
      - keep-alive
      X-Frame-Options:
      - SAMEORIGIN
      X-Xss-Protection:
      - '0'
      X-Content-Type-Options:
      - nosniff
      X-Download-Options:
      - noopen
      X-Permitted-Cross-Domain-Policies:
      - none
      Referrer-Policy:
      - strict-origin-when-cross-origin
      Content-Type:
      - application/json; charset=utf-8
      Vary:
      - Accept
      Cache-Control:
      - no-cache
      X-Request-Id:
      - 920a2fe8-89f0-4a20-9693-b03a92231fef
      X-Runtime:
      - '0.004090'
      Transfer-Encoding:
      - chunked
      Via:
      - 1.1 vegur
    body:
      encoding: UTF-8
      string: '{"errors":[{"detail":"Couldn''t find Task with ''id''=2002"}]}'
  recorded_at: Sat, 14 Oct 2023 17:02:04 GMT
recorded_with: VCR 6.2.0
