---
http_interactions:
- request:
    method: get
    uri: https://ontrack-be-a58c9e421d34.herokuapp.com/api/v1/holidays
    body:
      encoding: US-ASCII
      string: ''
    headers:
      User-Agent:
      - Faraday v2.7.11
      Accept-Encoding:
      - gzip;q=1.0,deflate;q=0.6,identity;q=0.3
      Accept:
      - "*/*"
  response:
    status:
      code: 200
      message: OK
    headers:
      Server:
      - Cowboy
      Date:
      - Wed, 20 Sep 2023 23:04:49 GMT
      Connection:
      - keep-alive
      X-Frame-Options:
      - SAMEORIGIN
      X-Xss-Protection:
      - '0'
      X-Content-Type-Options:
      - nosniff
      X-Download-Options:
      - noopen
      X-Permitted-Cross-Domain-Policies:
      - none
      Referrer-Policy:
      - strict-origin-when-cross-origin
      Content-Type:
      - application/json; charset=utf-8
      Vary:
      - Accept
      Etag:
      - W/"129959a1fdf972341273461aaa7e5be4"
      Cache-Control:
      - max-age=0, private, must-revalidate
      X-Request-Id:
      - 1854f3c2-16b5-4b84-a117-ac5b727d469a
      X-Runtime:
      - '0.021692'
      Transfer-Encoding:
      - chunked
      Via:
      - 1.1 vegur
    body:
      encoding: UTF-8
      string: '{"data":[{"type":"holiday","attributes":{"name":"Columbus Day","date":"2023-10-09"}},{"type":"holiday","attributes":{"name":"Veterans
        Day","date":"2023-11-10"}},{"type":"holiday","attributes":{"name":"Thanksgiving
        Day","date":"2023-11-23"}}]}'
  recorded_at: Wed, 20 Sep 2023 23:04:49 GMT
- request:
    method: get
    uri: https://ontrack-be-a58c9e421d34.herokuapp.com/api/v1/users/123/daily_tasks/?mood
    body:
      encoding: US-ASCII
      string: ''
    headers:
      User-Agent:
      - Faraday v2.7.11
      Accept-Encoding:
      - gzip;q=1.0,deflate;q=0.6,identity;q=0.3
      Accept:
      - "*/*"
  response:
    status:
      code: 200
      message: OK
    headers:
      Server:
      - Cowboy
      Date:
      - Thu, 21 Sep 2023 00:24:09 GMT
      Connection:
      - keep-alive
      X-Frame-Options:
      - SAMEORIGIN
      X-Xss-Protection:
      - '0'
      X-Content-Type-Options:
      - nosniff
      X-Download-Options:
      - noopen
      X-Permitted-Cross-Domain-Policies:
      - none
      Referrer-Policy:
      - strict-origin-when-cross-origin
      Content-Type:
      - application/json; charset=utf-8
      Vary:
      - Accept
      Etag:
      - W/"8fe32e407a1038ee38753b70e5374b3a"
      Cache-Control:
      - max-age=0, private, must-revalidate
      X-Request-Id:
      - 4168077f-55ab-43e3-bfd5-6e14a3c6f3e2
      X-Runtime:
      - '0.009555'
      Transfer-Encoding:
      - chunked
      Via:
      - 1.1 vegur
    body:
      encoding: UTF-8
      string: '{"data":[]}'
  recorded_at: Thu, 21 Sep 2023 00:24:09 GMT
- request:
    method: post
    uri: https://ontrack-be-a58c9e421d34.herokuapp.com/api/v1/users/123/tasks?category=chore&event_date=&frequency=daily&mandatory=1&name=Take%20Vitamins&notes=flintstone%20gummies%20all%20dayeee&time_needed=5
    body:
      encoding: UTF-8
      string: ''
    headers:
      User-Agent:
      - Faraday v2.7.11
      Content-Length:
      - '0'
      Accept-Encoding:
      - gzip;q=1.0,deflate;q=0.6,identity;q=0.3
      Accept:
      - "*/*"
  response:
    status:
      code: 201
      message: Created
    headers:
      Server:
      - Cowboy
      Date:
      - Thu, 21 Sep 2023 00:24:08 GMT
      Connection:
      - keep-alive
      X-Frame-Options:
      - SAMEORIGIN
      X-Xss-Protection:
      - '0'
      X-Content-Type-Options:
      - nosniff
      X-Download-Options:
      - noopen
      X-Permitted-Cross-Domain-Policies:
      - none
      Referrer-Policy:
      - strict-origin-when-cross-origin
      Content-Type:
      - application/json; charset=utf-8
      Vary:
      - Accept
      Etag:
      - W/"dc487b8089b13547f16357043cceb0a1"
      Cache-Control:
      - max-age=0, private, must-revalidate
      X-Request-Id:
      - e8bce85e-97cf-4a4a-ab13-e7b0430dc748
      X-Runtime:
      - '0.010427'
      Transfer-Encoding:
      - chunked
      Via:
      - 1.1 vegur
    body:
      encoding: UTF-8
      string: '{"message":"''Take Vitamins'' added!"}'
  recorded_at: Thu, 21 Sep 2023 00:24:09 GMT
- request:
    method: post
    uri: https://ontrack-be-a58c9e421d34.herokuapp.com/api/v1/users/123/tasks?category=hobby&event_date=&frequency=weekly&mandatory=0&name=crochet&notes=granny%20squares&time_needed=60
    body:
      encoding: UTF-8
      string: ''
    headers:
      User-Agent:
      - Faraday v2.7.11
      Content-Length:
      - '0'
      Accept-Encoding:
      - gzip;q=1.0,deflate;q=0.6,identity;q=0.3
      Accept:
      - "*/*"
  response:
    status:
      code: 201
      message: Created
    headers:
      Server:
      - Cowboy
      Date:
      - Thu, 21 Sep 2023 00:24:09 GMT
      Connection:
      - keep-alive
      X-Frame-Options:
      - SAMEORIGIN
      X-Xss-Protection:
      - '0'
      X-Content-Type-Options:
      - nosniff
      X-Download-Options:
      - noopen
      X-Permitted-Cross-Domain-Policies:
      - none
      Referrer-Policy:
      - strict-origin-when-cross-origin
      Content-Type:
      - application/json; charset=utf-8
      Vary:
      - Accept
      Etag:
      - W/"fc5d1ed9e72efb216a0560d213c4832e"
      Cache-Control:
      - max-age=0, private, must-revalidate
      X-Request-Id:
      - 19995d3a-d808-4418-ad33-5457515411bb
      X-Runtime:
      - '0.009295'
      Transfer-Encoding:
      - chunked
      Via:
      - 1.1 vegur
    body:
      encoding: UTF-8
      string: '{"message":"''crochet'' added!"}'
  recorded_at: Thu, 21 Sep 2023 00:24:10 GMT
- request:
    method: post
    uri: https://ontrack-be-a58c9e421d34.herokuapp.com/api/v1/users/123/tasks?category=rest&event_date=&frequency=daily&mandatory=0&name=read%20a%20book&notes=smut&time_needed=45
    body:
      encoding: UTF-8
      string: ''
    headers:
      User-Agent:
      - Faraday v2.7.11
      Content-Length:
      - '0'
      Accept-Encoding:
      - gzip;q=1.0,deflate;q=0.6,identity;q=0.3
      Accept:
      - "*/*"
  response:
    status:
      code: 201
      message: Created
    headers:
      Server:
      - Cowboy
      Date:
      - Thu, 21 Sep 2023 00:24:10 GMT
      Connection:
      - keep-alive
      X-Frame-Options:
      - SAMEORIGIN
      X-Xss-Protection:
      - '0'
      X-Content-Type-Options:
      - nosniff
      X-Download-Options:
      - noopen
      X-Permitted-Cross-Domain-Policies:
      - none
      Referrer-Policy:
      - strict-origin-when-cross-origin
      Content-Type:
      - application/json; charset=utf-8
      Vary:
      - Accept
      Etag:
      - W/"ffd92c2936995dba96227e4d89905666"
      Cache-Control:
      - max-age=0, private, must-revalidate
      X-Request-Id:
      - 85bf57e3-8224-488d-b1dd-713d41a7e055
      X-Runtime:
      - '0.009020'
      Transfer-Encoding:
      - chunked
      Via:
      - 1.1 vegur
    body:
      encoding: UTF-8
      string: '{"message":"''read a book'' added!"}'
  recorded_at: Thu, 21 Sep 2023 00:24:10 GMT
- request:
    method: post
    uri: https://ontrack-be-a58c9e421d34.herokuapp.com/api/v1/users/123/tasks?category=rest&event_date=&frequency=daily&mandatory=1&name=go%20on%20a%20walk&notes=&time_needed=30
    body:
      encoding: UTF-8
      string: ''
    headers:
      User-Agent:
      - Faraday v2.7.11
      Content-Length:
      - '0'
      Accept-Encoding:
      - gzip;q=1.0,deflate;q=0.6,identity;q=0.3
      Accept:
      - "*/*"
  response:
    status:
      code: 201
      message: Created
    headers:
      Server:
      - Cowboy
      Date:
      - Thu, 21 Sep 2023 00:24:10 GMT
      Connection:
      - keep-alive
      X-Frame-Options:
      - SAMEORIGIN
      X-Xss-Protection:
      - '0'
      X-Content-Type-Options:
      - nosniff
      X-Download-Options:
      - noopen
      X-Permitted-Cross-Domain-Policies:
      - none
      Referrer-Policy:
      - strict-origin-when-cross-origin
      Content-Type:
      - application/json; charset=utf-8
      Vary:
      - Accept
      Etag:
      - W/"2638df9cff5a8b50bedc0f0229219734"
      Cache-Control:
      - max-age=0, private, must-revalidate
      X-Request-Id:
      - 2dc68d8e-fe7f-4be9-8b12-e60ff317646d
      X-Runtime:
      - '0.011736'
      Transfer-Encoding:
      - chunked
      Via:
      - 1.1 vegur
    body:
      encoding: UTF-8
      string: '{"message":"''go on a walk'' added!"}'
  recorded_at: Thu, 21 Sep 2023 00:24:10 GMT
- request:
    method: post
    uri: https://ontrack-be-a58c9e421d34.herokuapp.com/api/v1/users/123/tasks?category=hobby&event_date=&frequency=monthly&mandatory=0&name=practice%20juggling&notes=bowling%20balls,%20bowling%20pins&time_needed=15
    body:
      encoding: UTF-8
      string: ''
    headers:
      User-Agent:
      - Faraday v2.7.11
      Content-Length:
      - '0'
      Accept-Encoding:
      - gzip;q=1.0,deflate;q=0.6,identity;q=0.3
      Accept:
      - "*/*"
  response:
    status:
      code: 201
      message: Created
    headers:
      Server:
      - Cowboy
      Date:
      - Thu, 21 Sep 2023 00:24:10 GMT
      Connection:
      - keep-alive
      X-Frame-Options:
      - SAMEORIGIN
      X-Xss-Protection:
      - '0'
      X-Content-Type-Options:
      - nosniff
      X-Download-Options:
      - noopen
      X-Permitted-Cross-Domain-Policies:
      - none
      Referrer-Policy:
      - strict-origin-when-cross-origin
      Content-Type:
      - application/json; charset=utf-8
      Vary:
      - Accept
      Etag:
      - W/"0a807baebb00584bac10fa68a35503de"
      Cache-Control:
      - max-age=0, private, must-revalidate
      X-Request-Id:
      - eb83ce13-2283-4db3-bb66-fbb6fc74b3f2
      X-Runtime:
      - '0.009014'
      Transfer-Encoding:
      - chunked
      Via:
      - 1.1 vegur
    body:
      encoding: UTF-8
      string: '{"message":"''practice juggling'' added!"}'
  recorded_at: Thu, 21 Sep 2023 00:24:11 GMT
- request:
    method: post
    uri: https://ontrack-be-a58c9e421d34.herokuapp.com/api/v1/users/123/tasks?category=chore&event_date=&frequency=daily&mandatory=0&name=do%20the%20dishes&notes=&time_needed=15
    body:
      encoding: UTF-8
      string: ''
    headers:
      User-Agent:
      - Faraday v2.7.11
      Content-Length:
      - '0'
      Accept-Encoding:
      - gzip;q=1.0,deflate;q=0.6,identity;q=0.3
      Accept:
      - "*/*"
  response:
    status:
      code: 201
      message: Created
    headers:
      Server:
      - Cowboy
      Date:
      - Thu, 21 Sep 2023 00:24:11 GMT
      Connection:
      - keep-alive
      X-Frame-Options:
      - SAMEORIGIN
      X-Xss-Protection:
      - '0'
      X-Content-Type-Options:
      - nosniff
      X-Download-Options:
      - noopen
      X-Permitted-Cross-Domain-Policies:
      - none
      Referrer-Policy:
      - strict-origin-when-cross-origin
      Content-Type:
      - application/json; charset=utf-8
      Vary:
      - Accept
      Etag:
      - W/"537dad09722064138afb1afff244bdad"
      Cache-Control:
      - max-age=0, private, must-revalidate
      X-Request-Id:
      - 331bfc67-28c9-4185-98b5-eaf378fa3799
      X-Runtime:
      - '0.009001'
      Transfer-Encoding:
      - chunked
      Via:
      - 1.1 vegur
    body:
      encoding: UTF-8
      string: '{"message":"''do the dishes'' added!"}'
  recorded_at: Thu, 21 Sep 2023 00:24:11 GMT
- request:
    method: get
    uri: https://ontrack-be-a58c9e421d34.herokuapp.com/api/v1/users/123/tasks
    body:
      encoding: US-ASCII
      string: ''
    headers:
      User-Agent:
      - Faraday v2.7.11
      Accept-Encoding:
      - gzip;q=1.0,deflate;q=0.6,identity;q=0.3
      Accept:
      - "*/*"
  response:
    status:
      code: 200
      message: OK
    headers:
      Server:
      - Cowboy
      Date:
      - Thu, 21 Sep 2023 00:24:11 GMT
      Connection:
      - keep-alive
      X-Frame-Options:
      - SAMEORIGIN
      X-Xss-Protection:
      - '0'
      X-Content-Type-Options:
      - nosniff
      X-Download-Options:
      - noopen
      X-Permitted-Cross-Domain-Policies:
      - none
      Referrer-Policy:
      - strict-origin-when-cross-origin
      Content-Type:
      - application/json; charset=utf-8
      Vary:
      - Accept
      Etag:
      - W/"59b9232e57d055858ea1a77d03bc05c2"
      Cache-Control:
      - max-age=0, private, must-revalidate
      X-Request-Id:
      - d711734b-de0c-44a9-bb90-f888feb1bb2d
      X-Runtime:
      - '0.004348'
      Transfer-Encoding:
      - chunked
      Via:
      - 1.1 vegur
    body:
      encoding: UTF-8
      string: '{"data":[{"id":"728","type":"task","attributes":{"name":"Take Vitamins","category":"chore","mandatory":true,"event_date":"","frequency":"daily","time_needed":5,"user_id":123,"notes":"flintstone
        gummies all dayeee","skipped":false}},{"id":"729","type":"task","attributes":{"name":"crochet","category":"hobby","mandatory":false,"event_date":"","frequency":"weekly","time_needed":60,"user_id":123,"notes":"granny
        squares","skipped":false}},{"id":"730","type":"task","attributes":{"name":"read
        a book","category":"rest","mandatory":false,"event_date":"","frequency":"daily","time_needed":45,"user_id":123,"notes":"smut","skipped":false}},{"id":"731","type":"task","attributes":{"name":"go
        on a walk","category":"rest","mandatory":true,"event_date":"","frequency":"daily","time_needed":30,"user_id":123,"notes":"","skipped":false}},{"id":"732","type":"task","attributes":{"name":"practice
        juggling","category":"hobby","mandatory":false,"event_date":"","frequency":"monthly","time_needed":15,"user_id":123,"notes":"bowling
        balls, bowling pins","skipped":false}},{"id":"733","type":"task","attributes":{"name":"do
        the dishes","category":"chore","mandatory":false,"event_date":"","frequency":"daily","time_needed":15,"user_id":123,"notes":"","skipped":false}}]}'
  recorded_at: Thu, 21 Sep 2023 00:24:12 GMT
- request:
    method: get
    uri: https://ontrack-be-a58c9e421d34.herokuapp.com/api/v1/users/123/daily_tasks/?mood=good
    body:
      encoding: US-ASCII
      string: ''
    headers:
      User-Agent:
      - Faraday v2.7.11
      Accept-Encoding:
      - gzip;q=1.0,deflate;q=0.6,identity;q=0.3
      Accept:
      - "*/*"
  response:
    status:
      code: 200
      message: OK
    headers:
      Server:
      - Cowboy
      Date:
      - Thu, 21 Sep 2023 00:24:11 GMT
      Connection:
      - keep-alive
      X-Frame-Options:
      - SAMEORIGIN
      X-Xss-Protection:
      - '0'
      X-Content-Type-Options:
      - nosniff
      X-Download-Options:
      - noopen
      X-Permitted-Cross-Domain-Policies:
      - none
      Referrer-Policy:
      - strict-origin-when-cross-origin
      Content-Type:
      - application/json; charset=utf-8
      Vary:
      - Accept
      Etag:
      - W/"411f29cb111a32a08f06fb97d17e2590"
      Cache-Control:
      - max-age=0, private, must-revalidate
      X-Request-Id:
      - 7f7bec7d-a28d-4ee5-90a1-32d735f7afdf
      X-Runtime:
      - '0.010648'
      Transfer-Encoding:
      - chunked
      Via:
      - 1.1 vegur
    body:
      encoding: UTF-8
      string: '{"data":[{"id":"728","type":"task","attributes":{"name":"Take Vitamins","category":"chore","mandatory":true,"event_date":"","frequency":"daily","time_needed":5,"user_id":123,"notes":"flintstone
        gummies all dayeee","skipped":false}},{"id":"731","type":"task","attributes":{"name":"go
        on a walk","category":"rest","mandatory":true,"event_date":"","frequency":"daily","time_needed":30,"user_id":123,"notes":"","skipped":false}},{"id":"733","type":"task","attributes":{"name":"do
        the dishes","category":"chore","mandatory":false,"event_date":"","frequency":"daily","time_needed":15,"user_id":123,"notes":"","skipped":false}},{"id":"729","type":"task","attributes":{"name":"crochet","category":"hobby","mandatory":false,"event_date":"","frequency":"weekly","time_needed":60,"user_id":123,"notes":"granny
        squares","skipped":false}},{"id":"732","type":"task","attributes":{"name":"practice
        juggling","category":"hobby","mandatory":false,"event_date":"","frequency":"monthly","time_needed":15,"user_id":123,"notes":"bowling
        balls, bowling pins","skipped":false}}]}'
  recorded_at: Thu, 21 Sep 2023 00:24:12 GMT
- request:
    method: get
    uri: https://ontrack-be-a58c9e421d34.herokuapp.com/api/v1/users/123/daily_tasks/?mood=good
    body:
      encoding: US-ASCII
      string: ''
    headers:
      User-Agent:
      - Faraday v2.7.11
      Accept-Encoding:
      - gzip;q=1.0,deflate;q=0.6,identity;q=0.3
      Accept:
      - "*/*"
  response:
    status:
      code: 200
      message: OK
    headers:
      Server:
      - Cowboy
      Date:
      - Thu, 21 Sep 2023 00:24:12 GMT
      Connection:
      - keep-alive
      X-Frame-Options:
      - SAMEORIGIN
      X-Xss-Protection:
      - '0'
      X-Content-Type-Options:
      - nosniff
      X-Download-Options:
      - noopen
      X-Permitted-Cross-Domain-Policies:
      - none
      Referrer-Policy:
      - strict-origin-when-cross-origin
      Content-Type:
      - application/json; charset=utf-8
      Vary:
      - Accept
      Etag:
      - W/"411f29cb111a32a08f06fb97d17e2590"
      Cache-Control:
      - max-age=0, private, must-revalidate
      X-Request-Id:
      - daa93439-82d9-4ad5-893d-626b13e50799
      X-Runtime:
      - '0.010216'
      Transfer-Encoding:
      - chunked
      Via:
      - 1.1 vegur
    body:
      encoding: UTF-8
      string: '{"data":[{"id":"728","type":"task","attributes":{"name":"Take Vitamins","category":"chore","mandatory":true,"event_date":"","frequency":"daily","time_needed":5,"user_id":123,"notes":"flintstone
        gummies all dayeee","skipped":false}},{"id":"731","type":"task","attributes":{"name":"go
        on a walk","category":"rest","mandatory":true,"event_date":"","frequency":"daily","time_needed":30,"user_id":123,"notes":"","skipped":false}},{"id":"733","type":"task","attributes":{"name":"do
        the dishes","category":"chore","mandatory":false,"event_date":"","frequency":"daily","time_needed":15,"user_id":123,"notes":"","skipped":false}},{"id":"729","type":"task","attributes":{"name":"crochet","category":"hobby","mandatory":false,"event_date":"","frequency":"weekly","time_needed":60,"user_id":123,"notes":"granny
        squares","skipped":false}},{"id":"732","type":"task","attributes":{"name":"practice
        juggling","category":"hobby","mandatory":false,"event_date":"","frequency":"monthly","time_needed":15,"user_id":123,"notes":"bowling
        balls, bowling pins","skipped":false}}]}'
  recorded_at: Thu, 21 Sep 2023 00:24:12 GMT
- request:
    method: delete
    uri: https://ontrack-be-a58c9e421d34.herokuapp.com/api/v1/users/123/tasks/728
    body:
      encoding: US-ASCII
      string: ''
    headers:
      User-Agent:
      - Faraday v2.7.11
      Accept-Encoding:
      - gzip;q=1.0,deflate;q=0.6,identity;q=0.3
      Accept:
      - "*/*"
  response:
    status:
      code: 200
      message: OK
    headers:
      Server:
      - Cowboy
      Date:
      - Thu, 21 Sep 2023 00:24:12 GMT
      Connection:
      - keep-alive
      X-Frame-Options:
      - SAMEORIGIN
      X-Xss-Protection:
      - '0'
      X-Content-Type-Options:
      - nosniff
      X-Download-Options:
      - noopen
      X-Permitted-Cross-Domain-Policies:
      - none
      Referrer-Policy:
      - strict-origin-when-cross-origin
      Content-Type:
      - application/json; charset=utf-8
      Vary:
      - Accept
      Etag:
      - W/"3c34faca09aa8671bd5933e01c04e61a"
      Cache-Control:
      - max-age=0, private, must-revalidate
      X-Request-Id:
      - f14c9e0d-4dc3-45a1-be29-8e22f3024529
      X-Runtime:
      - '0.007867'
      Transfer-Encoding:
      - chunked
      Via:
      - 1.1 vegur
    body:
      encoding: UTF-8
      string: '{"message":"''Take Vitamins'' deleted."}'
  recorded_at: Thu, 21 Sep 2023 00:24:13 GMT
- request:
    method: delete
    uri: https://ontrack-be-a58c9e421d34.herokuapp.com/api/v1/users/123/tasks/729
    body:
      encoding: US-ASCII
      string: ''
    headers:
      User-Agent:
      - Faraday v2.7.11
      Accept-Encoding:
      - gzip;q=1.0,deflate;q=0.6,identity;q=0.3
      Accept:
      - "*/*"
  response:
    status:
      code: 200
      message: OK
    headers:
      Server:
      - Cowboy
      Date:
      - Thu, 21 Sep 2023 00:24:13 GMT
      Connection:
      - keep-alive
      X-Frame-Options:
      - SAMEORIGIN
      X-Xss-Protection:
      - '0'
      X-Content-Type-Options:
      - nosniff
      X-Download-Options:
      - noopen
      X-Permitted-Cross-Domain-Policies:
      - none
      Referrer-Policy:
      - strict-origin-when-cross-origin
      Content-Type:
      - application/json; charset=utf-8
      Vary:
      - Accept
      Etag:
      - W/"bfde28d1188d18646fe880f2c8d198e1"
      Cache-Control:
      - max-age=0, private, must-revalidate
      X-Request-Id:
      - 520536d3-6fe7-4a47-b533-885daa4ae7a6
      X-Runtime:
      - '0.009156'
      Transfer-Encoding:
      - chunked
      Via:
      - 1.1 vegur
    body:
      encoding: UTF-8
      string: '{"message":"''crochet'' deleted."}'
  recorded_at: Thu, 21 Sep 2023 00:24:13 GMT
- request:
    method: delete
    uri: https://ontrack-be-a58c9e421d34.herokuapp.com/api/v1/users/123/tasks/730
    body:
      encoding: US-ASCII
      string: ''
    headers:
      User-Agent:
      - Faraday v2.7.11
      Accept-Encoding:
      - gzip;q=1.0,deflate;q=0.6,identity;q=0.3
      Accept:
      - "*/*"
  response:
    status:
      code: 200
      message: OK
    headers:
      Server:
      - Cowboy
      Date:
      - Thu, 21 Sep 2023 00:24:13 GMT
      Connection:
      - keep-alive
      X-Frame-Options:
      - SAMEORIGIN
      X-Xss-Protection:
      - '0'
      X-Content-Type-Options:
      - nosniff
      X-Download-Options:
      - noopen
      X-Permitted-Cross-Domain-Policies:
      - none
      Referrer-Policy:
      - strict-origin-when-cross-origin
      Content-Type:
      - application/json; charset=utf-8
      Vary:
      - Accept
      Etag:
      - W/"910c649a1baa747a7f1ddce8662a94be"
      Cache-Control:
      - max-age=0, private, must-revalidate
      X-Request-Id:
      - 5b397946-6594-4a31-b002-5c421f6c7c24
      X-Runtime:
      - '0.007844'
      Transfer-Encoding:
      - chunked
      Via:
      - 1.1 vegur
    body:
      encoding: UTF-8
      string: '{"message":"''read a book'' deleted."}'
  recorded_at: Thu, 21 Sep 2023 00:24:14 GMT
- request:
    method: delete
    uri: https://ontrack-be-a58c9e421d34.herokuapp.com/api/v1/users/123/tasks/731
    body:
      encoding: US-ASCII
      string: ''
    headers:
      User-Agent:
      - Faraday v2.7.11
      Accept-Encoding:
      - gzip;q=1.0,deflate;q=0.6,identity;q=0.3
      Accept:
      - "*/*"
  response:
    status:
      code: 200
      message: OK
    headers:
      Server:
      - Cowboy
      Date:
      - Thu, 21 Sep 2023 00:24:13 GMT
      Connection:
      - keep-alive
      X-Frame-Options:
      - SAMEORIGIN
      X-Xss-Protection:
      - '0'
      X-Content-Type-Options:
      - nosniff
      X-Download-Options:
      - noopen
      X-Permitted-Cross-Domain-Policies:
      - none
      Referrer-Policy:
      - strict-origin-when-cross-origin
      Content-Type:
      - application/json; charset=utf-8
      Vary:
      - Accept
      Etag:
      - W/"615f665c4fbcc5cce0eda03b15cc9a31"
      Cache-Control:
      - max-age=0, private, must-revalidate
      X-Request-Id:
      - d4a2968b-b40c-4b98-92cc-e8e85cb31d7f
      X-Runtime:
      - '0.009019'
      Transfer-Encoding:
      - chunked
      Via:
      - 1.1 vegur
    body:
      encoding: UTF-8
      string: '{"message":"''go on a walk'' deleted."}'
  recorded_at: Thu, 21 Sep 2023 00:24:14 GMT
- request:
    method: delete
    uri: https://ontrack-be-a58c9e421d34.herokuapp.com/api/v1/users/123/tasks/732
    body:
      encoding: US-ASCII
      string: ''
    headers:
      User-Agent:
      - Faraday v2.7.11
      Accept-Encoding:
      - gzip;q=1.0,deflate;q=0.6,identity;q=0.3
      Accept:
      - "*/*"
  response:
    status:
      code: 200
      message: OK
    headers:
      Server:
      - Cowboy
      Date:
      - Thu, 21 Sep 2023 00:24:13 GMT
      Connection:
      - keep-alive
      X-Frame-Options:
      - SAMEORIGIN
      X-Xss-Protection:
      - '0'
      X-Content-Type-Options:
      - nosniff
      X-Download-Options:
      - noopen
      X-Permitted-Cross-Domain-Policies:
      - none
      Referrer-Policy:
      - strict-origin-when-cross-origin
      Content-Type:
      - application/json; charset=utf-8
      Vary:
      - Accept
      Etag:
      - W/"734d1bf72d97f0627dfdcf2820542cb3"
      Cache-Control:
      - max-age=0, private, must-revalidate
      X-Request-Id:
      - 2708de34-2202-4361-a547-1e20aa11a42a
      X-Runtime:
      - '0.008587'
      Transfer-Encoding:
      - chunked
      Via:
      - 1.1 vegur
    body:
      encoding: UTF-8
      string: '{"message":"''practice juggling'' deleted."}'
  recorded_at: Thu, 21 Sep 2023 00:24:14 GMT
- request:
    method: delete
    uri: https://ontrack-be-a58c9e421d34.herokuapp.com/api/v1/users/123/tasks/733
    body:
      encoding: US-ASCII
      string: ''
    headers:
      User-Agent:
      - Faraday v2.7.11
      Accept-Encoding:
      - gzip;q=1.0,deflate;q=0.6,identity;q=0.3
      Accept:
      - "*/*"
  response:
    status:
      code: 200
      message: OK
    headers:
      Server:
      - Cowboy
      Date:
      - Thu, 21 Sep 2023 00:24:14 GMT
      Connection:
      - keep-alive
      X-Frame-Options:
      - SAMEORIGIN
      X-Xss-Protection:
      - '0'
      X-Content-Type-Options:
      - nosniff
      X-Download-Options:
      - noopen
      X-Permitted-Cross-Domain-Policies:
      - none
      Referrer-Policy:
      - strict-origin-when-cross-origin
      Content-Type:
      - application/json; charset=utf-8
      Vary:
      - Accept
      Etag:
      - W/"7771ddc0649563e0bb44ef553d2dca2e"
      Cache-Control:
      - max-age=0, private, must-revalidate
      X-Request-Id:
      - 5a1a79eb-9fd5-4786-901d-ae5e1f268c96
      X-Runtime:
      - '0.008170'
      Transfer-Encoding:
      - chunked
      Via:
      - 1.1 vegur
    body:
      encoding: UTF-8
      string: '{"message":"''do the dishes'' deleted."}'
  recorded_at: Thu, 21 Sep 2023 00:24:15 GMT
recorded_with: VCR 6.2.0
