---
http_interactions:
- request:
    method: get
    uri: https://ontrack-be-a58c9e421d34.herokuapp.com/api/v1/holidays
    body:
      encoding: US-ASCII
      string: ''
    headers:
      User-Agent:
      - Faraday v2.7.11
      Accept-Encoding:
      - gzip;q=1.0,deflate;q=0.6,identity;q=0.3
      Accept:
      - "*/*"
  response:
    status:
      code: 200
      message: OK
    headers:
      Server:
      - Cowboy
      Date:
      - Wed, 20 Sep 2023 23:06:12 GMT
      Connection:
      - keep-alive
      X-Frame-Options:
      - SAMEORIGIN
      X-Xss-Protection:
      - '0'
      X-Content-Type-Options:
      - nosniff
      X-Download-Options:
      - noopen
      X-Permitted-Cross-Domain-Policies:
      - none
      Referrer-Policy:
      - strict-origin-when-cross-origin
      Content-Type:
      - application/json; charset=utf-8
      Vary:
      - Accept
      Etag:
      - W/"129959a1fdf972341273461aaa7e5be4"
      Cache-Control:
      - max-age=0, private, must-revalidate
      X-Request-Id:
      - 77971a50-9443-43f4-84b6-6ccf1eac2444
      X-Runtime:
      - '0.024142'
      Transfer-Encoding:
      - chunked
      Via:
      - 1.1 vegur
    body:
      encoding: UTF-8
      string: '{"data":[{"type":"holiday","attributes":{"name":"Columbus Day","date":"2023-10-09"}},{"type":"holiday","attributes":{"name":"Veterans
        Day","date":"2023-11-10"}},{"type":"holiday","attributes":{"name":"Thanksgiving
        Day","date":"2023-11-23"}}]}'
  recorded_at: Wed, 20 Sep 2023 23:06:13 GMT
- request:
    method: get
    uri: https://ontrack-be-a58c9e421d34.herokuapp.com/api/v1/users/123/daily_tasks/?mood
    body:
      encoding: US-ASCII
      string: ''
    headers:
      User-Agent:
      - Faraday v2.7.11
      Accept-Encoding:
      - gzip;q=1.0,deflate;q=0.6,identity;q=0.3
      Accept:
      - "*/*"
  response:
    status:
      code: 200
      message: OK
    headers:
      Server:
      - Cowboy
      Date:
      - Wed, 20 Sep 2023 23:06:13 GMT
      Connection:
      - keep-alive
      X-Frame-Options:
      - SAMEORIGIN
      X-Xss-Protection:
      - '0'
      X-Content-Type-Options:
      - nosniff
      X-Download-Options:
      - noopen
      X-Permitted-Cross-Domain-Policies:
      - none
      Referrer-Policy:
      - strict-origin-when-cross-origin
      Content-Type:
      - application/json; charset=utf-8
      Vary:
      - Accept
      Etag:
      - W/"8fe32e407a1038ee38753b70e5374b3a"
      Cache-Control:
      - max-age=0, private, must-revalidate
      X-Request-Id:
      - c0f3b7f6-b353-4bcf-bb28-95746d02d0f7
      X-Runtime:
      - '0.011959'
      Transfer-Encoding:
      - chunked
      Via:
      - 1.1 vegur
    body:
      encoding: UTF-8
      string: '{"data":[]}'
  recorded_at: Wed, 20 Sep 2023 23:06:13 GMT
- request:
    method: post
    uri: https://ontrack-be-a58c9e421d34.herokuapp.com/api/v1/users/123/tasks?category=chore&event_date=&frequency=weekly&mandatory=1&name=Water%20Plants&notes=Remember%20plants%20in%20bedroom,%20living%20room,%20and%20balcony&time_needed=20
    body:
      encoding: UTF-8
      string: ''
    headers:
      User-Agent:
      - Faraday v2.7.11
      Content-Length:
      - '0'
      Accept-Encoding:
      - gzip;q=1.0,deflate;q=0.6,identity;q=0.3
      Accept:
      - "*/*"
  response:
    status:
      code: 201
      message: Created
    headers:
      Server:
      - Cowboy
      Date:
      - Wed, 20 Sep 2023 23:06:13 GMT
      Connection:
      - keep-alive
      X-Frame-Options:
      - SAMEORIGIN
      X-Xss-Protection:
      - '0'
      X-Content-Type-Options:
      - nosniff
      X-Download-Options:
      - noopen
      X-Permitted-Cross-Domain-Policies:
      - none
      Referrer-Policy:
      - strict-origin-when-cross-origin
      Content-Type:
      - application/json; charset=utf-8
      Vary:
      - Accept
      Etag:
      - W/"497ff6d64382bc9d34ed64acc2e4b32b"
      Cache-Control:
      - max-age=0, private, must-revalidate
      X-Request-Id:
      - b6af296c-a337-4a17-8791-6b5552869ded
      X-Runtime:
      - '0.013527'
      Transfer-Encoding:
      - chunked
      Via:
      - 1.1 vegur
    body:
      encoding: UTF-8
      string: '{"message":"''Water Plants'' added!"}'
  recorded_at: Wed, 20 Sep 2023 23:06:14 GMT
- request:
    method: post
    uri: https://ontrack-be-a58c9e421d34.herokuapp.com/api/v1/users/123/tasks?category=chore&event_date=&frequency=weekly&mandatory=1&name=Clean%20fish%20tank&notes=Vacuum%20the%20gravel,%20wipe%20algae%20off%20plants&time_needed=20
    body:
      encoding: UTF-8
      string: ''
    headers:
      User-Agent:
      - Faraday v2.7.11
      Content-Length:
      - '0'
      Accept-Encoding:
      - gzip;q=1.0,deflate;q=0.6,identity;q=0.3
      Accept:
      - "*/*"
  response:
    status:
      code: 201
      message: Created
    headers:
      Server:
      - Cowboy
      Date:
      - Wed, 20 Sep 2023 23:06:13 GMT
      Connection:
      - keep-alive
      X-Frame-Options:
      - SAMEORIGIN
      X-Xss-Protection:
      - '0'
      X-Content-Type-Options:
      - nosniff
      X-Download-Options:
      - noopen
      X-Permitted-Cross-Domain-Policies:
      - none
      Referrer-Policy:
      - strict-origin-when-cross-origin
      Content-Type:
      - application/json; charset=utf-8
      Vary:
      - Accept
      Etag:
      - W/"f63f6f1c8e4212e1d3cf28557677ffe4"
      Cache-Control:
      - max-age=0, private, must-revalidate
      X-Request-Id:
      - 3de28b14-f75d-4b0d-9085-e79b402a6c93
      X-Runtime:
      - '0.011133'
      Transfer-Encoding:
      - chunked
      Via:
      - 1.1 vegur
    body:
      encoding: UTF-8
      string: '{"message":"''Clean fish tank'' added!"}'
  recorded_at: Wed, 20 Sep 2023 23:06:14 GMT
- request:
    method: post
    uri: https://ontrack-be-a58c9e421d34.herokuapp.com/api/v1/users/123/tasks?category=rest&event_date=&frequency=monthly&mandatory=0&name=Take%20nice%20bath&notes=Remember%20the%20fancy%20bathbombs%20under%20the%20cupboard,%20get%20a%20milkshake%20and%20light%20a%20candle&time_needed=60
    body:
      encoding: UTF-8
      string: ''
    headers:
      User-Agent:
      - Faraday v2.7.11
      Content-Length:
      - '0'
      Accept-Encoding:
      - gzip;q=1.0,deflate;q=0.6,identity;q=0.3
      Accept:
      - "*/*"
  response:
    status:
      code: 201
      message: Created
    headers:
      Server:
      - Cowboy
      Date:
      - Wed, 20 Sep 2023 23:06:14 GMT
      Connection:
      - keep-alive
      X-Frame-Options:
      - SAMEORIGIN
      X-Xss-Protection:
      - '0'
      X-Content-Type-Options:
      - nosniff
      X-Download-Options:
      - noopen
      X-Permitted-Cross-Domain-Policies:
      - none
      Referrer-Policy:
      - strict-origin-when-cross-origin
      Content-Type:
      - application/json; charset=utf-8
      Vary:
      - Accept
      Etag:
      - W/"8c811900f0de52049bd12e1c0902219f"
      Cache-Control:
      - max-age=0, private, must-revalidate
      X-Request-Id:
      - 0fffb80f-ceac-4572-8901-47d0054d6453
      X-Runtime:
      - '0.011063'
      Transfer-Encoding:
      - chunked
      Via:
      - 1.1 vegur
    body:
      encoding: UTF-8
      string: '{"message":"''Take nice bath'' added!"}'
  recorded_at: Wed, 20 Sep 2023 23:06:14 GMT
- request:
    method: post
    uri: https://ontrack-be-a58c9e421d34.herokuapp.com/api/v1/users/123/tasks?category=rest&event_date=&frequency=daily&mandatory=0&name=Meditate&notes=&time_needed=30
    body:
      encoding: UTF-8
      string: ''
    headers:
      User-Agent:
      - Faraday v2.7.11
      Content-Length:
      - '0'
      Accept-Encoding:
      - gzip;q=1.0,deflate;q=0.6,identity;q=0.3
      Accept:
      - "*/*"
  response:
    status:
      code: 201
      message: Created
    headers:
      Server:
      - Cowboy
      Date:
      - Wed, 20 Sep 2023 23:06:14 GMT
      Connection:
      - keep-alive
      X-Frame-Options:
      - SAMEORIGIN
      X-Xss-Protection:
      - '0'
      X-Content-Type-Options:
      - nosniff
      X-Download-Options:
      - noopen
      X-Permitted-Cross-Domain-Policies:
      - none
      Referrer-Policy:
      - strict-origin-when-cross-origin
      Content-Type:
      - application/json; charset=utf-8
      Vary:
      - Accept
      Etag:
      - W/"c3cee8d841bdb485261d06b4c86dead3"
      Cache-Control:
      - max-age=0, private, must-revalidate
      X-Request-Id:
      - 13fbaad5-3e71-4bf5-a5cb-c2ab6f4221f6
      X-Runtime:
      - '0.009790'
      Transfer-Encoding:
      - chunked
      Via:
      - 1.1 vegur
    body:
      encoding: UTF-8
      string: '{"message":"''Meditate'' added!"}'
  recorded_at: Wed, 20 Sep 2023 23:06:15 GMT
- request:
    method: post
    uri: https://ontrack-be-a58c9e421d34.herokuapp.com/api/v1/users/123/tasks?category=hobby&event_date=&frequency=daily&mandatory=0&name=Practice%20guitar&notes=Do%20scale%20exercises,%20work%20through%20the%20books%20I%20bought&time_needed=120
    body:
      encoding: UTF-8
      string: ''
    headers:
      User-Agent:
      - Faraday v2.7.11
      Content-Length:
      - '0'
      Accept-Encoding:
      - gzip;q=1.0,deflate;q=0.6,identity;q=0.3
      Accept:
      - "*/*"
  response:
    status:
      code: 201
      message: Created
    headers:
      Server:
      - Cowboy
      Date:
      - Wed, 20 Sep 2023 23:06:15 GMT
      Connection:
      - keep-alive
      X-Frame-Options:
      - SAMEORIGIN
      X-Xss-Protection:
      - '0'
      X-Content-Type-Options:
      - nosniff
      X-Download-Options:
      - noopen
      X-Permitted-Cross-Domain-Policies:
      - none
      Referrer-Policy:
      - strict-origin-when-cross-origin
      Content-Type:
      - application/json; charset=utf-8
      Vary:
      - Accept
      Etag:
      - W/"1e4dbe1c867322018d9ad23724afb6df"
      Cache-Control:
      - max-age=0, private, must-revalidate
      X-Request-Id:
      - 5ef34fce-a33d-4bdf-837d-c88acd2c652f
      X-Runtime:
      - '0.009739'
      Transfer-Encoding:
      - chunked
      Via:
      - 1.1 vegur
    body:
      encoding: UTF-8
      string: '{"message":"''Practice guitar'' added!"}'
  recorded_at: Wed, 20 Sep 2023 23:06:15 GMT
- request:
    method: post
    uri: https://ontrack-be-a58c9e421d34.herokuapp.com/api/v1/users/123/tasks?category=hobby&event_date=&frequency=daily&mandatory=0&name=Practice%20drawing&notes=Do%20some%20studies%20on%20hands%20and%20gestures&time_needed=60
    body:
      encoding: UTF-8
      string: ''
    headers:
      User-Agent:
      - Faraday v2.7.11
      Content-Length:
      - '0'
      Accept-Encoding:
      - gzip;q=1.0,deflate;q=0.6,identity;q=0.3
      Accept:
      - "*/*"
  response:
    status:
      code: 201
      message: Created
    headers:
      Server:
      - Cowboy
      Date:
      - Wed, 20 Sep 2023 23:06:15 GMT
      Connection:
      - keep-alive
      X-Frame-Options:
      - SAMEORIGIN
      X-Xss-Protection:
      - '0'
      X-Content-Type-Options:
      - nosniff
      X-Download-Options:
      - noopen
      X-Permitted-Cross-Domain-Policies:
      - none
      Referrer-Policy:
      - strict-origin-when-cross-origin
      Content-Type:
      - application/json; charset=utf-8
      Vary:
      - Accept
      Etag:
      - W/"e406f91ea12949f55a96ab055260ca2e"
      Cache-Control:
      - max-age=0, private, must-revalidate
      X-Request-Id:
      - df0fca0b-b4fd-42b5-8365-f8a3e9814b5f
      X-Runtime:
      - '0.009755'
      Transfer-Encoding:
      - chunked
      Via:
      - 1.1 vegur
    body:
      encoding: UTF-8
      string: '{"message":"''Practice drawing'' added!"}'
  recorded_at: Wed, 20 Sep 2023 23:06:15 GMT
- request:
    method: get
    uri: https://ontrack-be-a58c9e421d34.herokuapp.com/api/v1/users/123/tasks
    body:
      encoding: US-ASCII
      string: ''
    headers:
      User-Agent:
      - Faraday v2.7.11
      Accept-Encoding:
      - gzip;q=1.0,deflate;q=0.6,identity;q=0.3
      Accept:
      - "*/*"
  response:
    status:
      code: 200
      message: OK
    headers:
      Server:
      - Cowboy
      Date:
      - Wed, 20 Sep 2023 23:06:15 GMT
      Connection:
      - keep-alive
      X-Frame-Options:
      - SAMEORIGIN
      X-Xss-Protection:
      - '0'
      X-Content-Type-Options:
      - nosniff
      X-Download-Options:
      - noopen
      X-Permitted-Cross-Domain-Policies:
      - none
      Referrer-Policy:
      - strict-origin-when-cross-origin
      Content-Type:
      - application/json; charset=utf-8
      Vary:
      - Accept
      Etag:
      - W/"5fab153dee5aede3e59381ca349ecf7c"
      Cache-Control:
      - max-age=0, private, must-revalidate
      X-Request-Id:
      - 88c67a48-1fce-4406-8ef3-4aef2121bca7
      X-Runtime:
      - '0.005016'
      Transfer-Encoding:
      - chunked
      Via:
      - 1.1 vegur
    body:
      encoding: UTF-8
      string: '{"data":[{"id":"611","type":"task","attributes":{"name":"Water Plants","category":"chore","mandatory":true,"event_date":"","frequency":"weekly","time_needed":20,"user_id":123,"notes":"Remember
        plants in bedroom, living room, and balcony","skipped":false}},{"id":"612","type":"task","attributes":{"name":"Clean
        fish tank","category":"chore","mandatory":true,"event_date":"","frequency":"weekly","time_needed":20,"user_id":123,"notes":"Vacuum
        the gravel, wipe algae off plants","skipped":false}},{"id":"613","type":"task","attributes":{"name":"Take
        nice bath","category":"rest","mandatory":false,"event_date":"","frequency":"monthly","time_needed":60,"user_id":123,"notes":"Remember
        the fancy bathbombs under the cupboard, get a milkshake and light a candle","skipped":false}},{"id":"614","type":"task","attributes":{"name":"Meditate","category":"rest","mandatory":false,"event_date":"","frequency":"daily","time_needed":30,"user_id":123,"notes":"","skipped":false}},{"id":"615","type":"task","attributes":{"name":"Practice
        guitar","category":"hobby","mandatory":false,"event_date":"","frequency":"daily","time_needed":120,"user_id":123,"notes":"Do
        scale exercises, work through the books I bought","skipped":false}},{"id":"616","type":"task","attributes":{"name":"Practice
        drawing","category":"hobby","mandatory":false,"event_date":"","frequency":"daily","time_needed":60,"user_id":123,"notes":"Do
        some studies on hands and gestures","skipped":false}}]}'
  recorded_at: Wed, 20 Sep 2023 23:06:16 GMT
- request:
    method: get
    uri: https://ontrack-be-a58c9e421d34.herokuapp.com/api/v1/users/123/tasks
    body:
      encoding: US-ASCII
      string: ''
    headers:
      User-Agent:
      - Faraday v2.7.11
      Accept-Encoding:
      - gzip;q=1.0,deflate;q=0.6,identity;q=0.3
      Accept:
      - "*/*"
  response:
    status:
      code: 200
      message: OK
    headers:
      Server:
      - Cowboy
      Date:
      - Wed, 20 Sep 2023 23:06:16 GMT
      Connection:
      - keep-alive
      X-Frame-Options:
      - SAMEORIGIN
      X-Xss-Protection:
      - '0'
      X-Content-Type-Options:
      - nosniff
      X-Download-Options:
      - noopen
      X-Permitted-Cross-Domain-Policies:
      - none
      Referrer-Policy:
      - strict-origin-when-cross-origin
      Content-Type:
      - application/json; charset=utf-8
      Vary:
      - Accept
      Etag:
      - W/"5fab153dee5aede3e59381ca349ecf7c"
      Cache-Control:
      - max-age=0, private, must-revalidate
      X-Request-Id:
      - c6cc1cb7-da68-4a41-b85a-72a8bc05a277
      X-Runtime:
      - '0.004969'
      Transfer-Encoding:
      - chunked
      Via:
      - 1.1 vegur
    body:
      encoding: UTF-8
      string: '{"data":[{"id":"611","type":"task","attributes":{"name":"Water Plants","category":"chore","mandatory":true,"event_date":"","frequency":"weekly","time_needed":20,"user_id":123,"notes":"Remember
        plants in bedroom, living room, and balcony","skipped":false}},{"id":"612","type":"task","attributes":{"name":"Clean
        fish tank","category":"chore","mandatory":true,"event_date":"","frequency":"weekly","time_needed":20,"user_id":123,"notes":"Vacuum
        the gravel, wipe algae off plants","skipped":false}},{"id":"613","type":"task","attributes":{"name":"Take
        nice bath","category":"rest","mandatory":false,"event_date":"","frequency":"monthly","time_needed":60,"user_id":123,"notes":"Remember
        the fancy bathbombs under the cupboard, get a milkshake and light a candle","skipped":false}},{"id":"614","type":"task","attributes":{"name":"Meditate","category":"rest","mandatory":false,"event_date":"","frequency":"daily","time_needed":30,"user_id":123,"notes":"","skipped":false}},{"id":"615","type":"task","attributes":{"name":"Practice
        guitar","category":"hobby","mandatory":false,"event_date":"","frequency":"daily","time_needed":120,"user_id":123,"notes":"Do
        scale exercises, work through the books I bought","skipped":false}},{"id":"616","type":"task","attributes":{"name":"Practice
        drawing","category":"hobby","mandatory":false,"event_date":"","frequency":"daily","time_needed":60,"user_id":123,"notes":"Do
        some studies on hands and gestures","skipped":false}}]}'
  recorded_at: Wed, 20 Sep 2023 23:06:16 GMT
- request:
    method: get
    uri: https://ontrack-be-a58c9e421d34.herokuapp.com/api/v1/users/123/tasks?search_params%5Bcategory%5D=rest&search_params%5Bfrequency%5D=daily&search_params%5Bmandatory%5D=false
    body:
      encoding: US-ASCII
      string: ''
    headers:
      User-Agent:
      - Faraday v2.7.11
      Accept-Encoding:
      - gzip;q=1.0,deflate;q=0.6,identity;q=0.3
      Accept:
      - "*/*"
  response:
    status:
      code: 200
      message: OK
    headers:
      Server:
      - Cowboy
      Date:
      - Wed, 20 Sep 2023 23:06:17 GMT
      Connection:
      - keep-alive
      X-Frame-Options:
      - SAMEORIGIN
      X-Xss-Protection:
      - '0'
      X-Content-Type-Options:
      - nosniff
      X-Download-Options:
      - noopen
      X-Permitted-Cross-Domain-Policies:
      - none
      Referrer-Policy:
      - strict-origin-when-cross-origin
      Content-Type:
      - application/json; charset=utf-8
      Vary:
      - Accept
      Etag:
      - W/"e631d0e4be30ed4664d1a131605f23df"
      Cache-Control:
      - max-age=0, private, must-revalidate
      X-Request-Id:
      - 2f3ed21e-7cec-4270-ac6b-1d04b9ff9b5f
      X-Runtime:
      - '0.004849'
      Transfer-Encoding:
      - chunked
      Via:
      - 1.1 vegur
    body:
      encoding: UTF-8
      string: '{"data":[{"id":"614","type":"task","attributes":{"name":"Meditate","category":"rest","mandatory":false,"event_date":"","frequency":"daily","time_needed":30,"user_id":123,"notes":"","skipped":false}}]}'
  recorded_at: Wed, 20 Sep 2023 23:06:17 GMT
- request:
    method: get
    uri: https://ontrack-be-a58c9e421d34.herokuapp.com/api/v1/users/123/tasks
    body:
      encoding: US-ASCII
      string: ''
    headers:
      User-Agent:
      - Faraday v2.7.11
      Accept-Encoding:
      - gzip;q=1.0,deflate;q=0.6,identity;q=0.3
      Accept:
      - "*/*"
  response:
    status:
      code: 200
      message: OK
    headers:
      Server:
      - Cowboy
      Date:
      - Wed, 20 Sep 2023 23:06:16 GMT
      Connection:
      - keep-alive
      X-Frame-Options:
      - SAMEORIGIN
      X-Xss-Protection:
      - '0'
      X-Content-Type-Options:
      - nosniff
      X-Download-Options:
      - noopen
      X-Permitted-Cross-Domain-Policies:
      - none
      Referrer-Policy:
      - strict-origin-when-cross-origin
      Content-Type:
      - application/json; charset=utf-8
      Vary:
      - Accept
      Etag:
      - W/"5fab153dee5aede3e59381ca349ecf7c"
      Cache-Control:
      - max-age=0, private, must-revalidate
      X-Request-Id:
      - 04adf2e7-41d1-43e1-a53b-5bcb84dbb734
      X-Runtime:
      - '0.004836'
      Transfer-Encoding:
      - chunked
      Via:
      - 1.1 vegur
    body:
      encoding: UTF-8
      string: '{"data":[{"id":"611","type":"task","attributes":{"name":"Water Plants","category":"chore","mandatory":true,"event_date":"","frequency":"weekly","time_needed":20,"user_id":123,"notes":"Remember
        plants in bedroom, living room, and balcony","skipped":false}},{"id":"612","type":"task","attributes":{"name":"Clean
        fish tank","category":"chore","mandatory":true,"event_date":"","frequency":"weekly","time_needed":20,"user_id":123,"notes":"Vacuum
        the gravel, wipe algae off plants","skipped":false}},{"id":"613","type":"task","attributes":{"name":"Take
        nice bath","category":"rest","mandatory":false,"event_date":"","frequency":"monthly","time_needed":60,"user_id":123,"notes":"Remember
        the fancy bathbombs under the cupboard, get a milkshake and light a candle","skipped":false}},{"id":"614","type":"task","attributes":{"name":"Meditate","category":"rest","mandatory":false,"event_date":"","frequency":"daily","time_needed":30,"user_id":123,"notes":"","skipped":false}},{"id":"615","type":"task","attributes":{"name":"Practice
        guitar","category":"hobby","mandatory":false,"event_date":"","frequency":"daily","time_needed":120,"user_id":123,"notes":"Do
        scale exercises, work through the books I bought","skipped":false}},{"id":"616","type":"task","attributes":{"name":"Practice
        drawing","category":"hobby","mandatory":false,"event_date":"","frequency":"daily","time_needed":60,"user_id":123,"notes":"Do
        some studies on hands and gestures","skipped":false}}]}'
  recorded_at: Wed, 20 Sep 2023 23:06:17 GMT
- request:
    method: get
    uri: https://ontrack-be-a58c9e421d34.herokuapp.com/api/v1/users/123/tasks
    body:
      encoding: US-ASCII
      string: ''
    headers:
      User-Agent:
      - Faraday v2.7.11
      Accept-Encoding:
      - gzip;q=1.0,deflate;q=0.6,identity;q=0.3
      Accept:
      - "*/*"
  response:
    status:
      code: 200
      message: OK
    headers:
      Server:
      - Cowboy
      Date:
      - Wed, 20 Sep 2023 23:06:17 GMT
      Connection:
      - keep-alive
      X-Frame-Options:
      - SAMEORIGIN
      X-Xss-Protection:
      - '0'
      X-Content-Type-Options:
      - nosniff
      X-Download-Options:
      - noopen
      X-Permitted-Cross-Domain-Policies:
      - none
      Referrer-Policy:
      - strict-origin-when-cross-origin
      Content-Type:
      - application/json; charset=utf-8
      Vary:
      - Accept
      Etag:
      - W/"5fab153dee5aede3e59381ca349ecf7c"
      Cache-Control:
      - max-age=0, private, must-revalidate
      X-Request-Id:
      - 45115574-46b1-46d8-9411-287bf1b7d88c
      X-Runtime:
      - '0.005080'
      Transfer-Encoding:
      - chunked
      Via:
      - 1.1 vegur
    body:
      encoding: UTF-8
      string: '{"data":[{"id":"611","type":"task","attributes":{"name":"Water Plants","category":"chore","mandatory":true,"event_date":"","frequency":"weekly","time_needed":20,"user_id":123,"notes":"Remember
        plants in bedroom, living room, and balcony","skipped":false}},{"id":"612","type":"task","attributes":{"name":"Clean
        fish tank","category":"chore","mandatory":true,"event_date":"","frequency":"weekly","time_needed":20,"user_id":123,"notes":"Vacuum
        the gravel, wipe algae off plants","skipped":false}},{"id":"613","type":"task","attributes":{"name":"Take
        nice bath","category":"rest","mandatory":false,"event_date":"","frequency":"monthly","time_needed":60,"user_id":123,"notes":"Remember
        the fancy bathbombs under the cupboard, get a milkshake and light a candle","skipped":false}},{"id":"614","type":"task","attributes":{"name":"Meditate","category":"rest","mandatory":false,"event_date":"","frequency":"daily","time_needed":30,"user_id":123,"notes":"","skipped":false}},{"id":"615","type":"task","attributes":{"name":"Practice
        guitar","category":"hobby","mandatory":false,"event_date":"","frequency":"daily","time_needed":120,"user_id":123,"notes":"Do
        scale exercises, work through the books I bought","skipped":false}},{"id":"616","type":"task","attributes":{"name":"Practice
        drawing","category":"hobby","mandatory":false,"event_date":"","frequency":"daily","time_needed":60,"user_id":123,"notes":"Do
        some studies on hands and gestures","skipped":false}}]}'
  recorded_at: Wed, 20 Sep 2023 23:06:17 GMT
- request:
    method: delete
    uri: https://ontrack-be-a58c9e421d34.herokuapp.com/api/v1/users/123/tasks/611
    body:
      encoding: US-ASCII
      string: ''
    headers:
      User-Agent:
      - Faraday v2.7.11
      Accept-Encoding:
      - gzip;q=1.0,deflate;q=0.6,identity;q=0.3
      Accept:
      - "*/*"
  response:
    status:
      code: 200
      message: OK
    headers:
      Server:
      - Cowboy
      Date:
      - Wed, 20 Sep 2023 23:06:17 GMT
      Connection:
      - keep-alive
      X-Frame-Options:
      - SAMEORIGIN
      X-Xss-Protection:
      - '0'
      X-Content-Type-Options:
      - nosniff
      X-Download-Options:
      - noopen
      X-Permitted-Cross-Domain-Policies:
      - none
      Referrer-Policy:
      - strict-origin-when-cross-origin
      Content-Type:
      - application/json; charset=utf-8
      Vary:
      - Accept
      Etag:
      - W/"4b0443fcb4b80622b62a546a28246f66"
      Cache-Control:
      - max-age=0, private, must-revalidate
      X-Request-Id:
      - 22bc9644-e7ab-41cd-b32a-bde5e59d151b
      X-Runtime:
      - '0.010473'
      Transfer-Encoding:
      - chunked
      Via:
      - 1.1 vegur
    body:
      encoding: UTF-8
      string: '{"message":"''Water Plants'' deleted."}'
  recorded_at: Wed, 20 Sep 2023 23:06:18 GMT
- request:
    method: delete
    uri: https://ontrack-be-a58c9e421d34.herokuapp.com/api/v1/users/123/tasks/612
    body:
      encoding: US-ASCII
      string: ''
    headers:
      User-Agent:
      - Faraday v2.7.11
      Accept-Encoding:
      - gzip;q=1.0,deflate;q=0.6,identity;q=0.3
      Accept:
      - "*/*"
  response:
    status:
      code: 200
      message: OK
    headers:
      Server:
      - Cowboy
      Date:
      - Wed, 20 Sep 2023 23:06:18 GMT
      Connection:
      - keep-alive
      X-Frame-Options:
      - SAMEORIGIN
      X-Xss-Protection:
      - '0'
      X-Content-Type-Options:
      - nosniff
      X-Download-Options:
      - noopen
      X-Permitted-Cross-Domain-Policies:
      - none
      Referrer-Policy:
      - strict-origin-when-cross-origin
      Content-Type:
      - application/json; charset=utf-8
      Vary:
      - Accept
      Etag:
      - W/"73067a816fc082c298ee9fd886a2663c"
      Cache-Control:
      - max-age=0, private, must-revalidate
      X-Request-Id:
      - 6216369f-9dfe-476d-bd0f-b67235663191
      X-Runtime:
      - '0.008822'
      Transfer-Encoding:
      - chunked
      Via:
      - 1.1 vegur
    body:
      encoding: UTF-8
      string: '{"message":"''Clean fish tank'' deleted."}'
  recorded_at: Wed, 20 Sep 2023 23:06:18 GMT
- request:
    method: delete
    uri: https://ontrack-be-a58c9e421d34.herokuapp.com/api/v1/users/123/tasks/613
    body:
      encoding: US-ASCII
      string: ''
    headers:
      User-Agent:
      - Faraday v2.7.11
      Accept-Encoding:
      - gzip;q=1.0,deflate;q=0.6,identity;q=0.3
      Accept:
      - "*/*"
  response:
    status:
      code: 200
      message: OK
    headers:
      Server:
      - Cowboy
      Date:
      - Wed, 20 Sep 2023 23:06:18 GMT
      Connection:
      - keep-alive
      X-Frame-Options:
      - SAMEORIGIN
      X-Xss-Protection:
      - '0'
      X-Content-Type-Options:
      - nosniff
      X-Download-Options:
      - noopen
      X-Permitted-Cross-Domain-Policies:
      - none
      Referrer-Policy:
      - strict-origin-when-cross-origin
      Content-Type:
      - application/json; charset=utf-8
      Vary:
      - Accept
      Etag:
      - W/"1f3e0615cd45a27dfb32e65d0c6cd9ba"
      Cache-Control:
      - max-age=0, private, must-revalidate
      X-Request-Id:
      - b5c58ba8-b1a9-481d-b0e0-3b0916621dca
      X-Runtime:
      - '0.009981'
      Transfer-Encoding:
      - chunked
      Via:
      - 1.1 vegur
    body:
      encoding: UTF-8
      string: '{"message":"''Take nice bath'' deleted."}'
  recorded_at: Wed, 20 Sep 2023 23:06:19 GMT
- request:
    method: delete
    uri: https://ontrack-be-a58c9e421d34.herokuapp.com/api/v1/users/123/tasks/614
    body:
      encoding: US-ASCII
      string: ''
    headers:
      User-Agent:
      - Faraday v2.7.11
      Accept-Encoding:
      - gzip;q=1.0,deflate;q=0.6,identity;q=0.3
      Accept:
      - "*/*"
  response:
    status:
      code: 200
      message: OK
    headers:
      Server:
      - Cowboy
      Date:
      - Wed, 20 Sep 2023 23:06:18 GMT
      Connection:
      - keep-alive
      X-Frame-Options:
      - SAMEORIGIN
      X-Xss-Protection:
      - '0'
      X-Content-Type-Options:
      - nosniff
      X-Download-Options:
      - noopen
      X-Permitted-Cross-Domain-Policies:
      - none
      Referrer-Policy:
      - strict-origin-when-cross-origin
      Content-Type:
      - application/json; charset=utf-8
      Vary:
      - Accept
      Etag:
      - W/"5cd1011e3321253e6ef867a7d1e14319"
      Cache-Control:
      - max-age=0, private, must-revalidate
      X-Request-Id:
      - 70ff16ad-250f-492b-92cc-621c1ef62086
      X-Runtime:
      - '0.010702'
      Transfer-Encoding:
      - chunked
      Via:
      - 1.1 vegur
    body:
      encoding: UTF-8
      string: '{"message":"''Meditate'' deleted."}'
  recorded_at: Wed, 20 Sep 2023 23:06:19 GMT
- request:
    method: delete
    uri: https://ontrack-be-a58c9e421d34.herokuapp.com/api/v1/users/123/tasks/615
    body:
      encoding: US-ASCII
      string: ''
    headers:
      User-Agent:
      - Faraday v2.7.11
      Accept-Encoding:
      - gzip;q=1.0,deflate;q=0.6,identity;q=0.3
      Accept:
      - "*/*"
  response:
    status:
      code: 200
      message: OK
    headers:
      Server:
      - Cowboy
      Date:
      - Wed, 20 Sep 2023 23:06:19 GMT
      Connection:
      - keep-alive
      X-Frame-Options:
      - SAMEORIGIN
      X-Xss-Protection:
      - '0'
      X-Content-Type-Options:
      - nosniff
      X-Download-Options:
      - noopen
      X-Permitted-Cross-Domain-Policies:
      - none
      Referrer-Policy:
      - strict-origin-when-cross-origin
      Content-Type:
      - application/json; charset=utf-8
      Vary:
      - Accept
      Etag:
      - W/"9152ab55a7ca9da3987f0e0d03c49bec"
      Cache-Control:
      - max-age=0, private, must-revalidate
      X-Request-Id:
      - 5e819c9e-b030-4e66-acb1-90d55b50a29b
      X-Runtime:
      - '0.009031'
      Transfer-Encoding:
      - chunked
      Via:
      - 1.1 vegur
    body:
      encoding: UTF-8
      string: '{"message":"''Practice guitar'' deleted."}'
  recorded_at: Wed, 20 Sep 2023 23:06:19 GMT
- request:
    method: delete
    uri: https://ontrack-be-a58c9e421d34.herokuapp.com/api/v1/users/123/tasks/616
    body:
      encoding: US-ASCII
      string: ''
    headers:
      User-Agent:
      - Faraday v2.7.11
      Accept-Encoding:
      - gzip;q=1.0,deflate;q=0.6,identity;q=0.3
      Accept:
      - "*/*"
  response:
    status:
      code: 200
      message: OK
    headers:
      Server:
      - Cowboy
      Date:
      - Wed, 20 Sep 2023 23:06:19 GMT
      Connection:
      - keep-alive
      X-Frame-Options:
      - SAMEORIGIN
      X-Xss-Protection:
      - '0'
      X-Content-Type-Options:
      - nosniff
      X-Download-Options:
      - noopen
      X-Permitted-Cross-Domain-Policies:
      - none
      Referrer-Policy:
      - strict-origin-when-cross-origin
      Content-Type:
      - application/json; charset=utf-8
      Vary:
      - Accept
      Etag:
      - W/"2814157dcd32d3647ebe6fbe479571d4"
      Cache-Control:
      - max-age=0, private, must-revalidate
      X-Request-Id:
      - cbe34320-4c99-409d-85eb-599f7fc56687
      X-Runtime:
      - '0.009295'
      Transfer-Encoding:
      - chunked
      Via:
      - 1.1 vegur
    body:
      encoding: UTF-8
      string: '{"message":"''Practice drawing'' deleted."}'
  recorded_at: Wed, 20 Sep 2023 23:06:20 GMT
- request:
    method: post
    uri: https://ontrack-be-a58c9e421d34.herokuapp.com/api/v1/users/123/tasks?category=chore&event_date=&frequency=weekly&mandatory=1&name=Water%20Plants&notes=Remember%20plants%20in%20bedroom,%20living%20room,%20and%20balcony
    body:
      encoding: UTF-8
      string: ''
    headers:
      User-Agent:
      - Faraday v2.7.11
      Content-Length:
      - '0'
      Accept-Encoding:
      - gzip;q=1.0,deflate;q=0.6,identity;q=0.3
      Accept:
      - "*/*"
  response:
    status:
      code: 201
      message: Created
    headers:
      Server:
      - Cowboy
      Date:
      - Sun, 01 Oct 2023 21:16:00 GMT
      Connection:
      - keep-alive
      X-Frame-Options:
      - SAMEORIGIN
      X-Xss-Protection:
      - '0'
      X-Content-Type-Options:
      - nosniff
      X-Download-Options:
      - noopen
      X-Permitted-Cross-Domain-Policies:
      - none
      Referrer-Policy:
      - strict-origin-when-cross-origin
      Content-Type:
      - application/json; charset=utf-8
      Vary:
      - Accept
      Etag:
      - W/"497ff6d64382bc9d34ed64acc2e4b32b"
      Cache-Control:
      - max-age=0, private, must-revalidate
      X-Request-Id:
      - c84775ef-8194-4f49-a331-433cca4d8b10
      X-Runtime:
      - '0.009186'
      Transfer-Encoding:
      - chunked
      Via:
      - 1.1 vegur
    body:
      encoding: UTF-8
      string: '{"message":"''Water Plants'' added!"}'
  recorded_at: Sun, 01 Oct 2023 21:16:01 GMT
- request:
    method: post
    uri: https://ontrack-be-a58c9e421d34.herokuapp.com/api/v1/users/123/tasks?category=chore&event_date=&frequency=weekly&mandatory=1&name=Clean%20fish%20tank&notes=Vacuum%20the%20gravel,%20wipe%20algae%20off%20plants
    body:
      encoding: UTF-8
      string: ''
    headers:
      User-Agent:
      - Faraday v2.7.11
      Content-Length:
      - '0'
      Accept-Encoding:
      - gzip;q=1.0,deflate;q=0.6,identity;q=0.3
      Accept:
      - "*/*"
  response:
    status:
      code: 201
      message: Created
    headers:
      Server:
      - Cowboy
      Date:
      - Sun, 01 Oct 2023 21:16:01 GMT
      Connection:
      - keep-alive
      X-Frame-Options:
      - SAMEORIGIN
      X-Xss-Protection:
      - '0'
      X-Content-Type-Options:
      - nosniff
      X-Download-Options:
      - noopen
      X-Permitted-Cross-Domain-Policies:
      - none
      Referrer-Policy:
      - strict-origin-when-cross-origin
      Content-Type:
      - application/json; charset=utf-8
      Vary:
      - Accept
      Etag:
      - W/"f63f6f1c8e4212e1d3cf28557677ffe4"
      Cache-Control:
      - max-age=0, private, must-revalidate
      X-Request-Id:
      - d781abab-f26e-4321-9bf3-a6da803eae7d
      X-Runtime:
      - '0.008480'
      Transfer-Encoding:
      - chunked
      Via:
      - 1.1 vegur
    body:
      encoding: UTF-8
      string: '{"message":"''Clean fish tank'' added!"}'
  recorded_at: Sun, 01 Oct 2023 21:16:01 GMT
- request:
    method: post
    uri: https://ontrack-be-a58c9e421d34.herokuapp.com/api/v1/users/123/tasks?category=rest&event_date=&frequency=monthly&mandatory=0&name=Take%20nice%20bath&notes=Remember%20the%20fancy%20bathbombs%20under%20the%20cupboard,%20get%20a%20milkshake%20and%20light%20a%20candle
    body:
      encoding: UTF-8
      string: ''
    headers:
      User-Agent:
      - Faraday v2.7.11
      Content-Length:
      - '0'
      Accept-Encoding:
      - gzip;q=1.0,deflate;q=0.6,identity;q=0.3
      Accept:
      - "*/*"
  response:
    status:
      code: 201
      message: Created
    headers:
      Server:
      - Cowboy
      Date:
      - Sun, 01 Oct 2023 21:16:01 GMT
      Connection:
      - keep-alive
      X-Frame-Options:
      - SAMEORIGIN
      X-Xss-Protection:
      - '0'
      X-Content-Type-Options:
      - nosniff
      X-Download-Options:
      - noopen
      X-Permitted-Cross-Domain-Policies:
      - none
      Referrer-Policy:
      - strict-origin-when-cross-origin
      Content-Type:
      - application/json; charset=utf-8
      Vary:
      - Accept
      Etag:
      - W/"8c811900f0de52049bd12e1c0902219f"
      Cache-Control:
      - max-age=0, private, must-revalidate
      X-Request-Id:
      - 4a111b8d-0fd3-4da6-98af-0ec236cb597b
      X-Runtime:
      - '0.019627'
      Transfer-Encoding:
      - chunked
      Via:
      - 1.1 vegur
    body:
      encoding: UTF-8
      string: '{"message":"''Take nice bath'' added!"}'
  recorded_at: Sun, 01 Oct 2023 21:16:02 GMT
- request:
    method: post
    uri: https://ontrack-be-a58c9e421d34.herokuapp.com/api/v1/users/123/tasks?category=rest&event_date=&frequency=daily&mandatory=0&name=Meditate&notes=
    body:
      encoding: UTF-8
      string: ''
    headers:
      User-Agent:
      - Faraday v2.7.11
      Content-Length:
      - '0'
      Accept-Encoding:
      - gzip;q=1.0,deflate;q=0.6,identity;q=0.3
      Accept:
      - "*/*"
  response:
    status:
      code: 201
      message: Created
    headers:
      Server:
      - Cowboy
      Date:
      - Sun, 01 Oct 2023 21:16:02 GMT
      Report-To:
      - '{"group":"heroku-nel","max_age":3600,"endpoints":[{"url":"https://nel.heroku.com/reports?ts=1696194962&s=M%2BxoACG9xrHSums4z6XM0lX0yaaddZzEO4en5q2XjvE%3D"}]}'
      Reporting-Endpoints:
      - heroku-nel=https://nel.heroku.com/reports?ts=1696194962&s=M%2BxoACG9xrHSums4z6XM0lX0yaaddZzEO4en5q2XjvE%3D
      Nel:
      - '{"report_to":"heroku-nel","max_age":3600,"success_fraction":0.005,"failure_fraction":0.05,"response_headers":["Via"]}'
      Connection:
      - keep-alive
      X-Frame-Options:
      - SAMEORIGIN
      X-Xss-Protection:
      - '0'
      X-Content-Type-Options:
      - nosniff
      X-Download-Options:
      - noopen
      X-Permitted-Cross-Domain-Policies:
      - none
      Referrer-Policy:
      - strict-origin-when-cross-origin
      Content-Type:
      - application/json; charset=utf-8
      Vary:
      - Accept
      Etag:
      - W/"c3cee8d841bdb485261d06b4c86dead3"
      Cache-Control:
      - max-age=0, private, must-revalidate
      X-Request-Id:
      - a9be8d8c-8205-4e71-8066-d7c0692453d9
      X-Runtime:
      - '0.009044'
      Transfer-Encoding:
      - chunked
      Via:
      - 1.1 vegur
    body:
      encoding: UTF-8
      string: '{"message":"''Meditate'' added!"}'
  recorded_at: Sun, 01 Oct 2023 21:16:02 GMT
- request:
    method: post
    uri: https://ontrack-be-a58c9e421d34.herokuapp.com/api/v1/users/123/tasks?category=hobby&event_date=&frequency=daily&mandatory=0&name=Practice%20guitar&notes=Do%20scale%20exercises,%20work%20through%20the%20books%20I%20bought
    body:
      encoding: UTF-8
      string: ''
    headers:
      User-Agent:
      - Faraday v2.7.11
      Content-Length:
      - '0'
      Accept-Encoding:
      - gzip;q=1.0,deflate;q=0.6,identity;q=0.3
      Accept:
      - "*/*"
  response:
    status:
      code: 201
      message: Created
    headers:
      Server:
      - Cowboy
      Date:
      - Sun, 01 Oct 2023 21:16:02 GMT
      Report-To:
      - '{"group":"heroku-nel","max_age":3600,"endpoints":[{"url":"https://nel.heroku.com/reports?ts=1696194963&s=I538C2DgGUlB9DBuWgd2RyqN4Ge%2FFjlqnsrmGE4wPU8%3D"}]}'
      Reporting-Endpoints:
      - heroku-nel=https://nel.heroku.com/reports?ts=1696194963&s=I538C2DgGUlB9DBuWgd2RyqN4Ge%2FFjlqnsrmGE4wPU8%3D
      Nel:
      - '{"report_to":"heroku-nel","max_age":3600,"success_fraction":0.005,"failure_fraction":0.05,"response_headers":["Via"]}'
      Connection:
      - keep-alive
      X-Frame-Options:
      - SAMEORIGIN
      X-Xss-Protection:
      - '0'
      X-Content-Type-Options:
      - nosniff
      X-Download-Options:
      - noopen
      X-Permitted-Cross-Domain-Policies:
      - none
      Referrer-Policy:
      - strict-origin-when-cross-origin
      Content-Type:
      - application/json; charset=utf-8
      Vary:
      - Accept
      Etag:
      - W/"1e4dbe1c867322018d9ad23724afb6df"
      Cache-Control:
      - max-age=0, private, must-revalidate
      X-Request-Id:
      - c334b930-9f20-44d3-bbfa-6dae80698302
      X-Runtime:
      - '0.009177'
      Transfer-Encoding:
      - chunked
      Via:
      - 1.1 vegur
    body:
      encoding: UTF-8
      string: '{"message":"''Practice guitar'' added!"}'
  recorded_at: Sun, 01 Oct 2023 21:16:03 GMT
- request:
    method: post
    uri: https://ontrack-be-a58c9e421d34.herokuapp.com/api/v1/users/123/tasks?category=hobby&event_date=&frequency=daily&mandatory=0&name=Practice%20drawing&notes=Do%20some%20studies%20on%20hands%20and%20gestures
    body:
      encoding: UTF-8
      string: ''
    headers:
      User-Agent:
      - Faraday v2.7.11
      Content-Length:
      - '0'
      Accept-Encoding:
      - gzip;q=1.0,deflate;q=0.6,identity;q=0.3
      Accept:
      - "*/*"
  response:
    status:
      code: 201
      message: Created
    headers:
      Server:
      - Cowboy
      Date:
      - Sun, 01 Oct 2023 21:16:03 GMT
      Connection:
      - keep-alive
      X-Frame-Options:
      - SAMEORIGIN
      X-Xss-Protection:
      - '0'
      X-Content-Type-Options:
      - nosniff
      X-Download-Options:
      - noopen
      X-Permitted-Cross-Domain-Policies:
      - none
      Referrer-Policy:
      - strict-origin-when-cross-origin
      Content-Type:
      - application/json; charset=utf-8
      Vary:
      - Accept
      Etag:
      - W/"e406f91ea12949f55a96ab055260ca2e"
      Cache-Control:
      - max-age=0, private, must-revalidate
      X-Request-Id:
      - 7a77c5ca-e67b-459a-b092-abbb335588c4
      X-Runtime:
      - '0.009011'
      Transfer-Encoding:
      - chunked
      Via:
      - 1.1 vegur
    body:
      encoding: UTF-8
      string: '{"message":"''Practice drawing'' added!"}'
  recorded_at: Sun, 01 Oct 2023 21:16:03 GMT
recorded_with: VCR 6.2.0
