---
http_interactions:
- request:
    method: get
    uri: https://ontrack-be-a58c9e421d34.herokuapp.com/api/v1/holidays
    body:
      encoding: US-ASCII
      string: ''
    headers:
      User-Agent:
      - Faraday v2.7.11
      Accept-Encoding:
      - gzip;q=1.0,deflate;q=0.6,identity;q=0.3
      Accept:
      - "*/*"
  response:
    status:
      code: 200
      message: OK
    headers:
      Server:
      - Cowboy
      Date:
      - Sat, 14 Oct 2023 17:19:02 GMT
      Connection:
      - keep-alive
      X-Frame-Options:
      - SAMEORIGIN
      X-Xss-Protection:
      - '0'
      X-Content-Type-Options:
      - nosniff
      X-Download-Options:
      - noopen
      X-Permitted-Cross-Domain-Policies:
      - none
      Referrer-Policy:
      - strict-origin-when-cross-origin
      Content-Type:
      - application/json; charset=utf-8
      Vary:
      - Accept
      Etag:
      - W/"31a3104598e3b1bd4b7f896573a4f8ec"
      Cache-Control:
      - max-age=0, private, must-revalidate
      X-Request-Id:
      - bfc568dc-8097-4e7c-b99e-9847a780e561
      X-Runtime:
      - '0.029431'
      Transfer-Encoding:
      - chunked
      Via:
      - 1.1 vegur
    body:
      encoding: UTF-8
      string: '{"data":[{"type":"holiday","attributes":{"name":"Veterans Day","date":"2023-11-10"}},{"type":"holiday","attributes":{"name":"Thanksgiving
        Day","date":"2023-11-23"}},{"type":"holiday","attributes":{"name":"Christmas
        Day","date":"2023-12-25"}}]}'
  recorded_at: Sat, 14 Oct 2023 17:19:03 GMT
- request:
    method: get
    uri: https://ontrack-be-a58c9e421d34.herokuapp.com/api/v1/users/123/daily_tasks/?mood
    body:
      encoding: US-ASCII
      string: ''
    headers:
      User-Agent:
      - Faraday v2.7.11
      Accept-Encoding:
      - gzip;q=1.0,deflate;q=0.6,identity;q=0.3
      Accept:
      - "*/*"
  response:
    status:
      code: 200
      message: OK
    headers:
      Server:
      - Cowboy
      Date:
      - Sat, 14 Oct 2023 17:19:03 GMT
      Connection:
      - keep-alive
      X-Frame-Options:
      - SAMEORIGIN
      X-Xss-Protection:
      - '0'
      X-Content-Type-Options:
      - nosniff
      X-Download-Options:
      - noopen
      X-Permitted-Cross-Domain-Policies:
      - none
      Referrer-Policy:
      - strict-origin-when-cross-origin
      Content-Type:
      - application/json; charset=utf-8
      Vary:
      - Accept
      Etag:
      - W/"8fe32e407a1038ee38753b70e5374b3a"
      Cache-Control:
      - max-age=0, private, must-revalidate
      X-Request-Id:
      - 8cbf3137-77e4-4125-bed2-f021441f697f
      X-Runtime:
      - '0.009934'
      Transfer-Encoding:
      - chunked
      Via:
      - 1.1 vegur
    body:
      encoding: UTF-8
      string: '{"data":[]}'
  recorded_at: Sat, 14 Oct 2023 17:19:03 GMT
- request:
    method: post
    uri: https://ontrack-be-a58c9e421d34.herokuapp.com/api/v1/users/123/tasks?category=chore&event_date=&frequency=weekly&image_url=&mandatory=0&name=Water%20Plants&notes=
    body:
      encoding: UTF-8
      string: ''
    headers:
      User-Agent:
      - Faraday v2.7.11
      Content-Length:
      - '0'
      Accept-Encoding:
      - gzip;q=1.0,deflate;q=0.6,identity;q=0.3
      Accept:
      - "*/*"
  response:
    status:
      code: 201
      message: Created
    headers:
      Server:
      - Cowboy
      Date:
      - Sat, 14 Oct 2023 17:19:03 GMT
      Connection:
      - keep-alive
      X-Frame-Options:
      - SAMEORIGIN
      X-Xss-Protection:
      - '0'
      X-Content-Type-Options:
      - nosniff
      X-Download-Options:
      - noopen
      X-Permitted-Cross-Domain-Policies:
      - none
      Referrer-Policy:
      - strict-origin-when-cross-origin
      Content-Type:
      - application/json; charset=utf-8
      Vary:
      - Accept
      Etag:
      - W/"497ff6d64382bc9d34ed64acc2e4b32b"
      Cache-Control:
      - max-age=0, private, must-revalidate
      X-Request-Id:
      - 0c60e759-1831-4401-8320-000d92b104e3
      X-Runtime:
      - '0.008207'
      Transfer-Encoding:
      - chunked
      Via:
      - 1.1 vegur
    body:
      encoding: UTF-8
      string: '{"message":"''Water Plants'' added!"}'
  recorded_at: Sat, 14 Oct 2023 17:19:03 GMT
- request:
    method: get
    uri: https://ontrack-be-a58c9e421d34.herokuapp.com/api/v1/holidays
    body:
      encoding: US-ASCII
      string: ''
    headers:
      User-Agent:
      - Faraday v2.7.11
      Accept-Encoding:
      - gzip;q=1.0,deflate;q=0.6,identity;q=0.3
      Accept:
      - "*/*"
  response:
    status:
      code: 200
      message: OK
    headers:
      Server:
      - Cowboy
      Date:
      - Sat, 14 Oct 2023 17:19:03 GMT
      Report-To:
      - '{"group":"heroku-nel","max_age":3600,"endpoints":[{"url":"https://nel.heroku.com/reports?ts=1697303943&sid=929419e7-33ea-4e2f-85f0-7d8b7cd5cbd6&s=0g0i1w%2F%2FBVO8vkH7nv%2BwTsVyctboRySwGvhklRdR47M%3D"}]}'
      Reporting-Endpoints:
      - heroku-nel=https://nel.heroku.com/reports?ts=1697303943&sid=929419e7-33ea-4e2f-85f0-7d8b7cd5cbd6&s=0g0i1w%2F%2FBVO8vkH7nv%2BwTsVyctboRySwGvhklRdR47M%3D
      Nel:
      - '{"report_to":"heroku-nel","max_age":3600,"success_fraction":0.005,"failure_fraction":0.05,"response_headers":["Via"]}'
      Connection:
      - keep-alive
      X-Frame-Options:
      - SAMEORIGIN
      X-Xss-Protection:
      - '0'
      X-Content-Type-Options:
      - nosniff
      X-Download-Options:
      - noopen
      X-Permitted-Cross-Domain-Policies:
      - none
      Referrer-Policy:
      - strict-origin-when-cross-origin
      Content-Type:
      - application/json; charset=utf-8
      Vary:
      - Accept
      Etag:
      - W/"31a3104598e3b1bd4b7f896573a4f8ec"
      Cache-Control:
      - max-age=0, private, must-revalidate
      X-Request-Id:
      - 4f2f7688-e231-4159-8a34-7b2f6c716689
      X-Runtime:
      - '0.033959'
      Transfer-Encoding:
      - chunked
      Via:
      - 1.1 vegur
    body:
      encoding: UTF-8
      string: '{"data":[{"type":"holiday","attributes":{"name":"Veterans Day","date":"2023-11-10"}},{"type":"holiday","attributes":{"name":"Thanksgiving
        Day","date":"2023-11-23"}},{"type":"holiday","attributes":{"name":"Christmas
        Day","date":"2023-12-25"}}]}'
  recorded_at: Sat, 14 Oct 2023 17:19:03 GMT
- request:
    method: get
    uri: https://ontrack-be-a58c9e421d34.herokuapp.com/api/v1/users/123/daily_tasks/?mood
    body:
      encoding: US-ASCII
      string: ''
    headers:
      User-Agent:
      - Faraday v2.7.11
      Accept-Encoding:
      - gzip;q=1.0,deflate;q=0.6,identity;q=0.3
      Accept:
      - "*/*"
  response:
    status:
      code: 200
      message: OK
    headers:
      Server:
      - Cowboy
      Date:
      - Sat, 14 Oct 2023 17:19:03 GMT
      Connection:
      - keep-alive
      X-Frame-Options:
      - SAMEORIGIN
      X-Xss-Protection:
      - '0'
      X-Content-Type-Options:
      - nosniff
      X-Download-Options:
      - noopen
      X-Permitted-Cross-Domain-Policies:
      - none
      Referrer-Policy:
      - strict-origin-when-cross-origin
      Content-Type:
      - application/json; charset=utf-8
      Vary:
      - Accept
      Etag:
      - W/"8fe32e407a1038ee38753b70e5374b3a"
      Cache-Control:
      - max-age=0, private, must-revalidate
      X-Request-Id:
      - 259d7a40-b2d9-4ae8-9aed-7758087d8618
      X-Runtime:
      - '0.009085'
      Transfer-Encoding:
      - chunked
      Via:
      - 1.1 vegur
    body:
      encoding: UTF-8
      string: '{"data":[]}'
  recorded_at: Sat, 14 Oct 2023 17:19:04 GMT
- request:
    method: get
    uri: https://ontrack-be-a58c9e421d34.herokuapp.com/api/v1/users/123/tasks
    body:
      encoding: US-ASCII
      string: ''
    headers:
      User-Agent:
      - Faraday v2.7.11
      Accept-Encoding:
      - gzip;q=1.0,deflate;q=0.6,identity;q=0.3
      Accept:
      - "*/*"
  response:
    status:
      code: 200
      message: OK
    headers:
      Server:
      - Cowboy
      Date:
      - Sat, 14 Oct 2023 17:19:03 GMT
      Report-To:
      - '{"group":"heroku-nel","max_age":3600,"endpoints":[{"url":"https://nel.heroku.com/reports?ts=1697303944&sid=929419e7-33ea-4e2f-85f0-7d8b7cd5cbd6&s=yNUbMFDEl1a%2FJ4zmo%2BBPbTzWdPU9GWU36bIDdJglz0o%3D"}]}'
      Reporting-Endpoints:
      - heroku-nel=https://nel.heroku.com/reports?ts=1697303944&sid=929419e7-33ea-4e2f-85f0-7d8b7cd5cbd6&s=yNUbMFDEl1a%2FJ4zmo%2BBPbTzWdPU9GWU36bIDdJglz0o%3D
      Nel:
      - '{"report_to":"heroku-nel","max_age":3600,"success_fraction":0.005,"failure_fraction":0.05,"response_headers":["Via"]}'
      Connection:
      - keep-alive
      X-Frame-Options:
      - SAMEORIGIN
      X-Xss-Protection:
      - '0'
      X-Content-Type-Options:
      - nosniff
      X-Download-Options:
      - noopen
      X-Permitted-Cross-Domain-Policies:
      - none
      Referrer-Policy:
      - strict-origin-when-cross-origin
      Content-Type:
      - application/json; charset=utf-8
      Vary:
      - Accept
      Etag:
      - W/"0506786976c3e6dbcaaf9f910f0ae3d3"
      Cache-Control:
      - max-age=0, private, must-revalidate
      X-Request-Id:
      - b2f3e16b-530d-49e7-a946-c2a16b689a9d
      X-Runtime:
      - '0.003940'
      Transfer-Encoding:
      - chunked
      Via:
      - 1.1 vegur
    body:
      encoding: UTF-8
      string: '{"data":[{"id":"58","type":"task","attributes":{"name":"Water Plants","category":"chore","mandatory":false,"event_date":"","frequency":"weekly","user_id":123,"notes":"","skipped":false,"image_url":""}}]}'
  recorded_at: Sat, 14 Oct 2023 17:19:04 GMT
- request:
    method: delete
    uri: https://ontrack-be-a58c9e421d34.herokuapp.com/api/v1/users/123/tasks/58
    body:
      encoding: US-ASCII
      string: ''
    headers:
      User-Agent:
      - Faraday v2.7.11
      Accept-Encoding:
      - gzip;q=1.0,deflate;q=0.6,identity;q=0.3
      Accept:
      - "*/*"
  response:
    status:
      code: 200
      message: OK
    headers:
      Server:
      - Cowboy
      Date:
      - Sat, 14 Oct 2023 17:19:03 GMT
      Connection:
      - keep-alive
      X-Frame-Options:
      - SAMEORIGIN
      X-Xss-Protection:
      - '0'
      X-Content-Type-Options:
      - nosniff
      X-Download-Options:
      - noopen
      X-Permitted-Cross-Domain-Policies:
      - none
      Referrer-Policy:
      - strict-origin-when-cross-origin
      Content-Type:
      - application/json; charset=utf-8
      Vary:
      - Accept
      Etag:
      - W/"4b0443fcb4b80622b62a546a28246f66"
      Cache-Control:
      - max-age=0, private, must-revalidate
      X-Request-Id:
      - 2245fdb9-f1cd-45f3-8469-5efe9c742b62
      X-Runtime:
      - '0.007755'
      Transfer-Encoding:
      - chunked
      Via:
      - 1.1 vegur
    body:
      encoding: UTF-8
      string: '{"message":"''Water Plants'' deleted."}'
  recorded_at: Sat, 14 Oct 2023 17:19:04 GMT
- request:
    method: delete
    uri: https://ontrack-be-2305-d5321563a2d4.herokuapp.com/api/v1/users/123/tasks/58
    body:
      encoding: US-ASCII
      string: ''
    headers:
      User-Agent:
      - Faraday v2.7.11
      Accept-Encoding:
      - gzip;q=1.0,deflate;q=0.6,identity;q=0.3
      Accept:
      - "*/*"
  response:
    status:
      code: 200
      message: OK
    headers:
      Server:
      - Cowboy
      Date:
      - Thu, 07 Dec 2023 02:08:10 GMT
      Report-To:
      - '{"group":"heroku-nel","max_age":3600,"endpoints":[{"url":"https://nel.heroku.com/reports?ts=1701914890&sid=e11707d5-02a7-43ef-b45e-2cf4d2036f7d&s=0b81ND2JizpCI%2BfE7FVGN4fHkqxMewAdfPga8B48JUM%3D"}]}'
      Reporting-Endpoints:
      - heroku-nel=https://nel.heroku.com/reports?ts=1701914890&sid=e11707d5-02a7-43ef-b45e-2cf4d2036f7d&s=0b81ND2JizpCI%2BfE7FVGN4fHkqxMewAdfPga8B48JUM%3D
      Nel:
      - '{"report_to":"heroku-nel","max_age":3600,"success_fraction":0.005,"failure_fraction":0.05,"response_headers":["Via"]}'
      Connection:
      - keep-alive
      X-Frame-Options:
      - SAMEORIGIN
      X-Xss-Protection:
      - '0'
      X-Content-Type-Options:
      - nosniff
      X-Download-Options:
      - noopen
      X-Permitted-Cross-Domain-Policies:
      - none
      Referrer-Policy:
      - strict-origin-when-cross-origin
      Content-Type:
      - application/json; charset=utf-8
      Vary:
      - Accept
      Etag:
      - W/"4b0443fcb4b80622b62a546a28246f66"
      Cache-Control:
      - max-age=0, private, must-revalidate
      X-Request-Id:
      - ca5a688f-118f-4c76-9168-04b7aa7a6736
      X-Runtime:
      - '0.005442'
      Transfer-Encoding:
      - chunked
      Via:
      - 1.1 vegur
    body:
      encoding: UTF-8
      string: '{"message":"''Water Plants'' deleted."}'
  recorded_at: Thu, 07 Dec 2023 02:08:10 GMT
- request:
    method: get
    uri: https://ontrack-be-2305-d5321563a2d4.herokuapp.com/api/v1/holidays
    body:
      encoding: US-ASCII
      string: ''
    headers:
      User-Agent:
      - Faraday v2.7.11
      Accept-Encoding:
      - gzip;q=1.0,deflate;q=0.6,identity;q=0.3
      Accept:
      - "*/*"
  response:
    status:
      code: 200
      message: OK
    headers:
      Server:
      - Cowboy
      Date:
      - Thu, 07 Dec 2023 02:13:36 GMT
      Report-To:
      - '{"group":"heroku-nel","max_age":3600,"endpoints":[{"url":"https://nel.heroku.com/reports?ts=1701915217&sid=e11707d5-02a7-43ef-b45e-2cf4d2036f7d&s=8FcSPyQSilbm1oVTgsxO9Cq%2FTD2JBuLGnWsAFd7ayKs%3D"}]}'
      Reporting-Endpoints:
      - heroku-nel=https://nel.heroku.com/reports?ts=1701915217&sid=e11707d5-02a7-43ef-b45e-2cf4d2036f7d&s=8FcSPyQSilbm1oVTgsxO9Cq%2FTD2JBuLGnWsAFd7ayKs%3D
      Nel:
      - '{"report_to":"heroku-nel","max_age":3600,"success_fraction":0.005,"failure_fraction":0.05,"response_headers":["Via"]}'
      Connection:
      - keep-alive
      X-Frame-Options:
      - SAMEORIGIN
      X-Xss-Protection:
      - '0'
      X-Content-Type-Options:
      - nosniff
      X-Download-Options:
      - noopen
      X-Permitted-Cross-Domain-Policies:
      - none
      Referrer-Policy:
      - strict-origin-when-cross-origin
      Content-Type:
      - application/json; charset=utf-8
      Vary:
      - Accept
      Etag:
      - W/"fb6c5120fa47890f7d06d8cc883e6b1f"
      Cache-Control:
      - max-age=0, private, must-revalidate
      X-Request-Id:
      - 4b5911df-495e-48a0-a299-f687322d50bd
      X-Runtime:
      - '0.027943'
      Transfer-Encoding:
      - chunked
      Via:
      - 1.1 vegur
    body:
      encoding: UTF-8
      string: '{"data":[{"type":"holiday","attributes":{"name":"Christmas Day","date":"2023-12-25"}},{"type":"holiday","attributes":{"name":"New
        Year''s Day","date":"2024-01-01"}},{"type":"holiday","attributes":{"name":"Martin
        Luther King, Jr. Day","date":"2024-01-15"}}]}'
  recorded_at: Thu, 07 Dec 2023 02:13:37 GMT
- request:
    method: get
    uri: https://ontrack-be-2305-d5321563a2d4.herokuapp.com/api/v1/users/123/daily_tasks/?mood
    body:
      encoding: US-ASCII
      string: ''
    headers:
      User-Agent:
      - Faraday v2.7.11
      Accept-Encoding:
      - gzip;q=1.0,deflate;q=0.6,identity;q=0.3
      Accept:
      - "*/*"
  response:
    status:
      code: 200
      message: OK
    headers:
      Server:
      - Cowboy
      Date:
      - Thu, 07 Dec 2023 02:13:37 GMT
      Report-To:
      - '{"group":"heroku-nel","max_age":3600,"endpoints":[{"url":"https://nel.heroku.com/reports?ts=1701915217&sid=e11707d5-02a7-43ef-b45e-2cf4d2036f7d&s=8FcSPyQSilbm1oVTgsxO9Cq%2FTD2JBuLGnWsAFd7ayKs%3D"}]}'
      Reporting-Endpoints:
      - heroku-nel=https://nel.heroku.com/reports?ts=1701915217&sid=e11707d5-02a7-43ef-b45e-2cf4d2036f7d&s=8FcSPyQSilbm1oVTgsxO9Cq%2FTD2JBuLGnWsAFd7ayKs%3D
      Nel:
      - '{"report_to":"heroku-nel","max_age":3600,"success_fraction":0.005,"failure_fraction":0.05,"response_headers":["Via"]}'
      Connection:
      - keep-alive
      X-Frame-Options:
      - SAMEORIGIN
      X-Xss-Protection:
      - '0'
      X-Content-Type-Options:
      - nosniff
      X-Download-Options:
      - noopen
      X-Permitted-Cross-Domain-Policies:
      - none
      Referrer-Policy:
      - strict-origin-when-cross-origin
      Content-Type:
      - application/json; charset=utf-8
      Vary:
      - Accept
      Etag:
      - W/"8fe32e407a1038ee38753b70e5374b3a"
      Cache-Control:
      - max-age=0, private, must-revalidate
      X-Request-Id:
      - 1ae7520b-8b95-4631-bd7e-07a1635c3f02
      X-Runtime:
      - '0.005969'
      Transfer-Encoding:
      - chunked
      Via:
      - 1.1 vegur
    body:
      encoding: UTF-8
      string: '{"data":[]}'
  recorded_at: Thu, 07 Dec 2023 02:13:37 GMT
- request:
    method: post
    uri: https://ontrack-be-2305-d5321563a2d4.herokuapp.com/api/v1/users/123/tasks?category=chore&event_date=&frequency=weekly&image_url=&mandatory=0&name=Water%20Plants&notes=
    body:
      encoding: UTF-8
      string: ''
    headers:
      User-Agent:
      - Faraday v2.7.11
      Content-Length:
      - '0'
      Accept-Encoding:
      - gzip;q=1.0,deflate;q=0.6,identity;q=0.3
      Accept:
      - "*/*"
  response:
    status:
      code: 201
      message: Created
    headers:
      Server:
      - Cowboy
      Date:
      - Thu, 07 Dec 2023 02:13:36 GMT
      Report-To:
      - '{"group":"heroku-nel","max_age":3600,"endpoints":[{"url":"https://nel.heroku.com/reports?ts=1701915217&sid=e11707d5-02a7-43ef-b45e-2cf4d2036f7d&s=8FcSPyQSilbm1oVTgsxO9Cq%2FTD2JBuLGnWsAFd7ayKs%3D"}]}'
      Reporting-Endpoints:
      - heroku-nel=https://nel.heroku.com/reports?ts=1701915217&sid=e11707d5-02a7-43ef-b45e-2cf4d2036f7d&s=8FcSPyQSilbm1oVTgsxO9Cq%2FTD2JBuLGnWsAFd7ayKs%3D
      Nel:
      - '{"report_to":"heroku-nel","max_age":3600,"success_fraction":0.005,"failure_fraction":0.05,"response_headers":["Via"]}'
      Connection:
      - keep-alive
      X-Frame-Options:
      - SAMEORIGIN
      X-Xss-Protection:
      - '0'
      X-Content-Type-Options:
      - nosniff
      X-Download-Options:
      - noopen
      X-Permitted-Cross-Domain-Policies:
      - none
      Referrer-Policy:
      - strict-origin-when-cross-origin
      Content-Type:
      - application/json; charset=utf-8
      Vary:
      - Accept
      Etag:
      - W/"497ff6d64382bc9d34ed64acc2e4b32b"
      Cache-Control:
      - max-age=0, private, must-revalidate
      X-Request-Id:
      - 0ab1e148-2515-4da7-9acf-2c33d824a7e0
      X-Runtime:
      - '0.007357'
      Transfer-Encoding:
      - chunked
      Via:
      - 1.1 vegur
    body:
      encoding: UTF-8
      string: '{"message":"''Water Plants'' added!"}'
  recorded_at: Thu, 07 Dec 2023 02:13:37 GMT
- request:
    method: get
    uri: https://ontrack-be-2305-d5321563a2d4.herokuapp.com/api/v1/holidays
    body:
      encoding: US-ASCII
      string: ''
    headers:
      User-Agent:
      - Faraday v2.7.11
      Accept-Encoding:
      - gzip;q=1.0,deflate;q=0.6,identity;q=0.3
      Accept:
      - "*/*"
  response:
    status:
      code: 200
      message: OK
    headers:
      Server:
      - Cowboy
      Date:
      - Thu, 07 Dec 2023 02:13:37 GMT
      Report-To:
      - '{"group":"heroku-nel","max_age":3600,"endpoints":[{"url":"https://nel.heroku.com/reports?ts=1701915218&sid=e11707d5-02a7-43ef-b45e-2cf4d2036f7d&s=rHBXyEg%2BtkOrf9Em3Is26%2F7Qtgja3DjpnrICRbvpttE%3D"}]}'
      Reporting-Endpoints:
      - heroku-nel=https://nel.heroku.com/reports?ts=1701915218&sid=e11707d5-02a7-43ef-b45e-2cf4d2036f7d&s=rHBXyEg%2BtkOrf9Em3Is26%2F7Qtgja3DjpnrICRbvpttE%3D
      Nel:
      - '{"report_to":"heroku-nel","max_age":3600,"success_fraction":0.005,"failure_fraction":0.05,"response_headers":["Via"]}'
      Connection:
      - keep-alive
      X-Frame-Options:
      - SAMEORIGIN
      X-Xss-Protection:
      - '0'
      X-Content-Type-Options:
      - nosniff
      X-Download-Options:
      - noopen
      X-Permitted-Cross-Domain-Policies:
      - none
      Referrer-Policy:
      - strict-origin-when-cross-origin
      Content-Type:
      - application/json; charset=utf-8
      Vary:
      - Accept
      Etag:
      - W/"fb6c5120fa47890f7d06d8cc883e6b1f"
      Cache-Control:
      - max-age=0, private, must-revalidate
      X-Request-Id:
      - a307c9dc-43f7-48bb-b17f-dd53fc1e7d5a
      X-Runtime:
      - '0.024645'
      Transfer-Encoding:
      - chunked
      Via:
      - 1.1 vegur
    body:
      encoding: UTF-8
      string: '{"data":[{"type":"holiday","attributes":{"name":"Christmas Day","date":"2023-12-25"}},{"type":"holiday","attributes":{"name":"New
        Year''s Day","date":"2024-01-01"}},{"type":"holiday","attributes":{"name":"Martin
        Luther King, Jr. Day","date":"2024-01-15"}}]}'
  recorded_at: Thu, 07 Dec 2023 02:13:38 GMT
- request:
    method: get
    uri: https://ontrack-be-2305-d5321563a2d4.herokuapp.com/api/v1/users/123/daily_tasks/?mood
    body:
      encoding: US-ASCII
      string: ''
    headers:
      User-Agent:
      - Faraday v2.7.11
      Accept-Encoding:
      - gzip;q=1.0,deflate;q=0.6,identity;q=0.3
      Accept:
      - "*/*"
  response:
    status:
      code: 200
      message: OK
    headers:
      Server:
      - Cowboy
      Date:
      - Thu, 07 Dec 2023 02:13:38 GMT
      Report-To:
      - '{"group":"heroku-nel","max_age":3600,"endpoints":[{"url":"https://nel.heroku.com/reports?ts=1701915218&sid=e11707d5-02a7-43ef-b45e-2cf4d2036f7d&s=rHBXyEg%2BtkOrf9Em3Is26%2F7Qtgja3DjpnrICRbvpttE%3D"}]}'
      Reporting-Endpoints:
      - heroku-nel=https://nel.heroku.com/reports?ts=1701915218&sid=e11707d5-02a7-43ef-b45e-2cf4d2036f7d&s=rHBXyEg%2BtkOrf9Em3Is26%2F7Qtgja3DjpnrICRbvpttE%3D
      Nel:
      - '{"report_to":"heroku-nel","max_age":3600,"success_fraction":0.005,"failure_fraction":0.05,"response_headers":["Via"]}'
      Connection:
      - keep-alive
      X-Frame-Options:
      - SAMEORIGIN
      X-Xss-Protection:
      - '0'
      X-Content-Type-Options:
      - nosniff
      X-Download-Options:
      - noopen
      X-Permitted-Cross-Domain-Policies:
      - none
      Referrer-Policy:
      - strict-origin-when-cross-origin
      Content-Type:
      - application/json; charset=utf-8
      Vary:
      - Accept
      Etag:
      - W/"8fe32e407a1038ee38753b70e5374b3a"
      Cache-Control:
      - max-age=0, private, must-revalidate
      X-Request-Id:
      - 13f460ea-1d1f-40b5-aeee-23688429889c
      X-Runtime:
      - '0.007252'
      Transfer-Encoding:
      - chunked
      Via:
      - 1.1 vegur
    body:
      encoding: UTF-8
      string: '{"data":[]}'
  recorded_at: Thu, 07 Dec 2023 02:13:38 GMT
- request:
    method: get
    uri: https://ontrack-be-2305-d5321563a2d4.herokuapp.com/api/v1/users/123/tasks
    body:
      encoding: US-ASCII
      string: ''
    headers:
      User-Agent:
      - Faraday v2.7.11
      Accept-Encoding:
      - gzip;q=1.0,deflate;q=0.6,identity;q=0.3
      Accept:
      - "*/*"
  response:
    status:
      code: 200
      message: OK
    headers:
      Server:
      - Cowboy
      Date:
      - Thu, 07 Dec 2023 02:13:38 GMT
      Report-To:
      - '{"group":"heroku-nel","max_age":3600,"endpoints":[{"url":"https://nel.heroku.com/reports?ts=1701915219&sid=e11707d5-02a7-43ef-b45e-2cf4d2036f7d&s=LxyL4k9u%2BLv1j0jAwa7D%2F%2B%2BZO1h%2FT6GLc6mMN%2FOVOYY%3D"}]}'
      Reporting-Endpoints:
      - heroku-nel=https://nel.heroku.com/reports?ts=1701915219&sid=e11707d5-02a7-43ef-b45e-2cf4d2036f7d&s=LxyL4k9u%2BLv1j0jAwa7D%2F%2B%2BZO1h%2FT6GLc6mMN%2FOVOYY%3D
      Nel:
      - '{"report_to":"heroku-nel","max_age":3600,"success_fraction":0.005,"failure_fraction":0.05,"response_headers":["Via"]}'
      Connection:
      - keep-alive
      X-Frame-Options:
      - SAMEORIGIN
      X-Xss-Protection:
      - '0'
      X-Content-Type-Options:
      - nosniff
      X-Download-Options:
      - noopen
      X-Permitted-Cross-Domain-Policies:
      - none
      Referrer-Policy:
      - strict-origin-when-cross-origin
      Content-Type:
      - application/json; charset=utf-8
      Vary:
      - Accept
      Etag:
      - W/"3b8020dab43ec6820a20650ae8873d5b"
      Cache-Control:
      - max-age=0, private, must-revalidate
      X-Request-Id:
      - 971ad611-f36d-46aa-8681-6c62d341084e
      X-Runtime:
      - '0.003165'
      Transfer-Encoding:
      - chunked
      Via:
      - 1.1 vegur
    body:
      encoding: UTF-8
      string: '{"data":[{"id":"182","type":"task","attributes":{"name":"Water Plants","category":"chore","mandatory":false,"event_date":"","frequency":"weekly","user_id":123,"notes":"","skipped":false,"image_url":""}}]}'
  recorded_at: Thu, 07 Dec 2023 02:13:39 GMT
- request:
    method: delete
    uri: https://ontrack-be-2305-d5321563a2d4.herokuapp.com/api/v1/users/123/tasks/182
    body:
      encoding: US-ASCII
      string: ''
    headers:
      User-Agent:
      - Faraday v2.7.11
      Accept-Encoding:
      - gzip;q=1.0,deflate;q=0.6,identity;q=0.3
      Accept:
      - "*/*"
  response:
    status:
      code: 200
      message: OK
    headers:
      Server:
      - Cowboy
      Date:
      - Thu, 07 Dec 2023 02:13:38 GMT
      Report-To:
      - '{"group":"heroku-nel","max_age":3600,"endpoints":[{"url":"https://nel.heroku.com/reports?ts=1701915219&sid=e11707d5-02a7-43ef-b45e-2cf4d2036f7d&s=LxyL4k9u%2BLv1j0jAwa7D%2F%2B%2BZO1h%2FT6GLc6mMN%2FOVOYY%3D"}]}'
      Reporting-Endpoints:
      - heroku-nel=https://nel.heroku.com/reports?ts=1701915219&sid=e11707d5-02a7-43ef-b45e-2cf4d2036f7d&s=LxyL4k9u%2BLv1j0jAwa7D%2F%2B%2BZO1h%2FT6GLc6mMN%2FOVOYY%3D
      Nel:
      - '{"report_to":"heroku-nel","max_age":3600,"success_fraction":0.005,"failure_fraction":0.05,"response_headers":["Via"]}'
      Connection:
      - keep-alive
      X-Frame-Options:
      - SAMEORIGIN
      X-Xss-Protection:
      - '0'
      X-Content-Type-Options:
      - nosniff
      X-Download-Options:
      - noopen
      X-Permitted-Cross-Domain-Policies:
      - none
      Referrer-Policy:
      - strict-origin-when-cross-origin
      Content-Type:
      - application/json; charset=utf-8
      Vary:
      - Accept
      Etag:
      - W/"4b0443fcb4b80622b62a546a28246f66"
      Cache-Control:
      - max-age=0, private, must-revalidate
      X-Request-Id:
      - afa5841d-bf0b-476d-b3c3-017aaeaf169d
      X-Runtime:
      - '0.004989'
      Transfer-Encoding:
      - chunked
      Via:
      - 1.1 vegur
    body:
      encoding: UTF-8
      string: '{"message":"''Water Plants'' deleted."}'
  recorded_at: Thu, 07 Dec 2023 02:13:39 GMT
recorded_with: VCR 6.2.0
