---
http_interactions:
- request:
    method: get
    uri: http://localhost:3000/api/v1/users/89/tasks
    body:
      encoding: US-ASCII
      string: ''
    headers:
      User-Agent:
      - Faraday v2.7.11
      Accept-Encoding:
      - gzip;q=1.0,deflate;q=0.6,identity;q=0.3
      Accept:
      - "*/*"
  response:
    status:
      code: 200
      message: OK
    headers:
      X-Frame-Options:
      - SAMEORIGIN
      X-Xss-Protection:
      - '0'
      X-Content-Type-Options:
      - nosniff
      X-Download-Options:
      - noopen
      X-Permitted-Cross-Domain-Policies:
      - none
      Referrer-Policy:
      - strict-origin-when-cross-origin
      Content-Type:
      - application/json; charset=utf-8
      Vary:
      - Accept
      Etag:
      - W/"8fe32e407a1038ee38753b70e5374b3a"
      Cache-Control:
      - max-age=0, private, must-revalidate
      X-Request-Id:
      - '029c4841-6c9b-431a-aa8e-84afb7fc4a5c'
      X-Runtime:
      - '0.009225'
      Server-Timing:
      - start_processing.action_controller;dur=0.06, sql.active_record;dur=0.42, process_action.action_controller;dur=0.99
      Transfer-Encoding:
      - chunked
    body:
      encoding: UTF-8
      string: '{"data":[]}'
  recorded_at: Sat, 16 Sep 2023 03:27:54 GMT
- request:
    method: get
    uri: http://localhost:3000/api/v1/users/94/tasks
    body:
      encoding: US-ASCII
      string: ''
    headers:
      User-Agent:
      - Faraday v2.7.11
      Accept-Encoding:
      - gzip;q=1.0,deflate;q=0.6,identity;q=0.3
      Accept:
      - "*/*"
  response:
    status:
      code: 200
      message: OK
    headers:
      X-Frame-Options:
      - SAMEORIGIN
      X-Xss-Protection:
      - '0'
      X-Content-Type-Options:
      - nosniff
      X-Download-Options:
      - noopen
      X-Permitted-Cross-Domain-Policies:
      - none
      Referrer-Policy:
      - strict-origin-when-cross-origin
      Content-Type:
      - application/json; charset=utf-8
      Vary:
      - Accept
      Etag:
      - W/"8fe32e407a1038ee38753b70e5374b3a"
      Cache-Control:
      - max-age=0, private, must-revalidate
      X-Request-Id:
      - 8d6dc75d-1fa3-4faf-9572-fa714d7f15fa
      X-Runtime:
      - '0.005193'
      Server-Timing:
      - start_processing.action_controller;dur=0.05, sql.active_record;dur=0.40, process_action.action_controller;dur=0.94
      Transfer-Encoding:
      - chunked
    body:
      encoding: UTF-8
      string: '{"data":[]}'
  recorded_at: Sat, 16 Sep 2023 03:28:13 GMT
- request:
    method: post
    uri: http://localhost:3000/api/v1/users/94/tasks?category=chore&event_date=&frequency=weekly&mandatory=1&name=Water%20Plants&notes=Remember%20plants%20in%20bedroom,%20living%20room,%20and%20balcony&time_needed=20
    body:
      encoding: UTF-8
      string: ''
    headers:
      User-Agent:
      - Faraday v2.7.11
      Content-Length:
      - '0'
      Accept-Encoding:
      - gzip;q=1.0,deflate;q=0.6,identity;q=0.3
      Accept:
      - "*/*"
  response:
    status:
      code: 201
      message: Created
    headers:
      X-Frame-Options:
      - SAMEORIGIN
      X-Xss-Protection:
      - '0'
      X-Content-Type-Options:
      - nosniff
      X-Download-Options:
      - noopen
      X-Permitted-Cross-Domain-Policies:
      - none
      Referrer-Policy:
      - strict-origin-when-cross-origin
      Content-Type:
      - application/json; charset=utf-8
      Vary:
      - Accept
      Etag:
      - W/"19cd2c99fa6e843bddef1c81657194e8"
      Cache-Control:
      - max-age=0, private, must-revalidate
      X-Request-Id:
      - b67b6c5d-51e4-4c47-a38a-3fab8da5e2cf
      X-Runtime:
      - '0.020755'
      Server-Timing:
      - start_processing.action_controller;dur=0.06, sql.active_record;dur=13.77,
        process_action.action_controller;dur=15.54
      Transfer-Encoding:
      - chunked
    body:
      encoding: UTF-8
      string: '{"data":{"id":"7","type":"task","attributes":{"name":"Water Plants","category":"chore","mandatory":true,"event_date":"","frequency":"weekly","time_needed":20,"user_id":94,"notes":"Remember
        plants in bedroom, living room, and balcony"}}}'
  recorded_at: Sat, 16 Sep 2023 03:28:13 GMT
- request:
    method: get
    uri: http://localhost:3000/api/v1/users/99/tasks
    body:
      encoding: US-ASCII
      string: ''
    headers:
      User-Agent:
      - Faraday v2.7.11
      Accept-Encoding:
      - gzip;q=1.0,deflate;q=0.6,identity;q=0.3
      Accept:
      - "*/*"
  response:
    status:
      code: 200
      message: OK
    headers:
      X-Frame-Options:
      - SAMEORIGIN
      X-Xss-Protection:
      - '0'
      X-Content-Type-Options:
      - nosniff
      X-Download-Options:
      - noopen
      X-Permitted-Cross-Domain-Policies:
      - none
      Referrer-Policy:
      - strict-origin-when-cross-origin
      Content-Type:
      - application/json; charset=utf-8
      Vary:
      - Accept
      Etag:
      - W/"8fe32e407a1038ee38753b70e5374b3a"
      Cache-Control:
      - max-age=0, private, must-revalidate
      X-Request-Id:
      - 3843f809-34bf-4d50-b93a-0e15af8e695c
      X-Runtime:
      - '0.006131'
      Server-Timing:
      - start_processing.action_controller;dur=0.05, sql.active_record;dur=0.87, process_action.action_controller;dur=1.55
      Transfer-Encoding:
      - chunked
    body:
      encoding: UTF-8
      string: '{"data":[]}'
  recorded_at: Sat, 16 Sep 2023 03:28:24 GMT
- request:
    method: post
    uri: http://localhost:3000/api/v1/users/99/tasks?category=chore&event_date=&frequency=weekly&mandatory=1&name=Water%20Plants&notes=Remember%20plants%20in%20bedroom,%20living%20room,%20and%20balcony&time_needed=20
    body:
      encoding: UTF-8
      string: ''
    headers:
      User-Agent:
      - Faraday v2.7.11
      Content-Length:
      - '0'
      Accept-Encoding:
      - gzip;q=1.0,deflate;q=0.6,identity;q=0.3
      Accept:
      - "*/*"
  response:
    status:
      code: 201
      message: Created
    headers:
      X-Frame-Options:
      - SAMEORIGIN
      X-Xss-Protection:
      - '0'
      X-Content-Type-Options:
      - nosniff
      X-Download-Options:
      - noopen
      X-Permitted-Cross-Domain-Policies:
      - none
      Referrer-Policy:
      - strict-origin-when-cross-origin
      Content-Type:
      - application/json; charset=utf-8
      Vary:
      - Accept
      Etag:
      - W/"5d5985f5b0975c4cc25076ab56d1d28b"
      Cache-Control:
      - max-age=0, private, must-revalidate
      X-Request-Id:
      - 447b5fcd-765d-4ec8-8b4d-46055c896b11
      X-Runtime:
      - '0.009257'
      Server-Timing:
      - start_processing.action_controller;dur=0.06, sql.active_record;dur=2.45, process_action.action_controller;dur=3.89
      Transfer-Encoding:
      - chunked
    body:
      encoding: UTF-8
      string: '{"data":{"id":"8","type":"task","attributes":{"name":"Water Plants","category":"chore","mandatory":true,"event_date":"","frequency":"weekly","time_needed":20,"user_id":99,"notes":"Remember
        plants in bedroom, living room, and balcony"}}}'
  recorded_at: Sat, 16 Sep 2023 03:28:24 GMT
- request:
    method: get
    uri: http://localhost:3000/api/v1/users/99/tasks
    body:
      encoding: US-ASCII
      string: ''
    headers:
      User-Agent:
      - Faraday v2.7.11
      Accept-Encoding:
      - gzip;q=1.0,deflate;q=0.6,identity;q=0.3
      Accept:
      - "*/*"
  response:
    status:
      code: 200
      message: OK
    headers:
      X-Frame-Options:
      - SAMEORIGIN
      X-Xss-Protection:
      - '0'
      X-Content-Type-Options:
      - nosniff
      X-Download-Options:
      - noopen
      X-Permitted-Cross-Domain-Policies:
      - none
      Referrer-Policy:
      - strict-origin-when-cross-origin
      Content-Type:
      - application/json; charset=utf-8
      Vary:
      - Accept
      Etag:
      - W/"28bbec4f9963eb64c7799fe607cc6501"
      Cache-Control:
      - max-age=0, private, must-revalidate
      X-Request-Id:
      - ac11d7af-e317-4f79-bc4a-c0d60e5fc8a0
      X-Runtime:
      - '0.005574'
      Server-Timing:
      - start_processing.action_controller;dur=0.04, sql.active_record;dur=0.45, instantiation.active_record;dur=0.04,
        process_action.action_controller;dur=1.10
      Transfer-Encoding:
      - chunked
    body:
      encoding: UTF-8
      string: '{"data":[{"id":"8","type":"task","attributes":{"name":"Water Plants","category":"chore","mandatory":true,"event_date":"","frequency":"weekly","time_needed":20,"user_id":99,"notes":"Remember
        plants in bedroom, living room, and balcony"}}]}'
  recorded_at: Sat, 16 Sep 2023 03:28:24 GMT
- request:
    method: get
    uri: http://localhost:3000/api/v1/users/110/tasks
    body:
      encoding: US-ASCII
      string: ''
    headers:
      User-Agent:
      - Faraday v2.7.11
      Accept-Encoding:
      - gzip;q=1.0,deflate;q=0.6,identity;q=0.3
      Accept:
      - "*/*"
  response:
    status:
      code: 200
      message: OK
    headers:
      X-Frame-Options:
      - SAMEORIGIN
      X-Xss-Protection:
      - '0'
      X-Content-Type-Options:
      - nosniff
      X-Download-Options:
      - noopen
      X-Permitted-Cross-Domain-Policies:
      - none
      Referrer-Policy:
      - strict-origin-when-cross-origin
      Content-Type:
      - application/json; charset=utf-8
      Vary:
      - Accept
      Etag:
      - W/"8fe32e407a1038ee38753b70e5374b3a"
      Cache-Control:
      - max-age=0, private, must-revalidate
      X-Request-Id:
      - db4a4699-a134-4735-9f5e-414b0f0608a5
      X-Runtime:
      - '0.007905'
      Server-Timing:
      - start_processing.action_controller;dur=0.05, sql.active_record;dur=0.35, process_action.action_controller;dur=0.89
      Transfer-Encoding:
      - chunked
    body:
      encoding: UTF-8
      string: '{"data":[]}'
  recorded_at: Sat, 16 Sep 2023 03:30:21 GMT
- request:
    method: post
    uri: http://localhost:3000/api/v1/users/110/tasks?category=chore&event_date=&frequency=weekly&mandatory=1&name=Water%20Plants&notes=Remember%20plants%20in%20bedroom,%20living%20room,%20and%20balcony&time_needed=20
    body:
      encoding: UTF-8
      string: ''
    headers:
      User-Agent:
      - Faraday v2.7.11
      Content-Length:
      - '0'
      Accept-Encoding:
      - gzip;q=1.0,deflate;q=0.6,identity;q=0.3
      Accept:
      - "*/*"
  response:
    status:
      code: 201
      message: Created
    headers:
      X-Frame-Options:
      - SAMEORIGIN
      X-Xss-Protection:
      - '0'
      X-Content-Type-Options:
      - nosniff
      X-Download-Options:
      - noopen
      X-Permitted-Cross-Domain-Policies:
      - none
      Referrer-Policy:
      - strict-origin-when-cross-origin
      Content-Type:
      - application/json; charset=utf-8
      Vary:
      - Accept
      Etag:
      - W/"aad67e1924b0c71b27e565bd97690ea6"
      Cache-Control:
      - max-age=0, private, must-revalidate
      X-Request-Id:
      - a5f4d7ef-c01c-4144-9ecb-c42a7496552d
      X-Runtime:
      - '0.007948'
      Server-Timing:
      - start_processing.action_controller;dur=0.05, sql.active_record;dur=1.15, process_action.action_controller;dur=2.60
      Transfer-Encoding:
      - chunked
    body:
      encoding: UTF-8
      string: '{"data":{"id":"10","type":"task","attributes":{"name":"Water Plants","category":"chore","mandatory":true,"event_date":"","frequency":"weekly","time_needed":20,"user_id":110,"notes":"Remember
        plants in bedroom, living room, and balcony"}}}'
  recorded_at: Sat, 16 Sep 2023 03:30:21 GMT
- request:
    method: get
    uri: http://localhost:3000/api/v1/users/110/tasks
    body:
      encoding: US-ASCII
      string: ''
    headers:
      User-Agent:
      - Faraday v2.7.11
      Accept-Encoding:
      - gzip;q=1.0,deflate;q=0.6,identity;q=0.3
      Accept:
      - "*/*"
  response:
    status:
      code: 200
      message: OK
    headers:
      X-Frame-Options:
      - SAMEORIGIN
      X-Xss-Protection:
      - '0'
      X-Content-Type-Options:
      - nosniff
      X-Download-Options:
      - noopen
      X-Permitted-Cross-Domain-Policies:
      - none
      Referrer-Policy:
      - strict-origin-when-cross-origin
      Content-Type:
      - application/json; charset=utf-8
      Vary:
      - Accept
      Etag:
      - W/"3eebd7b11080eb81f5eee9b2fbf7691a"
      Cache-Control:
      - max-age=0, private, must-revalidate
      X-Request-Id:
      - ef1f9f7e-5171-4c04-a12a-f8b8c6d0127e
      X-Runtime:
      - '0.005241'
      Server-Timing:
      - start_processing.action_controller;dur=0.04, sql.active_record;dur=0.46, instantiation.active_record;dur=0.02,
        process_action.action_controller;dur=1.03
      Transfer-Encoding:
      - chunked
    body:
      encoding: UTF-8
      string: '{"data":[{"id":"10","type":"task","attributes":{"name":"Water Plants","category":"chore","mandatory":true,"event_date":"","frequency":"weekly","time_needed":20,"user_id":110,"notes":"Remember
        plants in bedroom, living room, and balcony"}}]}'
  recorded_at: Sat, 16 Sep 2023 03:30:22 GMT
- request:
    method: get
    uri: http://localhost:3000/api/v1/users/137/tasks
    body:
      encoding: US-ASCII
      string: ''
    headers:
      User-Agent:
      - Faraday v2.7.11
      Accept-Encoding:
      - gzip;q=1.0,deflate;q=0.6,identity;q=0.3
      Accept:
      - "*/*"
  response:
    status:
      code: 200
      message: OK
    headers:
      X-Frame-Options:
      - SAMEORIGIN
      X-Xss-Protection:
      - '0'
      X-Content-Type-Options:
      - nosniff
      X-Download-Options:
      - noopen
      X-Permitted-Cross-Domain-Policies:
      - none
      Referrer-Policy:
      - strict-origin-when-cross-origin
      Content-Type:
      - application/json; charset=utf-8
      Vary:
      - Accept
      Etag:
      - W/"8fe32e407a1038ee38753b70e5374b3a"
      Cache-Control:
      - max-age=0, private, must-revalidate
      X-Request-Id:
      - 48ce23f3-fa4f-4673-9085-5dd93c551231
      X-Runtime:
      - '0.005157'
      Server-Timing:
      - start_processing.action_controller;dur=0.05, sql.active_record;dur=0.40, process_action.action_controller;dur=0.92
      Transfer-Encoding:
      - chunked
    body:
      encoding: UTF-8
      string: '{"data":[]}'
  recorded_at: Sat, 16 Sep 2023 03:52:48 GMT
- request:
    method: post
    uri: http://localhost:3000/api/v1/users/137/tasks?category=chore&event_date=&frequency=weekly&mandatory=1&name=Water%20Plants&notes=Remember%20plants%20in%20bedroom,%20living%20room,%20and%20balcony&time_needed=20
    body:
      encoding: UTF-8
      string: ''
    headers:
      User-Agent:
      - Faraday v2.7.11
      Content-Length:
      - '0'
      Accept-Encoding:
      - gzip;q=1.0,deflate;q=0.6,identity;q=0.3
      Accept:
      - "*/*"
  response:
    status:
      code: 201
      message: Created
    headers:
      X-Frame-Options:
      - SAMEORIGIN
      X-Xss-Protection:
      - '0'
      X-Content-Type-Options:
      - nosniff
      X-Download-Options:
      - noopen
      X-Permitted-Cross-Domain-Policies:
      - none
      Referrer-Policy:
      - strict-origin-when-cross-origin
      Content-Type:
      - application/json; charset=utf-8
      Vary:
      - Accept
      Etag:
      - W/"f0b601c162c41f009e39541b55a0ffcd"
      Cache-Control:
      - max-age=0, private, must-revalidate
      X-Request-Id:
      - 40debcd2-732a-4372-82c9-22b6057880c6
      X-Runtime:
      - '0.006486'
      Server-Timing:
      - start_processing.action_controller;dur=0.05, sql.active_record;dur=1.09, process_action.action_controller;dur=1.95
      Transfer-Encoding:
      - chunked
    body:
      encoding: UTF-8
      string: '{"data":{"id":"14","type":"task","attributes":{"name":"Water Plants","category":"chore","mandatory":true,"event_date":"","frequency":"weekly","time_needed":20,"user_id":137,"notes":"Remember
        plants in bedroom, living room, and balcony"}}}'
  recorded_at: Sat, 16 Sep 2023 03:52:48 GMT
- request:
    method: get
    uri: http://localhost:3000/api/v1/users/137/tasks
    body:
      encoding: US-ASCII
      string: ''
    headers:
      User-Agent:
      - Faraday v2.7.11
      Accept-Encoding:
      - gzip;q=1.0,deflate;q=0.6,identity;q=0.3
      Accept:
      - "*/*"
  response:
    status:
      code: 200
      message: OK
    headers:
      X-Frame-Options:
      - SAMEORIGIN
      X-Xss-Protection:
      - '0'
      X-Content-Type-Options:
      - nosniff
      X-Download-Options:
      - noopen
      X-Permitted-Cross-Domain-Policies:
      - none
      Referrer-Policy:
      - strict-origin-when-cross-origin
      Content-Type:
      - application/json; charset=utf-8
      Vary:
      - Accept
      Etag:
      - W/"eb9a5436b80c8c02d78fbcfb1758a76d"
      Cache-Control:
      - max-age=0, private, must-revalidate
      X-Request-Id:
      - 8e0ca0c1-86e3-400c-b884-3c39d85cceb0
      X-Runtime:
      - '0.005224'
      Server-Timing:
      - start_processing.action_controller;dur=0.05, sql.active_record;dur=0.49, instantiation.active_record;dur=0.02,
        process_action.action_controller;dur=1.06
      Transfer-Encoding:
      - chunked
    body:
      encoding: UTF-8
      string: '{"data":[{"id":"14","type":"task","attributes":{"name":"Water Plants","category":"chore","mandatory":true,"event_date":"","frequency":"weekly","time_needed":20,"user_id":137,"notes":"Remember
        plants in bedroom, living room, and balcony"}}]}'
  recorded_at: Sat, 16 Sep 2023 03:52:48 GMT
- request:
    method: get
    uri: http://localhost:3000/api/v1/users/144/tasks
    body:
      encoding: US-ASCII
      string: ''
    headers:
      User-Agent:
      - Faraday v2.7.11
      Accept-Encoding:
      - gzip;q=1.0,deflate;q=0.6,identity;q=0.3
      Accept:
      - "*/*"
  response:
    status:
      code: 200
      message: OK
    headers:
      X-Frame-Options:
      - SAMEORIGIN
      X-Xss-Protection:
      - '0'
      X-Content-Type-Options:
      - nosniff
      X-Download-Options:
      - noopen
      X-Permitted-Cross-Domain-Policies:
      - none
      Referrer-Policy:
      - strict-origin-when-cross-origin
      Content-Type:
      - application/json; charset=utf-8
      Vary:
      - Accept
      Etag:
      - W/"8fe32e407a1038ee38753b70e5374b3a"
      Cache-Control:
      - max-age=0, private, must-revalidate
      X-Request-Id:
      - cc730659-d1af-47e0-982b-5cd7b7c82378
      X-Runtime:
      - '0.009571'
      Server-Timing:
      - start_processing.action_controller;dur=0.05, sql.active_record;dur=0.42, process_action.action_controller;dur=0.95
      Transfer-Encoding:
      - chunked
    body:
      encoding: UTF-8
      string: '{"data":[]}'
  recorded_at: Sat, 16 Sep 2023 03:54:15 GMT
- request:
    method: post
    uri: http://localhost:3000/api/v1/users/144/tasks?category=chore&event_date=&frequency=weekly&mandatory=1&name=Water%20Plants&notes=Remember%20plants%20in%20bedroom,%20living%20room,%20and%20balcony&time_needed=20
    body:
      encoding: UTF-8
      string: ''
    headers:
      User-Agent:
      - Faraday v2.7.11
      Content-Length:
      - '0'
      Accept-Encoding:
      - gzip;q=1.0,deflate;q=0.6,identity;q=0.3
      Accept:
      - "*/*"
  response:
    status:
      code: 201
      message: Created
    headers:
      X-Frame-Options:
      - SAMEORIGIN
      X-Xss-Protection:
      - '0'
      X-Content-Type-Options:
      - nosniff
      X-Download-Options:
      - noopen
      X-Permitted-Cross-Domain-Policies:
      - none
      Referrer-Policy:
      - strict-origin-when-cross-origin
      Content-Type:
      - application/json; charset=utf-8
      Vary:
      - Accept
      Etag:
      - W/"5ab9078984b81ccd4a142a8c0d7c2299"
      Cache-Control:
      - max-age=0, private, must-revalidate
      X-Request-Id:
      - 4bd8440b-d2ec-4bcb-96c8-3bac48399b86
      X-Runtime:
      - '0.006958'
      Server-Timing:
      - start_processing.action_controller;dur=0.05, sql.active_record;dur=1.15, process_action.action_controller;dur=1.97
      Transfer-Encoding:
      - chunked
    body:
      encoding: UTF-8
      string: '{"data":{"id":"16","type":"task","attributes":{"name":"Water Plants","category":"chore","mandatory":true,"event_date":"","frequency":"weekly","time_needed":20,"user_id":144,"notes":"Remember
        plants in bedroom, living room, and balcony"}}}'
  recorded_at: Sat, 16 Sep 2023 03:54:15 GMT
- request:
    method: get
    uri: http://localhost:3000/api/v1/users/144/tasks
    body:
      encoding: US-ASCII
      string: ''
    headers:
      User-Agent:
      - Faraday v2.7.11
      Accept-Encoding:
      - gzip;q=1.0,deflate;q=0.6,identity;q=0.3
      Accept:
      - "*/*"
  response:
    status:
      code: 200
      message: OK
    headers:
      X-Frame-Options:
      - SAMEORIGIN
      X-Xss-Protection:
      - '0'
      X-Content-Type-Options:
      - nosniff
      X-Download-Options:
      - noopen
      X-Permitted-Cross-Domain-Policies:
      - none
      Referrer-Policy:
      - strict-origin-when-cross-origin
      Content-Type:
      - application/json; charset=utf-8
      Vary:
      - Accept
      Etag:
      - W/"04480440fdf20350f3c23757a6d4c38d"
      Cache-Control:
      - max-age=0, private, must-revalidate
      X-Request-Id:
      - dadc77a1-5f66-4ac8-beea-6bbee9d885d5
      X-Runtime:
      - '0.006346'
      Server-Timing:
      - start_processing.action_controller;dur=0.05, sql.active_record;dur=1.35, instantiation.active_record;dur=0.02,
        process_action.action_controller;dur=1.99
      Transfer-Encoding:
      - chunked
    body:
      encoding: UTF-8
      string: '{"data":[{"id":"16","type":"task","attributes":{"name":"Water Plants","category":"chore","mandatory":true,"event_date":"","frequency":"weekly","time_needed":20,"user_id":144,"notes":"Remember
        plants in bedroom, living room, and balcony"}}]}'
  recorded_at: Sat, 16 Sep 2023 03:54:15 GMT
- request:
    method: get
    uri: http://localhost:3000/api/v1/users/159/tasks
    body:
      encoding: US-ASCII
      string: ''
    headers:
      User-Agent:
      - Faraday v2.7.11
      Accept-Encoding:
      - gzip;q=1.0,deflate;q=0.6,identity;q=0.3
      Accept:
      - "*/*"
  response:
    status:
      code: 200
      message: OK
    headers:
      X-Frame-Options:
      - SAMEORIGIN
      X-Xss-Protection:
      - '0'
      X-Content-Type-Options:
      - nosniff
      X-Download-Options:
      - noopen
      X-Permitted-Cross-Domain-Policies:
      - none
      Referrer-Policy:
      - strict-origin-when-cross-origin
      Content-Type:
      - application/json; charset=utf-8
      Vary:
      - Accept
      Etag:
      - W/"8fe32e407a1038ee38753b70e5374b3a"
      Cache-Control:
      - max-age=0, private, must-revalidate
      X-Request-Id:
      - b1462c03-ebd4-4008-8c11-a7e0e6ee536a
      X-Runtime:
      - '0.005118'
      Server-Timing:
      - start_processing.action_controller;dur=0.05, sql.active_record;dur=0.39, process_action.action_controller;dur=0.91
      Transfer-Encoding:
      - chunked
    body:
      encoding: UTF-8
      string: '{"data":[]}'
  recorded_at: Sat, 16 Sep 2023 03:55:42 GMT
- request:
    method: post
    uri: http://localhost:3000/api/v1/users/159/tasks?category=chore&event_date=&frequency=weekly&mandatory=1&name=Water%20Plants&notes=Remember%20plants%20in%20bedroom,%20living%20room,%20and%20balcony&time_needed=20
    body:
      encoding: UTF-8
      string: ''
    headers:
      User-Agent:
      - Faraday v2.7.11
      Content-Length:
      - '0'
      Accept-Encoding:
      - gzip;q=1.0,deflate;q=0.6,identity;q=0.3
      Accept:
      - "*/*"
  response:
    status:
      code: 201
      message: Created
    headers:
      X-Frame-Options:
      - SAMEORIGIN
      X-Xss-Protection:
      - '0'
      X-Content-Type-Options:
      - nosniff
      X-Download-Options:
      - noopen
      X-Permitted-Cross-Domain-Policies:
      - none
      Referrer-Policy:
      - strict-origin-when-cross-origin
      Content-Type:
      - application/json; charset=utf-8
      Vary:
      - Accept
      Etag:
      - W/"483dbf1e3fda0827a3e653305ec12a78"
      Cache-Control:
      - max-age=0, private, must-revalidate
      X-Request-Id:
      - 1e95189d-b9a2-44e5-add8-07070766281c
      X-Runtime:
      - '0.017784'
      Server-Timing:
      - start_processing.action_controller;dur=0.05, sql.active_record;dur=11.84,
        process_action.action_controller;dur=12.68
      Transfer-Encoding:
      - chunked
    body:
      encoding: UTF-8
      string: '{"data":{"id":"20","type":"task","attributes":{"name":"Water Plants","category":"chore","mandatory":true,"event_date":"","frequency":"weekly","time_needed":20,"user_id":159,"notes":"Remember
        plants in bedroom, living room, and balcony"}}}'
  recorded_at: Sat, 16 Sep 2023 03:55:42 GMT
- request:
    method: get
    uri: http://localhost:3000/api/v1/users/159/tasks
    body:
      encoding: US-ASCII
      string: ''
    headers:
      User-Agent:
      - Faraday v2.7.11
      Accept-Encoding:
      - gzip;q=1.0,deflate;q=0.6,identity;q=0.3
      Accept:
      - "*/*"
  response:
    status:
      code: 200
      message: OK
    headers:
      X-Frame-Options:
      - SAMEORIGIN
      X-Xss-Protection:
      - '0'
      X-Content-Type-Options:
      - nosniff
      X-Download-Options:
      - noopen
      X-Permitted-Cross-Domain-Policies:
      - none
      Referrer-Policy:
      - strict-origin-when-cross-origin
      Content-Type:
      - application/json; charset=utf-8
      Vary:
      - Accept
      Etag:
      - W/"70600078b0402e7b4f5fe7665cb37afb"
      Cache-Control:
      - max-age=0, private, must-revalidate
      X-Request-Id:
      - 9062900b-3d6e-4fac-9036-324216e6f870
      X-Runtime:
      - '0.005630'
      Server-Timing:
      - start_processing.action_controller;dur=0.04, sql.active_record;dur=0.79, instantiation.active_record;dur=0.02,
        process_action.action_controller;dur=1.37
      Transfer-Encoding:
      - chunked
    body:
      encoding: UTF-8
      string: '{"data":[{"id":"20","type":"task","attributes":{"name":"Water Plants","category":"chore","mandatory":true,"event_date":"","frequency":"weekly","time_needed":20,"user_id":159,"notes":"Remember
        plants in bedroom, living room, and balcony"}}]}'
  recorded_at: Sat, 16 Sep 2023 03:55:42 GMT
- request:
    method: get
    uri: http://localhost:3000/api/v1/users/184/tasks
    body:
      encoding: US-ASCII
      string: ''
    headers:
      User-Agent:
      - Faraday v2.7.11
      Accept-Encoding:
      - gzip;q=1.0,deflate;q=0.6,identity;q=0.3
      Accept:
      - "*/*"
  response:
    status:
      code: 200
      message: OK
    headers:
      X-Frame-Options:
      - SAMEORIGIN
      X-Xss-Protection:
      - '0'
      X-Content-Type-Options:
      - nosniff
      X-Download-Options:
      - noopen
      X-Permitted-Cross-Domain-Policies:
      - none
      Referrer-Policy:
      - strict-origin-when-cross-origin
      Content-Type:
      - application/json; charset=utf-8
      Vary:
      - Accept
      Etag:
      - W/"8fe32e407a1038ee38753b70e5374b3a"
      Cache-Control:
      - max-age=0, private, must-revalidate
      X-Request-Id:
      - 900cdcb7-a2b2-4b8b-baaf-94e1813c170b
      X-Runtime:
      - '0.006239'
      Server-Timing:
      - start_processing.action_controller;dur=0.05, sql.active_record;dur=1.00, process_action.action_controller;dur=1.57
      Transfer-Encoding:
      - chunked
    body:
      encoding: UTF-8
      string: '{"data":[]}'
  recorded_at: Sat, 16 Sep 2023 04:44:04 GMT
- request:
    method: post
    uri: http://localhost:3000/api/v1/users/184/tasks?category=chore&event_date=&frequency=weekly&mandatory=1&name=Water%20Plants&notes=Remember%20plants%20in%20bedroom,%20living%20room,%20and%20balcony&time_needed=20
    body:
      encoding: UTF-8
      string: ''
    headers:
      User-Agent:
      - Faraday v2.7.11
      Content-Length:
      - '0'
      Accept-Encoding:
      - gzip;q=1.0,deflate;q=0.6,identity;q=0.3
      Accept:
      - "*/*"
  response:
    status:
      code: 201
      message: Created
    headers:
      X-Frame-Options:
      - SAMEORIGIN
      X-Xss-Protection:
      - '0'
      X-Content-Type-Options:
      - nosniff
      X-Download-Options:
      - noopen
      X-Permitted-Cross-Domain-Policies:
      - none
      Referrer-Policy:
      - strict-origin-when-cross-origin
      Content-Type:
      - application/json; charset=utf-8
      Vary:
      - Accept
      Etag:
      - W/"2bc4e6df11fdb8277b5c3e825351e17b"
      Cache-Control:
      - max-age=0, private, must-revalidate
      X-Request-Id:
      - 98368194-b305-4a68-b185-0c0bc145840e
      X-Runtime:
      - '0.006850'
      Server-Timing:
      - start_processing.action_controller;dur=0.05, sql.active_record;dur=1.07, process_action.action_controller;dur=2.26
      Transfer-Encoding:
      - chunked
    body:
      encoding: UTF-8
      string: '{"data":{"id":"23","type":"task","attributes":{"name":"Water Plants","category":"chore","mandatory":true,"event_date":"","frequency":"weekly","time_needed":20,"user_id":184,"notes":"Remember
        plants in bedroom, living room, and balcony"}}}'
  recorded_at: Sat, 16 Sep 2023 04:44:04 GMT
- request:
    method: get
    uri: http://localhost:3000/api/v1/users/184/tasks
    body:
      encoding: US-ASCII
      string: ''
    headers:
      User-Agent:
      - Faraday v2.7.11
      Accept-Encoding:
      - gzip;q=1.0,deflate;q=0.6,identity;q=0.3
      Accept:
      - "*/*"
  response:
    status:
      code: 200
      message: OK
    headers:
      X-Frame-Options:
      - SAMEORIGIN
      X-Xss-Protection:
      - '0'
      X-Content-Type-Options:
      - nosniff
      X-Download-Options:
      - noopen
      X-Permitted-Cross-Domain-Policies:
      - none
      Referrer-Policy:
      - strict-origin-when-cross-origin
      Content-Type:
      - application/json; charset=utf-8
      Vary:
      - Accept
      Etag:
      - W/"ee195d7a72f3ba90f57b70e088797348"
      Cache-Control:
      - max-age=0, private, must-revalidate
      X-Request-Id:
      - 79de461c-518b-496c-a926-fad1de58692b
      X-Runtime:
      - '0.005287'
      Server-Timing:
      - start_processing.action_controller;dur=0.04, sql.active_record;dur=0.38, instantiation.active_record;dur=0.02,
        process_action.action_controller;dur=0.94
      Transfer-Encoding:
      - chunked
    body:
      encoding: UTF-8
      string: '{"data":[{"id":"23","type":"task","attributes":{"name":"Water Plants","category":"chore","mandatory":true,"event_date":"","frequency":"weekly","time_needed":20,"user_id":184,"notes":"Remember
        plants in bedroom, living room, and balcony"}}]}'
  recorded_at: Sat, 16 Sep 2023 04:44:04 GMT
- request:
    method: get
    uri: http://localhost:3000/api/v1/users/197/tasks
    body:
      encoding: US-ASCII
      string: ''
    headers:
      User-Agent:
      - Faraday v2.7.11
      Accept-Encoding:
      - gzip;q=1.0,deflate;q=0.6,identity;q=0.3
      Accept:
      - "*/*"
  response:
    status:
      code: 200
      message: OK
    headers:
      X-Frame-Options:
      - SAMEORIGIN
      X-Xss-Protection:
      - '0'
      X-Content-Type-Options:
      - nosniff
      X-Download-Options:
      - noopen
      X-Permitted-Cross-Domain-Policies:
      - none
      Referrer-Policy:
      - strict-origin-when-cross-origin
      Content-Type:
      - application/json; charset=utf-8
      Vary:
      - Accept
      Etag:
      - W/"8fe32e407a1038ee38753b70e5374b3a"
      Cache-Control:
      - max-age=0, private, must-revalidate
      X-Request-Id:
      - fd0997b3-4cd5-4633-8623-f3eccf97ace8
      X-Runtime:
      - '0.005371'
      Server-Timing:
      - start_processing.action_controller;dur=0.05, sql.active_record;dur=0.54, process_action.action_controller;dur=1.08
      Transfer-Encoding:
      - chunked
    body:
      encoding: UTF-8
      string: '{"data":[]}'
  recorded_at: Sat, 16 Sep 2023 04:52:34 GMT
- request:
    method: post
    uri: http://localhost:3000/api/v1/users/197/tasks?category=chore&event_date=&frequency=weekly&mandatory=1&name=Water%20Plants&notes=Remember%20plants%20in%20bedroom,%20living%20room,%20and%20balcony&time_needed=20
    body:
      encoding: UTF-8
      string: ''
    headers:
      User-Agent:
      - Faraday v2.7.11
      Content-Length:
      - '0'
      Accept-Encoding:
      - gzip;q=1.0,deflate;q=0.6,identity;q=0.3
      Accept:
      - "*/*"
  response:
    status:
      code: 201
      message: Created
    headers:
      X-Frame-Options:
      - SAMEORIGIN
      X-Xss-Protection:
      - '0'
      X-Content-Type-Options:
      - nosniff
      X-Download-Options:
      - noopen
      X-Permitted-Cross-Domain-Policies:
      - none
      Referrer-Policy:
      - strict-origin-when-cross-origin
      Content-Type:
      - application/json; charset=utf-8
      Vary:
      - Accept
      Etag:
      - W/"f90651e1d13b895bd2ab00b9da6c7ec4"
      Cache-Control:
      - max-age=0, private, must-revalidate
      X-Request-Id:
      - 2def6f4c-a6df-4ca4-b8a0-3a71799ae3e9
      X-Runtime:
      - '0.006605'
      Server-Timing:
      - start_processing.action_controller;dur=0.05, sql.active_record;dur=1.18, process_action.action_controller;dur=2.00
      Transfer-Encoding:
      - chunked
    body:
      encoding: UTF-8
      string: '{"data":{"id":"26","type":"task","attributes":{"name":"Water Plants","category":"chore","mandatory":true,"event_date":"","frequency":"weekly","time_needed":20,"user_id":197,"notes":"Remember
        plants in bedroom, living room, and balcony"}}}'
  recorded_at: Sat, 16 Sep 2023 04:52:34 GMT
- request:
    method: get
    uri: http://localhost:3000/api/v1/users/197/tasks
    body:
      encoding: US-ASCII
      string: ''
    headers:
      User-Agent:
      - Faraday v2.7.11
      Accept-Encoding:
      - gzip;q=1.0,deflate;q=0.6,identity;q=0.3
      Accept:
      - "*/*"
  response:
    status:
      code: 200
      message: OK
    headers:
      X-Frame-Options:
      - SAMEORIGIN
      X-Xss-Protection:
      - '0'
      X-Content-Type-Options:
      - nosniff
      X-Download-Options:
      - noopen
      X-Permitted-Cross-Domain-Policies:
      - none
      Referrer-Policy:
      - strict-origin-when-cross-origin
      Content-Type:
      - application/json; charset=utf-8
      Vary:
      - Accept
      Etag:
      - W/"efdc8f8602f955d2e6cb94106d67343d"
      Cache-Control:
      - max-age=0, private, must-revalidate
      X-Request-Id:
      - ad791467-dd80-4a9c-ab86-67a08f3e5c6c
      X-Runtime:
      - '0.005303'
      Server-Timing:
      - start_processing.action_controller;dur=0.04, sql.active_record;dur=0.52, instantiation.active_record;dur=0.02,
        process_action.action_controller;dur=1.10
      Transfer-Encoding:
      - chunked
    body:
      encoding: UTF-8
      string: '{"data":[{"id":"26","type":"task","attributes":{"name":"Water Plants","category":"chore","mandatory":true,"event_date":"","frequency":"weekly","time_needed":20,"user_id":197,"notes":"Remember
        plants in bedroom, living room, and balcony"}}]}'
  recorded_at: Sat, 16 Sep 2023 04:52:34 GMT
- request:
    method: get
    uri: http://localhost:3000/api/v1/users/215/tasks
    body:
      encoding: US-ASCII
      string: ''
    headers:
      User-Agent:
      - Faraday v2.7.11
      Accept-Encoding:
      - gzip;q=1.0,deflate;q=0.6,identity;q=0.3
      Accept:
      - "*/*"
  response:
    status:
      code: 200
      message: OK
    headers:
      X-Frame-Options:
      - SAMEORIGIN
      X-Xss-Protection:
      - '0'
      X-Content-Type-Options:
      - nosniff
      X-Download-Options:
      - noopen
      X-Permitted-Cross-Domain-Policies:
      - none
      Referrer-Policy:
      - strict-origin-when-cross-origin
      Content-Type:
      - application/json; charset=utf-8
      Vary:
      - Accept
      Etag:
      - W/"8fe32e407a1038ee38753b70e5374b3a"
      Cache-Control:
      - max-age=0, private, must-revalidate
      X-Request-Id:
      - 111a9360-0862-440d-8575-43ee31026c1c
      X-Runtime:
      - '0.005598'
      Server-Timing:
      - start_processing.action_controller;dur=0.05, sql.active_record;dur=0.55, process_action.action_controller;dur=1.11
      Transfer-Encoding:
      - chunked
    body:
      encoding: UTF-8
      string: '{"data":[]}'
  recorded_at: Sat, 16 Sep 2023 04:59:30 GMT
- request:
    method: post
    uri: http://localhost:3000/api/v1/users/215/tasks?category=chore&event_date=&frequency=weekly&mandatory=1&name=Water%20Plants&notes=Remember%20plants%20in%20bedroom,%20living%20room,%20and%20balcony&time_needed=20
    body:
      encoding: UTF-8
      string: ''
    headers:
      User-Agent:
      - Faraday v2.7.11
      Content-Length:
      - '0'
      Accept-Encoding:
      - gzip;q=1.0,deflate;q=0.6,identity;q=0.3
      Accept:
      - "*/*"
  response:
    status:
      code: 201
      message: Created
    headers:
      X-Frame-Options:
      - SAMEORIGIN
      X-Xss-Protection:
      - '0'
      X-Content-Type-Options:
      - nosniff
      X-Download-Options:
      - noopen
      X-Permitted-Cross-Domain-Policies:
      - none
      Referrer-Policy:
      - strict-origin-when-cross-origin
      Content-Type:
      - application/json; charset=utf-8
      Vary:
      - Accept
      Etag:
      - W/"a5db9667cec8457b2c8df1970d980a6a"
      Cache-Control:
      - max-age=0, private, must-revalidate
      X-Request-Id:
      - 8b912c4e-fc36-40b9-84a6-5006b21591f4
      X-Runtime:
      - '0.006428'
      Server-Timing:
      - start_processing.action_controller;dur=0.05, sql.active_record;dur=1.15, process_action.action_controller;dur=1.98
      Transfer-Encoding:
      - chunked
    body:
      encoding: UTF-8
      string: '{"data":{"id":"29","type":"task","attributes":{"name":"Water Plants","category":"chore","mandatory":true,"event_date":"","frequency":"weekly","time_needed":20,"user_id":215,"notes":"Remember
        plants in bedroom, living room, and balcony"}}}'
  recorded_at: Sat, 16 Sep 2023 04:59:30 GMT
- request:
    method: get
    uri: http://localhost:3000/api/v1/users/215/tasks
    body:
      encoding: US-ASCII
      string: ''
    headers:
      User-Agent:
      - Faraday v2.7.11
      Accept-Encoding:
      - gzip;q=1.0,deflate;q=0.6,identity;q=0.3
      Accept:
      - "*/*"
  response:
    status:
      code: 200
      message: OK
    headers:
      X-Frame-Options:
      - SAMEORIGIN
      X-Xss-Protection:
      - '0'
      X-Content-Type-Options:
      - nosniff
      X-Download-Options:
      - noopen
      X-Permitted-Cross-Domain-Policies:
      - none
      Referrer-Policy:
      - strict-origin-when-cross-origin
      Content-Type:
      - application/json; charset=utf-8
      Vary:
      - Accept
      Etag:
      - W/"3294f6f0268033f12bd3b7117b02da0b"
      Cache-Control:
      - max-age=0, private, must-revalidate
      X-Request-Id:
      - 0d5d2214-7b1b-4548-b032-7fa7aedb3054
      X-Runtime:
      - '0.005199'
      Server-Timing:
      - start_processing.action_controller;dur=0.05, sql.active_record;dur=0.55, instantiation.active_record;dur=0.03,
        process_action.action_controller;dur=1.12
      Transfer-Encoding:
      - chunked
    body:
      encoding: UTF-8
      string: '{"data":[{"id":"29","type":"task","attributes":{"name":"Water Plants","category":"chore","mandatory":true,"event_date":"","frequency":"weekly","time_needed":20,"user_id":215,"notes":"Remember
        plants in bedroom, living room, and balcony"}}]}'
  recorded_at: Sat, 16 Sep 2023 04:59:30 GMT
- request:
    method: get
    uri: http://localhost:3000/api/v1/users/224/tasks
    body:
      encoding: US-ASCII
      string: ''
    headers:
      User-Agent:
      - Faraday v2.7.11
      Accept-Encoding:
      - gzip;q=1.0,deflate;q=0.6,identity;q=0.3
      Accept:
      - "*/*"
  response:
    status:
      code: 200
      message: OK
    headers:
      X-Frame-Options:
      - SAMEORIGIN
      X-Xss-Protection:
      - '0'
      X-Content-Type-Options:
      - nosniff
      X-Download-Options:
      - noopen
      X-Permitted-Cross-Domain-Policies:
      - none
      Referrer-Policy:
      - strict-origin-when-cross-origin
      Content-Type:
      - application/json; charset=utf-8
      Vary:
      - Accept
      Etag:
      - W/"8fe32e407a1038ee38753b70e5374b3a"
      Cache-Control:
      - max-age=0, private, must-revalidate
      X-Request-Id:
      - cea3b5e8-d4e4-49eb-b4c1-87a1413e62b6
      X-Runtime:
      - '0.005470'
      Server-Timing:
      - start_processing.action_controller;dur=0.05, sql.active_record;dur=0.45, process_action.action_controller;dur=1.07
      Transfer-Encoding:
      - chunked
    body:
      encoding: UTF-8
      string: '{"data":[]}'
  recorded_at: Sat, 16 Sep 2023 05:00:43 GMT
- request:
    method: post
    uri: http://localhost:3000/api/v1/users/224/tasks?category=chore&event_date=&frequency=weekly&mandatory=1&name=Water%20Plants&notes=Remember%20plants%20in%20bedroom,%20living%20room,%20and%20balcony&time_needed=20
    body:
      encoding: UTF-8
      string: ''
    headers:
      User-Agent:
      - Faraday v2.7.11
      Content-Length:
      - '0'
      Accept-Encoding:
      - gzip;q=1.0,deflate;q=0.6,identity;q=0.3
      Accept:
      - "*/*"
  response:
    status:
      code: 201
      message: Created
    headers:
      X-Frame-Options:
      - SAMEORIGIN
      X-Xss-Protection:
      - '0'
      X-Content-Type-Options:
      - nosniff
      X-Download-Options:
      - noopen
      X-Permitted-Cross-Domain-Policies:
      - none
      Referrer-Policy:
      - strict-origin-when-cross-origin
      Content-Type:
      - application/json; charset=utf-8
      Vary:
      - Accept
      Etag:
      - W/"c074a690b75aca346622aae8e55b565e"
      Cache-Control:
      - max-age=0, private, must-revalidate
      X-Request-Id:
      - 9a97a4ed-aa8d-4908-8666-33b8813a8613
      X-Runtime:
      - '0.007038'
      Server-Timing:
      - start_processing.action_controller;dur=0.07, sql.active_record;dur=1.65, process_action.action_controller;dur=2.51
      Transfer-Encoding:
      - chunked
    body:
      encoding: UTF-8
      string: '{"data":{"id":"32","type":"task","attributes":{"name":"Water Plants","category":"chore","mandatory":true,"event_date":"","frequency":"weekly","time_needed":20,"user_id":224,"notes":"Remember
        plants in bedroom, living room, and balcony"}}}'
  recorded_at: Sat, 16 Sep 2023 05:00:43 GMT
- request:
    method: get
    uri: http://localhost:3000/api/v1/users/224/tasks
    body:
      encoding: US-ASCII
      string: ''
    headers:
      User-Agent:
      - Faraday v2.7.11
      Accept-Encoding:
      - gzip;q=1.0,deflate;q=0.6,identity;q=0.3
      Accept:
      - "*/*"
  response:
    status:
      code: 200
      message: OK
    headers:
      X-Frame-Options:
      - SAMEORIGIN
      X-Xss-Protection:
      - '0'
      X-Content-Type-Options:
      - nosniff
      X-Download-Options:
      - noopen
      X-Permitted-Cross-Domain-Policies:
      - none
      Referrer-Policy:
      - strict-origin-when-cross-origin
      Content-Type:
      - application/json; charset=utf-8
      Vary:
      - Accept
      Etag:
      - W/"0e922b1767e2c4161ba02f8ec043a18b"
      Cache-Control:
      - max-age=0, private, must-revalidate
      X-Request-Id:
      - 70dc9334-f591-4d00-a16d-f4d375f9e0fb
      X-Runtime:
      - '0.005248'
      Server-Timing:
      - start_processing.action_controller;dur=0.04, sql.active_record;dur=0.33, instantiation.active_record;dur=0.03,
        process_action.action_controller;dur=0.92
      Transfer-Encoding:
      - chunked
    body:
      encoding: UTF-8
      string: '{"data":[{"id":"32","type":"task","attributes":{"name":"Water Plants","category":"chore","mandatory":true,"event_date":"","frequency":"weekly","time_needed":20,"user_id":224,"notes":"Remember
        plants in bedroom, living room, and balcony"}}]}'
  recorded_at: Sat, 16 Sep 2023 05:00:43 GMT
- request:
    method: get
    uri: http://localhost:3000/api/v1/users/233/tasks
    body:
      encoding: US-ASCII
      string: ''
    headers:
      User-Agent:
      - Faraday v2.7.11
      Accept-Encoding:
      - gzip;q=1.0,deflate;q=0.6,identity;q=0.3
      Accept:
      - "*/*"
  response:
    status:
      code: 200
      message: OK
    headers:
      X-Frame-Options:
      - SAMEORIGIN
      X-Xss-Protection:
      - '0'
      X-Content-Type-Options:
      - nosniff
      X-Download-Options:
      - noopen
      X-Permitted-Cross-Domain-Policies:
      - none
      Referrer-Policy:
      - strict-origin-when-cross-origin
      Content-Type:
      - application/json; charset=utf-8
      Vary:
      - Accept
      Etag:
      - W/"8fe32e407a1038ee38753b70e5374b3a"
      Cache-Control:
      - max-age=0, private, must-revalidate
      X-Request-Id:
      - 322276f7-084e-4245-a1ad-a81b40fb71d1
      X-Runtime:
      - '0.005494'
      Server-Timing:
      - start_processing.action_controller;dur=0.05, sql.active_record;dur=0.63, process_action.action_controller;dur=1.24
      Transfer-Encoding:
      - chunked
    body:
      encoding: UTF-8
      string: '{"data":[]}'
  recorded_at: Sat, 16 Sep 2023 05:01:43 GMT
- request:
    method: post
    uri: http://localhost:3000/api/v1/users/233/tasks?category=chore&event_date=&frequency=weekly&mandatory=1&name=Water%20Plants&notes=Remember%20plants%20in%20bedroom,%20living%20room,%20and%20balcony&time_needed=20
    body:
      encoding: UTF-8
      string: ''
    headers:
      User-Agent:
      - Faraday v2.7.11
      Content-Length:
      - '0'
      Accept-Encoding:
      - gzip;q=1.0,deflate;q=0.6,identity;q=0.3
      Accept:
      - "*/*"
  response:
    status:
      code: 201
      message: Created
    headers:
      X-Frame-Options:
      - SAMEORIGIN
      X-Xss-Protection:
      - '0'
      X-Content-Type-Options:
      - nosniff
      X-Download-Options:
      - noopen
      X-Permitted-Cross-Domain-Policies:
      - none
      Referrer-Policy:
      - strict-origin-when-cross-origin
      Content-Type:
      - application/json; charset=utf-8
      Vary:
      - Accept
      Etag:
      - W/"00f8892fed8b749f04f3def5683a9a6f"
      Cache-Control:
      - max-age=0, private, must-revalidate
      X-Request-Id:
      - 15338315-ae60-4d82-8e2e-dece9bf3c201
      X-Runtime:
      - '0.006807'
      Server-Timing:
      - start_processing.action_controller;dur=0.37, sql.active_record;dur=1.29, process_action.action_controller;dur=2.13
      Transfer-Encoding:
      - chunked
    body:
      encoding: UTF-8
      string: '{"data":{"id":"35","type":"task","attributes":{"name":"Water Plants","category":"chore","mandatory":true,"event_date":"","frequency":"weekly","time_needed":20,"user_id":233,"notes":"Remember
        plants in bedroom, living room, and balcony"}}}'
  recorded_at: Sat, 16 Sep 2023 05:01:43 GMT
- request:
    method: get
    uri: http://localhost:3000/api/v1/users/233/tasks
    body:
      encoding: US-ASCII
      string: ''
    headers:
      User-Agent:
      - Faraday v2.7.11
      Accept-Encoding:
      - gzip;q=1.0,deflate;q=0.6,identity;q=0.3
      Accept:
      - "*/*"
  response:
    status:
      code: 200
      message: OK
    headers:
      X-Frame-Options:
      - SAMEORIGIN
      X-Xss-Protection:
      - '0'
      X-Content-Type-Options:
      - nosniff
      X-Download-Options:
      - noopen
      X-Permitted-Cross-Domain-Policies:
      - none
      Referrer-Policy:
      - strict-origin-when-cross-origin
      Content-Type:
      - application/json; charset=utf-8
      Vary:
      - Accept
      Etag:
      - W/"e5f9ee1cfbc1fefc3e3525e8dd94b260"
      Cache-Control:
      - max-age=0, private, must-revalidate
      X-Request-Id:
      - 16ecff37-0e91-4237-8292-603924316284
      X-Runtime:
      - '0.005164'
      Server-Timing:
      - start_processing.action_controller;dur=0.04, sql.active_record;dur=0.44, instantiation.active_record;dur=0.03,
        process_action.action_controller;dur=1.04
      Transfer-Encoding:
      - chunked
    body:
      encoding: UTF-8
      string: '{"data":[{"id":"35","type":"task","attributes":{"name":"Water Plants","category":"chore","mandatory":true,"event_date":"","frequency":"weekly","time_needed":20,"user_id":233,"notes":"Remember
        plants in bedroom, living room, and balcony"}}]}'
  recorded_at: Sat, 16 Sep 2023 05:01:43 GMT
- request:
    method: get
    uri: http://localhost:3000/api/v1/users/242/tasks
    body:
      encoding: US-ASCII
      string: ''
    headers:
      User-Agent:
      - Faraday v2.7.11
      Accept-Encoding:
      - gzip;q=1.0,deflate;q=0.6,identity;q=0.3
      Accept:
      - "*/*"
  response:
    status:
      code: 200
      message: OK
    headers:
      X-Frame-Options:
      - SAMEORIGIN
      X-Xss-Protection:
      - '0'
      X-Content-Type-Options:
      - nosniff
      X-Download-Options:
      - noopen
      X-Permitted-Cross-Domain-Policies:
      - none
      Referrer-Policy:
      - strict-origin-when-cross-origin
      Content-Type:
      - application/json; charset=utf-8
      Vary:
      - Accept
      Etag:
      - W/"8fe32e407a1038ee38753b70e5374b3a"
      Cache-Control:
      - max-age=0, private, must-revalidate
      X-Request-Id:
      - f0f2e618-a764-49c7-b59b-279247011afc
      X-Runtime:
      - '0.005776'
      Server-Timing:
      - start_processing.action_controller;dur=0.06, sql.active_record;dur=0.46, process_action.action_controller;dur=1.06
      Transfer-Encoding:
      - chunked
    body:
      encoding: UTF-8
      string: '{"data":[]}'
  recorded_at: Sat, 16 Sep 2023 05:02:40 GMT
- request:
    method: post
    uri: http://localhost:3000/api/v1/users/242/tasks?category=chore&event_date=&frequency=weekly&mandatory=1&name=Water%20Plants&notes=Remember%20plants%20in%20bedroom,%20living%20room,%20and%20balcony&time_needed=20
    body:
      encoding: UTF-8
      string: ''
    headers:
      User-Agent:
      - Faraday v2.7.11
      Content-Length:
      - '0'
      Accept-Encoding:
      - gzip;q=1.0,deflate;q=0.6,identity;q=0.3
      Accept:
      - "*/*"
  response:
    status:
      code: 201
      message: Created
    headers:
      X-Frame-Options:
      - SAMEORIGIN
      X-Xss-Protection:
      - '0'
      X-Content-Type-Options:
      - nosniff
      X-Download-Options:
      - noopen
      X-Permitted-Cross-Domain-Policies:
      - none
      Referrer-Policy:
      - strict-origin-when-cross-origin
      Content-Type:
      - application/json; charset=utf-8
      Vary:
      - Accept
      Etag:
      - W/"f8baf27263741f97a1223b046598d9e1"
      Cache-Control:
      - max-age=0, private, must-revalidate
      X-Request-Id:
      - 828f1dff-330c-4cb6-97a6-fec76fee330a
      X-Runtime:
      - '0.006566'
      Server-Timing:
      - start_processing.action_controller;dur=0.05, sql.active_record;dur=1.27, process_action.action_controller;dur=2.06
      Transfer-Encoding:
      - chunked
    body:
      encoding: UTF-8
      string: '{"data":{"id":"38","type":"task","attributes":{"name":"Water Plants","category":"chore","mandatory":true,"event_date":"","frequency":"weekly","time_needed":20,"user_id":242,"notes":"Remember
        plants in bedroom, living room, and balcony"}}}'
  recorded_at: Sat, 16 Sep 2023 05:02:40 GMT
- request:
    method: get
    uri: http://localhost:3000/api/v1/users/242/tasks
    body:
      encoding: US-ASCII
      string: ''
    headers:
      User-Agent:
      - Faraday v2.7.11
      Accept-Encoding:
      - gzip;q=1.0,deflate;q=0.6,identity;q=0.3
      Accept:
      - "*/*"
  response:
    status:
      code: 200
      message: OK
    headers:
      X-Frame-Options:
      - SAMEORIGIN
      X-Xss-Protection:
      - '0'
      X-Content-Type-Options:
      - nosniff
      X-Download-Options:
      - noopen
      X-Permitted-Cross-Domain-Policies:
      - none
      Referrer-Policy:
      - strict-origin-when-cross-origin
      Content-Type:
      - application/json; charset=utf-8
      Vary:
      - Accept
      Etag:
      - W/"a51ae00daf4c0ce783b6f5ac29e668e6"
      Cache-Control:
      - max-age=0, private, must-revalidate
      X-Request-Id:
      - 4a16dab5-ff78-4119-8c23-9a629b4090e4
      X-Runtime:
      - '0.004984'
      Server-Timing:
      - start_processing.action_controller;dur=0.04, sql.active_record;dur=0.38, instantiation.active_record;dur=0.02,
        process_action.action_controller;dur=0.92
      Transfer-Encoding:
      - chunked
    body:
      encoding: UTF-8
      string: '{"data":[{"id":"38","type":"task","attributes":{"name":"Water Plants","category":"chore","mandatory":true,"event_date":"","frequency":"weekly","time_needed":20,"user_id":242,"notes":"Remember
        plants in bedroom, living room, and balcony"}}]}'
  recorded_at: Sat, 16 Sep 2023 05:02:40 GMT
- request:
    method: get
    uri: http://localhost:3000/api/v1/users/251/tasks
    body:
      encoding: US-ASCII
      string: ''
    headers:
      User-Agent:
      - Faraday v2.7.11
      Accept-Encoding:
      - gzip;q=1.0,deflate;q=0.6,identity;q=0.3
      Accept:
      - "*/*"
  response:
    status:
      code: 200
      message: OK
    headers:
      X-Frame-Options:
      - SAMEORIGIN
      X-Xss-Protection:
      - '0'
      X-Content-Type-Options:
      - nosniff
      X-Download-Options:
      - noopen
      X-Permitted-Cross-Domain-Policies:
      - none
      Referrer-Policy:
      - strict-origin-when-cross-origin
      Content-Type:
      - application/json; charset=utf-8
      Vary:
      - Accept
      Etag:
      - W/"8fe32e407a1038ee38753b70e5374b3a"
      Cache-Control:
      - max-age=0, private, must-revalidate
      X-Request-Id:
      - ea0417d5-1953-42d6-8066-23192479dfa0
      X-Runtime:
      - '0.005102'
      Server-Timing:
      - start_processing.action_controller;dur=0.04, sql.active_record;dur=0.43, process_action.action_controller;dur=0.96
      Transfer-Encoding:
      - chunked
    body:
      encoding: UTF-8
      string: '{"data":[]}'
  recorded_at: Sat, 16 Sep 2023 05:02:59 GMT
- request:
    method: post
    uri: http://localhost:3000/api/v1/users/251/tasks?category=chore&event_date=&frequency=weekly&mandatory=1&name=Water%20Plants&notes=Remember%20plants%20in%20bedroom,%20living%20room,%20and%20balcony&time_needed=20
    body:
      encoding: UTF-8
      string: ''
    headers:
      User-Agent:
      - Faraday v2.7.11
      Content-Length:
      - '0'
      Accept-Encoding:
      - gzip;q=1.0,deflate;q=0.6,identity;q=0.3
      Accept:
      - "*/*"
  response:
    status:
      code: 201
      message: Created
    headers:
      X-Frame-Options:
      - SAMEORIGIN
      X-Xss-Protection:
      - '0'
      X-Content-Type-Options:
      - nosniff
      X-Download-Options:
      - noopen
      X-Permitted-Cross-Domain-Policies:
      - none
      Referrer-Policy:
      - strict-origin-when-cross-origin
      Content-Type:
      - application/json; charset=utf-8
      Vary:
      - Accept
      Etag:
      - W/"8058e46c5a952c4b0f7a0880a4cf2411"
      Cache-Control:
      - max-age=0, private, must-revalidate
      X-Request-Id:
      - ef163f57-3047-4e0c-9414-dd1259268157
      X-Runtime:
      - '0.006505'
      Server-Timing:
      - start_processing.action_controller;dur=0.05, sql.active_record;dur=1.30, process_action.action_controller;dur=2.07
      Transfer-Encoding:
      - chunked
    body:
      encoding: UTF-8
      string: '{"data":{"id":"41","type":"task","attributes":{"name":"Water Plants","category":"chore","mandatory":true,"event_date":"","frequency":"weekly","time_needed":20,"user_id":251,"notes":"Remember
        plants in bedroom, living room, and balcony"}}}'
  recorded_at: Sat, 16 Sep 2023 05:02:59 GMT
- request:
    method: get
    uri: http://localhost:3000/api/v1/users/251/tasks
    body:
      encoding: US-ASCII
      string: ''
    headers:
      User-Agent:
      - Faraday v2.7.11
      Accept-Encoding:
      - gzip;q=1.0,deflate;q=0.6,identity;q=0.3
      Accept:
      - "*/*"
  response:
    status:
      code: 200
      message: OK
    headers:
      X-Frame-Options:
      - SAMEORIGIN
      X-Xss-Protection:
      - '0'
      X-Content-Type-Options:
      - nosniff
      X-Download-Options:
      - noopen
      X-Permitted-Cross-Domain-Policies:
      - none
      Referrer-Policy:
      - strict-origin-when-cross-origin
      Content-Type:
      - application/json; charset=utf-8
      Vary:
      - Accept
      Etag:
      - W/"a46db763af3b7f527e01aa3f38357b10"
      Cache-Control:
      - max-age=0, private, must-revalidate
      X-Request-Id:
      - b97a6dcb-fd22-4738-96e5-dfb81ed62cca
      X-Runtime:
      - '0.005240'
      Server-Timing:
      - start_processing.action_controller;dur=0.04, sql.active_record;dur=0.54, instantiation.active_record;dur=0.02,
        process_action.action_controller;dur=1.09
      Transfer-Encoding:
      - chunked
    body:
      encoding: UTF-8
      string: '{"data":[{"id":"41","type":"task","attributes":{"name":"Water Plants","category":"chore","mandatory":true,"event_date":"","frequency":"weekly","time_needed":20,"user_id":251,"notes":"Remember
        plants in bedroom, living room, and balcony"}}]}'
  recorded_at: Sat, 16 Sep 2023 05:02:59 GMT
- request:
    method: get
    uri: http://localhost:3000/api/v1/users/279/tasks
    body:
      encoding: US-ASCII
      string: ''
    headers:
      User-Agent:
      - Faraday v2.7.11
      Accept-Encoding:
      - gzip;q=1.0,deflate;q=0.6,identity;q=0.3
      Accept:
      - "*/*"
  response:
    status:
      code: 200
      message: OK
    headers:
      X-Frame-Options:
      - SAMEORIGIN
      X-Xss-Protection:
      - '0'
      X-Content-Type-Options:
      - nosniff
      X-Download-Options:
      - noopen
      X-Permitted-Cross-Domain-Policies:
      - none
      Referrer-Policy:
      - strict-origin-when-cross-origin
      Content-Type:
      - application/json; charset=utf-8
      Vary:
      - Accept
      Etag:
      - W/"8fe32e407a1038ee38753b70e5374b3a"
      Cache-Control:
      - max-age=0, private, must-revalidate
      X-Request-Id:
      - 995e47c5-a6ac-446f-8680-a82eb1ab041d
      X-Runtime:
      - '0.006251'
      Server-Timing:
      - start_processing.action_controller;dur=0.06, sql.active_record;dur=0.61, process_action.action_controller;dur=1.23
      Transfer-Encoding:
      - chunked
    body:
      encoding: UTF-8
      string: '{"data":[]}'
  recorded_at: Sat, 16 Sep 2023 05:26:54 GMT
- request:
    method: post
    uri: http://localhost:3000/api/v1/users/279/tasks?category=chore&event_date=&frequency=weekly&mandatory=1&name=Water%20Plants&notes=Remember%20plants%20in%20bedroom,%20living%20room,%20and%20balcony&time_needed=20
    body:
      encoding: UTF-8
      string: ''
    headers:
      User-Agent:
      - Faraday v2.7.11
      Content-Length:
      - '0'
      Accept-Encoding:
      - gzip;q=1.0,deflate;q=0.6,identity;q=0.3
      Accept:
      - "*/*"
  response:
    status:
      code: 201
      message: Created
    headers:
      X-Frame-Options:
      - SAMEORIGIN
      X-Xss-Protection:
      - '0'
      X-Content-Type-Options:
      - nosniff
      X-Download-Options:
      - noopen
      X-Permitted-Cross-Domain-Policies:
      - none
      Referrer-Policy:
      - strict-origin-when-cross-origin
      Content-Type:
      - application/json; charset=utf-8
      Vary:
      - Accept
      Etag:
      - W/"432ccd37d93dec7e80e8ea755fc95be3"
      Cache-Control:
      - max-age=0, private, must-revalidate
      X-Request-Id:
      - 97b93ce2-a73f-4700-a884-1bfa6757882c
      X-Runtime:
      - '0.007414'
      Server-Timing:
      - start_processing.action_controller;dur=0.07, sql.active_record;dur=1.32, process_action.action_controller;dur=2.17
      Transfer-Encoding:
      - chunked
    body:
      encoding: UTF-8
      string: '{"data":{"id":"44","type":"task","attributes":{"name":"Water Plants","category":"chore","mandatory":true,"event_date":"","frequency":"weekly","time_needed":20,"user_id":279,"notes":"Remember
        plants in bedroom, living room, and balcony"}}}'
  recorded_at: Sat, 16 Sep 2023 05:26:54 GMT
- request:
    method: get
    uri: http://localhost:3000/api/v1/users/279/tasks
    body:
      encoding: US-ASCII
      string: ''
    headers:
      User-Agent:
      - Faraday v2.7.11
      Accept-Encoding:
      - gzip;q=1.0,deflate;q=0.6,identity;q=0.3
      Accept:
      - "*/*"
  response:
    status:
      code: 200
      message: OK
    headers:
      X-Frame-Options:
      - SAMEORIGIN
      X-Xss-Protection:
      - '0'
      X-Content-Type-Options:
      - nosniff
      X-Download-Options:
      - noopen
      X-Permitted-Cross-Domain-Policies:
      - none
      Referrer-Policy:
      - strict-origin-when-cross-origin
      Content-Type:
      - application/json; charset=utf-8
      Vary:
      - Accept
      Etag:
      - W/"6dc9059c490e88904e0f031a04195197"
      Cache-Control:
      - max-age=0, private, must-revalidate
      X-Request-Id:
      - 37dead13-b054-44b5-b5a5-3af4327e095c
      X-Runtime:
      - '0.015546'
      Server-Timing:
      - start_processing.action_controller;dur=0.07, sql.active_record;dur=0.44, instantiation.active_record;dur=0.02,
        process_action.action_controller;dur=1.06
      Transfer-Encoding:
      - chunked
    body:
      encoding: UTF-8
      string: '{"data":[{"id":"44","type":"task","attributes":{"name":"Water Plants","category":"chore","mandatory":true,"event_date":"","frequency":"weekly","time_needed":20,"user_id":279,"notes":"Remember
        plants in bedroom, living room, and balcony"}}]}'
  recorded_at: Sat, 16 Sep 2023 05:26:54 GMT
- request:
    method: get
    uri: http://localhost:3000/api/v1/users/289/tasks
    body:
      encoding: US-ASCII
      string: ''
    headers:
      User-Agent:
      - Faraday v2.7.11
      Accept-Encoding:
      - gzip;q=1.0,deflate;q=0.6,identity;q=0.3
      Accept:
      - "*/*"
  response:
    status:
      code: 200
      message: OK
    headers:
      X-Frame-Options:
      - SAMEORIGIN
      X-Xss-Protection:
      - '0'
      X-Content-Type-Options:
      - nosniff
      X-Download-Options:
      - noopen
      X-Permitted-Cross-Domain-Policies:
      - none
      Referrer-Policy:
      - strict-origin-when-cross-origin
      Content-Type:
      - application/json; charset=utf-8
      Vary:
      - Accept
      Etag:
      - W/"8fe32e407a1038ee38753b70e5374b3a"
      Cache-Control:
      - max-age=0, private, must-revalidate
      X-Request-Id:
      - 75e10aa2-64e6-4563-b885-9dd9a470c577
      X-Runtime:
      - '0.006144'
      Server-Timing:
      - start_processing.action_controller;dur=0.04, sql.active_record;dur=0.78, process_action.action_controller;dur=1.56
      Transfer-Encoding:
      - chunked
    body:
      encoding: UTF-8
      string: '{"data":[]}'
  recorded_at: Sat, 16 Sep 2023 05:31:34 GMT
- request:
    method: post
    uri: http://localhost:3000/api/v1/users/289/tasks?category=chore&event_date=&frequency=weekly&mandatory=1&name=Water%20Plants&notes=Remember%20plants%20in%20bedroom,%20living%20room,%20and%20balcony&time_needed=20
    body:
      encoding: UTF-8
      string: ''
    headers:
      User-Agent:
      - Faraday v2.7.11
      Content-Length:
      - '0'
      Accept-Encoding:
      - gzip;q=1.0,deflate;q=0.6,identity;q=0.3
      Accept:
      - "*/*"
  response:
    status:
      code: 201
      message: Created
    headers:
      X-Frame-Options:
      - SAMEORIGIN
      X-Xss-Protection:
      - '0'
      X-Content-Type-Options:
      - nosniff
      X-Download-Options:
      - noopen
      X-Permitted-Cross-Domain-Policies:
      - none
      Referrer-Policy:
      - strict-origin-when-cross-origin
      Content-Type:
      - application/json; charset=utf-8
      Vary:
      - Accept
      Etag:
      - W/"9d979583fa68668fe938231fb605b967"
      Cache-Control:
      - max-age=0, private, must-revalidate
      X-Request-Id:
      - 6d7531b9-17fb-488a-9d7f-d74b831a7488
      X-Runtime:
      - '0.010422'
      Server-Timing:
      - start_processing.action_controller;dur=0.05, sql.active_record;dur=1.24, process_action.action_controller;dur=2.12
      Transfer-Encoding:
      - chunked
    body:
      encoding: UTF-8
      string: '{"data":{"id":"47","type":"task","attributes":{"name":"Water Plants","category":"chore","mandatory":true,"event_date":"","frequency":"weekly","time_needed":20,"user_id":289,"notes":"Remember
        plants in bedroom, living room, and balcony"}}}'
  recorded_at: Sat, 16 Sep 2023 05:31:34 GMT
- request:
    method: get
    uri: http://localhost:3000/api/v1/users/289/tasks
    body:
      encoding: US-ASCII
      string: ''
    headers:
      User-Agent:
      - Faraday v2.7.11
      Accept-Encoding:
      - gzip;q=1.0,deflate;q=0.6,identity;q=0.3
      Accept:
      - "*/*"
  response:
    status:
      code: 200
      message: OK
    headers:
      X-Frame-Options:
      - SAMEORIGIN
      X-Xss-Protection:
      - '0'
      X-Content-Type-Options:
      - nosniff
      X-Download-Options:
      - noopen
      X-Permitted-Cross-Domain-Policies:
      - none
      Referrer-Policy:
      - strict-origin-when-cross-origin
      Content-Type:
      - application/json; charset=utf-8
      Vary:
      - Accept
      Etag:
      - W/"39f0794da185f5107bc152c521890d64"
      Cache-Control:
      - max-age=0, private, must-revalidate
      X-Request-Id:
      - 6cf99dc0-bb9e-42f4-bdd3-95c8c75a6aa5
      X-Runtime:
      - '0.005157'
      Server-Timing:
      - start_processing.action_controller;dur=0.04, sql.active_record;dur=0.35, instantiation.active_record;dur=0.03,
        process_action.action_controller;dur=0.94
      Transfer-Encoding:
      - chunked
    body:
      encoding: UTF-8
      string: '{"data":[{"id":"47","type":"task","attributes":{"name":"Water Plants","category":"chore","mandatory":true,"event_date":"","frequency":"weekly","time_needed":20,"user_id":289,"notes":"Remember
        plants in bedroom, living room, and balcony"}}]}'
  recorded_at: Sat, 16 Sep 2023 05:31:34 GMT
- request:
    method: get
    uri: http://localhost:3000/api/v1/users/299/tasks
    body:
      encoding: US-ASCII
      string: ''
    headers:
      User-Agent:
      - Faraday v2.7.11
      Accept-Encoding:
      - gzip;q=1.0,deflate;q=0.6,identity;q=0.3
      Accept:
      - "*/*"
  response:
    status:
      code: 200
      message: OK
    headers:
      X-Frame-Options:
      - SAMEORIGIN
      X-Xss-Protection:
      - '0'
      X-Content-Type-Options:
      - nosniff
      X-Download-Options:
      - noopen
      X-Permitted-Cross-Domain-Policies:
      - none
      Referrer-Policy:
      - strict-origin-when-cross-origin
      Content-Type:
      - application/json; charset=utf-8
      Vary:
      - Accept
      Etag:
      - W/"8fe32e407a1038ee38753b70e5374b3a"
      Cache-Control:
      - max-age=0, private, must-revalidate
      X-Request-Id:
      - 88d24535-eb83-4cbf-af76-de16da32e35c
      X-Runtime:
      - '0.005363'
      Server-Timing:
      - start_processing.action_controller;dur=0.05, sql.active_record;dur=0.53, process_action.action_controller;dur=1.05
      Transfer-Encoding:
      - chunked
    body:
      encoding: UTF-8
      string: '{"data":[]}'
  recorded_at: Sat, 16 Sep 2023 05:31:54 GMT
- request:
    method: post
    uri: http://localhost:3000/api/v1/users/299/tasks?category=chore&event_date=&frequency=weekly&mandatory=1&name=Water%20Plants&notes=Remember%20plants%20in%20bedroom,%20living%20room,%20and%20balcony&time_needed=20
    body:
      encoding: UTF-8
      string: ''
    headers:
      User-Agent:
      - Faraday v2.7.11
      Content-Length:
      - '0'
      Accept-Encoding:
      - gzip;q=1.0,deflate;q=0.6,identity;q=0.3
      Accept:
      - "*/*"
  response:
    status:
      code: 201
      message: Created
    headers:
      X-Frame-Options:
      - SAMEORIGIN
      X-Xss-Protection:
      - '0'
      X-Content-Type-Options:
      - nosniff
      X-Download-Options:
      - noopen
      X-Permitted-Cross-Domain-Policies:
      - none
      Referrer-Policy:
      - strict-origin-when-cross-origin
      Content-Type:
      - application/json; charset=utf-8
      Vary:
      - Accept
      Etag:
      - W/"e0e605a40bd06c0101ae4a881f498e73"
      Cache-Control:
      - max-age=0, private, must-revalidate
      X-Request-Id:
      - bf2cb6ce-bd59-4d67-bb69-cdeb2f91fa89
      X-Runtime:
      - '0.009058'
      Server-Timing:
      - start_processing.action_controller;dur=0.06, sql.active_record;dur=3.73, process_action.action_controller;dur=4.55
      Transfer-Encoding:
      - chunked
    body:
      encoding: UTF-8
      string: '{"data":{"id":"50","type":"task","attributes":{"name":"Water Plants","category":"chore","mandatory":true,"event_date":"","frequency":"weekly","time_needed":20,"user_id":299,"notes":"Remember
        plants in bedroom, living room, and balcony"}}}'
  recorded_at: Sat, 16 Sep 2023 05:31:54 GMT
- request:
    method: get
    uri: http://localhost:3000/api/v1/users/299/tasks
    body:
      encoding: US-ASCII
      string: ''
    headers:
      User-Agent:
      - Faraday v2.7.11
      Accept-Encoding:
      - gzip;q=1.0,deflate;q=0.6,identity;q=0.3
      Accept:
      - "*/*"
  response:
    status:
      code: 200
      message: OK
    headers:
      X-Frame-Options:
      - SAMEORIGIN
      X-Xss-Protection:
      - '0'
      X-Content-Type-Options:
      - nosniff
      X-Download-Options:
      - noopen
      X-Permitted-Cross-Domain-Policies:
      - none
      Referrer-Policy:
      - strict-origin-when-cross-origin
      Content-Type:
      - application/json; charset=utf-8
      Vary:
      - Accept
      Etag:
      - W/"1588cafa9cba9e4e598b7ddcf74c29ea"
      Cache-Control:
      - max-age=0, private, must-revalidate
      X-Request-Id:
      - c9c85155-c0d7-428e-aa1b-792f0120ea16
      X-Runtime:
      - '0.005780'
      Server-Timing:
      - start_processing.action_controller;dur=0.04, sql.active_record;dur=0.42, instantiation.active_record;dur=0.03,
        process_action.action_controller;dur=1.58
      Transfer-Encoding:
      - chunked
    body:
      encoding: UTF-8
      string: '{"data":[{"id":"50","type":"task","attributes":{"name":"Water Plants","category":"chore","mandatory":true,"event_date":"","frequency":"weekly","time_needed":20,"user_id":299,"notes":"Remember
        plants in bedroom, living room, and balcony"}}]}'
  recorded_at: Sat, 16 Sep 2023 05:31:54 GMT
- request:
    method: get
    uri: http://localhost:3000/api/v1/users/309/tasks
    body:
      encoding: US-ASCII
      string: ''
    headers:
      User-Agent:
      - Faraday v2.7.11
      Accept-Encoding:
      - gzip;q=1.0,deflate;q=0.6,identity;q=0.3
      Accept:
      - "*/*"
  response:
    status:
      code: 200
      message: OK
    headers:
      X-Frame-Options:
      - SAMEORIGIN
      X-Xss-Protection:
      - '0'
      X-Content-Type-Options:
      - nosniff
      X-Download-Options:
      - noopen
      X-Permitted-Cross-Domain-Policies:
      - none
      Referrer-Policy:
      - strict-origin-when-cross-origin
      Content-Type:
      - application/json; charset=utf-8
      Vary:
      - Accept
      Etag:
      - W/"8fe32e407a1038ee38753b70e5374b3a"
      Cache-Control:
      - max-age=0, private, must-revalidate
      X-Request-Id:
      - 81abc8ee-3f3d-4973-b503-2f4981a0b1d3
      X-Runtime:
      - '0.005974'
      Server-Timing:
      - start_processing.action_controller;dur=0.72, sql.active_record;dur=0.43, process_action.action_controller;dur=1.08
      Transfer-Encoding:
      - chunked
    body:
      encoding: UTF-8
      string: '{"data":[]}'
  recorded_at: Sat, 16 Sep 2023 05:34:37 GMT
- request:
    method: post
    uri: http://localhost:3000/api/v1/users/309/tasks?category=chore&event_date=&frequency=weekly&mandatory=1&name=Water%20Plants&notes=Remember%20plants%20in%20bedroom,%20living%20room,%20and%20balcony&time_needed=20
    body:
      encoding: UTF-8
      string: ''
    headers:
      User-Agent:
      - Faraday v2.7.11
      Content-Length:
      - '0'
      Accept-Encoding:
      - gzip;q=1.0,deflate;q=0.6,identity;q=0.3
      Accept:
      - "*/*"
  response:
    status:
      code: 201
      message: Created
    headers:
      X-Frame-Options:
      - SAMEORIGIN
      X-Xss-Protection:
      - '0'
      X-Content-Type-Options:
      - nosniff
      X-Download-Options:
      - noopen
      X-Permitted-Cross-Domain-Policies:
      - none
      Referrer-Policy:
      - strict-origin-when-cross-origin
      Content-Type:
      - application/json; charset=utf-8
      Vary:
      - Accept
      Etag:
      - W/"890032c08413db0334cbc7c5817b58e0"
      Cache-Control:
      - max-age=0, private, must-revalidate
      X-Request-Id:
      - c5538a70-7f64-4cb8-b9d1-d6df27e2d941
      X-Runtime:
      - '0.007364'
      Server-Timing:
      - start_processing.action_controller;dur=0.05, sql.active_record;dur=2.20, process_action.action_controller;dur=3.04
      Transfer-Encoding:
      - chunked
    body:
      encoding: UTF-8
      string: '{"data":{"id":"53","type":"task","attributes":{"name":"Water Plants","category":"chore","mandatory":true,"event_date":"","frequency":"weekly","time_needed":20,"user_id":309,"notes":"Remember
        plants in bedroom, living room, and balcony"}}}'
  recorded_at: Sat, 16 Sep 2023 05:34:37 GMT
- request:
    method: get
    uri: http://localhost:3000/api/v1/users/309/tasks
    body:
      encoding: US-ASCII
      string: ''
    headers:
      User-Agent:
      - Faraday v2.7.11
      Accept-Encoding:
      - gzip;q=1.0,deflate;q=0.6,identity;q=0.3
      Accept:
      - "*/*"
  response:
    status:
      code: 200
      message: OK
    headers:
      X-Frame-Options:
      - SAMEORIGIN
      X-Xss-Protection:
      - '0'
      X-Content-Type-Options:
      - nosniff
      X-Download-Options:
      - noopen
      X-Permitted-Cross-Domain-Policies:
      - none
      Referrer-Policy:
      - strict-origin-when-cross-origin
      Content-Type:
      - application/json; charset=utf-8
      Vary:
      - Accept
      Etag:
      - W/"d118104c8f609048fc57922bce4bbc85"
      Cache-Control:
      - max-age=0, private, must-revalidate
      X-Request-Id:
      - 39ce41e5-95e4-4843-8f1e-e4dcdfe1ffcc
      X-Runtime:
      - '0.007337'
      Server-Timing:
      - start_processing.action_controller;dur=0.05, sql.active_record;dur=0.45, instantiation.active_record;dur=0.02,
        process_action.action_controller;dur=2.96
      Transfer-Encoding:
      - chunked
    body:
      encoding: UTF-8
      string: '{"data":[{"id":"53","type":"task","attributes":{"name":"Water Plants","category":"chore","mandatory":true,"event_date":"","frequency":"weekly","time_needed":20,"user_id":309,"notes":"Remember
        plants in bedroom, living room, and balcony"}}]}'
  recorded_at: Sat, 16 Sep 2023 05:34:37 GMT
- request:
    method: get
    uri: http://localhost:3000/api/v1/users/319/tasks
    body:
      encoding: US-ASCII
      string: ''
    headers:
      User-Agent:
      - Faraday v2.7.11
      Accept-Encoding:
      - gzip;q=1.0,deflate;q=0.6,identity;q=0.3
      Accept:
      - "*/*"
  response:
    status:
      code: 200
      message: OK
    headers:
      X-Frame-Options:
      - SAMEORIGIN
      X-Xss-Protection:
      - '0'
      X-Content-Type-Options:
      - nosniff
      X-Download-Options:
      - noopen
      X-Permitted-Cross-Domain-Policies:
      - none
      Referrer-Policy:
      - strict-origin-when-cross-origin
      Content-Type:
      - application/json; charset=utf-8
      Vary:
      - Accept
      Etag:
      - W/"8fe32e407a1038ee38753b70e5374b3a"
      Cache-Control:
      - max-age=0, private, must-revalidate
      X-Request-Id:
      - ea364348-92c9-461c-bb41-d8835de55441
      X-Runtime:
      - '0.008196'
      Server-Timing:
      - start_processing.action_controller;dur=0.06, sql.active_record;dur=0.41, process_action.action_controller;dur=1.07
      Transfer-Encoding:
      - chunked
    body:
      encoding: UTF-8
      string: '{"data":[]}'
  recorded_at: Sat, 16 Sep 2023 05:35:06 GMT
- request:
    method: post
    uri: http://localhost:3000/api/v1/users/319/tasks?category=chore&event_date=&frequency=weekly&mandatory=1&name=Water%20Plants&notes=Remember%20plants%20in%20bedroom,%20living%20room,%20and%20balcony&time_needed=20
    body:
      encoding: UTF-8
      string: ''
    headers:
      User-Agent:
      - Faraday v2.7.11
      Content-Length:
      - '0'
      Accept-Encoding:
      - gzip;q=1.0,deflate;q=0.6,identity;q=0.3
      Accept:
      - "*/*"
  response:
    status:
      code: 201
      message: Created
    headers:
      X-Frame-Options:
      - SAMEORIGIN
      X-Xss-Protection:
      - '0'
      X-Content-Type-Options:
      - nosniff
      X-Download-Options:
      - noopen
      X-Permitted-Cross-Domain-Policies:
      - none
      Referrer-Policy:
      - strict-origin-when-cross-origin
      Content-Type:
      - application/json; charset=utf-8
      Vary:
      - Accept
      Etag:
      - W/"ce9aad27fbdd6068e09b6e9552b96fdb"
      Cache-Control:
      - max-age=0, private, must-revalidate
      X-Request-Id:
      - 341c20e6-ce4a-481f-92f2-3b71e3f22413
      X-Runtime:
      - '0.006741'
      Server-Timing:
      - start_processing.action_controller;dur=0.05, sql.active_record;dur=1.19, process_action.action_controller;dur=1.98
      Transfer-Encoding:
      - chunked
    body:
      encoding: UTF-8
      string: '{"data":{"id":"56","type":"task","attributes":{"name":"Water Plants","category":"chore","mandatory":true,"event_date":"","frequency":"weekly","time_needed":20,"user_id":319,"notes":"Remember
        plants in bedroom, living room, and balcony"}}}'
  recorded_at: Sat, 16 Sep 2023 05:35:06 GMT
- request:
    method: get
    uri: http://localhost:3000/api/v1/users/319/tasks
    body:
      encoding: US-ASCII
      string: ''
    headers:
      User-Agent:
      - Faraday v2.7.11
      Accept-Encoding:
      - gzip;q=1.0,deflate;q=0.6,identity;q=0.3
      Accept:
      - "*/*"
  response:
    status:
      code: 200
      message: OK
    headers:
      X-Frame-Options:
      - SAMEORIGIN
      X-Xss-Protection:
      - '0'
      X-Content-Type-Options:
      - nosniff
      X-Download-Options:
      - noopen
      X-Permitted-Cross-Domain-Policies:
      - none
      Referrer-Policy:
      - strict-origin-when-cross-origin
      Content-Type:
      - application/json; charset=utf-8
      Vary:
      - Accept
      Etag:
      - W/"3e728ce6155bd66090c2bc7478455dcc"
      Cache-Control:
      - max-age=0, private, must-revalidate
      X-Request-Id:
      - 22ba261d-4ec9-42f9-8b88-3a60b7ed71f8
      X-Runtime:
      - '0.005806'
      Server-Timing:
      - start_processing.action_controller;dur=0.04, sql.active_record;dur=0.63, instantiation.active_record;dur=0.04,
        process_action.action_controller;dur=1.28
      Transfer-Encoding:
      - chunked
    body:
      encoding: UTF-8
      string: '{"data":[{"id":"56","type":"task","attributes":{"name":"Water Plants","category":"chore","mandatory":true,"event_date":"","frequency":"weekly","time_needed":20,"user_id":319,"notes":"Remember
        plants in bedroom, living room, and balcony"}}]}'
  recorded_at: Sat, 16 Sep 2023 05:35:06 GMT
- request:
    method: get
    uri: http://localhost:3000/api/v1/users/349/tasks
    body:
      encoding: US-ASCII
      string: ''
    headers:
      User-Agent:
      - Faraday v2.7.11
      Accept-Encoding:
      - gzip;q=1.0,deflate;q=0.6,identity;q=0.3
      Accept:
      - "*/*"
  response:
    status:
      code: 200
      message: OK
    headers:
      X-Frame-Options:
      - SAMEORIGIN
      X-Xss-Protection:
      - '0'
      X-Content-Type-Options:
      - nosniff
      X-Download-Options:
      - noopen
      X-Permitted-Cross-Domain-Policies:
      - none
      Referrer-Policy:
      - strict-origin-when-cross-origin
      Content-Type:
      - application/json; charset=utf-8
      Vary:
      - Accept
      Etag:
      - W/"8fe32e407a1038ee38753b70e5374b3a"
      Cache-Control:
      - max-age=0, private, must-revalidate
      X-Request-Id:
      - e13ab855-27c7-4d56-8e3c-bdd1d4e09486
      X-Runtime:
      - '0.005313'
      Server-Timing:
      - start_processing.action_controller;dur=0.05, sql.active_record;dur=0.54, process_action.action_controller;dur=1.08
      Transfer-Encoding:
      - chunked
    body:
      encoding: UTF-8
      string: '{"data":[]}'
  recorded_at: Sat, 16 Sep 2023 15:10:20 GMT
- request:
    method: post
    uri: http://localhost:3000/api/v1/users/349/tasks?category=chore&event_date=&frequency=weekly&mandatory=1&name=Water%20Plants&notes=Remember%20plants%20in%20bedroom,%20living%20room,%20and%20balcony&time_needed=20
    body:
      encoding: UTF-8
      string: ''
    headers:
      User-Agent:
      - Faraday v2.7.11
      Content-Length:
      - '0'
      Accept-Encoding:
      - gzip;q=1.0,deflate;q=0.6,identity;q=0.3
      Accept:
      - "*/*"
  response:
    status:
      code: 201
      message: Created
    headers:
      X-Frame-Options:
      - SAMEORIGIN
      X-Xss-Protection:
      - '0'
      X-Content-Type-Options:
      - nosniff
      X-Download-Options:
      - noopen
      X-Permitted-Cross-Domain-Policies:
      - none
      Referrer-Policy:
      - strict-origin-when-cross-origin
      Content-Type:
      - application/json; charset=utf-8
      Vary:
      - Accept
      Etag:
      - W/"29ea9b7e1339bdaec4f8c258b13da2de"
      Cache-Control:
      - max-age=0, private, must-revalidate
      X-Request-Id:
      - 198b435c-3843-4ce8-8596-49838b9599bd
      X-Runtime:
      - '0.006377'
      Server-Timing:
      - start_processing.action_controller;dur=0.05, sql.active_record;dur=1.28, process_action.action_controller;dur=2.05
      Transfer-Encoding:
      - chunked
    body:
      encoding: UTF-8
      string: '{"data":{"id":"59","type":"task","attributes":{"name":"Water Plants","category":"chore","mandatory":true,"event_date":"","frequency":"weekly","time_needed":20,"user_id":349,"notes":"Remember
        plants in bedroom, living room, and balcony"}}}'
  recorded_at: Sat, 16 Sep 2023 15:10:20 GMT
- request:
    method: get
    uri: http://localhost:3000/api/v1/users/349/tasks
    body:
      encoding: US-ASCII
      string: ''
    headers:
      User-Agent:
      - Faraday v2.7.11
      Accept-Encoding:
      - gzip;q=1.0,deflate;q=0.6,identity;q=0.3
      Accept:
      - "*/*"
  response:
    status:
      code: 200
      message: OK
    headers:
      X-Frame-Options:
      - SAMEORIGIN
      X-Xss-Protection:
      - '0'
      X-Content-Type-Options:
      - nosniff
      X-Download-Options:
      - noopen
      X-Permitted-Cross-Domain-Policies:
      - none
      Referrer-Policy:
      - strict-origin-when-cross-origin
      Content-Type:
      - application/json; charset=utf-8
      Vary:
      - Accept
      Etag:
      - W/"fdb9980c2fd3f63939a9d194ca871202"
      Cache-Control:
      - max-age=0, private, must-revalidate
      X-Request-Id:
      - c634d088-96fb-4d2e-b050-922df3672c63
      X-Runtime:
      - '0.005002'
      Server-Timing:
      - start_processing.action_controller;dur=0.04, sql.active_record;dur=0.52, instantiation.active_record;dur=0.02,
        process_action.action_controller;dur=1.08
      Transfer-Encoding:
      - chunked
    body:
      encoding: UTF-8
      string: '{"data":[{"id":"59","type":"task","attributes":{"name":"Water Plants","category":"chore","mandatory":true,"event_date":"","frequency":"weekly","time_needed":20,"user_id":349,"notes":"Remember
        plants in bedroom, living room, and balcony"}}]}'
  recorded_at: Sat, 16 Sep 2023 15:10:20 GMT
- request:
    method: get
    uri: http://localhost:3000/api/v1/users/362/tasks
    body:
      encoding: US-ASCII
      string: ''
    headers:
      User-Agent:
      - Faraday v2.7.11
      Accept-Encoding:
      - gzip;q=1.0,deflate;q=0.6,identity;q=0.3
      Accept:
      - "*/*"
  response:
    status:
      code: 200
      message: OK
    headers:
      X-Frame-Options:
      - SAMEORIGIN
      X-Xss-Protection:
      - '0'
      X-Content-Type-Options:
      - nosniff
      X-Download-Options:
      - noopen
      X-Permitted-Cross-Domain-Policies:
      - none
      Referrer-Policy:
      - strict-origin-when-cross-origin
      Content-Type:
      - application/json; charset=utf-8
      Vary:
      - Accept
      Etag:
      - W/"8fe32e407a1038ee38753b70e5374b3a"
      Cache-Control:
      - max-age=0, private, must-revalidate
      X-Request-Id:
      - a1db4819-be97-4f5c-bd83-b3de2e9d0b19
      X-Runtime:
      - '0.005771'
      Server-Timing:
      - start_processing.action_controller;dur=0.04, sql.active_record;dur=0.70, process_action.action_controller;dur=1.24
      Transfer-Encoding:
      - chunked
    body:
      encoding: UTF-8
      string: '{"data":[]}'
  recorded_at: Sat, 16 Sep 2023 15:54:13 GMT
- request:
    method: post
    uri: http://localhost:3000/api/v1/users/362/tasks?category=chore&event_date=&frequency=weekly&mandatory=1&name=Water%20Plants&notes=Remember%20plants%20in%20bedroom,%20living%20room,%20and%20balcony&time_needed=20
    body:
      encoding: UTF-8
      string: ''
    headers:
      User-Agent:
      - Faraday v2.7.11
      Content-Length:
      - '0'
      Accept-Encoding:
      - gzip;q=1.0,deflate;q=0.6,identity;q=0.3
      Accept:
      - "*/*"
  response:
    status:
      code: 201
      message: Created
    headers:
      X-Frame-Options:
      - SAMEORIGIN
      X-Xss-Protection:
      - '0'
      X-Content-Type-Options:
      - nosniff
      X-Download-Options:
      - noopen
      X-Permitted-Cross-Domain-Policies:
      - none
      Referrer-Policy:
      - strict-origin-when-cross-origin
      Content-Type:
      - application/json; charset=utf-8
      Vary:
      - Accept
      Etag:
      - W/"c6b48c74a5fbc089e99dd5033c5a2fa5"
      Cache-Control:
      - max-age=0, private, must-revalidate
      X-Request-Id:
      - 92558d33-7511-4c3c-b62e-4663851d6727
      X-Runtime:
      - '0.007332'
      Server-Timing:
      - start_processing.action_controller;dur=0.06, sql.active_record;dur=1.32, process_action.action_controller;dur=2.11
      Transfer-Encoding:
      - chunked
    body:
      encoding: UTF-8
      string: '{"data":{"id":"62","type":"task","attributes":{"name":"Water Plants","category":"chore","mandatory":true,"event_date":"","frequency":"weekly","time_needed":20,"user_id":362,"notes":"Remember
        plants in bedroom, living room, and balcony"}}}'
  recorded_at: Sat, 16 Sep 2023 15:54:13 GMT
- request:
    method: get
    uri: http://localhost:3000/api/v1/users/362/tasks
    body:
      encoding: US-ASCII
      string: ''
    headers:
      User-Agent:
      - Faraday v2.7.11
      Accept-Encoding:
      - gzip;q=1.0,deflate;q=0.6,identity;q=0.3
      Accept:
      - "*/*"
  response:
    status:
      code: 200
      message: OK
    headers:
      X-Frame-Options:
      - SAMEORIGIN
      X-Xss-Protection:
      - '0'
      X-Content-Type-Options:
      - nosniff
      X-Download-Options:
      - noopen
      X-Permitted-Cross-Domain-Policies:
      - none
      Referrer-Policy:
      - strict-origin-when-cross-origin
      Content-Type:
      - application/json; charset=utf-8
      Vary:
      - Accept
      Etag:
      - W/"fa18c84ff7e6ba6d9018175a31568f20"
      Cache-Control:
      - max-age=0, private, must-revalidate
      X-Request-Id:
      - b57b21ce-36d8-42c1-961f-b594b084458e
      X-Runtime:
      - '0.006333'
      Server-Timing:
      - start_processing.action_controller;dur=0.05, sql.active_record;dur=0.72, instantiation.active_record;dur=0.02,
        process_action.action_controller;dur=1.78
      Transfer-Encoding:
      - chunked
    body:
      encoding: UTF-8
      string: '{"data":[{"id":"62","type":"task","attributes":{"name":"Water Plants","category":"chore","mandatory":true,"event_date":"","frequency":"weekly","time_needed":20,"user_id":362,"notes":"Remember
        plants in bedroom, living room, and balcony"}}]}'
  recorded_at: Sat, 16 Sep 2023 15:54:13 GMT
- request:
    method: get
    uri: http://localhost:3000/api/v1/users/375/tasks
    body:
      encoding: US-ASCII
      string: ''
    headers:
      User-Agent:
      - Faraday v2.7.11
      Accept-Encoding:
      - gzip;q=1.0,deflate;q=0.6,identity;q=0.3
      Accept:
      - "*/*"
  response:
    status:
      code: 200
      message: OK
    headers:
      X-Frame-Options:
      - SAMEORIGIN
      X-Xss-Protection:
      - '0'
      X-Content-Type-Options:
      - nosniff
      X-Download-Options:
      - noopen
      X-Permitted-Cross-Domain-Policies:
      - none
      Referrer-Policy:
      - strict-origin-when-cross-origin
      Content-Type:
      - application/json; charset=utf-8
      Vary:
      - Accept
      Etag:
      - W/"8fe32e407a1038ee38753b70e5374b3a"
      Cache-Control:
      - max-age=0, private, must-revalidate
      X-Request-Id:
      - 43226840-7bb0-44d8-b7f8-12fbed3bc520
      X-Runtime:
      - '0.005156'
      Server-Timing:
      - start_processing.action_controller;dur=0.04, sql.active_record;dur=0.42, process_action.action_controller;dur=0.94
      Transfer-Encoding:
      - chunked
    body:
      encoding: UTF-8
      string: '{"data":[]}'
  recorded_at: Sat, 16 Sep 2023 15:58:41 GMT
- request:
    method: post
    uri: http://localhost:3000/api/v1/users/375/tasks?category=chore&event_date=&frequency=weekly&mandatory=1&name=Water%20Plants&notes=Remember%20plants%20in%20bedroom,%20living%20room,%20and%20balcony&time_needed=20
    body:
      encoding: UTF-8
      string: ''
    headers:
      User-Agent:
      - Faraday v2.7.11
      Content-Length:
      - '0'
      Accept-Encoding:
      - gzip;q=1.0,deflate;q=0.6,identity;q=0.3
      Accept:
      - "*/*"
  response:
    status:
      code: 201
      message: Created
    headers:
      X-Frame-Options:
      - SAMEORIGIN
      X-Xss-Protection:
      - '0'
      X-Content-Type-Options:
      - nosniff
      X-Download-Options:
      - noopen
      X-Permitted-Cross-Domain-Policies:
      - none
      Referrer-Policy:
      - strict-origin-when-cross-origin
      Content-Type:
      - application/json; charset=utf-8
      Vary:
      - Accept
      Etag:
      - W/"5573251f3c7a4496c82a8dc16cb425bf"
      Cache-Control:
      - max-age=0, private, must-revalidate
      X-Request-Id:
      - '07689682-0164-47a6-9f73-6ffde22acf97'
      X-Runtime:
      - '0.006845'
      Server-Timing:
      - start_processing.action_controller;dur=0.06, sql.active_record;dur=1.34, process_action.action_controller;dur=2.13
      Transfer-Encoding:
      - chunked
    body:
      encoding: UTF-8
      string: '{"data":{"id":"65","type":"task","attributes":{"name":"Water Plants","category":"chore","mandatory":true,"event_date":"","frequency":"weekly","time_needed":20,"user_id":375,"notes":"Remember
        plants in bedroom, living room, and balcony"}}}'
  recorded_at: Sat, 16 Sep 2023 15:58:41 GMT
- request:
    method: get
    uri: http://localhost:3000/api/v1/users/375/tasks
    body:
      encoding: US-ASCII
      string: ''
    headers:
      User-Agent:
      - Faraday v2.7.11
      Accept-Encoding:
      - gzip;q=1.0,deflate;q=0.6,identity;q=0.3
      Accept:
      - "*/*"
  response:
    status:
      code: 200
      message: OK
    headers:
      X-Frame-Options:
      - SAMEORIGIN
      X-Xss-Protection:
      - '0'
      X-Content-Type-Options:
      - nosniff
      X-Download-Options:
      - noopen
      X-Permitted-Cross-Domain-Policies:
      - none
      Referrer-Policy:
      - strict-origin-when-cross-origin
      Content-Type:
      - application/json; charset=utf-8
      Vary:
      - Accept
      Etag:
      - W/"33b087d2acbc182eeeda8948a21a74a4"
      Cache-Control:
      - max-age=0, private, must-revalidate
      X-Request-Id:
      - b4e2848f-f78e-46b1-b822-63dbf47b6f04
      X-Runtime:
      - '0.005808'
      Server-Timing:
      - start_processing.action_controller;dur=0.04, sql.active_record;dur=0.73, instantiation.active_record;dur=0.03,
        process_action.action_controller;dur=1.36
      Transfer-Encoding:
      - chunked
    body:
      encoding: UTF-8
      string: '{"data":[{"id":"65","type":"task","attributes":{"name":"Water Plants","category":"chore","mandatory":true,"event_date":"","frequency":"weekly","time_needed":20,"user_id":375,"notes":"Remember
        plants in bedroom, living room, and balcony"}}]}'
  recorded_at: Sat, 16 Sep 2023 15:58:41 GMT
- request:
    method: get
    uri: http://localhost:3000/api/v1/users/385/tasks
    body:
      encoding: US-ASCII
      string: ''
    headers:
      User-Agent:
      - Faraday v2.7.11
      Accept-Encoding:
      - gzip;q=1.0,deflate;q=0.6,identity;q=0.3
      Accept:
      - "*/*"
  response:
    status:
      code: 200
      message: OK
    headers:
      X-Frame-Options:
      - SAMEORIGIN
      X-Xss-Protection:
      - '0'
      X-Content-Type-Options:
      - nosniff
      X-Download-Options:
      - noopen
      X-Permitted-Cross-Domain-Policies:
      - none
      Referrer-Policy:
      - strict-origin-when-cross-origin
      Content-Type:
      - application/json; charset=utf-8
      Vary:
      - Accept
      Etag:
      - W/"8fe32e407a1038ee38753b70e5374b3a"
      Cache-Control:
      - max-age=0, private, must-revalidate
      X-Request-Id:
      - 72d07ee4-b940-468e-b22d-61666cc956c8
      X-Runtime:
      - '0.005182'
      Server-Timing:
      - start_processing.action_controller;dur=0.04, sql.active_record;dur=0.53, process_action.action_controller;dur=1.04
      Transfer-Encoding:
      - chunked
    body:
      encoding: UTF-8
      string: '{"data":[]}'
  recorded_at: Sat, 16 Sep 2023 16:10:30 GMT
- request:
    method: post
    uri: http://localhost:3000/api/v1/users/385/tasks?category=chore&event_date=&frequency=weekly&mandatory=1&name=Water%20Plants&notes=Remember%20plants%20in%20bedroom,%20living%20room,%20and%20balcony&time_needed=20
    body:
      encoding: UTF-8
      string: ''
    headers:
      User-Agent:
      - Faraday v2.7.11
      Content-Length:
      - '0'
      Accept-Encoding:
      - gzip;q=1.0,deflate;q=0.6,identity;q=0.3
      Accept:
      - "*/*"
  response:
    status:
      code: 201
      message: Created
    headers:
      X-Frame-Options:
      - SAMEORIGIN
      X-Xss-Protection:
      - '0'
      X-Content-Type-Options:
      - nosniff
      X-Download-Options:
      - noopen
      X-Permitted-Cross-Domain-Policies:
      - none
      Referrer-Policy:
      - strict-origin-when-cross-origin
      Content-Type:
      - application/json; charset=utf-8
      Vary:
      - Accept
      Etag:
      - W/"d180afc82b836d3e0c7acf2f450d3ba3"
      Cache-Control:
      - max-age=0, private, must-revalidate
      X-Request-Id:
      - a77e063a-8fe5-4a91-9d32-129fe3a58471
      X-Runtime:
      - '0.006403'
      Server-Timing:
      - start_processing.action_controller;dur=0.05, sql.active_record;dur=1.15, process_action.action_controller;dur=1.92
      Transfer-Encoding:
      - chunked
    body:
      encoding: UTF-8
      string: '{"data":{"id":"68","type":"task","attributes":{"name":"Water Plants","category":"chore","mandatory":true,"event_date":"","frequency":"weekly","time_needed":20,"user_id":385,"notes":"Remember
        plants in bedroom, living room, and balcony"}}}'
  recorded_at: Sat, 16 Sep 2023 16:10:30 GMT
- request:
    method: get
    uri: http://localhost:3000/api/v1/users/385/tasks
    body:
      encoding: US-ASCII
      string: ''
    headers:
      User-Agent:
      - Faraday v2.7.11
      Accept-Encoding:
      - gzip;q=1.0,deflate;q=0.6,identity;q=0.3
      Accept:
      - "*/*"
  response:
    status:
      code: 200
      message: OK
    headers:
      X-Frame-Options:
      - SAMEORIGIN
      X-Xss-Protection:
      - '0'
      X-Content-Type-Options:
      - nosniff
      X-Download-Options:
      - noopen
      X-Permitted-Cross-Domain-Policies:
      - none
      Referrer-Policy:
      - strict-origin-when-cross-origin
      Content-Type:
      - application/json; charset=utf-8
      Vary:
      - Accept
      Etag:
      - W/"af15628d94f2b6a1a19f82b4916bb3da"
      Cache-Control:
      - max-age=0, private, must-revalidate
      X-Request-Id:
      - 4fd37063-6023-46d6-9287-22d7dfc7c492
      X-Runtime:
      - '0.005280'
      Server-Timing:
      - start_processing.action_controller;dur=0.04, sql.active_record;dur=0.56, instantiation.active_record;dur=0.02,
        process_action.action_controller;dur=1.05
      Transfer-Encoding:
      - chunked
    body:
      encoding: UTF-8
      string: '{"data":[{"id":"68","type":"task","attributes":{"name":"Water Plants","category":"chore","mandatory":true,"event_date":"","frequency":"weekly","time_needed":20,"user_id":385,"notes":"Remember
        plants in bedroom, living room, and balcony"}}]}'
  recorded_at: Sat, 16 Sep 2023 16:10:30 GMT
- request:
    method: get
    uri: http://localhost:3000/api/v1/users/395/tasks
    body:
      encoding: US-ASCII
      string: ''
    headers:
      User-Agent:
      - Faraday v2.7.11
      Accept-Encoding:
      - gzip;q=1.0,deflate;q=0.6,identity;q=0.3
      Accept:
      - "*/*"
  response:
    status:
      code: 200
      message: OK
    headers:
      X-Frame-Options:
      - SAMEORIGIN
      X-Xss-Protection:
      - '0'
      X-Content-Type-Options:
      - nosniff
      X-Download-Options:
      - noopen
      X-Permitted-Cross-Domain-Policies:
      - none
      Referrer-Policy:
      - strict-origin-when-cross-origin
      Content-Type:
      - application/json; charset=utf-8
      Vary:
      - Accept
      Etag:
      - W/"8fe32e407a1038ee38753b70e5374b3a"
      Cache-Control:
      - max-age=0, private, must-revalidate
      X-Request-Id:
      - b660a071-88b3-4034-a070-2314230c469b
      X-Runtime:
      - '0.005755'
      Server-Timing:
      - start_processing.action_controller;dur=0.04, sql.active_record;dur=0.45, process_action.action_controller;dur=0.98
      Transfer-Encoding:
      - chunked
    body:
      encoding: UTF-8
      string: '{"data":[]}'
  recorded_at: Sat, 16 Sep 2023 16:12:05 GMT
- request:
    method: post
    uri: http://localhost:3000/api/v1/users/395/tasks?category=chore&event_date=&frequency=weekly&mandatory=1&name=Water%20Plants&notes=Remember%20plants%20in%20bedroom,%20living%20room,%20and%20balcony&time_needed=20
    body:
      encoding: UTF-8
      string: ''
    headers:
      User-Agent:
      - Faraday v2.7.11
      Content-Length:
      - '0'
      Accept-Encoding:
      - gzip;q=1.0,deflate;q=0.6,identity;q=0.3
      Accept:
      - "*/*"
  response:
    status:
      code: 201
      message: Created
    headers:
      X-Frame-Options:
      - SAMEORIGIN
      X-Xss-Protection:
      - '0'
      X-Content-Type-Options:
      - nosniff
      X-Download-Options:
      - noopen
      X-Permitted-Cross-Domain-Policies:
      - none
      Referrer-Policy:
      - strict-origin-when-cross-origin
      Content-Type:
      - application/json; charset=utf-8
      Vary:
      - Accept
      Etag:
      - W/"d63564a60452bb6086e88cb05eaa95de"
      Cache-Control:
      - max-age=0, private, must-revalidate
      X-Request-Id:
      - d1635a38-81a6-4595-9130-0c7d087b634d
      X-Runtime:
      - '0.006936'
      Server-Timing:
      - start_processing.action_controller;dur=0.05, sql.active_record;dur=1.80, process_action.action_controller;dur=2.62
      Transfer-Encoding:
      - chunked
    body:
      encoding: UTF-8
      string: '{"data":{"id":"71","type":"task","attributes":{"name":"Water Plants","category":"chore","mandatory":true,"event_date":"","frequency":"weekly","time_needed":20,"user_id":395,"notes":"Remember
        plants in bedroom, living room, and balcony"}}}'
  recorded_at: Sat, 16 Sep 2023 16:12:05 GMT
- request:
    method: get
    uri: http://localhost:3000/api/v1/users/395/tasks
    body:
      encoding: US-ASCII
      string: ''
    headers:
      User-Agent:
      - Faraday v2.7.11
      Accept-Encoding:
      - gzip;q=1.0,deflate;q=0.6,identity;q=0.3
      Accept:
      - "*/*"
  response:
    status:
      code: 200
      message: OK
    headers:
      X-Frame-Options:
      - SAMEORIGIN
      X-Xss-Protection:
      - '0'
      X-Content-Type-Options:
      - nosniff
      X-Download-Options:
      - noopen
      X-Permitted-Cross-Domain-Policies:
      - none
      Referrer-Policy:
      - strict-origin-when-cross-origin
      Content-Type:
      - application/json; charset=utf-8
      Vary:
      - Accept
      Etag:
      - W/"db0d07cb8eac1cffe13217a3aa08af03"
      Cache-Control:
      - max-age=0, private, must-revalidate
      X-Request-Id:
      - b3d625ce-4838-488a-a0b5-32e749633076
      X-Runtime:
      - '0.004721'
      Server-Timing:
      - start_processing.action_controller;dur=0.05, sql.active_record;dur=0.40, instantiation.active_record;dur=0.02,
        process_action.action_controller;dur=0.88
      Transfer-Encoding:
      - chunked
    body:
      encoding: UTF-8
      string: '{"data":[{"id":"71","type":"task","attributes":{"name":"Water Plants","category":"chore","mandatory":true,"event_date":"","frequency":"weekly","time_needed":20,"user_id":395,"notes":"Remember
        plants in bedroom, living room, and balcony"}}]}'
  recorded_at: Sat, 16 Sep 2023 16:12:05 GMT
- request:
    method: get
    uri: http://localhost:3000/api/v1/users/405/tasks
    body:
      encoding: US-ASCII
      string: ''
    headers:
      User-Agent:
      - Faraday v2.7.11
      Accept-Encoding:
      - gzip;q=1.0,deflate;q=0.6,identity;q=0.3
      Accept:
      - "*/*"
  response:
    status:
      code: 200
      message: OK
    headers:
      X-Frame-Options:
      - SAMEORIGIN
      X-Xss-Protection:
      - '0'
      X-Content-Type-Options:
      - nosniff
      X-Download-Options:
      - noopen
      X-Permitted-Cross-Domain-Policies:
      - none
      Referrer-Policy:
      - strict-origin-when-cross-origin
      Content-Type:
      - application/json; charset=utf-8
      Vary:
      - Accept
      Etag:
      - W/"8fe32e407a1038ee38753b70e5374b3a"
      Cache-Control:
      - max-age=0, private, must-revalidate
      X-Request-Id:
      - f6ec6cd3-1da5-48b1-b69d-16e370e40880
      X-Runtime:
      - '0.005034'
      Server-Timing:
      - start_processing.action_controller;dur=0.05, sql.active_record;dur=0.41, process_action.action_controller;dur=0.90
      Transfer-Encoding:
      - chunked
    body:
      encoding: UTF-8
      string: '{"data":[]}'
  recorded_at: Sat, 16 Sep 2023 16:12:16 GMT
- request:
    method: post
    uri: http://localhost:3000/api/v1/users/405/tasks?category=chore&event_date=&frequency=weekly&mandatory=1&name=Water%20Plants&notes=Remember%20plants%20in%20bedroom,%20living%20room,%20and%20balcony&time_needed=20
    body:
      encoding: UTF-8
      string: ''
    headers:
      User-Agent:
      - Faraday v2.7.11
      Content-Length:
      - '0'
      Accept-Encoding:
      - gzip;q=1.0,deflate;q=0.6,identity;q=0.3
      Accept:
      - "*/*"
  response:
    status:
      code: 201
      message: Created
    headers:
      X-Frame-Options:
      - SAMEORIGIN
      X-Xss-Protection:
      - '0'
      X-Content-Type-Options:
      - nosniff
      X-Download-Options:
      - noopen
      X-Permitted-Cross-Domain-Policies:
      - none
      Referrer-Policy:
      - strict-origin-when-cross-origin
      Content-Type:
      - application/json; charset=utf-8
      Vary:
      - Accept
      Etag:
      - W/"1875f070dc31f654086cd84dec72a291"
      Cache-Control:
      - max-age=0, private, must-revalidate
      X-Request-Id:
      - 14ec9bfb-6451-4cae-ad5c-c771b2e8e8e6
      X-Runtime:
      - '0.006337'
      Server-Timing:
      - start_processing.action_controller;dur=0.05, sql.active_record;dur=1.08, process_action.action_controller;dur=1.80
      Transfer-Encoding:
      - chunked
    body:
      encoding: UTF-8
      string: '{"data":{"id":"74","type":"task","attributes":{"name":"Water Plants","category":"chore","mandatory":true,"event_date":"","frequency":"weekly","time_needed":20,"user_id":405,"notes":"Remember
        plants in bedroom, living room, and balcony"}}}'
  recorded_at: Sat, 16 Sep 2023 16:12:16 GMT
- request:
    method: get
    uri: http://localhost:3000/api/v1/users/405/tasks
    body:
      encoding: US-ASCII
      string: ''
    headers:
      User-Agent:
      - Faraday v2.7.11
      Accept-Encoding:
      - gzip;q=1.0,deflate;q=0.6,identity;q=0.3
      Accept:
      - "*/*"
  response:
    status:
      code: 200
      message: OK
    headers:
      X-Frame-Options:
      - SAMEORIGIN
      X-Xss-Protection:
      - '0'
      X-Content-Type-Options:
      - nosniff
      X-Download-Options:
      - noopen
      X-Permitted-Cross-Domain-Policies:
      - none
      Referrer-Policy:
      - strict-origin-when-cross-origin
      Content-Type:
      - application/json; charset=utf-8
      Vary:
      - Accept
      Etag:
      - W/"b686affbaa38622523e698cda57056a4"
      Cache-Control:
      - max-age=0, private, must-revalidate
      X-Request-Id:
      - 26fe862f-fa55-42df-9baa-c9f0119bba04
      X-Runtime:
      - '0.005112'
      Server-Timing:
      - start_processing.action_controller;dur=0.04, sql.active_record;dur=0.40, instantiation.active_record;dur=0.02,
        process_action.action_controller;dur=0.89
      Transfer-Encoding:
      - chunked
    body:
      encoding: UTF-8
      string: '{"data":[{"id":"74","type":"task","attributes":{"name":"Water Plants","category":"chore","mandatory":true,"event_date":"","frequency":"weekly","time_needed":20,"user_id":405,"notes":"Remember
        plants in bedroom, living room, and balcony"}}]}'
  recorded_at: Sat, 16 Sep 2023 16:12:16 GMT
- request:
    method: get
    uri: http://localhost:3000/api/v1/users/415/tasks
    body:
      encoding: US-ASCII
      string: ''
    headers:
      User-Agent:
      - Faraday v2.7.11
      Accept-Encoding:
      - gzip;q=1.0,deflate;q=0.6,identity;q=0.3
      Accept:
      - "*/*"
  response:
    status:
      code: 200
      message: OK
    headers:
      X-Frame-Options:
      - SAMEORIGIN
      X-Xss-Protection:
      - '0'
      X-Content-Type-Options:
      - nosniff
      X-Download-Options:
      - noopen
      X-Permitted-Cross-Domain-Policies:
      - none
      Referrer-Policy:
      - strict-origin-when-cross-origin
      Content-Type:
      - application/json; charset=utf-8
      Vary:
      - Accept
      Etag:
      - W/"8fe32e407a1038ee38753b70e5374b3a"
      Cache-Control:
      - max-age=0, private, must-revalidate
      X-Request-Id:
      - cd0efc1e-686a-4e8c-aa2c-420ec99cb206
      X-Runtime:
      - '0.005640'
      Server-Timing:
      - start_processing.action_controller;dur=0.04, sql.active_record;dur=0.35, process_action.action_controller;dur=0.87
      Transfer-Encoding:
      - chunked
    body:
      encoding: UTF-8
      string: '{"data":[]}'
  recorded_at: Sat, 16 Sep 2023 16:12:58 GMT
- request:
    method: post
    uri: http://localhost:3000/api/v1/users/415/tasks?category=chore&event_date=&frequency=weekly&mandatory=1&name=Water%20Plants&notes=Remember%20plants%20in%20bedroom,%20living%20room,%20and%20balcony&time_needed=20
    body:
      encoding: UTF-8
      string: ''
    headers:
      User-Agent:
      - Faraday v2.7.11
      Content-Length:
      - '0'
      Accept-Encoding:
      - gzip;q=1.0,deflate;q=0.6,identity;q=0.3
      Accept:
      - "*/*"
  response:
    status:
      code: 201
      message: Created
    headers:
      X-Frame-Options:
      - SAMEORIGIN
      X-Xss-Protection:
      - '0'
      X-Content-Type-Options:
      - nosniff
      X-Download-Options:
      - noopen
      X-Permitted-Cross-Domain-Policies:
      - none
      Referrer-Policy:
      - strict-origin-when-cross-origin
      Content-Type:
      - application/json; charset=utf-8
      Vary:
      - Accept
      Etag:
      - W/"39af88ec29091c9a1a18433bf5ec3d0a"
      Cache-Control:
      - max-age=0, private, must-revalidate
      X-Request-Id:
      - 7e4cc7e2-af8d-45bb-8958-7ec76e6c336f
      X-Runtime:
      - '0.006336'
      Server-Timing:
      - start_processing.action_controller;dur=0.05, sql.active_record;dur=1.20, process_action.action_controller;dur=2.28
      Transfer-Encoding:
      - chunked
    body:
      encoding: UTF-8
      string: '{"data":{"id":"77","type":"task","attributes":{"name":"Water Plants","category":"chore","mandatory":true,"event_date":"","frequency":"weekly","time_needed":20,"user_id":415,"notes":"Remember
        plants in bedroom, living room, and balcony"}}}'
  recorded_at: Sat, 16 Sep 2023 16:12:58 GMT
- request:
    method: get
    uri: http://localhost:3000/api/v1/users/415/tasks
    body:
      encoding: US-ASCII
      string: ''
    headers:
      User-Agent:
      - Faraday v2.7.11
      Accept-Encoding:
      - gzip;q=1.0,deflate;q=0.6,identity;q=0.3
      Accept:
      - "*/*"
  response:
    status:
      code: 200
      message: OK
    headers:
      X-Frame-Options:
      - SAMEORIGIN
      X-Xss-Protection:
      - '0'
      X-Content-Type-Options:
      - nosniff
      X-Download-Options:
      - noopen
      X-Permitted-Cross-Domain-Policies:
      - none
      Referrer-Policy:
      - strict-origin-when-cross-origin
      Content-Type:
      - application/json; charset=utf-8
      Vary:
      - Accept
      Etag:
      - W/"d833745e73232fd84a8fd154cf55b5fc"
      Cache-Control:
      - max-age=0, private, must-revalidate
      X-Request-Id:
      - e4f47736-5a3a-48a8-8f6e-cd4a6aa20c96
      X-Runtime:
      - '0.005176'
      Server-Timing:
      - start_processing.action_controller;dur=0.04, sql.active_record;dur=0.53, instantiation.active_record;dur=0.02,
        process_action.action_controller;dur=1.03
      Transfer-Encoding:
      - chunked
    body:
      encoding: UTF-8
      string: '{"data":[{"id":"77","type":"task","attributes":{"name":"Water Plants","category":"chore","mandatory":true,"event_date":"","frequency":"weekly","time_needed":20,"user_id":415,"notes":"Remember
        plants in bedroom, living room, and balcony"}}]}'
  recorded_at: Sat, 16 Sep 2023 16:12:58 GMT
- request:
    method: get
    uri: http://localhost:3000/api/v1/users/555/tasks
    body:
      encoding: US-ASCII
      string: ''
    headers:
      User-Agent:
      - Faraday v2.7.11
      Accept-Encoding:
      - gzip;q=1.0,deflate;q=0.6,identity;q=0.3
      Accept:
      - "*/*"
  response:
    status:
      code: 200
      message: OK
    headers:
      X-Frame-Options:
      - SAMEORIGIN
      X-Xss-Protection:
      - '0'
      X-Content-Type-Options:
      - nosniff
      X-Download-Options:
      - noopen
      X-Permitted-Cross-Domain-Policies:
      - none
      Referrer-Policy:
      - strict-origin-when-cross-origin
      Content-Type:
      - application/json; charset=utf-8
      Vary:
      - Accept
      Etag:
      - W/"8fe32e407a1038ee38753b70e5374b3a"
      Cache-Control:
      - max-age=0, private, must-revalidate
      X-Request-Id:
      - 85439971-7d26-45f0-a072-2f4d933c5079
      X-Runtime:
      - '0.005233'
      Server-Timing:
      - start_processing.action_controller;dur=0.06, sql.active_record;dur=0.51, process_action.action_controller;dur=1.05
      Transfer-Encoding:
      - chunked
    body:
      encoding: UTF-8
      string: '{"data":[]}'
  recorded_at: Sat, 16 Sep 2023 16:42:20 GMT
- request:
    method: get
    uri: http://localhost:3000/api/v1/users/555/tasks
    body:
      encoding: US-ASCII
      string: ''
    headers:
      User-Agent:
      - Faraday v2.7.11
      Accept-Encoding:
      - gzip;q=1.0,deflate;q=0.6,identity;q=0.3
      Accept:
      - "*/*"
  response:
    status:
      code: 200
      message: OK
    headers:
      X-Frame-Options:
      - SAMEORIGIN
      X-Xss-Protection:
      - '0'
      X-Content-Type-Options:
      - nosniff
      X-Download-Options:
      - noopen
      X-Permitted-Cross-Domain-Policies:
      - none
      Referrer-Policy:
      - strict-origin-when-cross-origin
      Content-Type:
      - application/json; charset=utf-8
      Vary:
      - Accept
      Etag:
      - W/"8fe32e407a1038ee38753b70e5374b3a"
      Cache-Control:
      - max-age=0, private, must-revalidate
      X-Request-Id:
      - 7dabb434-0002-4936-b50a-a59846430fa2
      X-Runtime:
      - '0.007072'
      Server-Timing:
      - start_processing.action_controller;dur=0.05, sql.active_record;dur=0.36, process_action.action_controller;dur=1.12
      Transfer-Encoding:
      - chunked
    body:
      encoding: UTF-8
      string: '{"data":[]}'
  recorded_at: Sat, 16 Sep 2023 16:42:20 GMT
- request:
    method: get
    uri: http://localhost:3000/api/v1/users/565/tasks
    body:
      encoding: US-ASCII
      string: ''
    headers:
      User-Agent:
      - Faraday v2.7.11
      Accept-Encoding:
      - gzip;q=1.0,deflate;q=0.6,identity;q=0.3
      Accept:
      - "*/*"
  response:
    status:
      code: 200
      message: OK
    headers:
      X-Frame-Options:
      - SAMEORIGIN
      X-Xss-Protection:
      - '0'
      X-Content-Type-Options:
      - nosniff
      X-Download-Options:
      - noopen
      X-Permitted-Cross-Domain-Policies:
      - none
      Referrer-Policy:
      - strict-origin-when-cross-origin
      Content-Type:
      - application/json; charset=utf-8
      Vary:
      - Accept
      Etag:
      - W/"8fe32e407a1038ee38753b70e5374b3a"
      Cache-Control:
      - max-age=0, private, must-revalidate
      X-Request-Id:
      - 0b3c1ad6-5eda-47e2-8305-7e242fddae77
      X-Runtime:
      - '0.006244'
      Server-Timing:
      - start_processing.action_controller;dur=0.05, sql.active_record;dur=1.11, process_action.action_controller;dur=1.83
      Transfer-Encoding:
      - chunked
    body:
      encoding: UTF-8
      string: '{"data":[]}'
  recorded_at: Sat, 16 Sep 2023 16:44:42 GMT
- request:
    method: get
    uri: http://localhost:3000/api/v1/users/565/tasks
    body:
      encoding: US-ASCII
      string: ''
    headers:
      User-Agent:
      - Faraday v2.7.11
      Accept-Encoding:
      - gzip;q=1.0,deflate;q=0.6,identity;q=0.3
      Accept:
      - "*/*"
  response:
    status:
      code: 200
      message: OK
    headers:
      X-Frame-Options:
      - SAMEORIGIN
      X-Xss-Protection:
      - '0'
      X-Content-Type-Options:
      - nosniff
      X-Download-Options:
      - noopen
      X-Permitted-Cross-Domain-Policies:
      - none
      Referrer-Policy:
      - strict-origin-when-cross-origin
      Content-Type:
      - application/json; charset=utf-8
      Vary:
      - Accept
      Etag:
      - W/"8fe32e407a1038ee38753b70e5374b3a"
      Cache-Control:
      - max-age=0, private, must-revalidate
      X-Request-Id:
      - d2488c77-9446-478d-b4c5-b00438eb079f
      X-Runtime:
      - '0.005325'
      Server-Timing:
      - start_processing.action_controller;dur=0.04, sql.active_record;dur=0.39, process_action.action_controller;dur=0.78
      Transfer-Encoding:
      - chunked
    body:
      encoding: UTF-8
      string: '{"data":[]}'
  recorded_at: Sat, 16 Sep 2023 16:44:42 GMT
- request:
    method: get
    uri: http://localhost:3000/api/v1/users/575/tasks
    body:
      encoding: US-ASCII
      string: ''
    headers:
      User-Agent:
      - Faraday v2.7.11
      Accept-Encoding:
      - gzip;q=1.0,deflate;q=0.6,identity;q=0.3
      Accept:
      - "*/*"
  response:
    status:
      code: 200
      message: OK
    headers:
      X-Frame-Options:
      - SAMEORIGIN
      X-Xss-Protection:
      - '0'
      X-Content-Type-Options:
      - nosniff
      X-Download-Options:
      - noopen
      X-Permitted-Cross-Domain-Policies:
      - none
      Referrer-Policy:
      - strict-origin-when-cross-origin
      Content-Type:
      - application/json; charset=utf-8
      Vary:
      - Accept
      Etag:
      - W/"8fe32e407a1038ee38753b70e5374b3a"
      Cache-Control:
      - max-age=0, private, must-revalidate
      X-Request-Id:
      - 6f495aef-82ae-4cb8-813c-6984adb64cf4
      X-Runtime:
      - '0.008578'
      Server-Timing:
      - start_processing.action_controller;dur=0.05, sql.active_record;dur=3.85, process_action.action_controller;dur=4.38
      Transfer-Encoding:
      - chunked
    body:
      encoding: UTF-8
      string: '{"data":[]}'
  recorded_at: Sat, 16 Sep 2023 16:45:04 GMT
- request:
    method: get
    uri: http://localhost:3000/api/v1/users/575/tasks
    body:
      encoding: US-ASCII
      string: ''
    headers:
      User-Agent:
      - Faraday v2.7.11
      Accept-Encoding:
      - gzip;q=1.0,deflate;q=0.6,identity;q=0.3
      Accept:
      - "*/*"
  response:
    status:
      code: 200
      message: OK
    headers:
      X-Frame-Options:
      - SAMEORIGIN
      X-Xss-Protection:
      - '0'
      X-Content-Type-Options:
      - nosniff
      X-Download-Options:
      - noopen
      X-Permitted-Cross-Domain-Policies:
      - none
      Referrer-Policy:
      - strict-origin-when-cross-origin
      Content-Type:
      - application/json; charset=utf-8
      Vary:
      - Accept
      Etag:
      - W/"8fe32e407a1038ee38753b70e5374b3a"
      Cache-Control:
      - max-age=0, private, must-revalidate
      X-Request-Id:
      - a9208a36-4e47-4521-b2e7-185690104b61
      X-Runtime:
      - '0.005043'
      Server-Timing:
      - start_processing.action_controller;dur=0.04, sql.active_record;dur=0.38, process_action.action_controller;dur=0.83
      Transfer-Encoding:
      - chunked
    body:
      encoding: UTF-8
      string: '{"data":[]}'
  recorded_at: Sat, 16 Sep 2023 16:45:04 GMT
- request:
    method: get
    uri: http://localhost:3000/api/v1/users/585/tasks
    body:
      encoding: US-ASCII
      string: ''
    headers:
      User-Agent:
      - Faraday v2.7.11
      Accept-Encoding:
      - gzip;q=1.0,deflate;q=0.6,identity;q=0.3
      Accept:
      - "*/*"
  response:
    status:
      code: 200
      message: OK
    headers:
      X-Frame-Options:
      - SAMEORIGIN
      X-Xss-Protection:
      - '0'
      X-Content-Type-Options:
      - nosniff
      X-Download-Options:
      - noopen
      X-Permitted-Cross-Domain-Policies:
      - none
      Referrer-Policy:
      - strict-origin-when-cross-origin
      Content-Type:
      - application/json; charset=utf-8
      Vary:
      - Accept
      Etag:
      - W/"8fe32e407a1038ee38753b70e5374b3a"
      Cache-Control:
      - max-age=0, private, must-revalidate
      X-Request-Id:
      - efaf05f7-8519-4050-bdaa-c3db36f0b331
      X-Runtime:
      - '0.007669'
      Server-Timing:
      - start_processing.action_controller;dur=0.05, sql.active_record;dur=0.44, process_action.action_controller;dur=3.45
      Transfer-Encoding:
      - chunked
    body:
      encoding: UTF-8
      string: '{"data":[]}'
  recorded_at: Sat, 16 Sep 2023 16:45:55 GMT
- request:
    method: post
    uri: http://localhost:3000/api/v1/users/585/tasks?category=chore&event_date=&frequency=weekly&mandatory=1&name=Water%20Plants&notes=Remember%20plants%20in%20bedroom,%20living%20room,%20and%20balcony&time_needed=20
    body:
      encoding: UTF-8
      string: ''
    headers:
      User-Agent:
      - Faraday v2.7.11
      Content-Length:
      - '0'
      Accept-Encoding:
      - gzip;q=1.0,deflate;q=0.6,identity;q=0.3
      Accept:
      - "*/*"
  response:
    status:
      code: 201
      message: Created
    headers:
      X-Frame-Options:
      - SAMEORIGIN
      X-Xss-Protection:
      - '0'
      X-Content-Type-Options:
      - nosniff
      X-Download-Options:
      - noopen
      X-Permitted-Cross-Domain-Policies:
      - none
      Referrer-Policy:
      - strict-origin-when-cross-origin
      Content-Type:
      - application/json; charset=utf-8
      Vary:
      - Accept
      Etag:
      - W/"ae5cd5fbc37ddb3b0e9fadecc509fab3"
      Cache-Control:
      - max-age=0, private, must-revalidate
      X-Request-Id:
      - ef04499a-e1dc-47ca-bfd0-a6f3d00276d7
      X-Runtime:
      - '0.006630'
      Server-Timing:
      - start_processing.action_controller;dur=0.05, sql.active_record;dur=1.62, process_action.action_controller;dur=2.35
      Transfer-Encoding:
      - chunked
    body:
      encoding: UTF-8
      string: '{"data":{"id":"80","type":"task","attributes":{"name":"Water Plants","category":"chore","mandatory":true,"event_date":"","frequency":"weekly","time_needed":20,"user_id":585,"notes":"Remember
        plants in bedroom, living room, and balcony"}}}'
  recorded_at: Sat, 16 Sep 2023 16:45:55 GMT
- request:
    method: get
    uri: http://localhost:3000/api/v1/users/585/tasks
    body:
      encoding: US-ASCII
      string: ''
    headers:
      User-Agent:
      - Faraday v2.7.11
      Accept-Encoding:
      - gzip;q=1.0,deflate;q=0.6,identity;q=0.3
      Accept:
      - "*/*"
  response:
    status:
      code: 200
      message: OK
    headers:
      X-Frame-Options:
      - SAMEORIGIN
      X-Xss-Protection:
      - '0'
      X-Content-Type-Options:
      - nosniff
      X-Download-Options:
      - noopen
      X-Permitted-Cross-Domain-Policies:
      - none
      Referrer-Policy:
      - strict-origin-when-cross-origin
      Content-Type:
      - application/json; charset=utf-8
      Vary:
      - Accept
      Etag:
      - W/"058e17eae4e088ec4c5e5586ea0d3faa"
      Cache-Control:
      - max-age=0, private, must-revalidate
      X-Request-Id:
      - 18eea4f5-e9ea-4e46-8d8d-d4fd028c7151
      X-Runtime:
      - '0.007098'
      Server-Timing:
      - start_processing.action_controller;dur=0.05, sql.active_record;dur=0.95, instantiation.active_record;dur=0.03,
        process_action.action_controller;dur=2.16
      Transfer-Encoding:
      - chunked
    body:
      encoding: UTF-8
      string: '{"data":[{"id":"80","type":"task","attributes":{"name":"Water Plants","category":"chore","mandatory":true,"event_date":"","frequency":"weekly","time_needed":20,"user_id":585,"notes":"Remember
        plants in bedroom, living room, and balcony"}}]}'
  recorded_at: Sat, 16 Sep 2023 16:45:55 GMT
recorded_with: VCR 6.2.0
