---
http_interactions:
- request:
    method: get
    uri: http://localhost:3000/api/v1/users/81/tasks
    body:
      encoding: US-ASCII
      string: ''
    headers:
      User-Agent:
      - Faraday v2.7.11
      Accept-Encoding:
      - gzip;q=1.0,deflate;q=0.6,identity;q=0.3
      Accept:
      - "*/*"
  response:
    status:
      code: 200
      message: OK
    headers:
      X-Frame-Options:
      - SAMEORIGIN
      X-Xss-Protection:
      - '0'
      X-Content-Type-Options:
      - nosniff
      X-Download-Options:
      - noopen
      X-Permitted-Cross-Domain-Policies:
      - none
      Referrer-Policy:
      - strict-origin-when-cross-origin
      Content-Type:
      - application/json; charset=utf-8
      Vary:
      - Accept
      Etag:
      - W/"8fe32e407a1038ee38753b70e5374b3a"
      Cache-Control:
      - max-age=0, private, must-revalidate
      X-Request-Id:
      - ba545b86-20c1-41d7-a210-1d4f57f3dcac
      X-Runtime:
      - '0.019304'
      Server-Timing:
      - start_processing.action_controller;dur=0.10, sql.active_record;dur=1.41, process_action.action_controller;dur=3.96
      Transfer-Encoding:
      - chunked
    body:
      encoding: UTF-8
      string: '{"data":[]}'
  recorded_at: Sat, 16 Sep 2023 03:27:17 GMT
- request:
    method: get
    uri: http://localhost:3000/api/v1/users/86/tasks
    body:
      encoding: US-ASCII
      string: ''
    headers:
      User-Agent:
      - Faraday v2.7.11
      Accept-Encoding:
      - gzip;q=1.0,deflate;q=0.6,identity;q=0.3
      Accept:
      - "*/*"
  response:
    status:
      code: 200
      message: OK
    headers:
      X-Frame-Options:
      - SAMEORIGIN
      X-Xss-Protection:
      - '0'
      X-Content-Type-Options:
      - nosniff
      X-Download-Options:
      - noopen
      X-Permitted-Cross-Domain-Policies:
      - none
      Referrer-Policy:
      - strict-origin-when-cross-origin
      Content-Type:
      - application/json; charset=utf-8
      Vary:
      - Accept
      Etag:
      - W/"8fe32e407a1038ee38753b70e5374b3a"
      Cache-Control:
      - max-age=0, private, must-revalidate
      X-Request-Id:
      - 3a15e9fc-e521-43d9-ba72-13f538ae1299
      X-Runtime:
      - '0.016062'
      Server-Timing:
      - start_processing.action_controller;dur=0.08, sql.active_record;dur=0.66, process_action.action_controller;dur=2.62
      Transfer-Encoding:
      - chunked
    body:
      encoding: UTF-8
      string: '{"data":[]}'
  recorded_at: Sat, 16 Sep 2023 03:27:54 GMT
- request:
    method: get
    uri: http://localhost:3000/api/v1/users/91/tasks
    body:
      encoding: US-ASCII
      string: ''
    headers:
      User-Agent:
      - Faraday v2.7.11
      Accept-Encoding:
      - gzip;q=1.0,deflate;q=0.6,identity;q=0.3
      Accept:
      - "*/*"
  response:
    status:
      code: 200
      message: OK
    headers:
      X-Frame-Options:
      - SAMEORIGIN
      X-Xss-Protection:
      - '0'
      X-Content-Type-Options:
      - nosniff
      X-Download-Options:
      - noopen
      X-Permitted-Cross-Domain-Policies:
      - none
      Referrer-Policy:
      - strict-origin-when-cross-origin
      Content-Type:
      - application/json; charset=utf-8
      Vary:
      - Accept
      Etag:
      - W/"8fe32e407a1038ee38753b70e5374b3a"
      Cache-Control:
      - max-age=0, private, must-revalidate
      X-Request-Id:
      - 024cd0eb-e145-42d7-8bb1-cc597d022e65
      X-Runtime:
      - '0.012114'
      Server-Timing:
      - start_processing.action_controller;dur=0.09, sql.active_record;dur=2.11, process_action.action_controller;dur=4.99
      Transfer-Encoding:
      - chunked
    body:
      encoding: UTF-8
      string: '{"data":[]}'
  recorded_at: Sat, 16 Sep 2023 03:28:13 GMT
- request:
    method: get
    uri: http://localhost:3000/api/v1/users/96/tasks
    body:
      encoding: US-ASCII
      string: ''
    headers:
      User-Agent:
      - Faraday v2.7.11
      Accept-Encoding:
      - gzip;q=1.0,deflate;q=0.6,identity;q=0.3
      Accept:
      - "*/*"
  response:
    status:
      code: 200
      message: OK
    headers:
      X-Frame-Options:
      - SAMEORIGIN
      X-Xss-Protection:
      - '0'
      X-Content-Type-Options:
      - nosniff
      X-Download-Options:
      - noopen
      X-Permitted-Cross-Domain-Policies:
      - none
      Referrer-Policy:
      - strict-origin-when-cross-origin
      Content-Type:
      - application/json; charset=utf-8
      Vary:
      - Accept
      Etag:
      - W/"8fe32e407a1038ee38753b70e5374b3a"
      Cache-Control:
      - max-age=0, private, must-revalidate
      X-Request-Id:
      - a694ab7c-d922-4121-88b8-72e49ef8eefc
      X-Runtime:
      - '0.028656'
      Server-Timing:
      - start_processing.action_controller;dur=0.10, sql.active_record;dur=6.39, process_action.action_controller;dur=21.73
      Transfer-Encoding:
      - chunked
    body:
      encoding: UTF-8
      string: '{"data":[]}'
  recorded_at: Sat, 16 Sep 2023 03:28:24 GMT
- request:
    method: get
    uri: http://localhost:3000/api/v1/users/101/tasks
    body:
      encoding: US-ASCII
      string: ''
    headers:
      User-Agent:
      - Faraday v2.7.11
      Accept-Encoding:
      - gzip;q=1.0,deflate;q=0.6,identity;q=0.3
      Accept:
      - "*/*"
  response:
    status:
      code: 200
      message: OK
    headers:
      X-Frame-Options:
      - SAMEORIGIN
      X-Xss-Protection:
      - '0'
      X-Content-Type-Options:
      - nosniff
      X-Download-Options:
      - noopen
      X-Permitted-Cross-Domain-Policies:
      - none
      Referrer-Policy:
      - strict-origin-when-cross-origin
      Content-Type:
      - application/json; charset=utf-8
      Vary:
      - Accept
      Etag:
      - W/"8fe32e407a1038ee38753b70e5374b3a"
      Cache-Control:
      - max-age=0, private, must-revalidate
      X-Request-Id:
      - f2f93382-b5f1-4d00-a413-66edc118c728
      X-Runtime:
      - '0.028078'
      Server-Timing:
      - start_processing.action_controller;dur=0.09, sql.active_record;dur=0.93, process_action.action_controller;dur=3.34
      Transfer-Encoding:
      - chunked
    body:
      encoding: UTF-8
      string: '{"data":[]}'
  recorded_at: Sat, 16 Sep 2023 03:28:43 GMT
- request:
    method: get
    uri: http://localhost:3000/api/v1/users/106/tasks
    body:
      encoding: US-ASCII
      string: ''
    headers:
      User-Agent:
      - Faraday v2.7.11
      Accept-Encoding:
      - gzip;q=1.0,deflate;q=0.6,identity;q=0.3
      Accept:
      - "*/*"
  response:
    status:
      code: 200
      message: OK
    headers:
      X-Frame-Options:
      - SAMEORIGIN
      X-Xss-Protection:
      - '0'
      X-Content-Type-Options:
      - nosniff
      X-Download-Options:
      - noopen
      X-Permitted-Cross-Domain-Policies:
      - none
      Referrer-Policy:
      - strict-origin-when-cross-origin
      Content-Type:
      - application/json; charset=utf-8
      Vary:
      - Accept
      Etag:
      - W/"8fe32e407a1038ee38753b70e5374b3a"
      Cache-Control:
      - max-age=0, private, must-revalidate
      X-Request-Id:
      - fc5af0a1-33a0-4830-bb09-64ac09b69842
      X-Runtime:
      - '0.011769'
      Server-Timing:
      - start_processing.action_controller;dur=0.16, sql.active_record;dur=0.95, process_action.action_controller;dur=3.01
      Transfer-Encoding:
      - chunked
    body:
      encoding: UTF-8
      string: '{"data":[]}'
  recorded_at: Sat, 16 Sep 2023 03:30:21 GMT
- request:
    method: get
    uri: http://localhost:3000/api/v1/users/113/tasks
    body:
      encoding: US-ASCII
      string: ''
    headers:
      User-Agent:
      - Faraday v2.7.11
      Accept-Encoding:
      - gzip;q=1.0,deflate;q=0.6,identity;q=0.3
      Accept:
      - "*/*"
  response:
    status:
      code: 200
      message: OK
    headers:
      X-Frame-Options:
      - SAMEORIGIN
      X-Xss-Protection:
      - '0'
      X-Content-Type-Options:
      - nosniff
      X-Download-Options:
      - noopen
      X-Permitted-Cross-Domain-Policies:
      - none
      Referrer-Policy:
      - strict-origin-when-cross-origin
      Content-Type:
      - application/json; charset=utf-8
      Vary:
      - Accept
      Etag:
      - W/"8fe32e407a1038ee38753b70e5374b3a"
      Cache-Control:
      - max-age=0, private, must-revalidate
      X-Request-Id:
      - 40afc907-6c4c-43f1-9163-46ee837d406c
      X-Runtime:
      - '0.007305'
      Server-Timing:
      - start_processing.action_controller;dur=0.06, sql.active_record;dur=0.73, process_action.action_controller;dur=1.73
      Transfer-Encoding:
      - chunked
    body:
      encoding: UTF-8
      string: '{"data":[]}'
  recorded_at: Sat, 16 Sep 2023 03:30:31 GMT
- request:
    method: get
    uri: http://localhost:3000/api/v1/users/119/tasks
    body:
      encoding: US-ASCII
      string: ''
    headers:
      User-Agent:
      - Faraday v2.7.11
      Accept-Encoding:
      - gzip;q=1.0,deflate;q=0.6,identity;q=0.3
      Accept:
      - "*/*"
  response:
    status:
      code: 200
      message: OK
    headers:
      X-Frame-Options:
      - SAMEORIGIN
      X-Xss-Protection:
      - '0'
      X-Content-Type-Options:
      - nosniff
      X-Download-Options:
      - noopen
      X-Permitted-Cross-Domain-Policies:
      - none
      Referrer-Policy:
      - strict-origin-when-cross-origin
      Content-Type:
      - application/json; charset=utf-8
      Vary:
      - Accept
      Etag:
      - W/"8fe32e407a1038ee38753b70e5374b3a"
      Cache-Control:
      - max-age=0, private, must-revalidate
      X-Request-Id:
      - ef5c07df-edaa-4f90-ab65-60126829fdfd
      X-Runtime:
      - '0.011072'
      Server-Timing:
      - start_processing.action_controller;dur=0.09, sql.active_record;dur=0.67, process_action.action_controller;dur=2.65
      Transfer-Encoding:
      - chunked
    body:
      encoding: UTF-8
      string: '{"data":[]}'
  recorded_at: Sat, 16 Sep 2023 03:31:44 GMT
- request:
    method: get
    uri: http://localhost:3000/api/v1/users/133/tasks
    body:
      encoding: US-ASCII
      string: ''
    headers:
      User-Agent:
      - Faraday v2.7.11
      Accept-Encoding:
      - gzip;q=1.0,deflate;q=0.6,identity;q=0.3
      Accept:
      - "*/*"
  response:
    status:
      code: 200
      message: OK
    headers:
      X-Frame-Options:
      - SAMEORIGIN
      X-Xss-Protection:
      - '0'
      X-Content-Type-Options:
      - nosniff
      X-Download-Options:
      - noopen
      X-Permitted-Cross-Domain-Policies:
      - none
      Referrer-Policy:
      - strict-origin-when-cross-origin
      Content-Type:
      - application/json; charset=utf-8
      Vary:
      - Accept
      Etag:
      - W/"8fe32e407a1038ee38753b70e5374b3a"
      Cache-Control:
      - max-age=0, private, must-revalidate
      X-Request-Id:
      - a4fae507-c7ab-4fed-b276-f5fff447d6df
      X-Runtime:
      - '0.082988'
      Server-Timing:
      - start_processing.action_controller;dur=0.08, sql.active_record;dur=34.22,
        process_action.action_controller;dur=71.37
      Transfer-Encoding:
      - chunked
    body:
      encoding: UTF-8
      string: '{"data":[]}'
  recorded_at: Sat, 16 Sep 2023 03:52:48 GMT
- request:
    method: get
    uri: http://localhost:3000/api/v1/users/140/tasks
    body:
      encoding: US-ASCII
      string: ''
    headers:
      User-Agent:
      - Faraday v2.7.11
      Accept-Encoding:
      - gzip;q=1.0,deflate;q=0.6,identity;q=0.3
      Accept:
      - "*/*"
  response:
    status:
      code: 200
      message: OK
    headers:
      X-Frame-Options:
      - SAMEORIGIN
      X-Xss-Protection:
      - '0'
      X-Content-Type-Options:
      - nosniff
      X-Download-Options:
      - noopen
      X-Permitted-Cross-Domain-Policies:
      - none
      Referrer-Policy:
      - strict-origin-when-cross-origin
      Content-Type:
      - application/json; charset=utf-8
      Vary:
      - Accept
      Etag:
      - W/"8fe32e407a1038ee38753b70e5374b3a"
      Cache-Control:
      - max-age=0, private, must-revalidate
      X-Request-Id:
      - efe1b02d-2b17-4f7e-b10e-5e252edd762b
      X-Runtime:
      - '0.011230'
      Server-Timing:
      - start_processing.action_controller;dur=0.08, sql.active_record;dur=0.78, process_action.action_controller;dur=2.78
      Transfer-Encoding:
      - chunked
    body:
      encoding: UTF-8
      string: '{"data":[]}'
  recorded_at: Sat, 16 Sep 2023 03:54:15 GMT
- request:
    method: get
    uri: http://localhost:3000/api/v1/users/149/tasks
    body:
      encoding: US-ASCII
      string: ''
    headers:
      User-Agent:
      - Faraday v2.7.11
      Accept-Encoding:
      - gzip;q=1.0,deflate;q=0.6,identity;q=0.3
      Accept:
      - "*/*"
  response:
    status:
      code: 200
      message: OK
    headers:
      X-Frame-Options:
      - SAMEORIGIN
      X-Xss-Protection:
      - '0'
      X-Content-Type-Options:
      - nosniff
      X-Download-Options:
      - noopen
      X-Permitted-Cross-Domain-Policies:
      - none
      Referrer-Policy:
      - strict-origin-when-cross-origin
      Content-Type:
      - application/json; charset=utf-8
      Vary:
      - Accept
      Etag:
      - W/"8fe32e407a1038ee38753b70e5374b3a"
      Cache-Control:
      - max-age=0, private, must-revalidate
      X-Request-Id:
      - 1ac616ea-b885-41bd-baa4-1eb594a4131d
      X-Runtime:
      - '0.026299'
      Server-Timing:
      - start_processing.action_controller;dur=0.10, sql.active_record;dur=1.88, process_action.action_controller;dur=17.32
      Transfer-Encoding:
      - chunked
    body:
      encoding: UTF-8
      string: '{"data":[]}'
  recorded_at: Sat, 16 Sep 2023 03:55:11 GMT
- request:
    method: get
    uri: http://localhost:3000/api/v1/users/155/tasks
    body:
      encoding: US-ASCII
      string: ''
    headers:
      User-Agent:
      - Faraday v2.7.11
      Accept-Encoding:
      - gzip;q=1.0,deflate;q=0.6,identity;q=0.3
      Accept:
      - "*/*"
  response:
    status:
      code: 200
      message: OK
    headers:
      X-Frame-Options:
      - SAMEORIGIN
      X-Xss-Protection:
      - '0'
      X-Content-Type-Options:
      - nosniff
      X-Download-Options:
      - noopen
      X-Permitted-Cross-Domain-Policies:
      - none
      Referrer-Policy:
      - strict-origin-when-cross-origin
      Content-Type:
      - application/json; charset=utf-8
      Vary:
      - Accept
      Etag:
      - W/"8fe32e407a1038ee38753b70e5374b3a"
      Cache-Control:
      - max-age=0, private, must-revalidate
      X-Request-Id:
      - 442e8baa-fb2f-4589-9707-ced85b57c11d
      X-Runtime:
      - '0.023755'
      Server-Timing:
      - start_processing.action_controller;dur=0.10, sql.active_record;dur=2.02, process_action.action_controller;dur=16.99
      Transfer-Encoding:
      - chunked
    body:
      encoding: UTF-8
      string: '{"data":[]}'
  recorded_at: Sat, 16 Sep 2023 03:55:42 GMT
- request:
    method: get
    uri: http://localhost:3000/api/v1/users/180/tasks
    body:
      encoding: US-ASCII
      string: ''
    headers:
      User-Agent:
      - Faraday v2.7.11
      Accept-Encoding:
      - gzip;q=1.0,deflate;q=0.6,identity;q=0.3
      Accept:
      - "*/*"
  response:
    status:
      code: 200
      message: OK
    headers:
      X-Frame-Options:
      - SAMEORIGIN
      X-Xss-Protection:
      - '0'
      X-Content-Type-Options:
      - nosniff
      X-Download-Options:
      - noopen
      X-Permitted-Cross-Domain-Policies:
      - none
      Referrer-Policy:
      - strict-origin-when-cross-origin
      Content-Type:
      - application/json; charset=utf-8
      Vary:
      - Accept
      Etag:
      - W/"8fe32e407a1038ee38753b70e5374b3a"
      Cache-Control:
      - max-age=0, private, must-revalidate
      X-Request-Id:
      - 12cd4a62-3f40-40ef-83c1-d63084afc3c4
      X-Runtime:
      - '0.087457'
      Server-Timing:
      - start_processing.action_controller;dur=0.08, sql.active_record;dur=12.84,
        process_action.action_controller;dur=73.69
      Transfer-Encoding:
      - chunked
    body:
      encoding: UTF-8
      string: '{"data":[]}'
  recorded_at: Sat, 16 Sep 2023 04:44:04 GMT
- request:
    method: get
    uri: http://localhost:3000/api/v1/users/193/tasks
    body:
      encoding: US-ASCII
      string: ''
    headers:
      User-Agent:
      - Faraday v2.7.11
      Accept-Encoding:
      - gzip;q=1.0,deflate;q=0.6,identity;q=0.3
      Accept:
      - "*/*"
  response:
    status:
      code: 200
      message: OK
    headers:
      X-Frame-Options:
      - SAMEORIGIN
      X-Xss-Protection:
      - '0'
      X-Content-Type-Options:
      - nosniff
      X-Download-Options:
      - noopen
      X-Permitted-Cross-Domain-Policies:
      - none
      Referrer-Policy:
      - strict-origin-when-cross-origin
      Content-Type:
      - application/json; charset=utf-8
      Vary:
      - Accept
      Etag:
      - W/"8fe32e407a1038ee38753b70e5374b3a"
      Cache-Control:
      - max-age=0, private, must-revalidate
      X-Request-Id:
      - f56d01e4-4ccd-4a20-9a7b-8fa740de2d39
      X-Runtime:
      - '0.034905'
      Server-Timing:
      - start_processing.action_controller;dur=0.08, sql.active_record;dur=3.44, process_action.action_controller;dur=15.03
      Transfer-Encoding:
      - chunked
    body:
      encoding: UTF-8
      string: '{"data":[]}'
  recorded_at: Sat, 16 Sep 2023 04:52:33 GMT
- request:
    method: get
    uri: http://localhost:3000/api/v1/users/211/tasks
    body:
      encoding: US-ASCII
      string: ''
    headers:
      User-Agent:
      - Faraday v2.7.11
      Accept-Encoding:
      - gzip;q=1.0,deflate;q=0.6,identity;q=0.3
      Accept:
      - "*/*"
  response:
    status:
      code: 200
      message: OK
    headers:
      X-Frame-Options:
      - SAMEORIGIN
      X-Xss-Protection:
      - '0'
      X-Content-Type-Options:
      - nosniff
      X-Download-Options:
      - noopen
      X-Permitted-Cross-Domain-Policies:
      - none
      Referrer-Policy:
      - strict-origin-when-cross-origin
      Content-Type:
      - application/json; charset=utf-8
      Vary:
      - Accept
      Etag:
      - W/"8fe32e407a1038ee38753b70e5374b3a"
      Cache-Control:
      - max-age=0, private, must-revalidate
      X-Request-Id:
      - 8ff6dad4-a752-47f0-85c6-94164d2ad711
      X-Runtime:
      - '0.094439'
      Server-Timing:
      - sql.active_record;dur=17.32, start_processing.action_controller;dur=0.07,
        process_action.action_controller;dur=8.11
      Transfer-Encoding:
      - chunked
    body:
      encoding: UTF-8
      string: '{"data":[]}'
  recorded_at: Sat, 16 Sep 2023 04:59:30 GMT
- request:
    method: get
    uri: http://localhost:3000/api/v1/users/220/tasks
    body:
      encoding: US-ASCII
      string: ''
    headers:
      User-Agent:
      - Faraday v2.7.11
      Accept-Encoding:
      - gzip;q=1.0,deflate;q=0.6,identity;q=0.3
      Accept:
      - "*/*"
  response:
    status:
      code: 200
      message: OK
    headers:
      X-Frame-Options:
      - SAMEORIGIN
      X-Xss-Protection:
      - '0'
      X-Content-Type-Options:
      - nosniff
      X-Download-Options:
      - noopen
      X-Permitted-Cross-Domain-Policies:
      - none
      Referrer-Policy:
      - strict-origin-when-cross-origin
      Content-Type:
      - application/json; charset=utf-8
      Vary:
      - Accept
      Etag:
      - W/"8fe32e407a1038ee38753b70e5374b3a"
      Cache-Control:
      - max-age=0, private, must-revalidate
      X-Request-Id:
      - 9ba3bac7-40a8-42fd-b658-898ede45bdde
      X-Runtime:
      - '0.045358'
      Server-Timing:
      - start_processing.action_controller;dur=0.09, sql.active_record;dur=7.44, process_action.action_controller;dur=35.38
      Transfer-Encoding:
      - chunked
    body:
      encoding: UTF-8
      string: '{"data":[]}'
  recorded_at: Sat, 16 Sep 2023 05:00:43 GMT
- request:
    method: get
    uri: http://localhost:3000/api/v1/users/229/tasks
    body:
      encoding: US-ASCII
      string: ''
    headers:
      User-Agent:
      - Faraday v2.7.11
      Accept-Encoding:
      - gzip;q=1.0,deflate;q=0.6,identity;q=0.3
      Accept:
      - "*/*"
  response:
    status:
      code: 200
      message: OK
    headers:
      X-Frame-Options:
      - SAMEORIGIN
      X-Xss-Protection:
      - '0'
      X-Content-Type-Options:
      - nosniff
      X-Download-Options:
      - noopen
      X-Permitted-Cross-Domain-Policies:
      - none
      Referrer-Policy:
      - strict-origin-when-cross-origin
      Content-Type:
      - application/json; charset=utf-8
      Vary:
      - Accept
      Etag:
      - W/"8fe32e407a1038ee38753b70e5374b3a"
      Cache-Control:
      - max-age=0, private, must-revalidate
      X-Request-Id:
      - 4188c022-6b79-4540-aecc-aad438293509
      X-Runtime:
      - '0.021438'
      Server-Timing:
      - start_processing.action_controller;dur=0.08, sql.active_record;dur=1.98, process_action.action_controller;dur=13.05
      Transfer-Encoding:
      - chunked
    body:
      encoding: UTF-8
      string: '{"data":[]}'
  recorded_at: Sat, 16 Sep 2023 05:01:42 GMT
- request:
    method: get
    uri: http://localhost:3000/api/v1/users/238/tasks
    body:
      encoding: US-ASCII
      string: ''
    headers:
      User-Agent:
      - Faraday v2.7.11
      Accept-Encoding:
      - gzip;q=1.0,deflate;q=0.6,identity;q=0.3
      Accept:
      - "*/*"
  response:
    status:
      code: 200
      message: OK
    headers:
      X-Frame-Options:
      - SAMEORIGIN
      X-Xss-Protection:
      - '0'
      X-Content-Type-Options:
      - nosniff
      X-Download-Options:
      - noopen
      X-Permitted-Cross-Domain-Policies:
      - none
      Referrer-Policy:
      - strict-origin-when-cross-origin
      Content-Type:
      - application/json; charset=utf-8
      Vary:
      - Accept
      Etag:
      - W/"8fe32e407a1038ee38753b70e5374b3a"
      Cache-Control:
      - max-age=0, private, must-revalidate
      X-Request-Id:
      - 36f239e4-ed81-40b8-bc10-f94c7cae24ee
      X-Runtime:
      - '0.013542'
      Server-Timing:
      - start_processing.action_controller;dur=0.08, sql.active_record;dur=0.90, process_action.action_controller;dur=2.90
      Transfer-Encoding:
      - chunked
    body:
      encoding: UTF-8
      string: '{"data":[]}'
  recorded_at: Sat, 16 Sep 2023 05:02:39 GMT
- request:
    method: get
    uri: http://localhost:3000/api/v1/users/247/tasks
    body:
      encoding: US-ASCII
      string: ''
    headers:
      User-Agent:
      - Faraday v2.7.11
      Accept-Encoding:
      - gzip;q=1.0,deflate;q=0.6,identity;q=0.3
      Accept:
      - "*/*"
  response:
    status:
      code: 200
      message: OK
    headers:
      X-Frame-Options:
      - SAMEORIGIN
      X-Xss-Protection:
      - '0'
      X-Content-Type-Options:
      - nosniff
      X-Download-Options:
      - noopen
      X-Permitted-Cross-Domain-Policies:
      - none
      Referrer-Policy:
      - strict-origin-when-cross-origin
      Content-Type:
      - application/json; charset=utf-8
      Vary:
      - Accept
      Etag:
      - W/"8fe32e407a1038ee38753b70e5374b3a"
      Cache-Control:
      - max-age=0, private, must-revalidate
      X-Request-Id:
      - ec732266-0f67-4ad4-9d21-168c576f761c
      X-Runtime:
      - '0.017425'
      Server-Timing:
      - start_processing.action_controller;dur=0.10, sql.active_record;dur=2.15, process_action.action_controller;dur=9.90
      Transfer-Encoding:
      - chunked
    body:
      encoding: UTF-8
      string: '{"data":[]}'
  recorded_at: Sat, 16 Sep 2023 05:02:59 GMT
- request:
    method: get
    uri: http://localhost:3000/api/v1/users/275/tasks
    body:
      encoding: US-ASCII
      string: ''
    headers:
      User-Agent:
      - Faraday v2.7.11
      Accept-Encoding:
      - gzip;q=1.0,deflate;q=0.6,identity;q=0.3
      Accept:
      - "*/*"
  response:
    status:
      code: 200
      message: OK
    headers:
      X-Frame-Options:
      - SAMEORIGIN
      X-Xss-Protection:
      - '0'
      X-Content-Type-Options:
      - nosniff
      X-Download-Options:
      - noopen
      X-Permitted-Cross-Domain-Policies:
      - none
      Referrer-Policy:
      - strict-origin-when-cross-origin
      Content-Type:
      - application/json; charset=utf-8
      Vary:
      - Accept
      Etag:
      - W/"8fe32e407a1038ee38753b70e5374b3a"
      Cache-Control:
      - max-age=0, private, must-revalidate
      X-Request-Id:
      - 3441d9d0-c062-4868-b4e6-0733d0f3f861
      X-Runtime:
      - '0.112498'
      Server-Timing:
      - start_processing.action_controller;dur=0.08, sql.active_record;dur=6.30, process_action.action_controller;dur=99.59
      Transfer-Encoding:
      - chunked
    body:
      encoding: UTF-8
      string: '{"data":[]}'
  recorded_at: Sat, 16 Sep 2023 05:26:54 GMT
- request:
    method: get
    uri: http://localhost:3000/api/v1/users/285/tasks
    body:
      encoding: US-ASCII
      string: ''
    headers:
      User-Agent:
      - Faraday v2.7.11
      Accept-Encoding:
      - gzip;q=1.0,deflate;q=0.6,identity;q=0.3
      Accept:
      - "*/*"
  response:
    status:
      code: 200
      message: OK
    headers:
      X-Frame-Options:
      - SAMEORIGIN
      X-Xss-Protection:
      - '0'
      X-Content-Type-Options:
      - nosniff
      X-Download-Options:
      - noopen
      X-Permitted-Cross-Domain-Policies:
      - none
      Referrer-Policy:
      - strict-origin-when-cross-origin
      Content-Type:
      - application/json; charset=utf-8
      Vary:
      - Accept
      Etag:
      - W/"8fe32e407a1038ee38753b70e5374b3a"
      Cache-Control:
      - max-age=0, private, must-revalidate
      X-Request-Id:
      - d0efb650-d7bf-4b1a-8988-0953a44e1616
      X-Runtime:
      - '0.012747'
      Server-Timing:
      - start_processing.action_controller;dur=0.09, sql.active_record;dur=1.07, process_action.action_controller;dur=3.09
      Transfer-Encoding:
      - chunked
    body:
      encoding: UTF-8
      string: '{"data":[]}'
  recorded_at: Sat, 16 Sep 2023 05:31:34 GMT
- request:
    method: get
    uri: http://localhost:3000/api/v1/users/295/tasks
    body:
      encoding: US-ASCII
      string: ''
    headers:
      User-Agent:
      - Faraday v2.7.11
      Accept-Encoding:
      - gzip;q=1.0,deflate;q=0.6,identity;q=0.3
      Accept:
      - "*/*"
  response:
    status:
      code: 200
      message: OK
    headers:
      X-Frame-Options:
      - SAMEORIGIN
      X-Xss-Protection:
      - '0'
      X-Content-Type-Options:
      - nosniff
      X-Download-Options:
      - noopen
      X-Permitted-Cross-Domain-Policies:
      - none
      Referrer-Policy:
      - strict-origin-when-cross-origin
      Content-Type:
      - application/json; charset=utf-8
      Vary:
      - Accept
      Etag:
      - W/"8fe32e407a1038ee38753b70e5374b3a"
      Cache-Control:
      - max-age=0, private, must-revalidate
      X-Request-Id:
      - 97346226-1d3c-46c0-bce5-e38f714aeda7
      X-Runtime:
      - '0.010632'
      Server-Timing:
      - start_processing.action_controller;dur=0.08, sql.active_record;dur=0.95, process_action.action_controller;dur=4.08
      Transfer-Encoding:
      - chunked
    body:
      encoding: UTF-8
      string: '{"data":[]}'
  recorded_at: Sat, 16 Sep 2023 05:31:54 GMT
- request:
    method: get
    uri: http://localhost:3000/api/v1/users/305/tasks
    body:
      encoding: US-ASCII
      string: ''
    headers:
      User-Agent:
      - Faraday v2.7.11
      Accept-Encoding:
      - gzip;q=1.0,deflate;q=0.6,identity;q=0.3
      Accept:
      - "*/*"
  response:
    status:
      code: 200
      message: OK
    headers:
      X-Frame-Options:
      - SAMEORIGIN
      X-Xss-Protection:
      - '0'
      X-Content-Type-Options:
      - nosniff
      X-Download-Options:
      - noopen
      X-Permitted-Cross-Domain-Policies:
      - none
      Referrer-Policy:
      - strict-origin-when-cross-origin
      Content-Type:
      - application/json; charset=utf-8
      Vary:
      - Accept
      Etag:
      - W/"8fe32e407a1038ee38753b70e5374b3a"
      Cache-Control:
      - max-age=0, private, must-revalidate
      X-Request-Id:
      - 8f3ad642-09bf-48c7-ac90-f011a20925b9
      X-Runtime:
      - '0.016669'
      Server-Timing:
      - start_processing.action_controller;dur=0.09, sql.active_record;dur=0.73, process_action.action_controller;dur=2.97
      Transfer-Encoding:
      - chunked
    body:
      encoding: UTF-8
      string: '{"data":[]}'
  recorded_at: Sat, 16 Sep 2023 05:34:37 GMT
- request:
    method: get
    uri: http://localhost:3000/api/v1/users/315/tasks
    body:
      encoding: US-ASCII
      string: ''
    headers:
      User-Agent:
      - Faraday v2.7.11
      Accept-Encoding:
      - gzip;q=1.0,deflate;q=0.6,identity;q=0.3
      Accept:
      - "*/*"
  response:
    status:
      code: 200
      message: OK
    headers:
      X-Frame-Options:
      - SAMEORIGIN
      X-Xss-Protection:
      - '0'
      X-Content-Type-Options:
      - nosniff
      X-Download-Options:
      - noopen
      X-Permitted-Cross-Domain-Policies:
      - none
      Referrer-Policy:
      - strict-origin-when-cross-origin
      Content-Type:
      - application/json; charset=utf-8
      Vary:
      - Accept
      Etag:
      - W/"8fe32e407a1038ee38753b70e5374b3a"
      Cache-Control:
      - max-age=0, private, must-revalidate
      X-Request-Id:
      - af7808d6-fc19-44e9-8b92-0aa2fafd22f2
      X-Runtime:
      - '0.024802'
      Server-Timing:
      - start_processing.action_controller;dur=0.08, sql.active_record;dur=1.93, process_action.action_controller;dur=15.06
      Transfer-Encoding:
      - chunked
    body:
      encoding: UTF-8
      string: '{"data":[]}'
  recorded_at: Sat, 16 Sep 2023 05:35:06 GMT
- request:
    method: get
    uri: http://localhost:3000/api/v1/users/345/tasks
    body:
      encoding: US-ASCII
      string: ''
    headers:
      User-Agent:
      - Faraday v2.7.11
      Accept-Encoding:
      - gzip;q=1.0,deflate;q=0.6,identity;q=0.3
      Accept:
      - "*/*"
  response:
    status:
      code: 200
      message: OK
    headers:
      X-Frame-Options:
      - SAMEORIGIN
      X-Xss-Protection:
      - '0'
      X-Content-Type-Options:
      - nosniff
      X-Download-Options:
      - noopen
      X-Permitted-Cross-Domain-Policies:
      - none
      Referrer-Policy:
      - strict-origin-when-cross-origin
      Content-Type:
      - application/json; charset=utf-8
      Vary:
      - Accept
      Etag:
      - W/"8fe32e407a1038ee38753b70e5374b3a"
      Cache-Control:
      - max-age=0, private, must-revalidate
      X-Request-Id:
      - a7ac2a29-d6d8-4a08-9b48-865ce10f8608
      X-Runtime:
      - '0.093362'
      Server-Timing:
      - sql.active_record;dur=45.46, start_processing.action_controller;dur=0.05,
        process_action.action_controller;dur=8.45
      Transfer-Encoding:
      - chunked
    body:
      encoding: UTF-8
      string: '{"data":[]}'
  recorded_at: Sat, 16 Sep 2023 15:10:20 GMT
recorded_with: VCR 6.2.0
