---
http_interactions:
- request:
    method: post
    uri: http://localhost:3000/api/v1/users/20/tasks?category=chore&event_date=&frequency=weekly&mandatory=1&name=Water%20Plants&notes=Remember%20plants%20in%20bedroom,%20living%20room,%20and%20balcony&time_needed=20
    body:
      encoding: UTF-8
      string: ''
    headers:
      User-Agent:
      - Faraday v2.7.11
      Content-Length:
      - '0'
      Accept-Encoding:
      - gzip;q=1.0,deflate;q=0.6,identity;q=0.3
      Accept:
      - "*/*"
  response:
    status:
      code: 201
      message: Created
    headers:
      X-Frame-Options:
      - SAMEORIGIN
      X-Xss-Protection:
      - '0'
      X-Content-Type-Options:
      - nosniff
      X-Download-Options:
      - noopen
      X-Permitted-Cross-Domain-Policies:
      - none
      Referrer-Policy:
      - strict-origin-when-cross-origin
      Content-Type:
      - application/json; charset=utf-8
      Vary:
      - Accept
      Etag:
      - W/"497ff6d64382bc9d34ed64acc2e4b32b"
      Cache-Control:
      - max-age=0, private, must-revalidate
      X-Request-Id:
      - b0276ab2-4b40-4197-aaa4-4bd74ab300ab
      X-Runtime:
      - '0.009487'
      Server-Timing:
      - start_processing.action_controller;dur=0.09, sql.active_record;dur=2.47, instantiation.active_record;dur=0.02,
        process_action.action_controller;dur=4.28
      Transfer-Encoding:
      - chunked
    body:
      encoding: UTF-8
      string: '{"message":"''Water Plants'' added!"}'
  recorded_at: Tue, 19 Sep 2023 00:05:20 GMT
- request:
    method: post
    uri: http://localhost:3000/api/v1/users/20/tasks?category=chore&event_date=&frequency=weekly&mandatory=1&name=Prune%20Plants&notes=Remember%20plants%20in%20bedroom,%20living%20room,%20and%20balcony&time_needed=20
    body:
      encoding: UTF-8
      string: ''
    headers:
      User-Agent:
      - Faraday v2.7.11
      Content-Length:
      - '0'
      Accept-Encoding:
      - gzip;q=1.0,deflate;q=0.6,identity;q=0.3
      Accept:
      - "*/*"
  response:
    status:
      code: 201
      message: Created
    headers:
      X-Frame-Options:
      - SAMEORIGIN
      X-Xss-Protection:
      - '0'
      X-Content-Type-Options:
      - nosniff
      X-Download-Options:
      - noopen
      X-Permitted-Cross-Domain-Policies:
      - none
      Referrer-Policy:
      - strict-origin-when-cross-origin
      Content-Type:
      - application/json; charset=utf-8
      Vary:
      - Accept
      Etag:
      - W/"8d9a5e5b97f6415e3939f11e6357482b"
      Cache-Control:
      - max-age=0, private, must-revalidate
      X-Request-Id:
      - 0a56fb1e-fc36-4516-930c-acfff8f21430
      X-Runtime:
      - '0.009535'
      Server-Timing:
      - start_processing.action_controller;dur=0.07, sql.active_record;dur=2.38, instantiation.active_record;dur=0.02,
        process_action.action_controller;dur=3.90
      Transfer-Encoding:
      - chunked
    body:
      encoding: UTF-8
      string: '{"message":"''Prune Plants'' added!"}'
  recorded_at: Tue, 19 Sep 2023 00:05:20 GMT
- request:
    method: get
    uri: http://localhost:3000/api/v1/users/20/tasks
    body:
      encoding: US-ASCII
      string: ''
    headers:
      User-Agent:
      - Faraday v2.7.11
      Accept-Encoding:
      - gzip;q=1.0,deflate;q=0.6,identity;q=0.3
      Accept:
      - "*/*"
  response:
    status:
      code: 200
      message: OK
    headers:
      X-Frame-Options:
      - SAMEORIGIN
      X-Xss-Protection:
      - '0'
      X-Content-Type-Options:
      - nosniff
      X-Download-Options:
      - noopen
      X-Permitted-Cross-Domain-Policies:
      - none
      Referrer-Policy:
      - strict-origin-when-cross-origin
      Content-Type:
      - application/json; charset=utf-8
      Vary:
      - Accept
      Etag:
      - W/"2aa18f032364efa46d09adc32154b7c9"
      Cache-Control:
      - max-age=0, private, must-revalidate
      X-Request-Id:
      - ba89a73a-0476-45bf-9343-f680a43477e6
      X-Runtime:
      - '0.007179'
      Server-Timing:
      - start_processing.action_controller;dur=0.08, sql.active_record;dur=0.79, instantiation.active_record;dur=0.03,
        process_action.action_controller;dur=1.97
      Transfer-Encoding:
      - chunked
    body:
      encoding: UTF-8
      string: '{"data":[{"id":"30","type":"task","attributes":{"name":"Water Plants","category":"chore","mandatory":true,"event_date":"","frequency":"weekly","time_needed":20,"user_id":20,"notes":"Remember
        plants in bedroom, living room, and balcony"}},{"id":"31","type":"task","attributes":{"name":"Prune
        Plants","category":"chore","mandatory":true,"event_date":"","frequency":"weekly","time_needed":20,"user_id":20,"notes":"Remember
        plants in bedroom, living room, and balcony"}}]}'
  recorded_at: Tue, 19 Sep 2023 00:05:20 GMT
- request:
    method: get
    uri: http://localhost:3000/api/v1/users/20/tasks
    body:
      encoding: US-ASCII
      string: ''
    headers:
      User-Agent:
      - Faraday v2.7.11
      Accept-Encoding:
      - gzip;q=1.0,deflate;q=0.6,identity;q=0.3
      Accept:
      - "*/*"
  response:
    status:
      code: 200
      message: OK
    headers:
      X-Frame-Options:
      - SAMEORIGIN
      X-Xss-Protection:
      - '0'
      X-Content-Type-Options:
      - nosniff
      X-Download-Options:
      - noopen
      X-Permitted-Cross-Domain-Policies:
      - none
      Referrer-Policy:
      - strict-origin-when-cross-origin
      Content-Type:
      - application/json; charset=utf-8
      Vary:
      - Accept
      Etag:
      - W/"2aa18f032364efa46d09adc32154b7c9"
      Cache-Control:
      - max-age=0, private, must-revalidate
      X-Request-Id:
      - 237174f0-b850-47be-9e05-1e5b43c6f335
      X-Runtime:
      - '0.006248'
      Server-Timing:
      - start_processing.action_controller;dur=0.06, sql.active_record;dur=0.57, instantiation.active_record;dur=0.03,
        process_action.action_controller;dur=1.39
      Transfer-Encoding:
      - chunked
    body:
      encoding: UTF-8
      string: '{"data":[{"id":"30","type":"task","attributes":{"name":"Water Plants","category":"chore","mandatory":true,"event_date":"","frequency":"weekly","time_needed":20,"user_id":20,"notes":"Remember
        plants in bedroom, living room, and balcony"}},{"id":"31","type":"task","attributes":{"name":"Prune
        Plants","category":"chore","mandatory":true,"event_date":"","frequency":"weekly","time_needed":20,"user_id":20,"notes":"Remember
        plants in bedroom, living room, and balcony"}}]}'
  recorded_at: Tue, 19 Sep 2023 00:05:20 GMT
- request:
    method: delete
    uri: http://localhost:3000/api/v1/users/20/tasks/30
    body:
      encoding: US-ASCII
      string: ''
    headers:
      User-Agent:
      - Faraday v2.7.11
      Accept-Encoding:
      - gzip;q=1.0,deflate;q=0.6,identity;q=0.3
      Accept:
      - "*/*"
  response:
    status:
      code: 200
      message: OK
    headers:
      X-Frame-Options:
      - SAMEORIGIN
      X-Xss-Protection:
      - '0'
      X-Content-Type-Options:
      - nosniff
      X-Download-Options:
      - noopen
      X-Permitted-Cross-Domain-Policies:
      - none
      Referrer-Policy:
      - strict-origin-when-cross-origin
      Content-Type:
      - application/json; charset=utf-8
      Vary:
      - Accept
      Etag:
      - W/"4b0443fcb4b80622b62a546a28246f66"
      Cache-Control:
      - max-age=0, private, must-revalidate
      X-Request-Id:
      - a63c56ec-2ed4-4f0e-87fd-b4564567a922
      X-Runtime:
      - '0.008054'
      Server-Timing:
      - start_processing.action_controller;dur=0.05, sql.active_record;dur=2.01, instantiation.active_record;dur=0.03,
        process_action.action_controller;dur=2.83
      Transfer-Encoding:
      - chunked
    body:
      encoding: UTF-8
      string: '{"message":"''Water Plants'' deleted."}'
  recorded_at: Tue, 19 Sep 2023 00:05:20 GMT
- request:
    method: delete
    uri: http://localhost:3000/api/v1/users/20/tasks/31
    body:
      encoding: US-ASCII
      string: ''
    headers:
      User-Agent:
      - Faraday v2.7.11
      Accept-Encoding:
      - gzip;q=1.0,deflate;q=0.6,identity;q=0.3
      Accept:
      - "*/*"
  response:
    status:
      code: 200
      message: OK
    headers:
      X-Frame-Options:
      - SAMEORIGIN
      X-Xss-Protection:
      - '0'
      X-Content-Type-Options:
      - nosniff
      X-Download-Options:
      - noopen
      X-Permitted-Cross-Domain-Policies:
      - none
      Referrer-Policy:
      - strict-origin-when-cross-origin
      Content-Type:
      - application/json; charset=utf-8
      Vary:
      - Accept
      Etag:
      - W/"a9fca0174de8ba22988b8433e43529ad"
      Cache-Control:
      - max-age=0, private, must-revalidate
      X-Request-Id:
      - 7c607852-8b92-4c8b-9f5c-f442758543a3
      X-Runtime:
      - '0.009327'
      Server-Timing:
      - start_processing.action_controller;dur=0.07, sql.active_record;dur=2.11, instantiation.active_record;dur=0.02,
        process_action.action_controller;dur=2.90
      Transfer-Encoding:
      - chunked
    body:
      encoding: UTF-8
      string: '{"message":"''Prune Plants'' deleted."}'
  recorded_at: Tue, 19 Sep 2023 00:05:20 GMT
recorded_with: VCR 6.2.0
