---
http_interactions:
- request:
    method: get
    uri: https://ontrack-be-a58c9e421d34.herokuapp.com/api/v1/chat_service?task=water%20plants
    body:
      encoding: US-ASCII
      string: ''
    headers:
      User-Agent:
      - Faraday v2.7.11
      Accept-Encoding:
      - gzip;q=1.0,deflate;q=0.6,identity;q=0.3
      Accept:
      - "*/*"
  response:
    status:
      code: 200
      message: OK
    headers:
      Server:
      - Cowboy
      Date:
      - Sat, 14 Oct 2023 17:18:21 GMT
      Connection:
      - keep-alive
      X-Frame-Options:
      - SAMEORIGIN
      X-Xss-Protection:
      - '0'
      X-Content-Type-Options:
      - nosniff
      X-Download-Options:
      - noopen
      X-Permitted-Cross-Domain-Policies:
      - none
      Referrer-Policy:
      - strict-origin-when-cross-origin
      Content-Type:
      - application/json; charset=utf-8
      Vary:
      - Accept
      Etag:
      - W/"c4e41473a1cbc92ae92fee69164d7572"
      Cache-Control:
      - max-age=0, private, must-revalidate
      X-Request-Id:
      - a93f867c-3ac2-4737-9270-19b22db484e1
      X-Runtime:
      - '7.781610'
      Transfer-Encoding:
      - chunked
      Via:
      - 1.1 vegur
    body:
      encoding: UTF-8
      string: '{"response":[{"text":"1. Gather necessary materials (watering can,
        plants). 2. Check soil moisture level for each plant. 3. Pour appropriate
        amount of water into each plant''s soil. 4. Ensure excess water drains out
        of pots. 5. Clean up any spills or messes."}]}'
  recorded_at: Sat, 14 Oct 2023 17:18:21 GMT
- request:
    method: get
    uri: https://ontrack-be-a58c9e421d34.herokuapp.com/api/v1/chat_service?task=
    body:
      encoding: US-ASCII
      string: ''
    headers:
      User-Agent:
      - Faraday v2.7.11
      Accept-Encoding:
      - gzip;q=1.0,deflate;q=0.6,identity;q=0.3
      Accept:
      - "*/*"
  response:
    status:
      code: 400
      message: Bad Request
    headers:
      Server:
      - Cowboy
      Date:
      - Sat, 14 Oct 2023 17:18:21 GMT
      Connection:
      - keep-alive
      X-Frame-Options:
      - SAMEORIGIN
      X-Xss-Protection:
      - '0'
      X-Content-Type-Options:
      - nosniff
      X-Download-Options:
      - noopen
      X-Permitted-Cross-Domain-Policies:
      - none
      Referrer-Policy:
      - strict-origin-when-cross-origin
      Content-Type:
      - application/json; charset=utf-8
      Vary:
      - Accept
      Cache-Control:
      - no-cache
      X-Request-Id:
      - 21fd6be6-a0a3-4c35-a60f-0916937af181
      X-Runtime:
      - '0.001648'
      Transfer-Encoding:
      - chunked
      Via:
      - 1.1 vegur
    body:
      encoding: UTF-8
      string: '{"errors":[{"detail":"No task provided to breakdown"}]}'
  recorded_at: Sat, 14 Oct 2023 17:18:22 GMT
- request:
    method: get
    uri: https://ontrack-be-a58c9e421d34.herokuapp.com/api/v1/users/20/tasks
    body:
      encoding: US-ASCII
      string: ''
    headers:
      User-Agent:
      - Faraday v2.7.11
      Accept-Encoding:
      - gzip;q=1.0,deflate;q=0.6,identity;q=0.3
      Accept:
      - "*/*"
  response:
    status:
      code: 200
      message: OK
    headers:
      Server:
      - Cowboy
      Date:
      - Sat, 14 Oct 2023 17:18:21 GMT
      Report-To:
      - '{"group":"heroku-nel","max_age":3600,"endpoints":[{"url":"https://nel.heroku.com/reports?ts=1697303902&sid=929419e7-33ea-4e2f-85f0-7d8b7cd5cbd6&s=a2F%2FvB5DwkD4VfMG9YuDFKqOeQzewp9iyu42s%2BFBmgU%3D"}]}'
      Reporting-Endpoints:
      - heroku-nel=https://nel.heroku.com/reports?ts=1697303902&sid=929419e7-33ea-4e2f-85f0-7d8b7cd5cbd6&s=a2F%2FvB5DwkD4VfMG9YuDFKqOeQzewp9iyu42s%2BFBmgU%3D
      Nel:
      - '{"report_to":"heroku-nel","max_age":3600,"success_fraction":0.005,"failure_fraction":0.05,"response_headers":["Via"]}'
      Connection:
      - keep-alive
      X-Frame-Options:
      - SAMEORIGIN
      X-Xss-Protection:
      - '0'
      X-Content-Type-Options:
      - nosniff
      X-Download-Options:
      - noopen
      X-Permitted-Cross-Domain-Policies:
      - none
      Referrer-Policy:
      - strict-origin-when-cross-origin
      Content-Type:
      - application/json; charset=utf-8
      Vary:
      - Accept
      Etag:
      - W/"8fe32e407a1038ee38753b70e5374b3a"
      Cache-Control:
      - max-age=0, private, must-revalidate
      X-Request-Id:
      - b19b08d0-3986-4c8d-a2d3-a90d2aa5fcf5
      X-Runtime:
      - '0.003685'
      Transfer-Encoding:
      - chunked
      Via:
      - 1.1 vegur
    body:
      encoding: UTF-8
      string: '{"data":[]}'
  recorded_at: Sat, 14 Oct 2023 17:18:22 GMT
- request:
    method: get
    uri: https://ontrack-be-2305-d5321563a2d4.herokuapp.com/api/v1/chat_service?task=water%20plants
    body:
      encoding: US-ASCII
      string: ''
    headers:
      User-Agent:
      - Faraday v2.7.11
      Accept-Encoding:
      - gzip;q=1.0,deflate;q=0.6,identity;q=0.3
      Accept:
      - "*/*"
  response:
    status:
      code: 200
      message: OK
    headers:
      Server:
      - Cowboy
      Date:
      - Thu, 07 Dec 2023 02:12:25 GMT
      Report-To:
      - '{"group":"heroku-nel","max_age":3600,"endpoints":[{"url":"https://nel.heroku.com/reports?ts=1701915138&sid=e11707d5-02a7-43ef-b45e-2cf4d2036f7d&s=rMw7dKq61Pf1rcQH2Ts78an1hAiDZI74HbzK7Axx38M%3D"}]}'
      Reporting-Endpoints:
      - heroku-nel=https://nel.heroku.com/reports?ts=1701915138&sid=e11707d5-02a7-43ef-b45e-2cf4d2036f7d&s=rMw7dKq61Pf1rcQH2Ts78an1hAiDZI74HbzK7Axx38M%3D
      Nel:
      - '{"report_to":"heroku-nel","max_age":3600,"success_fraction":0.005,"failure_fraction":0.05,"response_headers":["Via"]}'
      Connection:
      - keep-alive
      X-Frame-Options:
      - SAMEORIGIN
      X-Xss-Protection:
      - '0'
      X-Content-Type-Options:
      - nosniff
      X-Download-Options:
      - noopen
      X-Permitted-Cross-Domain-Policies:
      - none
      Referrer-Policy:
      - strict-origin-when-cross-origin
      Content-Type:
      - application/json; charset=utf-8
      Vary:
      - Accept
      Etag:
      - W/"53e31d9b0029b18c82a624b56c5e9a05"
      Cache-Control:
      - max-age=0, private, must-revalidate
      X-Request-Id:
      - 90b1e6ae-3685-46d4-bfec-dba403061871
      X-Runtime:
      - '7.783232'
      Transfer-Encoding:
      - chunked
      Via:
      - 1.1 vegur
    body:
      encoding: UTF-8
      string: '{"response":[{"text":"1. Gather necessary tools: watering can, hose,
        or spray bottle. 2. Check soil moisture: stick your finger into the soil or
        use a moisture meter to assess moisture level. 3. Water accordingly: add water
        to plants that need it, being careful not to overwater. 4. Distribute water
        evenly: make sure water reaches each plant, covering the entire root area.
        5. Clean up and store tools: remove excess water, clean tools, and keep them
        in their designated place for"}]}'
  recorded_at: Thu, 07 Dec 2023 02:12:26 GMT
- request:
    method: get
    uri: https://ontrack-be-2305-d5321563a2d4.herokuapp.com/api/v1/chat_service?task=
    body:
      encoding: US-ASCII
      string: ''
    headers:
      User-Agent:
      - Faraday v2.7.11
      Accept-Encoding:
      - gzip;q=1.0,deflate;q=0.6,identity;q=0.3
      Accept:
      - "*/*"
  response:
    status:
      code: 400
      message: Bad Request
    headers:
      Server:
      - Cowboy
      Date:
      - Thu, 07 Dec 2023 02:12:26 GMT
      Report-To:
      - '{"group":"heroku-nel","max_age":3600,"endpoints":[{"url":"https://nel.heroku.com/reports?ts=1701915146&sid=e11707d5-02a7-43ef-b45e-2cf4d2036f7d&s=1SPxSnSURIDQQFpkdmloymFSrqAteVhNL0OPw2eTqio%3D"}]}'
      Reporting-Endpoints:
      - heroku-nel=https://nel.heroku.com/reports?ts=1701915146&sid=e11707d5-02a7-43ef-b45e-2cf4d2036f7d&s=1SPxSnSURIDQQFpkdmloymFSrqAteVhNL0OPw2eTqio%3D
      Nel:
      - '{"report_to":"heroku-nel","max_age":3600,"success_fraction":0.005,"failure_fraction":0.05,"response_headers":["Via"]}'
      Connection:
      - keep-alive
      X-Frame-Options:
      - SAMEORIGIN
      X-Xss-Protection:
      - '0'
      X-Content-Type-Options:
      - nosniff
      X-Download-Options:
      - noopen
      X-Permitted-Cross-Domain-Policies:
      - none
      Referrer-Policy:
      - strict-origin-when-cross-origin
      Content-Type:
      - application/json; charset=utf-8
      Vary:
      - Accept
      Cache-Control:
      - no-cache
      X-Request-Id:
      - 0ab6cda4-88ae-4c40-b001-b276bbbb36d3
      X-Runtime:
      - '0.001329'
      Transfer-Encoding:
      - chunked
      Via:
      - 1.1 vegur
    body:
      encoding: UTF-8
      string: '{"errors":[{"detail":"No task provided to breakdown"}]}'
  recorded_at: Thu, 07 Dec 2023 02:12:26 GMT
- request:
    method: get
    uri: https://ontrack-be-2305-d5321563a2d4.herokuapp.com/api/v1/users/20/tasks
    body:
      encoding: US-ASCII
      string: ''
    headers:
      User-Agent:
      - Faraday v2.7.11
      Accept-Encoding:
      - gzip;q=1.0,deflate;q=0.6,identity;q=0.3
      Accept:
      - "*/*"
  response:
    status:
      code: 200
      message: OK
    headers:
      Server:
      - Cowboy
      Date:
      - Thu, 07 Dec 2023 02:12:26 GMT
      Report-To:
      - '{"group":"heroku-nel","max_age":3600,"endpoints":[{"url":"https://nel.heroku.com/reports?ts=1701915147&sid=e11707d5-02a7-43ef-b45e-2cf4d2036f7d&s=Lb5KkzGxpj%2BtMC%2FxElFoENFlWkdWUfFidYhcdsdsAog%3D"}]}'
      Reporting-Endpoints:
      - heroku-nel=https://nel.heroku.com/reports?ts=1701915147&sid=e11707d5-02a7-43ef-b45e-2cf4d2036f7d&s=Lb5KkzGxpj%2BtMC%2FxElFoENFlWkdWUfFidYhcdsdsAog%3D
      Nel:
      - '{"report_to":"heroku-nel","max_age":3600,"success_fraction":0.005,"failure_fraction":0.05,"response_headers":["Via"]}'
      Connection:
      - keep-alive
      X-Frame-Options:
      - SAMEORIGIN
      X-Xss-Protection:
      - '0'
      X-Content-Type-Options:
      - nosniff
      X-Download-Options:
      - noopen
      X-Permitted-Cross-Domain-Policies:
      - none
      Referrer-Policy:
      - strict-origin-when-cross-origin
      Content-Type:
      - application/json; charset=utf-8
      Vary:
      - Accept
      Etag:
      - W/"8fe32e407a1038ee38753b70e5374b3a"
      Cache-Control:
      - max-age=0, private, must-revalidate
      X-Request-Id:
      - b5054d76-c887-482c-914c-0a801a5eae07
      X-Runtime:
      - '0.003033'
      Transfer-Encoding:
      - chunked
      Via:
      - 1.1 vegur
    body:
      encoding: UTF-8
      string: '{"data":[]}'
  recorded_at: Thu, 07 Dec 2023 02:12:27 GMT
recorded_with: VCR 6.2.0
